
Note: No compatibility mode selected!


Circuit: * cmos inverter chain

Doing analysis at TEMP = 27.000000 and TNOM = 27.000000

Using KLU as Direct Linear Solver
Note: Starting dynamic gmin stepping
Note: Dynamic gmin stepping completed

No. of Data Rows : 7032
Total elapsed time (seconds) = 6.789 
Total DRAM available = 15615.586 MB.
DRAM currently available = 1867.125 MB.
Maximum ngspice program size =  575.152 MB.
Current ngspice program size =   61.395 MB.

Shared ngspice pages =   10.355 MB.
Text (code) pages =    5.859 MB.
Stack = 0 bytes.
Library pages =  107.855 MB.

Number of lines in the deck = 52
Netlist loading time = 0.00294511
Subckt and Param expansion time = 0.00146383
Netlist parsing time = 0.000936553

Nominal temperature = 27
Operating temperature = 27
Total iterations = 25512
Transient iterations = 25249
Circuit Equations = 875
Circuit original non-zeroes = 3206
Circuit fill-in non-zeroes = 708
Circuit total non-zeroes = 3914
Transient timepoints = 8508
Accepted timepoints = 7032
Rejected timepoints = 1476
Total analysis time (seconds) = 6.7722
Matrix load time = 4.91123
Matrix synchronize time = 0
Matrix reorder time = 0.00114101
Matrix factor time = 0.946537
Matrix solve time = 0.339412
Transient analysis time = 6.59623
Transient load time = 4.75955
Transient sync time = 0
Transient factor time = 0.937511
Transient solve time = 0.336155
Transient trunc time = 0.15023
Transient iterations for the last time point = 0
AC analysis time = 0
AC load time = 0
AC sync time = 0
AC factor time = 0
AC solve time = 0
ngspice-46 done
