
Note: No compatibility mode selected!


Circuit: * cmos inverter chain

Doing analysis at TEMP = 27.000000 and TNOM = 27.000000

Using KLU as Direct Linear Solver
Note: Starting dynamic gmin stepping
Note: Dynamic gmin stepping completed

No. of Data Rows : 7032
Total elapsed time (seconds) = 8.373 
Total DRAM available = 15615.586 MB.
DRAM currently available = 1766.285 MB.
Maximum ngspice program size =  576.562 MB.
Current ngspice program size =   62.719 MB.

Shared ngspice pages =   10.664 MB.
Text (code) pages =    5.859 MB.
Stack = 0 bytes.
Library pages =  108.891 MB.

Number of lines in the deck = 742
Netlist loading time = 0.00503085
Subckt and Param expansion time = 0.0291192
Netlist parsing time = 0.0211205

Nominal temperature = 27
Operating temperature = 27
Total iterations = 25512
Transient iterations = 25249
Circuit Equations = 875
Circuit original non-zeroes = 4936
Circuit fill-in non-zeroes = 1770
Circuit total non-zeroes = 6706
Transient timepoints = 8508
Accepted timepoints = 7032
Rejected timepoints = 1476
Total analysis time (seconds) = 8.33318
Matrix load time = 5.54491
Matrix synchronize time = 0
Matrix reorder time = 0.0012742
Matrix factor time = 1.69828
Matrix solve time = 0.458772
Transient analysis time = 8.22015
Transient load time = 5.45571
Transient sync time = 0
Transient factor time = 1.6827
Transient solve time = 0.454697
Transient trunc time = 0.164774
Transient iterations for the last time point = 0
AC analysis time = 0
AC load time = 0
AC sync time = 0
AC factor time = 0
AC solve time = 0
ngspice-46 done
