 time            v(in)           v(out)          i(VDD)         
 0.00000000e+00  0.00000000e+00  1.34630961e-07 -6.57620258e-10 
 1.00000000e-12  0.00000000e+00  1.34630961e-07 -6.57620276e-10 
 2.00000000e-12  0.00000000e+00  1.34630960e-07 -6.57620274e-10 
 4.00000000e-12  0.00000000e+00  1.34630960e-07 -6.57620268e-10 
 8.00000000e-12  0.00000000e+00  1.34630959e-07 -6.57620315e-10 
 1.60000000e-11  0.00000000e+00  1.34630955e-07 -6.57620291e-10 
 3.20000000e-11  0.00000000e+00  1.34630945e-07 -6.57620354e-10 
 6.40000000e-11  0.00000000e+00  1.34630951e-07 -6.57620339e-10 
 1.28000000e-10  0.00000000e+00  1.34630953e-07 -6.57620444e-10 
 2.28000000e-10  0.00000000e+00  1.34630946e-07 -6.57620417e-10 
 3.28000000e-10  0.00000000e+00  1.34630975e-07 -6.57620348e-10 
 4.28000000e-10  0.00000000e+00  1.34630965e-07 -6.57620315e-10 
 5.28000000e-10  0.00000000e+00  1.34630958e-07 -6.57620364e-10 
 6.28000000e-10  0.00000000e+00  1.34630973e-07 -6.57620308e-10 
 7.28000000e-10  0.00000000e+00  1.34630958e-07 -6.57620322e-10 
 8.28000000e-10  0.00000000e+00  1.34630951e-07 -6.57620343e-10 
 9.28000000e-10  0.00000000e+00  1.34630964e-07 -6.57620371e-10 
 1.02800000e-09  0.00000000e+00  1.34630953e-07 -6.57620398e-10 
 1.12800000e-09  0.00000000e+00  1.34630958e-07 -6.57620386e-10 
 1.22800000e-09  0.00000000e+00  1.34630962e-07 -6.57620339e-10 
 1.32800000e-09  0.00000000e+00  1.34630958e-07 -6.57620400e-10 
 1.42800000e-09  0.00000000e+00  1.34630975e-07 -6.57620370e-10 
 1.52800000e-09  0.00000000e+00  1.34630956e-07 -6.57620414e-10 
 1.62800000e-09  0.00000000e+00  1.34630957e-07 -6.57620393e-10 
 1.72800000e-09  0.00000000e+00  1.34630965e-07 -6.57620404e-10 
 1.82800000e-09  0.00000000e+00  1.34630959e-07 -6.57620356e-10 
 1.92800000e-09  0.00000000e+00  1.34630964e-07 -6.57620348e-10 
 2.02800000e-09  0.00000000e+00  1.34630960e-07 -6.57620384e-10 
 2.12800000e-09  0.00000000e+00  1.34630971e-07 -6.57620371e-10 
 2.22800000e-09  0.00000000e+00  1.34630956e-07 -6.57620366e-10 
 2.32800000e-09  0.00000000e+00  1.34630949e-07 -6.57620396e-10 
 2.42800000e-09  0.00000000e+00  1.34630961e-07 -6.57620378e-10 
 2.52800000e-09  0.00000000e+00  1.34630960e-07 -6.57620389e-10 
 2.62800000e-09  0.00000000e+00  1.34630973e-07 -6.57620376e-10 
 2.72800000e-09  0.00000000e+00  1.34630967e-07 -6.57620346e-10 
 2.82800000e-09  0.00000000e+00  1.34630959e-07 -6.57620331e-10 
 2.92800000e-09  0.00000000e+00  1.34630956e-07 -6.57620386e-10 
 3.02800000e-09  0.00000000e+00  1.34630949e-07 -6.57620407e-10 
 3.12800000e-09  0.00000000e+00  1.34630966e-07 -6.57620393e-10 
 3.22800000e-09  0.00000000e+00  1.34630971e-07 -6.57620346e-10 
 3.32800000e-09  0.00000000e+00  1.34630954e-07 -6.57620387e-10 
 3.42800000e-09  0.00000000e+00  1.34630967e-07 -6.57620360e-10 
 3.52800000e-09  0.00000000e+00  1.34630958e-07 -6.57620399e-10 
 3.62800000e-09  0.00000000e+00  1.34630956e-07 -6.57620396e-10 
 3.72800000e-09  0.00000000e+00  1.34630967e-07 -6.57620386e-10 
 3.82800000e-09  0.00000000e+00  1.34630959e-07 -6.57620392e-10 
 3.92800000e-09  0.00000000e+00  1.34630965e-07 -6.57620372e-10 
 4.02800000e-09  0.00000000e+00  1.34630952e-07 -6.57620338e-10 
 4.12800000e-09  0.00000000e+00  1.34630959e-07 -6.57620391e-10 
 4.22800000e-09  0.00000000e+00  1.34630962e-07 -6.57620409e-10 
 4.32800000e-09  0.00000000e+00  1.34630958e-07 -6.57620395e-10 
 4.42800000e-09  0.00000000e+00  1.34630975e-07 -6.57620373e-10 
 4.52800000e-09  0.00000000e+00  1.34630956e-07 -6.57620358e-10 
 4.62800000e-09  0.00000000e+00  1.34630956e-07 -6.57620326e-10 
 4.72800000e-09  0.00000000e+00  1.34630966e-07 -6.57620363e-10 
 4.82800000e-09  0.00000000e+00  1.34630959e-07 -6.57620412e-10 
 4.92800000e-09  0.00000000e+00  1.34630964e-07 -6.57620388e-10 
 5.02800000e-09  0.00000000e+00  1.34630969e-07 -6.57620366e-10 
 5.12800000e-09  0.00000000e+00  1.34630965e-07 -6.57620370e-10 
 5.22800000e-09  0.00000000e+00  1.34630961e-07 -6.57620364e-10 
 5.32800000e-09  0.00000000e+00  1.34630958e-07 -6.57620348e-10 
 5.42800000e-09  0.00000000e+00  1.34630951e-07 -6.57620356e-10 
 5.52800000e-09  0.00000000e+00  1.34630963e-07 -6.57620397e-10 
 5.62800000e-09  0.00000000e+00  1.34630963e-07 -6.57620380e-10 
 5.72800000e-09  0.00000000e+00  1.34630962e-07 -6.57620351e-10 
 5.82800000e-09  0.00000000e+00  1.34630953e-07 -6.57620360e-10 
 5.92800000e-09  0.00000000e+00  1.34630958e-07 -6.57620371e-10 
 6.02800000e-09  0.00000000e+00  1.34630962e-07 -6.57620358e-10 
 6.12800000e-09  0.00000000e+00  1.34630958e-07 -6.57620388e-10 
 6.22800000e-09  0.00000000e+00  1.34630967e-07 -6.57620354e-10 
 6.32800000e-09  0.00000000e+00  1.34630969e-07 -6.57620356e-10 
 6.42800000e-09  0.00000000e+00  1.34630964e-07 -6.57620349e-10 
 6.52800000e-09  0.00000000e+00  1.34630961e-07 -6.57620361e-10 
 6.62800000e-09  0.00000000e+00  1.34630955e-07 -6.57620346e-10 
 6.72800000e-09  0.00000000e+00  1.34630950e-07 -6.57620390e-10 
 6.82800000e-09  0.00000000e+00  1.34630968e-07 -6.57620388e-10 
 6.92800000e-09  0.00000000e+00  1.34630972e-07 -6.57620342e-10 
 7.02800000e-09  0.00000000e+00  1.34630955e-07 -6.57620373e-10 
 7.12800000e-09  0.00000000e+00  1.34630959e-07 -6.57620414e-10 
 7.22800000e-09  0.00000000e+00  1.34630955e-07 -6.57620411e-10 
 7.32800000e-09  0.00000000e+00  1.34630958e-07 -6.57620367e-10 
 7.42800000e-09  0.00000000e+00  1.34630971e-07 -6.57620375e-10 
 7.52800000e-09  0.00000000e+00  1.34630963e-07 -6.57620407e-10 
 7.62800000e-09  0.00000000e+00  1.34630954e-07 -6.57620385e-10 
 7.72800000e-09  0.00000000e+00  1.34630959e-07 -6.57620347e-10 
 7.82800000e-09  0.00000000e+00  1.34630971e-07 -6.57620375e-10 
 7.92800000e-09  0.00000000e+00  1.34630954e-07 -6.57620425e-10 
 8.02800000e-09  0.00000000e+00  1.34630959e-07 -6.57620378e-10 
 8.12800000e-09  0.00000000e+00  1.34630964e-07 -6.57620356e-10 
 8.22800000e-09  0.00000000e+00  1.34630960e-07 -6.57620406e-10 
 8.32800000e-09  0.00000000e+00  1.34630971e-07 -6.57620388e-10 
 8.42800000e-09  0.00000000e+00  1.34630955e-07 -6.57620399e-10 
 8.52800000e-09  0.00000000e+00  1.34630949e-07 -6.57620434e-10 
 8.62800000e-09  0.00000000e+00  1.34630966e-07 -6.57620372e-10 
 8.72800000e-09  0.00000000e+00  1.34630969e-07 -6.57620355e-10 
 8.82800000e-09  0.00000000e+00  1.34630953e-07 -6.57620402e-10 
 8.92800000e-09  0.00000000e+00  1.34630958e-07 -6.57620405e-10 
 9.02800000e-09  0.00000000e+00  1.34630963e-07 -6.57620379e-10 
 9.12800000e-09  0.00000000e+00  1.34630959e-07 -6.57620369e-10 
 9.22800000e-09  0.00000000e+00  1.34630961e-07 -6.57620356e-10 
 9.32800000e-09  0.00000000e+00  1.34630959e-07 -6.57620380e-10 
 9.42800000e-09  0.00000000e+00  1.34630974e-07 -6.57620365e-10 
 9.52800000e-09  0.00000000e+00  1.34630975e-07 -6.57620366e-10 
 9.62800000e-09  0.00000000e+00  1.34630946e-07 -6.57620374e-10 
 9.72800000e-09  0.00000000e+00  1.34630947e-07 -6.57620371e-10 
 9.82800000e-09  0.00000000e+00  1.34630968e-07 -6.57620385e-10 
 9.91400000e-09  0.00000000e+00  1.34630957e-07 -6.57620452e-10 
 1.00000000e-08  0.00000000e+00  1.34630961e-07 -6.57620465e-10 
 1.00100000e-08  1.20000000e-02  1.34951647e-07  1.03324543e-06 
 1.00300000e-08  3.60000000e-02  1.33459075e-07  1.20977721e-06 
 1.00700000e-08  8.40000000e-02  1.36057881e-07  1.45182702e-06 
 1.01500000e-08  1.80000000e-01  1.33351977e-07  1.56429713e-06 
 1.02500000e-08  3.00000000e-01  1.35596961e-07  1.37669897e-06 
 1.03500000e-08  4.20000000e-01  1.34107285e-07  1.81807682e-07 
 1.04500000e-08  5.40000000e-01  1.34673783e-07 -2.25156574e-06 
 1.05500000e-08  6.60000000e-01  1.35008908e-07 -4.71918523e-06 
 1.06500000e-08  7.80000000e-01  1.34435705e-07 -1.45539271e-05 
 1.07278120e-08  8.73374347e-01  1.21722070e-07 -1.87372431e-05 
 1.07947512e-08  9.53701472e-01  1.52076141e-07 -3.58001983e-05 
 1.08341609e-08  1.00099307e+00  1.56119780e-06 -1.80551630e-05 
 1.08826245e-08  1.05914937e+00 -4.29640792e-06 -2.14942013e-05 
 1.09262575e-08  1.11150899e+00 -6.81693473e-07 -2.33891369e-05 
 1.09631287e-08  1.15575449e+00  5.22564887e-07 -3.48025935e-05 
 1.09957955e-08  1.19495460e+00  5.99641745e-05 -2.44344390e-05 
 1.10000000e-08  1.20000000e+00  6.14100583e-05 -2.19302736e-05 
 1.10034123e-08  1.20000000e+00  5.33003366e-05 -2.24147874e-05 
 1.10102368e-08  1.20000000e+00  3.47616372e-05 -2.10055629e-05 
 1.10238858e-08  1.20000000e+00 -3.80589472e-06 -1.90013777e-05 
 1.10511839e-08  1.20000000e+00 -8.69020768e-05 -2.06926972e-05 
 1.10907323e-08  1.20000000e+00 -2.67287452e-04 -2.32131723e-05 
 1.11361852e-08  1.20000000e+00 -5.75670274e-04 -3.43253920e-05 
 1.11641970e-08  1.20000000e+00  1.14788611e-03 -2.84361388e-05 
 1.12024118e-08  1.20000000e+00  3.88344484e-03 -1.68927910e-05 
 1.12448725e-08  1.20000000e+00 -2.23005141e-03 -2.32732158e-05 
 1.12880269e-08  1.20000000e+00 -2.88256097e-02 -2.18000803e-05 
 1.13256150e-08  1.20000000e+00 -4.63316883e-02 -3.72148535e-05 
 1.13580857e-08  1.20000000e+00 -2.68961363e-03 -3.18647990e-05 
 1.13930424e-08  1.20000000e+00  7.89165953e-02 -2.90487050e-05 
 1.14302847e-08  1.20000000e+00  1.64081285e-01 -2.63145816e-05 
 1.14695016e-08  1.20000000e+00  2.54873937e-01 -2.50353344e-05 
 1.15479356e-08  1.20000000e+00  4.33407623e-01 -2.38376958e-05 
 1.16479356e-08  1.20000000e+00  6.49738598e-01 -2.18177220e-05 
 1.17479356e-08  1.20000000e+00  8.37652852e-01 -1.82119302e-05 
 1.18479356e-08  1.20000000e+00  9.80747737e-01 -1.25795020e-05 
 1.19479356e-08  1.20000000e+00  1.07537649e+00 -7.97751183e-06 
 1.20479356e-08  1.20000000e+00  1.13191422e+00 -4.32046300e-06 
 1.21479356e-08  1.20000000e+00  1.16358938e+00 -2.60234758e-06 
 1.22479356e-08  1.20000000e+00  1.18077945e+00 -1.14234596e-06 
 1.23479356e-08  1.20000000e+00  1.18990484e+00 -8.59039985e-07 
 1.24479356e-08  1.20000000e+00  1.19472554e+00 -1.89675015e-07 
 1.25479356e-08  1.20000000e+00  1.19724118e+00 -3.65452897e-07 
 1.26479356e-08  1.20000000e+00  1.19856412e+00  7.86332989e-08 
 1.27479356e-08  1.20000000e+00  1.19924820e+00 -2.31988726e-07 
 1.28479356e-08  1.20000000e+00  1.19961010e+00  1.53903944e-07 
 1.29479356e-08  1.20000000e+00  1.19979456e+00 -1.97150477e-07 
 1.30479356e-08  1.20000000e+00  1.19989411e+00  1.75670708e-07 
 1.31479356e-08  1.20000000e+00  1.19994309e+00 -1.88768962e-07 
 1.32479356e-08  1.20000000e+00  1.19997111e+00  1.82500275e-07 
 1.33479356e-08  1.20000000e+00  1.19998351e+00 -1.87286833e-07 
 1.34479356e-08  1.20000000e+00  1.19999195e+00  1.85052729e-07 
 1.35479356e-08  1.20000000e+00  1.19999454e+00 -1.87508156e-07 
 1.36479356e-08  1.20000000e+00  1.19999757e+00  1.86312503e-07 
 1.37479356e-08  1.20000000e+00  1.19999757e+00 -1.88090862e-07 
 1.38479356e-08  1.20000000e+00  1.19999907e+00  1.87143245e-07 
 1.39479356e-08  1.20000000e+00  1.19999840e+00 -1.88711599e-07 
 1.40479356e-08  1.20000000e+00  1.19999946e+00  1.87811217e-07 
 1.41479356e-08  1.20000000e+00  1.19999864e+00 -1.89307084e-07 
 1.42479356e-08  1.20000000e+00  1.19999956e+00  1.88407669e-07 
 1.43479356e-08  1.20000000e+00  1.19999871e+00 -1.89874780e-07 
 1.44479356e-08  1.20000000e+00  1.19999959e+00  1.88968708e-07 
 1.45479356e-08  1.20000000e+00  1.19999874e+00 -1.90422756e-07 
 1.46479356e-08  1.20000000e+00  1.19999959e+00  1.89510911e-07 
 1.47479356e-08  1.20000000e+00  1.19999875e+00 -1.90958442e-07 
 1.48479356e-08  1.20000000e+00  1.19999959e+00  1.90042827e-07 
 1.49479356e-08  1.20000000e+00  1.19999875e+00 -1.91486983e-07 
 1.50479356e-08  1.20000000e+00  1.19999958e+00  1.90569199e-07 
 1.51479356e-08  1.20000000e+00  1.19999875e+00 -1.92011648e-07 
 1.52479356e-08  1.20000000e+00  1.19999958e+00  1.91092757e-07 
 1.53479356e-08  1.20000000e+00  1.19999876e+00 -1.92534437e-07 
 1.54479356e-08  1.20000000e+00  1.19999958e+00  1.91615102e-07 
 1.55479356e-08  1.20000000e+00  1.19999876e+00 -1.93056554e-07 
 1.56479356e-08  1.20000000e+00  1.19999958e+00  1.92137175e-07 
 1.57479356e-08  1.20000000e+00  1.19999876e+00 -1.93578715e-07 
 1.58479356e-08  1.20000000e+00  1.19999958e+00  1.92659528e-07 
 1.59479356e-08  1.20000000e+00  1.19999876e+00 -1.94101339e-07 
 1.60479356e-08  1.20000000e+00  1.19999957e+00  1.93182482e-07 
 1.61479356e-08  1.20000000e+00  1.19999876e+00 -1.94624668e-07 
 1.62479356e-08  1.20000000e+00  1.19999957e+00  1.93706218e-07 
 1.63479356e-08  1.20000000e+00  1.19999877e+00 -1.95148837e-07 
 1.64479356e-08  1.20000000e+00  1.19999957e+00  1.94230835e-07 
 1.65479356e-08  1.20000000e+00  1.19999877e+00 -1.95673915e-07 
 1.66479356e-08  1.20000000e+00  1.19999957e+00  1.94756382e-07 
 1.67479356e-08  1.20000000e+00  1.19999877e+00 -1.96199936e-07 
 1.68479356e-08  1.20000000e+00  1.19999957e+00  1.95282877e-07 
 1.69479356e-08  1.20000000e+00  1.19999877e+00 -1.96726906e-07 
 1.70479356e-08  1.20000000e+00  1.19999957e+00  1.95810320e-07 
 1.71479356e-08  1.20000000e+00  1.19999877e+00 -1.97254821e-07 
 1.72479356e-08  1.20000000e+00  1.19999957e+00  1.96338703e-07 
 1.73479356e-08  1.20000000e+00  1.19999877e+00 -1.97783668e-07 
 1.74479356e-08  1.20000000e+00  1.19999956e+00  1.96868008e-07 
 1.75479356e-08  1.20000000e+00  1.19999877e+00 -1.98313427e-07 
 1.76479356e-08  1.20000000e+00  1.19999956e+00  1.97398216e-07 
 1.77479356e-08  1.20000000e+00  1.19999878e+00 -1.98844079e-07 
 1.78479356e-08  1.20000000e+00  1.19999956e+00  1.97929305e-07 
 1.79479356e-08  1.20000000e+00  1.19999878e+00 -1.99375600e-07 
 1.80479356e-08  1.20000000e+00  1.19999956e+00  1.98461251e-07 
 1.81479356e-08  1.20000000e+00  1.19999878e+00 -1.99907966e-07 
 1.82479356e-08  1.20000000e+00  1.19999956e+00  1.98994030e-07 
 1.83479356e-08  1.20000000e+00  1.19999878e+00 -2.00441154e-07 
 1.84479356e-08  1.20000000e+00  1.19999956e+00  1.99527619e-07 
 1.85479356e-08  1.20000000e+00  1.19999878e+00 -2.00975138e-07 
 1.86479356e-08  1.20000000e+00  1.19999956e+00  2.00061992e-07 
 1.87479356e-08  1.20000000e+00  1.19999878e+00 -2.01509895e-07 
 1.88479356e-08  1.20000000e+00  1.19999955e+00  2.00597126e-07 
 1.89479356e-08  1.20000000e+00  1.19999878e+00 -2.02045400e-07 
 1.90479356e-08  1.20000000e+00  1.19999955e+00  2.01132995e-07 
 1.91479356e-08  1.20000000e+00  1.19999879e+00 -2.02581629e-07 
 1.92479356e-08  1.20000000e+00  1.19999955e+00  2.01669576e-07 
 1.93479356e-08  1.20000000e+00  1.19999879e+00 -2.03118558e-07 
 1.94479356e-08  1.20000000e+00  1.19999955e+00  2.02206846e-07 
 1.95479356e-08  1.20000000e+00  1.19999879e+00 -2.03656162e-07 
 1.96479356e-08  1.20000000e+00  1.19999955e+00  2.02744778e-07 
 1.97479356e-08  1.20000000e+00  1.19999879e+00 -2.04194419e-07 
 1.98479356e-08  1.20000000e+00  1.19999955e+00  2.03283352e-07 
 1.99479356e-08  1.20000000e+00  1.19999879e+00 -2.04733303e-07 
 2.00479356e-08  1.20000000e+00  1.19999955e+00  2.03822541e-07 
 2.01479356e-08  1.20000000e+00  1.19999879e+00 -2.05272793e-07 
 2.02479356e-08  1.20000000e+00  1.19999955e+00  2.04362325e-07 
 2.03479356e-08  1.20000000e+00  1.19999879e+00 -2.05812865e-07 
 2.04479356e-08  1.20000000e+00  1.19999954e+00  2.04902678e-07 
 2.05479356e-08  1.20000000e+00  1.19999879e+00 -2.06353495e-07 
 2.06479356e-08  1.20000000e+00  1.19999954e+00  2.05443579e-07 
 2.07479356e-08  1.20000000e+00  1.19999880e+00 -2.06894661e-07 
 2.08479356e-08  1.20000000e+00  1.19999954e+00  2.05985003e-07 
 2.09479356e-08  1.20000000e+00  1.19999880e+00 -2.07436340e-07 
 2.10479356e-08  1.20000000e+00  1.19999954e+00  2.06526930e-07 
 2.11479356e-08  1.20000000e+00  1.19999880e+00 -2.07978510e-07 
 2.12479356e-08  1.20000000e+00  1.19999954e+00  2.07069337e-07 
 2.13479356e-08  1.20000000e+00  1.19999880e+00 -2.08521148e-07 
 2.14479356e-08  1.20000000e+00  1.19999954e+00  2.07612200e-07 
 2.15479356e-08  1.20000000e+00  1.19999880e+00 -2.09064232e-07 
 2.16479356e-08  1.20000000e+00  1.19999954e+00  2.08155499e-07 
 2.17479356e-08  1.20000000e+00  1.19999880e+00 -2.09607741e-07 
 2.18479356e-08  1.20000000e+00  1.19999954e+00  2.08699211e-07 
 2.19479356e-08  1.20000000e+00  1.19999880e+00 -2.10151652e-07 
 2.20479356e-08  1.20000000e+00  1.19999953e+00  2.09243315e-07 
 2.21479356e-08  1.20000000e+00  1.19999880e+00 -2.10695944e-07 
 2.22479356e-08  1.20000000e+00  1.19999953e+00  2.09787789e-07 
 2.23479356e-08  1.20000000e+00  1.19999880e+00 -2.11240595e-07 
 2.24479356e-08  1.20000000e+00  1.19999953e+00  2.10332612e-07 
 2.25479356e-08  1.20000000e+00  1.19999881e+00 -2.11785585e-07 
 2.26479356e-08  1.20000000e+00  1.19999953e+00  2.10877762e-07 
 2.27479356e-08  1.20000000e+00  1.19999881e+00 -2.12330891e-07 
 2.28479356e-08  1.20000000e+00  1.19999953e+00  2.11423219e-07 
 2.29479356e-08  1.20000000e+00  1.19999881e+00 -2.12876495e-07 
 2.30479356e-08  1.20000000e+00  1.19999953e+00  2.11968962e-07 
 2.31479356e-08  1.20000000e+00  1.19999881e+00 -2.13422373e-07 
 2.32479356e-08  1.20000000e+00  1.19999953e+00  2.12514971e-07 
 2.33479356e-08  1.20000000e+00  1.19999881e+00 -2.13968507e-07 
 2.34479356e-08  1.20000000e+00  1.19999953e+00  2.13061224e-07 
 2.35479356e-08  1.20000000e+00  1.19999881e+00 -2.14514876e-07 
 2.36479356e-08  1.20000000e+00  1.19999953e+00  2.13607702e-07 
 2.37479356e-08  1.20000000e+00  1.19999881e+00 -2.15061459e-07 
 2.38479356e-08  1.20000000e+00  1.19999952e+00  2.14154385e-07 
 2.39479356e-08  1.20000000e+00  1.19999881e+00 -2.15608237e-07 
 2.40479356e-08  1.20000000e+00  1.19999952e+00  2.14701252e-07 
 2.41479356e-08  1.20000000e+00  1.19999882e+00 -2.16155189e-07 
 2.42479356e-08  1.20000000e+00  1.19999952e+00  2.15248284e-07 
 2.43479356e-08  1.20000000e+00  1.19999882e+00 -2.16702296e-07 
 2.44479356e-08  1.20000000e+00  1.19999952e+00  2.15795461e-07 
 2.45479356e-08  1.20000000e+00  1.19999882e+00 -2.17249539e-07 
 2.46479356e-08  1.20000000e+00  1.19999952e+00  2.16342764e-07 
 2.47479356e-08  1.20000000e+00  1.19999882e+00 -2.17796898e-07 
 2.48479356e-08  1.20000000e+00  1.19999952e+00  2.16890174e-07 
 2.49479356e-08  1.20000000e+00  1.19999882e+00 -2.18344355e-07 
 2.50479356e-08  1.20000000e+00  1.19999952e+00  2.17437671e-07 
 2.51479356e-08  1.20000000e+00  1.19999882e+00 -2.18891889e-07 
 2.52479356e-08  1.20000000e+00  1.19999952e+00  2.17985237e-07 
 2.53479356e-08  1.20000000e+00  1.19999882e+00 -2.19439483e-07 
 2.54479356e-08  1.20000000e+00  1.19999952e+00  2.18532853e-07 
 2.55479356e-08  1.20000000e+00  1.19999882e+00 -2.19987117e-07 
 2.56479356e-08  1.20000000e+00  1.19999951e+00  2.19080500e-07 
 2.57479356e-08  1.20000000e+00  1.19999882e+00 -2.20534773e-07 
 2.58479356e-08  1.20000000e+00  1.19999951e+00  2.19628160e-07 
 2.59479356e-08  1.20000000e+00  1.19999882e+00 -2.21082433e-07 
 2.60479356e-08  1.20000000e+00  1.19999951e+00  2.20175815e-07 
 2.61479356e-08  1.20000000e+00  1.19999883e+00 -2.21630078e-07 
 2.62479356e-08  1.20000000e+00  1.19999951e+00  2.20723446e-07 
 2.63479356e-08  1.20000000e+00  1.19999883e+00 -2.22177691e-07 
 2.64479356e-08  1.20000000e+00  1.19999951e+00  2.21271036e-07 
 2.65479356e-08  1.20000000e+00  1.19999883e+00 -2.22725254e-07 
 2.66479356e-08  1.20000000e+00  1.19999951e+00  2.21818566e-07 
 2.67479356e-08  1.20000000e+00  1.19999883e+00 -2.23272749e-07 
 2.68479356e-08  1.20000000e+00  1.19999951e+00  2.22366020e-07 
 2.69479356e-08  1.20000000e+00  1.19999883e+00 -2.23820158e-07 
 2.70479356e-08  1.20000000e+00  1.19999951e+00  2.22913379e-07 
 2.71479356e-08  1.20000000e+00  1.19999883e+00 -2.24367464e-07 
 2.72479356e-08  1.20000000e+00  1.19999951e+00  2.23460627e-07 
 2.73479356e-08  1.20000000e+00  1.19999883e+00 -2.24914650e-07 
 2.74479356e-08  1.20000000e+00  1.19999951e+00  2.24007747e-07 
 2.75479356e-08  1.20000000e+00  1.19999883e+00 -2.25461699e-07 
 2.76479356e-08  1.20000000e+00  1.19999950e+00  2.24554720e-07 
 2.77479356e-08  1.20000000e+00  1.19999883e+00 -2.26008593e-07 
 2.78479356e-08  1.20000000e+00  1.19999950e+00  2.25101531e-07 
 2.79479356e-08  1.20000000e+00  1.19999883e+00 -2.26555317e-07 
 2.80479356e-08  1.20000000e+00  1.19999950e+00  2.25648163e-07 
 2.81479356e-08  1.20000000e+00  1.19999883e+00 -2.27101853e-07 
 2.82479356e-08  1.20000000e+00  1.19999950e+00  2.26194599e-07 
 2.83479356e-08  1.20000000e+00  1.19999884e+00 -2.27648186e-07 
 2.84479356e-08  1.20000000e+00  1.19999950e+00  2.26740823e-07 
 2.85479356e-08  1.20000000e+00  1.19999884e+00 -2.28194298e-07 
 2.86479356e-08  1.20000000e+00  1.19999950e+00  2.27286819e-07 
 2.87479356e-08  1.20000000e+00  1.19999884e+00 -2.28740174e-07 
 2.88479356e-08  1.20000000e+00  1.19999950e+00  2.27832570e-07 
 2.89479356e-08  1.20000000e+00  1.19999884e+00 -2.29285797e-07 
 2.90479356e-08  1.20000000e+00  1.19999950e+00  2.28378061e-07 
 2.91479356e-08  1.20000000e+00  1.19999884e+00 -2.29831152e-07 
 2.92479356e-08  1.20000000e+00  1.19999950e+00  2.28923276e-07 
 2.93479356e-08  1.20000000e+00  1.19999884e+00 -2.30376223e-07 
 2.94479356e-08  1.20000000e+00  1.19999950e+00  2.29468199e-07 
 2.95479356e-08  1.20000000e+00  1.19999884e+00 -2.30920995e-07 
 2.96479356e-08  1.20000000e+00  1.19999950e+00  2.30012814e-07 
 2.97479356e-08  1.20000000e+00  1.19999884e+00 -2.31465451e-07 
 2.98479356e-08  1.20000000e+00  1.19999950e+00  2.30557107e-07 
 2.99479356e-08  1.20000000e+00  1.19999884e+00 -2.32009578e-07 
 3.00479356e-08  1.20000000e+00  1.19999949e+00  2.31101063e-07 
 3.01479356e-08  1.20000000e+00  1.19999884e+00 -2.32553359e-07 
 3.02479356e-08  1.20000000e+00  1.19999949e+00  2.31644665e-07 
 3.03479356e-08  1.20000000e+00  1.19999884e+00 -2.33096780e-07 
 3.04479356e-08  1.20000000e+00  1.19999949e+00  2.32187900e-07 
 3.05479356e-08  1.20000000e+00  1.19999885e+00 -2.33639825e-07 
 3.06479356e-08  1.20000000e+00  1.19999949e+00  2.32730752e-07 
 3.07479356e-08  1.20000000e+00  1.19999885e+00 -2.34182481e-07 
 3.08479356e-08  1.20000000e+00  1.19999949e+00  2.33273208e-07 
 3.09479356e-08  1.20000000e+00  1.19999885e+00 -2.34724733e-07 
 3.10479356e-08  1.20000000e+00  1.19999949e+00  2.33815251e-07 
 3.11479356e-08  1.20000000e+00  1.19999885e+00 -2.35266565e-07 
 3.12479356e-08  1.20000000e+00  1.19999949e+00  2.34356869e-07 
 3.13479356e-08  1.20000000e+00  1.19999885e+00 -2.35807965e-07 
 3.14479356e-08  1.20000000e+00  1.19999949e+00  2.34898046e-07 
 3.15479356e-08  1.20000000e+00  1.19999885e+00 -2.36348917e-07 
 3.16479356e-08  1.20000000e+00  1.19999949e+00  2.35438770e-07 
 3.17479356e-08  1.20000000e+00  1.19999885e+00 -2.36889408e-07 
 3.18479356e-08  1.20000000e+00  1.19999949e+00  2.35979025e-07 
 3.19479356e-08  1.20000000e+00  1.19999885e+00 -2.37429424e-07 
 3.20479356e-08  1.20000000e+00  1.19999949e+00  2.36518798e-07 
 3.21479356e-08  1.20000000e+00  1.19999885e+00 -2.37968952e-07 
 3.22479356e-08  1.20000000e+00  1.19999949e+00  2.37058075e-07 
 3.23479356e-08  1.20000000e+00  1.19999885e+00 -2.38507977e-07 
 3.24479356e-08  1.20000000e+00  1.19999948e+00  2.37596844e-07 
 3.25479356e-08  1.20000000e+00  1.19999885e+00 -2.39046486e-07 
 3.26479356e-08  1.20000000e+00  1.19999948e+00  2.38135089e-07 
 3.27479356e-08  1.20000000e+00  1.19999885e+00 -2.39584465e-07 
 3.28479356e-08  1.20000000e+00  1.19999948e+00  2.38672799e-07 
 3.29479356e-08  1.20000000e+00  1.19999885e+00 -2.40121903e-07 
 3.30479356e-08  1.20000000e+00  1.19999948e+00  2.39209961e-07 
 3.31479356e-08  1.20000000e+00  1.19999886e+00 -2.40658785e-07 
 3.32479356e-08  1.20000000e+00  1.19999948e+00  2.39746560e-07 
 3.33479356e-08  1.20000000e+00  1.19999886e+00 -2.41195099e-07 
 3.34479356e-08  1.20000000e+00  1.19999948e+00  2.40282584e-07 
 3.35479356e-08  1.20000000e+00  1.19999886e+00 -2.41730831e-07 
 3.36479356e-08  1.20000000e+00  1.19999948e+00  2.40818021e-07 
 3.37479356e-08  1.20000000e+00  1.19999886e+00 -2.42265970e-07 
 3.38479356e-08  1.20000000e+00  1.19999948e+00  2.41352858e-07 
 3.39479356e-08  1.20000000e+00  1.19999886e+00 -2.42800502e-07 
 3.40479356e-08  1.20000000e+00  1.19999948e+00  2.41887082e-07 
 3.41479356e-08  1.20000000e+00  1.19999886e+00 -2.43334416e-07 
 3.42479356e-08  1.20000000e+00  1.19999948e+00  2.42420681e-07 
 3.43479356e-08  1.20000000e+00  1.19999886e+00 -2.43867698e-07 
 3.44479356e-08  1.20000000e+00  1.19999948e+00  2.42953643e-07 
 3.45479356e-08  1.20000000e+00  1.19999886e+00 -2.44400337e-07 
 3.46479356e-08  1.20000000e+00  1.19999948e+00  2.43485956e-07 
 3.47479356e-08  1.20000000e+00  1.19999886e+00 -2.44932321e-07 
 3.48479356e-08  1.20000000e+00  1.19999948e+00  2.44017608e-07 
 3.49479356e-08  1.20000000e+00  1.19999886e+00 -2.45463638e-07 
 3.50479356e-08  1.20000000e+00  1.19999948e+00  2.44548586e-07 
 3.51479356e-08  1.20000000e+00  1.19999886e+00 -2.45994276e-07 
 3.52479356e-08  1.20000000e+00  1.19999947e+00  2.45078880e-07 
 3.53479356e-08  1.20000000e+00  1.19999886e+00 -2.46524223e-07 
 3.54479356e-08  1.20000000e+00  1.19999947e+00  2.45608477e-07 
 3.55479356e-08  1.20000000e+00  1.19999886e+00 -2.47053468e-07 
 3.56479356e-08  1.20000000e+00  1.19999947e+00  2.46137367e-07 
 3.57479356e-08  1.20000000e+00  1.19999886e+00 -2.47581999e-07 
 3.58479356e-08  1.20000000e+00  1.19999947e+00  2.46665537e-07 
 3.59479356e-08  1.20000000e+00  1.19999886e+00 -2.48109806e-07 
 3.60479356e-08  1.20000000e+00  1.19999947e+00  2.47192976e-07 
 3.61479356e-08  1.20000000e+00  1.19999887e+00 -2.48636876e-07 
 3.62479356e-08  1.20000000e+00  1.19999947e+00  2.47719674e-07 
 3.63479356e-08  1.20000000e+00  1.19999887e+00 -2.49163199e-07 
 3.64479356e-08  1.20000000e+00  1.19999947e+00  2.48245619e-07 
 3.65479356e-08  1.20000000e+00  1.19999887e+00 -2.49688764e-07 
 3.66479356e-08  1.20000000e+00  1.19999947e+00  2.48770801e-07 
 3.67479356e-08  1.20000000e+00  1.19999887e+00 -2.50213560e-07 
 3.68479356e-08  1.20000000e+00  1.19999947e+00  2.49295208e-07 
 3.69479356e-08  1.20000000e+00  1.19999887e+00 -2.50737577e-07 
 3.70479356e-08  1.20000000e+00  1.19999947e+00  2.49818831e-07 
 3.71479356e-08  1.20000000e+00  1.19999887e+00 -2.51260803e-07 
 3.72479356e-08  1.20000000e+00  1.19999947e+00  2.50341658e-07 
 3.73479356e-08  1.20000000e+00  1.19999887e+00 -2.51783229e-07 
 3.74479356e-08  1.20000000e+00  1.19999947e+00  2.50863679e-07 
 3.75479356e-08  1.20000000e+00  1.19999887e+00 -2.52304843e-07 
 3.76479356e-08  1.20000000e+00  1.19999947e+00  2.51384884e-07 
 3.77479356e-08  1.20000000e+00  1.19999887e+00 -2.52825636e-07 
 3.78479356e-08  1.20000000e+00  1.19999947e+00  2.51905262e-07 
 3.79479356e-08  1.20000000e+00  1.19999887e+00 -2.53345598e-07 
 3.80479356e-08  1.20000000e+00  1.19999947e+00  2.52424804e-07 
 3.81479356e-08  1.20000000e+00  1.19999887e+00 -2.53864718e-07 
 3.82479356e-08  1.20000000e+00  1.19999947e+00  2.52943500e-07 
 3.83479356e-08  1.20000000e+00  1.19999887e+00 -2.54382987e-07 
 3.84479356e-08  1.20000000e+00  1.19999947e+00  2.53461339e-07 
 3.85479356e-08  1.20000000e+00  1.19999887e+00 -2.54900394e-07 
 3.86479356e-08  1.20000000e+00  1.19999946e+00  2.53978312e-07 
 3.87479356e-08  1.20000000e+00  1.19999887e+00 -2.55416931e-07 
 3.88479356e-08  1.20000000e+00  1.19999946e+00  2.54494409e-07 
 3.89479356e-08  1.20000000e+00  1.19999887e+00 -2.55932587e-07 
 3.90479356e-08  1.20000000e+00  1.19999946e+00  2.55009621e-07 
 3.91479356e-08  1.20000000e+00  1.19999887e+00 -2.56447353e-07 
 3.92479356e-08  1.20000000e+00  1.19999946e+00  2.55523939e-07 
 3.93479356e-08  1.20000000e+00  1.19999887e+00 -2.56961220e-07 
 3.94479356e-08  1.20000000e+00  1.19999946e+00  2.56037352e-07 
 3.95479356e-08  1.20000000e+00  1.19999888e+00 -2.57474178e-07 
 3.96479356e-08  1.20000000e+00  1.19999946e+00  2.56549852e-07 
 3.97479356e-08  1.20000000e+00  1.19999888e+00 -2.57986218e-07 
 3.98479356e-08  1.20000000e+00  1.19999946e+00  2.57061430e-07 
 3.99479356e-08  1.20000000e+00  1.19999888e+00 -2.58497332e-07 
 4.00479356e-08  1.20000000e+00  1.19999946e+00  2.57572076e-07 
 4.01479356e-08  1.20000000e+00  1.19999888e+00 -2.59007509e-07 
 4.02479356e-08  1.20000000e+00  1.19999946e+00  2.58081783e-07 
 4.03479356e-08  1.20000000e+00  1.19999888e+00 -2.59516742e-07 
 4.04479356e-08  1.20000000e+00  1.19999946e+00  2.58590540e-07 
 4.05479356e-08  1.20000000e+00  1.19999888e+00 -2.60025022e-07 
 4.06479356e-08  1.20000000e+00  1.19999946e+00  2.59098339e-07 
 4.07479356e-08  1.20000000e+00  1.19999888e+00 -2.60532339e-07 
 4.08479356e-08  1.20000000e+00  1.19999946e+00  2.59605172e-07 
 4.09479356e-08  1.20000000e+00  1.19999888e+00 -2.61038686e-07 
 4.10479356e-08  1.20000000e+00  1.19999946e+00  2.60111031e-07 
 4.11479356e-08  1.20000000e+00  1.19999888e+00 -2.61544054e-07 
 4.12479356e-08  1.20000000e+00  1.19999946e+00  2.60615906e-07 
 4.13479356e-08  1.20000000e+00  1.19999888e+00 -2.62048435e-07 
 4.14479356e-08  1.20000000e+00  1.19999946e+00  2.61119790e-07 
 4.15479356e-08  1.20000000e+00  1.19999888e+00 -2.62551820e-07 
 4.16479356e-08  1.20000000e+00  1.19999946e+00  2.61622674e-07 
 4.17479356e-08  1.20000000e+00  1.19999888e+00 -2.63054202e-07 
 4.18479356e-08  1.20000000e+00  1.19999946e+00  2.62124550e-07 
 4.19479356e-08  1.20000000e+00  1.19999888e+00 -2.63555571e-07 
 4.20479356e-08  1.20000000e+00  1.19999946e+00  2.62625411e-07 
 4.21479356e-08  1.20000000e+00  1.19999888e+00 -2.64055921e-07 
 4.22479356e-08  1.20000000e+00  1.19999946e+00  2.63125248e-07 
 4.23479356e-08  1.20000000e+00  1.19999888e+00 -2.64555244e-07 
 4.24479356e-08  1.20000000e+00  1.19999945e+00  2.63624053e-07 
 4.25479356e-08  1.20000000e+00  1.19999888e+00 -2.65053531e-07 
 4.26479356e-08  1.20000000e+00  1.19999945e+00  2.64121820e-07 
 4.27479356e-08  1.20000000e+00  1.19999888e+00 -2.65550775e-07 
 4.28479356e-08  1.20000000e+00  1.19999945e+00  2.64618539e-07 
 4.29479356e-08  1.20000000e+00  1.19999888e+00 -2.66046969e-07 
 4.30479356e-08  1.20000000e+00  1.19999945e+00  2.65114205e-07 
 4.31479356e-08  1.20000000e+00  1.19999888e+00 -2.66542104e-07 
 4.32479356e-08  1.20000000e+00  1.19999945e+00  2.65608809e-07 
 4.33479356e-08  1.20000000e+00  1.19999888e+00 -2.67036175e-07 
 4.34479356e-08  1.20000000e+00  1.19999945e+00  2.66102343e-07 
 4.35479356e-08  1.20000000e+00  1.19999889e+00 -2.67529173e-07 
 4.36479356e-08  1.20000000e+00  1.19999945e+00  2.66594802e-07 
 4.37479356e-08  1.20000000e+00  1.19999889e+00 -2.68021091e-07 
 4.38479356e-08  1.20000000e+00  1.19999945e+00  2.67086177e-07 
 4.39479356e-08  1.20000000e+00  1.19999889e+00 -2.68511922e-07 
 4.40479356e-08  1.20000000e+00  1.19999945e+00  2.67576462e-07 
 4.41479356e-08  1.20000000e+00  1.19999889e+00 -2.69001659e-07 
 4.42479356e-08  1.20000000e+00  1.19999945e+00  2.68065650e-07 
 4.43479356e-08  1.20000000e+00  1.19999889e+00 -2.69490295e-07 
 4.44479356e-08  1.20000000e+00  1.19999945e+00  2.68553733e-07 
 4.45479356e-08  1.20000000e+00  1.19999889e+00 -2.69977824e-07 
 4.46479356e-08  1.20000000e+00  1.19999945e+00  2.69040705e-07 
 4.47479356e-08  1.20000000e+00  1.19999889e+00 -2.70464239e-07 
 4.48479356e-08  1.20000000e+00  1.19999945e+00  2.69526560e-07 
 4.49479356e-08  1.20000000e+00  1.19999889e+00 -2.70949532e-07 
 4.50479356e-08  1.20000000e+00  1.19999945e+00  2.70011290e-07 
 4.51479356e-08  1.20000000e+00  1.19999889e+00 -2.71433698e-07 
 4.52479356e-08  1.20000000e+00  1.19999945e+00  2.70494890e-07 
 4.53479356e-08  1.20000000e+00  1.19999889e+00 -2.71916730e-07 
 4.54479356e-08  1.20000000e+00  1.19999945e+00  2.70977352e-07 
 4.55479356e-08  1.20000000e+00  1.19999889e+00 -2.72398622e-07 
 4.56479356e-08  1.20000000e+00  1.19999945e+00  2.71458671e-07 
 4.57479356e-08  1.20000000e+00  1.19999889e+00 -2.72879366e-07 
 4.58479356e-08  1.20000000e+00  1.19999945e+00  2.71938840e-07 
 4.59479356e-08  1.20000000e+00  1.19999889e+00 -2.73358958e-07 
 4.60479356e-08  1.20000000e+00  1.19999945e+00  2.72417853e-07 
 4.61479356e-08  1.20000000e+00  1.19999889e+00 -2.73837391e-07 
 4.62479356e-08  1.20000000e+00  1.19999945e+00  2.72895704e-07 
 4.63479356e-08  1.20000000e+00  1.19999889e+00 -2.74314659e-07 
 4.64479356e-08  1.20000000e+00  1.19999945e+00  2.73372387e-07 
 4.65479356e-08  1.20000000e+00  1.19999889e+00 -2.74790755e-07 
 4.66479356e-08  1.20000000e+00  1.19999945e+00  2.73847895e-07 
 4.67479356e-08  1.20000000e+00  1.19999889e+00 -2.75265675e-07 
 4.68479356e-08  1.20000000e+00  1.19999945e+00  2.74322224e-07 
 4.69479356e-08  1.20000000e+00  1.19999889e+00 -2.75739412e-07 
 4.70479356e-08  1.20000000e+00  1.19999945e+00  2.74795368e-07 
 4.71479356e-08  1.20000000e+00  1.19999889e+00 -2.76211961e-07 
 4.72479356e-08  1.20000000e+00  1.19999945e+00  2.75267320e-07 
 4.73479356e-08  1.20000000e+00  1.19999889e+00 -2.76683315e-07 
 4.74479356e-08  1.20000000e+00  1.19999944e+00  2.75738075e-07 
 4.75479356e-08  1.20000000e+00  1.19999889e+00 -2.77153470e-07 
 4.76479356e-08  1.20000000e+00  1.19999944e+00  2.76207628e-07 
 4.77479356e-08  1.20000000e+00  1.19999889e+00 -2.77622420e-07 
 4.78479356e-08  1.20000000e+00  1.19999944e+00  2.76675973e-07 
 4.79479356e-08  1.20000000e+00  1.19999889e+00 -2.78090159e-07 
 4.80479356e-08  1.20000000e+00  1.19999944e+00  2.77143105e-07 
 4.81479356e-08  1.20000000e+00  1.19999889e+00 -2.78556683e-07 
 4.82479356e-08  1.20000000e+00  1.19999944e+00  2.77609018e-07 
 4.83479356e-08  1.20000000e+00  1.19999889e+00 -2.79021985e-07 
 4.84479356e-08  1.20000000e+00  1.19999944e+00  2.78073708e-07 
 4.85479356e-08  1.20000000e+00  1.19999889e+00 -2.79486061e-07 
 4.86479356e-08  1.20000000e+00  1.19999944e+00  2.78537169e-07 
 4.87479356e-08  1.20000000e+00  1.19999890e+00 -2.79948906e-07 
 4.88479356e-08  1.20000000e+00  1.19999944e+00  2.78999396e-07 
 4.89479356e-08  1.20000000e+00  1.19999890e+00 -2.80410515e-07 
 4.90479356e-08  1.20000000e+00  1.19999944e+00  2.79460385e-07 
 4.91479356e-08  1.20000000e+00  1.19999890e+00 -2.80870882e-07 
 4.92479356e-08  1.20000000e+00  1.19999944e+00  2.79920129e-07 
 4.93479356e-08  1.20000000e+00  1.19999890e+00 -2.81330004e-07 
 4.94479356e-08  1.20000000e+00  1.19999944e+00  2.80378626e-07 
 4.95479356e-08  1.20000000e+00  1.19999890e+00 -2.81787874e-07 
 4.96479356e-08  1.20000000e+00  1.19999944e+00  2.80835869e-07 
 4.97479356e-08  1.20000000e+00  1.19999890e+00 -2.82244489e-07 
 4.98479356e-08  1.20000000e+00  1.19999944e+00  2.81291854e-07 
 4.99479356e-08  1.20000000e+00  1.19999890e+00 -2.82699844e-07 
 5.00479356e-08  1.20000000e+00  1.19999944e+00  2.81746577e-07 
 5.01479356e-08  1.20000000e+00  1.19999890e+00 -2.83153933e-07 
 5.02479356e-08  1.20000000e+00  1.19999944e+00  2.82200032e-07 
 5.03479356e-08  1.20000000e+00  1.19999890e+00 -2.83606754e-07 
 5.04479356e-08  1.20000000e+00  1.19999944e+00  2.82652216e-07 
 5.05479356e-08  1.20000000e+00  1.19999890e+00 -2.84058301e-07 
 5.06479356e-08  1.20000000e+00  1.19999944e+00  2.83103125e-07 
 5.07479356e-08  1.20000000e+00  1.19999890e+00 -2.84508570e-07 
 5.08479356e-08  1.20000000e+00  1.19999944e+00  2.83552753e-07 
 5.09479356e-08  1.20000000e+00  1.19999890e+00 -2.84957556e-07 
 5.10479356e-08  1.20000000e+00  1.19999944e+00  2.84001096e-07 
 5.11479356e-08  1.20000000e+00  1.19999890e+00 -2.85405256e-07 
 5.12479356e-08  1.20000000e+00  1.19999944e+00  2.84448151e-07 
 5.13479356e-08  1.20000000e+00  1.19999890e+00 -2.85851666e-07 
 5.14479356e-08  1.20000000e+00  1.19999944e+00  2.84893914e-07 
 5.15479356e-08  1.20000000e+00  1.19999890e+00 -2.86296780e-07 
 5.16479356e-08  1.20000000e+00  1.19999944e+00  2.85338380e-07 
 5.17479356e-08  1.20000000e+00  1.19999890e+00 -2.86740596e-07 
 5.18479356e-08  1.20000000e+00  1.19999944e+00  2.85781545e-07 
 5.19479356e-08  1.20000000e+00  1.19999890e+00 -2.87183110e-07 
 5.20479356e-08  1.20000000e+00  1.19999944e+00  2.86223405e-07 
 5.21479356e-08  1.20000000e+00  1.19999890e+00 -2.87624316e-07 
 5.22479356e-08  1.20000000e+00  1.19999944e+00  2.86663957e-07 
 5.23479356e-08  1.20000000e+00  1.19999890e+00 -2.88064213e-07 
 5.24479356e-08  1.20000000e+00  1.19999944e+00  2.87103197e-07 
 5.25479356e-08  1.20000000e+00  1.19999890e+00 -2.88502795e-07 
 5.26479356e-08  1.20000000e+00  1.19999944e+00  2.87541121e-07 
 5.27479356e-08  1.20000000e+00  1.19999890e+00 -2.88940060e-07 
 5.28479356e-08  1.20000000e+00  1.19999944e+00  2.87977725e-07 
 5.29479356e-08  1.20000000e+00  1.19999890e+00 -2.89376003e-07 
 5.30479356e-08  1.20000000e+00  1.19999944e+00  2.88413006e-07 
 5.31479356e-08  1.20000000e+00  1.19999890e+00 -2.89810622e-07 
 5.32479356e-08  1.20000000e+00  1.19999944e+00  2.88846961e-07 
 5.33479356e-08  1.20000000e+00  1.19999890e+00 -2.90243912e-07 
 5.34479356e-08  1.20000000e+00  1.19999944e+00  2.89279586e-07 
 5.35479356e-08  1.20000000e+00  1.19999890e+00 -2.90675871e-07 
 5.36479356e-08  1.20000000e+00  1.19999944e+00  2.89710877e-07 
 5.37479356e-08  1.20000000e+00  1.19999890e+00 -2.91106494e-07 
 5.38479356e-08  1.20000000e+00  1.19999943e+00  2.90140831e-07 
 5.39479356e-08  1.20000000e+00  1.19999890e+00 -2.91535779e-07 
 5.40479356e-08  1.20000000e+00  1.19999943e+00  2.90569446e-07 
 5.41479356e-08  1.20000000e+00  1.19999890e+00 -2.91963723e-07 
 5.42479356e-08  1.20000000e+00  1.19999943e+00  2.90996717e-07 
 5.43479356e-08  1.20000000e+00  1.19999890e+00 -2.92390322e-07 
 5.44479356e-08  1.20000000e+00  1.19999943e+00  2.91422642e-07 
 5.45479356e-08  1.20000000e+00  1.19999890e+00 -2.92815573e-07 
 5.46479356e-08  1.20000000e+00  1.19999943e+00  2.91847218e-07 
 5.47479356e-08  1.20000000e+00  1.19999890e+00 -2.93239473e-07 
 5.48479356e-08  1.20000000e+00  1.19999943e+00  2.92270442e-07 
 5.49479356e-08  1.20000000e+00  1.19999890e+00 -2.93662019e-07 
 5.50479356e-08  1.20000000e+00  1.19999943e+00  2.92692310e-07 
 5.51479356e-08  1.20000000e+00  1.19999890e+00 -2.94083209e-07 
 5.52479356e-08  1.20000000e+00  1.19999943e+00  2.93112820e-07 
 5.53479356e-08  1.20000000e+00  1.19999890e+00 -2.94503038e-07 
 5.54479356e-08  1.20000000e+00  1.19999943e+00  2.93531969e-07 
 5.55479356e-08  1.20000000e+00  1.19999890e+00 -2.94921506e-07 
 5.56479356e-08  1.20000000e+00  1.19999943e+00  2.93949754e-07 
 5.57479356e-08  1.20000000e+00  1.19999890e+00 -2.95338608e-07 
 5.58479356e-08  1.20000000e+00  1.19999943e+00  2.94366173e-07 
 5.59479356e-08  1.20000000e+00  1.19999891e+00 -2.95754343e-07 
 5.60479356e-08  1.20000000e+00  1.19999943e+00  2.94781222e-07 
 5.61479356e-08  1.20000000e+00  1.19999891e+00 -2.96168707e-07 
 5.62479356e-08  1.20000000e+00  1.19999943e+00  2.95194900e-07 
 5.63479356e-08  1.20000000e+00  1.19999891e+00 -2.96581698e-07 
 5.64479356e-08  1.20000000e+00  1.19999943e+00  2.95607204e-07 
 5.65479356e-08  1.20000000e+00  1.19999891e+00 -2.96993314e-07 
 5.66479356e-08  1.20000000e+00  1.19999943e+00  2.96018130e-07 
 5.67479356e-08  1.20000000e+00  1.19999891e+00 -2.97403552e-07 
 5.68479356e-08  1.20000000e+00  1.19999943e+00  2.96427678e-07 
 5.69479356e-08  1.20000000e+00  1.19999891e+00 -2.97812409e-07 
 5.70479356e-08  1.20000000e+00  1.19999943e+00  2.96835844e-07 
 5.71479356e-08  1.20000000e+00  1.19999891e+00 -2.98219883e-07 
 5.72479356e-08  1.20000000e+00  1.19999943e+00  2.97242626e-07 
 5.73479356e-08  1.20000000e+00  1.19999891e+00 -2.98625973e-07 
 5.74479356e-08  1.20000000e+00  1.19999943e+00  2.97648022e-07 
 5.75479356e-08  1.20000000e+00  1.19999891e+00 -2.99030675e-07 
 5.76479356e-08  1.20000000e+00  1.19999943e+00  2.98052030e-07 
 5.77479356e-08  1.20000000e+00  1.19999891e+00 -2.99433988e-07 
 5.78479356e-08  1.20000000e+00  1.19999943e+00  2.98454647e-07 
 5.79479356e-08  1.20000000e+00  1.19999891e+00 -2.99835909e-07 
 5.80479356e-08  1.20000000e+00  1.19999943e+00  2.98855872e-07 
 5.81479356e-08  1.20000000e+00  1.19999891e+00 -3.00236437e-07 
 5.82479356e-08  1.20000000e+00  1.19999943e+00  2.99255702e-07 
 5.83479356e-08  1.20000000e+00  1.19999891e+00 -3.00635569e-07 
 5.84479356e-08  1.20000000e+00  1.19999943e+00  2.99654135e-07 
 5.85479356e-08  1.20000000e+00  1.19999891e+00 -3.01033304e-07 
 5.86479356e-08  1.20000000e+00  1.19999943e+00  3.00051170e-07 
 5.87479356e-08  1.20000000e+00  1.19999891e+00 -3.01429639e-07 
 5.88479356e-08  1.20000000e+00  1.19999943e+00  3.00446805e-07 
 5.89479356e-08  1.20000000e+00  1.19999891e+00 -3.01824572e-07 
 5.90479356e-08  1.20000000e+00  1.19999943e+00  3.00841037e-07 
 5.91479356e-08  1.20000000e+00  1.19999891e+00 -3.02218102e-07 
 5.92479356e-08  1.20000000e+00  1.19999943e+00  3.01233864e-07 
 5.93479356e-08  1.20000000e+00  1.19999891e+00 -3.02610228e-07 
 5.94479356e-08  1.20000000e+00  1.19999943e+00  3.01625287e-07 
 5.95479356e-08  1.20000000e+00  1.19999891e+00 -3.03000946e-07 
 5.96479356e-08  1.20000000e+00  1.19999943e+00  3.02015301e-07 
 5.97479356e-08  1.20000000e+00  1.19999891e+00 -3.03390256e-07 
 5.98479356e-08  1.20000000e+00  1.19999943e+00  3.02403906e-07 
 5.99479356e-08  1.20000000e+00  1.19999891e+00 -3.03778157e-07 
 6.00479356e-08  1.20000000e+00  1.19999943e+00  3.02791101e-07 
 6.01479356e-08  1.20000000e+00  1.19999891e+00 -3.04164645e-07 
 6.02479356e-08  1.20000000e+00  1.19999943e+00  3.03176883e-07 
 6.03479356e-08  1.20000000e+00  1.19999891e+00 -3.04549721e-07 
 6.04479356e-08  1.20000000e+00  1.19999943e+00  3.03561252e-07 
 6.05479356e-08  1.20000000e+00  1.19999891e+00 -3.04933382e-07 
 6.06479356e-08  1.20000000e+00  1.19999943e+00  3.03944205e-07 
 6.07479356e-08  1.20000000e+00  1.19999891e+00 -3.05315627e-07 
 6.08479356e-08  1.20000000e+00  1.19999943e+00  3.04325741e-07 
 6.09479356e-08  1.20000000e+00  1.19999891e+00 -3.05696455e-07 
 6.10479356e-08  1.20000000e+00  1.19999943e+00  3.04705860e-07 
 6.11479356e-08  1.20000000e+00  1.19999891e+00 -3.06075864e-07 
 6.12479356e-08  1.20000000e+00  1.19999943e+00  3.05084559e-07 
 6.13479356e-08  1.20000000e+00  1.19999891e+00 -3.06453853e-07 
 6.14479356e-08  1.20000000e+00  1.19999943e+00  3.05461837e-07 
 6.15479356e-08  1.20000000e+00  1.19999891e+00 -3.06830421e-07 
 6.16479356e-08  1.20000000e+00  1.19999943e+00  3.05837694e-07 
 6.17479356e-08  1.20000000e+00  1.19999891e+00 -3.07205566e-07 
 6.18479356e-08  1.20000000e+00  1.19999943e+00  3.06212127e-07 
 6.19479356e-08  1.20000000e+00  1.19999891e+00 -3.07579288e-07 
 6.20479356e-08  1.20000000e+00  1.19999943e+00  3.06585137e-07 
 6.21479356e-08  1.20000000e+00  1.19999891e+00 -3.07951585e-07 
 6.22479356e-08  1.20000000e+00  1.19999943e+00  3.06956721e-07 
 6.23479356e-08  1.20000000e+00  1.19999891e+00 -3.08322456e-07 
 6.24479356e-08  1.20000000e+00  1.19999943e+00  3.07326879e-07 
 6.25479356e-08  1.20000000e+00  1.19999891e+00 -3.08691901e-07 
 6.26479356e-08  1.20000000e+00  1.19999943e+00  3.07695610e-07 
 6.27479356e-08  1.20000000e+00  1.19999891e+00 -3.09059918e-07 
 6.28479356e-08  1.20000000e+00  1.19999943e+00  3.08062912e-07 
 6.29479356e-08  1.20000000e+00  1.19999891e+00 -3.09426506e-07 
 6.30479356e-08  1.20000000e+00  1.19999943e+00  3.08428786e-07 
 6.31479356e-08  1.20000000e+00  1.19999891e+00 -3.09791665e-07 
 6.32479356e-08  1.20000000e+00  1.19999943e+00  3.08793229e-07 
 6.33479356e-08  1.20000000e+00  1.19999891e+00 -3.10155393e-07 
 6.34479356e-08  1.20000000e+00  1.19999943e+00  3.09156242e-07 
 6.35479356e-08  1.20000000e+00  1.19999891e+00 -3.10517690e-07 
 6.36479356e-08  1.20000000e+00  1.19999943e+00  3.09517823e-07 
 6.37479356e-08  1.20000000e+00  1.19999891e+00 -3.10878555e-07 
 6.38479356e-08  1.20000000e+00  1.19999943e+00  3.09877971e-07 
 6.39479356e-08  1.20000000e+00  1.19999891e+00 -3.11237987e-07 
 6.40479356e-08  1.20000000e+00  1.19999943e+00  3.10236687e-07 
 6.41479356e-08  1.20000000e+00  1.19999891e+00 -3.11595986e-07 
 6.42479356e-08  1.20000000e+00  1.19999943e+00  3.10593969e-07 
 6.43479356e-08  1.20000000e+00  1.19999891e+00 -3.11952551e-07 
 6.44479356e-08  1.20000000e+00  1.19999943e+00  3.10949817e-07 
 6.45479356e-08  1.20000000e+00  1.19999891e+00 -3.12307681e-07 
 6.46479356e-08  1.20000000e+00  1.19999943e+00  3.11304229e-07 
 6.47479356e-08  1.20000000e+00  1.19999891e+00 -3.12661376e-07 
 6.48479356e-08  1.20000000e+00  1.19999942e+00  3.11657206e-07 
 6.49479356e-08  1.20000000e+00  1.19999891e+00 -3.13013636e-07 
 6.50479356e-08  1.20000000e+00  1.19999942e+00  3.12008748e-07 
 6.51479356e-08  1.20000000e+00  1.19999891e+00 -3.13364459e-07 
 6.52479356e-08  1.20000000e+00  1.19999942e+00  3.12358852e-07 
 6.53479356e-08  1.20000000e+00  1.19999891e+00 -3.13713845e-07 
 6.54479356e-08  1.20000000e+00  1.19999942e+00  3.12707520e-07 
 6.55479356e-08  1.20000000e+00  1.19999891e+00 -3.14061795e-07 
 6.56479356e-08  1.20000000e+00  1.19999942e+00  3.13054751e-07 
 6.57479356e-08  1.20000000e+00  1.19999891e+00 -3.14408307e-07 
 6.58479356e-08  1.20000000e+00  1.19999942e+00  3.13400544e-07 
 6.59479356e-08  1.20000000e+00  1.19999891e+00 -3.14753381e-07 
 6.60479356e-08  1.20000000e+00  1.19999942e+00  3.13744899e-07 
 6.61479356e-08  1.20000000e+00  1.19999891e+00 -3.15097017e-07 
 6.62479356e-08  1.20000000e+00  1.19999942e+00  3.14087816e-07 
 6.63479356e-08  1.20000000e+00  1.19999891e+00 -3.15439215e-07 
 6.64479356e-08  1.20000000e+00  1.19999942e+00  3.14429295e-07 
 6.65479356e-08  1.20000000e+00  1.19999891e+00 -3.15779975e-07 
 6.66479356e-08  1.20000000e+00  1.19999942e+00  3.14769335e-07 
 6.67479356e-08  1.20000000e+00  1.19999891e+00 -3.16119295e-07 
 6.68479356e-08  1.20000000e+00  1.19999942e+00  3.15107936e-07 
 6.69479356e-08  1.20000000e+00  1.19999891e+00 -3.16457177e-07 
 6.70479356e-08  1.20000000e+00  1.19999942e+00  3.15445098e-07 
 6.71479356e-08  1.20000000e+00  1.19999891e+00 -3.16793620e-07 
 6.72479356e-08  1.20000000e+00  1.19999942e+00  3.15780821e-07 
 6.73479356e-08  1.20000000e+00  1.19999891e+00 -3.17128624e-07 
 6.74479356e-08  1.20000000e+00  1.19999942e+00  3.16115106e-07 
 6.75479356e-08  1.20000000e+00  1.19999891e+00 -3.17462188e-07 
 6.76479356e-08  1.20000000e+00  1.19999942e+00  3.16447951e-07 
 6.77479356e-08  1.20000000e+00  1.19999891e+00 -3.17794314e-07 
 6.78479356e-08  1.20000000e+00  1.19999942e+00  3.16779357e-07 
 6.79479356e-08  1.20000000e+00  1.19999891e+00 -3.18125000e-07 
 6.80479356e-08  1.20000000e+00  1.19999942e+00  3.17109323e-07 
 6.81479356e-08  1.20000000e+00  1.19999891e+00 -3.18454248e-07 
 6.82479356e-08  1.20000000e+00  1.19999942e+00  3.17437851e-07 
 6.83479356e-08  1.20000000e+00  1.19999891e+00 -3.18782056e-07 
 6.84479356e-08  1.20000000e+00  1.19999942e+00  3.17764940e-07 
 6.85479356e-08  1.20000000e+00  1.19999891e+00 -3.19108426e-07 
 6.86479356e-08  1.20000000e+00  1.19999942e+00  3.18090590e-07 
 6.87479356e-08  1.20000000e+00  1.19999891e+00 -3.19433357e-07 
 6.88479356e-08  1.20000000e+00  1.19999942e+00  3.18414802e-07 
 6.89479356e-08  1.20000000e+00  1.19999891e+00 -3.19756850e-07 
 6.90479356e-08  1.20000000e+00  1.19999942e+00  3.18737575e-07 
 6.91479356e-08  1.20000000e+00  1.19999892e+00 -3.20078904e-07 
 6.92479356e-08  1.20000000e+00  1.19999942e+00  3.19058911e-07 
 6.93479356e-08  1.20000000e+00  1.19999892e+00 -3.20399520e-07 
 6.94479356e-08  1.20000000e+00  1.19999942e+00  3.19378808e-07 
 6.95479356e-08  1.20000000e+00  1.19999892e+00 -3.20718699e-07 
 6.96479356e-08  1.20000000e+00  1.19999942e+00  3.19697268e-07 
 6.97479356e-08  1.20000000e+00  1.19999892e+00 -3.21036440e-07 
 6.98479356e-08  1.20000000e+00  1.19999942e+00  3.20014290e-07 
 6.99479356e-08  1.20000000e+00  1.19999892e+00 -3.21352744e-07 
 7.00479356e-08  1.20000000e+00  1.19999942e+00  3.20329876e-07 
 7.01479356e-08  1.20000000e+00  1.19999892e+00 -3.21667612e-07 
 7.02479356e-08  1.20000000e+00  1.19999942e+00  3.20644025e-07 
 7.03479356e-08  1.20000000e+00  1.19999892e+00 -3.21981043e-07 
 7.04479356e-08  1.20000000e+00  1.19999942e+00  3.20956739e-07 
 7.05479356e-08  1.20000000e+00  1.19999892e+00 -3.22293039e-07 
 7.06479356e-08  1.20000000e+00  1.19999942e+00  3.21268016e-07 
 7.07479356e-08  1.20000000e+00  1.19999892e+00 -3.22603599e-07 
 7.08479356e-08  1.20000000e+00  1.19999942e+00  3.21577859e-07 
 7.09479356e-08  1.20000000e+00  1.19999892e+00 -3.22912724e-07 
 7.10479356e-08  1.20000000e+00  1.19999942e+00  3.21886267e-07 
 7.11479356e-08  1.20000000e+00  1.19999892e+00 -3.23220415e-07 
 7.12479356e-08  1.20000000e+00  1.19999942e+00  3.22193241e-07 
 7.13479356e-08  1.20000000e+00  1.19999892e+00 -3.23526673e-07 
 7.14479356e-08  1.20000000e+00  1.19999942e+00  3.22498782e-07 
 7.15479356e-08  1.20000000e+00  1.19999892e+00 -3.23831497e-07 
 7.16479356e-08  1.20000000e+00  1.19999942e+00  3.22802889e-07 
 7.17479356e-08  1.20000000e+00  1.19999892e+00 -3.24134889e-07 
 7.18479356e-08  1.20000000e+00  1.19999942e+00  3.23105565e-07 
 7.19479356e-08  1.20000000e+00  1.19999892e+00 -3.24436848e-07 
 7.20479356e-08  1.20000000e+00  1.19999942e+00  3.23406809e-07 
 7.21479356e-08  1.20000000e+00  1.19999892e+00 -3.24737377e-07 
 7.22479356e-08  1.20000000e+00  1.19999942e+00  3.23706622e-07 
 7.23479356e-08  1.20000000e+00  1.19999892e+00 -3.25036475e-07 
 7.24479356e-08  1.20000000e+00  1.19999942e+00  3.24005005e-07 
 7.25479356e-08  1.20000000e+00  1.19999892e+00 -3.25334143e-07 
 7.26479356e-08  1.20000000e+00  1.19999942e+00  3.24301959e-07 
 7.27479356e-08  1.20000000e+00  1.19999892e+00 -3.25630382e-07 
 7.28479356e-08  1.20000000e+00  1.19999942e+00  3.24597483e-07 
 7.29479356e-08  1.20000000e+00  1.19999892e+00 -3.25925193e-07 
 7.30479356e-08  1.20000000e+00  1.19999942e+00  3.24891580e-07 
 7.31479356e-08  1.20000000e+00  1.19999892e+00 -3.26218577e-07 
 7.32479356e-08  1.20000000e+00  1.19999942e+00  3.25184250e-07 
 7.33479356e-08  1.20000000e+00  1.19999892e+00 -3.26510533e-07 
 7.34479356e-08  1.20000000e+00  1.19999942e+00  3.25475494e-07 
 7.35479356e-08  1.20000000e+00  1.19999892e+00 -3.26801065e-07 
 7.36479356e-08  1.20000000e+00  1.19999942e+00  3.25765313e-07 
 7.37479356e-08  1.20000000e+00  1.19999892e+00 -3.27090171e-07 
 7.38479356e-08  1.20000000e+00  1.19999942e+00  3.26053707e-07 
 7.39479356e-08  1.20000000e+00  1.19999892e+00 -3.27377853e-07 
 7.40479356e-08  1.20000000e+00  1.19999942e+00  3.26340677e-07 
 7.41479356e-08  1.20000000e+00  1.19999892e+00 -3.27664112e-07 
 7.42479356e-08  1.20000000e+00  1.19999942e+00  3.26626225e-07 
 7.43479356e-08  1.20000000e+00  1.19999892e+00 -3.27948949e-07 
 7.44479356e-08  1.20000000e+00  1.19999942e+00  3.26910352e-07 
 7.45479356e-08  1.20000000e+00  1.19999892e+00 -3.28232365e-07 
 7.46479356e-08  1.20000000e+00  1.19999942e+00  3.27193057e-07 
 7.47479356e-08  1.20000000e+00  1.19999892e+00 -3.28514361e-07 
 7.48479356e-08  1.20000000e+00  1.19999942e+00  3.27474344e-07 
 7.49479356e-08  1.20000000e+00  1.19999892e+00 -3.28794938e-07 
 7.50479356e-08  1.20000000e+00  1.19999942e+00  3.27754211e-07 
 7.51479356e-08  1.20000000e+00  1.19999892e+00 -3.29074097e-07 
 7.52479356e-08  1.20000000e+00  1.19999942e+00  3.28032662e-07 
 7.53479356e-08  1.20000000e+00  1.19999892e+00 -3.29351839e-07 
 7.54479356e-08  1.20000000e+00  1.19999942e+00  3.28309696e-07 
 7.55479356e-08  1.20000000e+00  1.19999892e+00 -3.29628166e-07 
 7.56479356e-08  1.20000000e+00  1.19999942e+00  3.28585314e-07 
 7.57479356e-08  1.20000000e+00  1.19999892e+00 -3.29903077e-07 
 7.58479356e-08  1.20000000e+00  1.19999942e+00  3.28859519e-07 
 7.59479356e-08  1.20000000e+00  1.19999892e+00 -3.30176575e-07 
 7.60479356e-08  1.20000000e+00  1.19999942e+00  3.29132311e-07 
 7.61479356e-08  1.20000000e+00  1.19999892e+00 -3.30448661e-07 
 7.62479356e-08  1.20000000e+00  1.19999942e+00  3.29403691e-07 
 7.63479356e-08  1.20000000e+00  1.19999892e+00 -3.30719336e-07 
 7.64479356e-08  1.20000000e+00  1.19999942e+00  3.29673660e-07 
 7.65479356e-08  1.20000000e+00  1.19999892e+00 -3.30988600e-07 
 7.66479356e-08  1.20000000e+00  1.19999942e+00  3.29942220e-07 
 7.67479356e-08  1.20000000e+00  1.19999892e+00 -3.31256456e-07 
 7.68479356e-08  1.20000000e+00  1.19999942e+00  3.30209372e-07 
 7.69479356e-08  1.20000000e+00  1.19999892e+00 -3.31522905e-07 
 7.70479356e-08  1.20000000e+00  1.19999942e+00  3.30475117e-07 
 7.71479356e-08  1.20000000e+00  1.19999892e+00 -3.31787947e-07 
 7.72479356e-08  1.20000000e+00  1.19999942e+00  3.30739457e-07 
 7.73479356e-08  1.20000000e+00  1.19999892e+00 -3.32051585e-07 
 7.74479356e-08  1.20000000e+00  1.19999942e+00  3.31002393e-07 
 7.75479356e-08  1.20000000e+00  1.19999892e+00 -3.32313819e-07 
 7.76479356e-08  1.20000000e+00  1.19999942e+00  3.31263925e-07 
 7.77479356e-08  1.20000000e+00  1.19999892e+00 -3.32574651e-07 
 7.78479356e-08  1.20000000e+00  1.19999942e+00  3.31524057e-07 
 7.79479356e-08  1.20000000e+00  1.19999892e+00 -3.32834082e-07 
 7.80479356e-08  1.20000000e+00  1.19999942e+00  3.31782788e-07 
 7.81479356e-08  1.20000000e+00  1.19999892e+00 -3.33092113e-07 
 7.82479356e-08  1.20000000e+00  1.19999942e+00  3.32040120e-07 
 7.83479356e-08  1.20000000e+00  1.19999892e+00 -3.33348747e-07 
 7.84479356e-08  1.20000000e+00  1.19999942e+00  3.32296055e-07 
 7.85479356e-08  1.20000000e+00  1.19999892e+00 -3.33603984e-07 
 7.86479356e-08  1.20000000e+00  1.19999942e+00  3.32550594e-07 
 7.87479356e-08  1.20000000e+00  1.19999892e+00 -3.33857826e-07 
 7.88479356e-08  1.20000000e+00  1.19999942e+00  3.32803739e-07 
 7.89479356e-08  1.20000000e+00  1.19999892e+00 -3.34110274e-07 
 7.90479356e-08  1.20000000e+00  1.19999942e+00  3.33055491e-07 
 7.91479356e-08  1.20000000e+00  1.19999892e+00 -3.34361330e-07 
 7.92479356e-08  1.20000000e+00  1.19999942e+00  3.33305852e-07 
 7.93479356e-08  1.20000000e+00  1.19999892e+00 -3.34610996e-07 
 7.94479356e-08  1.20000000e+00  1.19999942e+00  3.33554822e-07 
 7.95479356e-08  1.20000000e+00  1.19999892e+00 -3.34859272e-07 
 7.96479356e-08  1.20000000e+00  1.19999942e+00  3.33802404e-07 
 7.97479356e-08  1.20000000e+00  1.19999892e+00 -3.35106161e-07 
 7.98479356e-08  1.20000000e+00  1.19999942e+00  3.34048600e-07 
 7.99479356e-08  1.20000000e+00  1.19999892e+00 -3.35351663e-07 
 8.00479356e-08  1.20000000e+00  1.19999942e+00  3.34293410e-07 
 8.01479356e-08  1.20000000e+00  1.19999892e+00 -3.35595781e-07 
 8.02479356e-08  1.20000000e+00  1.19999942e+00  3.34536836e-07 
 8.03479356e-08  1.20000000e+00  1.19999892e+00 -3.35838517e-07 
 8.04479356e-08  1.20000000e+00  1.19999942e+00  3.34778881e-07 
 8.05479356e-08  1.20000000e+00  1.19999892e+00 -3.36079871e-07 
 8.06479356e-08  1.20000000e+00  1.19999942e+00  3.35019545e-07 
 8.07479356e-08  1.20000000e+00  1.19999892e+00 -3.36319845e-07 
 8.08479356e-08  1.20000000e+00  1.19999942e+00  3.35258830e-07 
 8.09479356e-08  1.20000000e+00  1.19999892e+00 -3.36558441e-07 
 8.10479356e-08  1.20000000e+00  1.19999942e+00  3.35496738e-07 
 8.11479356e-08  1.20000000e+00  1.19999892e+00 -3.36795661e-07 
 8.12479356e-08  1.20000000e+00  1.19999942e+00  3.35733270e-07 
 8.13479356e-08  1.20000000e+00  1.19999892e+00 -3.37031507e-07 
 8.14479356e-08  1.20000000e+00  1.19999942e+00  3.35968429e-07 
 8.15479356e-08  1.20000000e+00  1.19999892e+00 -3.37265979e-07 
 8.16479356e-08  1.20000000e+00  1.19999942e+00  3.36202215e-07 
 8.17479356e-08  1.20000000e+00  1.19999892e+00 -3.37499080e-07 
 8.18479356e-08  1.20000000e+00  1.19999942e+00  3.36434631e-07 
 8.19479356e-08  1.20000000e+00  1.19999892e+00 -3.37730812e-07 
 8.20479356e-08  1.20000000e+00  1.19999942e+00  3.36665679e-07 
 8.21479356e-08  1.20000000e+00  1.19999892e+00 -3.37961176e-07 
 8.22479356e-08  1.20000000e+00  1.19999942e+00  3.36895360e-07 
 8.23479356e-08  1.20000000e+00  1.19999892e+00 -3.38190174e-07 
 8.24479356e-08  1.20000000e+00  1.19999942e+00  3.37123676e-07 
 8.25479356e-08  1.20000000e+00  1.19999892e+00 -3.38417808e-07 
 8.26479356e-08  1.20000000e+00  1.19999942e+00  3.37350628e-07 
 8.27479356e-08  1.20000000e+00  1.19999892e+00 -3.38644080e-07 
 8.28479356e-08  1.20000000e+00  1.19999942e+00  3.37576219e-07 
 8.29479356e-08  1.20000000e+00  1.19999892e+00 -3.38868991e-07 
 8.30479356e-08  1.20000000e+00  1.19999942e+00  3.37800450e-07 
 8.31479356e-08  1.20000000e+00  1.19999892e+00 -3.39092543e-07 
 8.32479356e-08  1.20000000e+00  1.19999942e+00  3.38023323e-07 
 8.33479356e-08  1.20000000e+00  1.19999892e+00 -3.39314738e-07 
 8.34479356e-08  1.20000000e+00  1.19999942e+00  3.38244841e-07 
 8.35479356e-08  1.20000000e+00  1.19999892e+00 -3.39535578e-07 
 8.36479356e-08  1.20000000e+00  1.19999942e+00  3.38465004e-07 
 8.37479356e-08  1.20000000e+00  1.19999892e+00 -3.39755065e-07 
 8.38479356e-08  1.20000000e+00  1.19999942e+00  3.38683815e-07 
 8.39479356e-08  1.20000000e+00  1.19999892e+00 -3.39973201e-07 
 8.40479356e-08  1.20000000e+00  1.19999942e+00  3.38901276e-07 
 8.41479356e-08  1.20000000e+00  1.19999892e+00 -3.40189987e-07 
 8.42479356e-08  1.20000000e+00  1.19999942e+00  3.39117388e-07 
 8.43479356e-08  1.20000000e+00  1.19999892e+00 -3.40405426e-07 
 8.44479356e-08  1.20000000e+00  1.19999942e+00  3.39332153e-07 
 8.45479356e-08  1.20000000e+00  1.19999892e+00 -3.40619519e-07 
 8.46479356e-08  1.20000000e+00  1.19999942e+00  3.39545574e-07 
 8.47479356e-08  1.20000000e+00  1.19999892e+00 -3.40832268e-07 
 8.48479356e-08  1.20000000e+00  1.19999942e+00  3.39757653e-07 
 8.49479356e-08  1.20000000e+00  1.19999892e+00 -3.41043676e-07 
 8.50479356e-08  1.20000000e+00  1.19999942e+00  3.39968391e-07 
 8.51479356e-08  1.20000000e+00  1.19999892e+00 -3.41253744e-07 
 8.52479356e-08  1.20000000e+00  1.19999942e+00  3.40177790e-07 
 8.53479356e-08  1.20000000e+00  1.19999892e+00 -3.41462475e-07 
 8.54479356e-08  1.20000000e+00  1.19999942e+00  3.40385852e-07 
 8.55479356e-08  1.20000000e+00  1.19999892e+00 -3.41669869e-07 
 8.56479356e-08  1.20000000e+00  1.19999942e+00  3.40592579e-07 
 8.57479356e-08  1.20000000e+00  1.19999892e+00 -3.41875930e-07 
 8.58479356e-08  1.20000000e+00  1.19999942e+00  3.40797974e-07 
 8.59479356e-08  1.20000000e+00  1.19999892e+00 -3.42080660e-07 
 8.60479356e-08  1.20000000e+00  1.19999942e+00  3.41002038e-07 
 8.61479356e-08  1.20000000e+00  1.19999892e+00 -3.42284059e-07 
 8.62479356e-08  1.20000000e+00  1.19999942e+00  3.41204774e-07 
 8.63479356e-08  1.20000000e+00  1.19999892e+00 -3.42486131e-07 
 8.64479356e-08  1.20000000e+00  1.19999942e+00  3.41406183e-07 
 8.65479356e-08  1.20000000e+00  1.19999892e+00 -3.42686878e-07 
 8.66479356e-08  1.20000000e+00  1.19999942e+00  3.41606267e-07 
 8.67479356e-08  1.20000000e+00  1.19999892e+00 -3.42886301e-07 
 8.68479356e-08  1.20000000e+00  1.19999942e+00  3.41805029e-07 
 8.69479356e-08  1.20000000e+00  1.19999892e+00 -3.43084402e-07 
 8.70479356e-08  1.20000000e+00  1.19999942e+00  3.42002470e-07 
 8.71479356e-08  1.20000000e+00  1.19999892e+00 -3.43281184e-07 
 8.72479356e-08  1.20000000e+00  1.19999942e+00  3.42198594e-07 
 8.73479356e-08  1.20000000e+00  1.19999892e+00 -3.43476649e-07 
 8.74479356e-08  1.20000000e+00  1.19999942e+00  3.42393401e-07 
 8.75479356e-08  1.20000000e+00  1.19999892e+00 -3.43670799e-07 
 8.76479356e-08  1.20000000e+00  1.19999942e+00  3.42586894e-07 
 8.77479356e-08  1.20000000e+00  1.19999892e+00 -3.43863636e-07 
 8.78479356e-08  1.20000000e+00  1.19999942e+00  3.42779075e-07 
 8.79479356e-08  1.20000000e+00  1.19999892e+00 -3.44055162e-07 
 8.80479356e-08  1.20000000e+00  1.19999942e+00  3.42969946e-07 
 8.81479356e-08  1.20000000e+00  1.19999892e+00 -3.44245379e-07 
 8.82479356e-08  1.20000000e+00  1.19999942e+00  3.43159510e-07 
 8.83479356e-08  1.20000000e+00  1.19999892e+00 -3.44434290e-07 
 8.84479356e-08  1.20000000e+00  1.19999942e+00  3.43347768e-07 
 8.85479356e-08  1.20000000e+00  1.19999892e+00 -3.44621896e-07 
 8.86479356e-08  1.20000000e+00  1.19999942e+00  3.43534723e-07 
 8.87479356e-08  1.20000000e+00  1.19999892e+00 -3.44808200e-07 
 8.88479356e-08  1.20000000e+00  1.19999942e+00  3.43720377e-07 
 8.89479356e-08  1.20000000e+00  1.19999892e+00 -3.44993205e-07 
 8.90479356e-08  1.20000000e+00  1.19999942e+00  3.43904732e-07 
 8.91479356e-08  1.20000000e+00  1.19999892e+00 -3.45176911e-07 
 8.92479356e-08  1.20000000e+00  1.19999942e+00  3.44087790e-07 
 8.93479356e-08  1.20000000e+00  1.19999892e+00 -3.45359322e-07 
 8.94479356e-08  1.20000000e+00  1.19999942e+00  3.44269554e-07 
 8.95479356e-08  1.20000000e+00  1.19999892e+00 -3.45540439e-07 
 8.96479356e-08  1.20000000e+00  1.19999942e+00  3.44450025e-07 
 8.97479356e-08  1.20000000e+00  1.19999892e+00 -3.45720266e-07 
 8.98479356e-08  1.20000000e+00  1.19999942e+00  3.44629207e-07 
 8.99479356e-08  1.20000000e+00  1.19999892e+00 -3.45898803e-07 
 9.00479356e-08  1.20000000e+00  1.19999942e+00  3.44807101e-07 
 9.01479356e-08  1.20000000e+00  1.19999892e+00 -3.46076054e-07 
 9.02479356e-08  1.20000000e+00  1.19999942e+00  3.44983709e-07 
 9.03479356e-08  1.20000000e+00  1.19999892e+00 -3.46252020e-07 
 9.04479356e-08  1.20000000e+00  1.19999942e+00  3.45159034e-07 
 9.05479356e-08  1.20000000e+00  1.19999892e+00 -3.46426704e-07 
 9.06479356e-08  1.20000000e+00  1.19999942e+00  3.45333078e-07 
 9.07479356e-08  1.20000000e+00  1.19999892e+00 -3.46600109e-07 
 9.08479356e-08  1.20000000e+00  1.19999942e+00  3.45505843e-07 
 9.09479356e-08  1.20000000e+00  1.19999892e+00 -3.46772236e-07 
 9.10479356e-08  1.20000000e+00  1.19999942e+00  3.45677332e-07 
 9.11479356e-08  1.20000000e+00  1.19999892e+00 -3.46943087e-07 
 9.12479356e-08  1.20000000e+00  1.19999942e+00  3.45847547e-07 
 9.13479356e-08  1.20000000e+00  1.19999892e+00 -3.47112666e-07 
 9.14479356e-08  1.20000000e+00  1.19999942e+00  3.46016490e-07 
 9.15479356e-08  1.20000000e+00  1.19999892e+00 -3.47280974e-07 
 9.16479356e-08  1.20000000e+00  1.19999942e+00  3.46184163e-07 
 9.17479356e-08  1.20000000e+00  1.19999892e+00 -3.47448013e-07 
 9.18479356e-08  1.20000000e+00  1.19999942e+00  3.46350569e-07 
 9.19479356e-08  1.20000000e+00  1.19999892e+00 -3.47613787e-07 
 9.20479356e-08  1.20000000e+00  1.19999942e+00  3.46515711e-07 
 9.21479356e-08  1.20000000e+00  1.19999892e+00 -3.47778297e-07 
 9.22479356e-08  1.20000000e+00  1.19999942e+00  3.46679590e-07 
 9.23479356e-08  1.20000000e+00  1.19999892e+00 -3.47941545e-07 
 9.24479356e-08  1.20000000e+00  1.19999942e+00  3.46842208e-07 
 9.25479356e-08  1.20000000e+00  1.19999892e+00 -3.48103535e-07 
 9.26479356e-08  1.20000000e+00  1.19999942e+00  3.47003569e-07 
 9.27479356e-08  1.20000000e+00  1.19999892e+00 -3.48264268e-07 
 9.28479356e-08  1.20000000e+00  1.19999942e+00  3.47163675e-07 
 9.29479356e-08  1.20000000e+00  1.19999892e+00 -3.48423747e-07 
 9.30479356e-08  1.20000000e+00  1.19999942e+00  3.47322527e-07 
 9.31479356e-08  1.20000000e+00  1.19999892e+00 -3.48581973e-07 
 9.32479356e-08  1.20000000e+00  1.19999942e+00  3.47480129e-07 
 9.33479356e-08  1.20000000e+00  1.19999892e+00 -3.48738951e-07 
 9.34479356e-08  1.20000000e+00  1.19999942e+00  3.47636482e-07 
 9.35479356e-08  1.20000000e+00  1.19999892e+00 -3.48894681e-07 
 9.36479356e-08  1.20000000e+00  1.19999942e+00  3.47791590e-07 
 9.37479356e-08  1.20000000e+00  1.19999892e+00 -3.49049167e-07 
 9.38479356e-08  1.20000000e+00  1.19999942e+00  3.47945454e-07 
 9.39479356e-08  1.20000000e+00  1.19999892e+00 -3.49202410e-07 
 9.40479356e-08  1.20000000e+00  1.19999942e+00  3.48098077e-07 
 9.41479356e-08  1.20000000e+00  1.19999892e+00 -3.49354413e-07 
 9.42479356e-08  1.20000000e+00  1.19999942e+00  3.48249461e-07 
 9.43479356e-08  1.20000000e+00  1.19999892e+00 -3.49505179e-07 
 9.44479356e-08  1.20000000e+00  1.19999942e+00  3.48399609e-07 
 9.45479356e-08  1.20000000e+00  1.19999892e+00 -3.49654710e-07 
 9.46479356e-08  1.20000000e+00  1.19999942e+00  3.48548523e-07 
 9.47479356e-08  1.20000000e+00  1.19999892e+00 -3.49803008e-07 
 9.48479356e-08  1.20000000e+00  1.19999942e+00  3.48696206e-07 
 9.49479356e-08  1.20000000e+00  1.19999892e+00 -3.49950076e-07 
 9.50479356e-08  1.20000000e+00  1.19999942e+00  3.48842659e-07 
 9.51479356e-08  1.20000000e+00  1.19999892e+00 -3.50095916e-07 
 9.52479356e-08  1.20000000e+00  1.19999942e+00  3.48987887e-07 
 9.53479356e-08  1.20000000e+00  1.19999892e+00 -3.50240531e-07 
 9.54479356e-08  1.20000000e+00  1.19999942e+00  3.49131890e-07 
 9.55479356e-08  1.20000000e+00  1.19999892e+00 -3.50383923e-07 
 9.56479356e-08  1.20000000e+00  1.19999942e+00  3.49274671e-07 
 9.57479356e-08  1.20000000e+00  1.19999892e+00 -3.50526094e-07 
 9.58479356e-08  1.20000000e+00  1.19999942e+00  3.49416233e-07 
 9.59479356e-08  1.20000000e+00  1.19999892e+00 -3.50667048e-07 
 9.60479356e-08  1.20000000e+00  1.19999942e+00  3.49556579e-07 
 9.61479356e-08  1.20000000e+00  1.19999892e+00 -3.50806786e-07 
 9.62479356e-08  1.20000000e+00  1.19999942e+00  3.49695710e-07 
 9.63479356e-08  1.20000000e+00  1.19999892e+00 -3.50945311e-07 
 9.64479356e-08  1.20000000e+00  1.19999942e+00  3.49833630e-07 
 9.65479356e-08  1.20000000e+00  1.19999892e+00 -3.51082626e-07 
 9.66479356e-08  1.20000000e+00  1.19999942e+00  3.49970340e-07 
 9.67479356e-08  1.20000000e+00  1.19999892e+00 -3.51218732e-07 
 9.68479356e-08  1.20000000e+00  1.19999942e+00  3.50105843e-07 
 9.69479356e-08  1.20000000e+00  1.19999892e+00 -3.51353633e-07 
 9.70479356e-08  1.20000000e+00  1.19999942e+00  3.50240143e-07 
 9.71479356e-08  1.20000000e+00  1.19999892e+00 -3.51487331e-07 
 9.72479356e-08  1.20000000e+00  1.19999942e+00  3.50373240e-07 
 9.73479356e-08  1.20000000e+00  1.19999892e+00 -3.51619829e-07 
 9.74479356e-08  1.20000000e+00  1.19999942e+00  3.50505138e-07 
 9.75479356e-08  1.20000000e+00  1.19999892e+00 -3.51751129e-07 
 9.76479356e-08  1.20000000e+00  1.19999942e+00  3.50635840e-07 
 9.77479356e-08  1.20000000e+00  1.19999892e+00 -3.51881232e-07 
 9.78479356e-08  1.20000000e+00  1.19999942e+00  3.50765347e-07 
 9.79479356e-08  1.20000000e+00  1.19999892e+00 -3.52010143e-07 
 9.80479356e-08  1.20000000e+00  1.19999942e+00  3.50893662e-07 
 9.81479356e-08  1.20000000e+00  1.19999892e+00 -3.52137864e-07 
 9.82479356e-08  1.20000000e+00  1.19999942e+00  3.51020788e-07 
 9.83479356e-08  1.20000000e+00  1.19999892e+00 -3.52264396e-07 
 9.84479356e-08  1.20000000e+00  1.19999942e+00  3.51146728e-07 
 9.85479356e-08  1.20000000e+00  1.19999892e+00 -3.52389744e-07 
 9.86479356e-08  1.20000000e+00  1.19999942e+00  3.51271483e-07 
 9.87479356e-08  1.20000000e+00  1.19999892e+00 -3.52513908e-07 
 9.88479356e-08  1.20000000e+00  1.19999942e+00  3.51395057e-07 
 9.89479356e-08  1.20000000e+00  1.19999892e+00 -3.52636892e-07 
 9.90479356e-08  1.20000000e+00  1.19999942e+00  3.51517451e-07 
 9.91479356e-08  1.20000000e+00  1.19999892e+00 -3.52758698e-07 
 9.92479356e-08  1.20000000e+00  1.19999942e+00  3.51638669e-07 
 9.93479356e-08  1.20000000e+00  1.19999892e+00 -3.52879328e-07 
 9.94479356e-08  1.20000000e+00  1.19999942e+00  3.51758713e-07 
 9.95479356e-08  1.20000000e+00  1.19999892e+00 -3.52998786e-07 
 9.96479356e-08  1.20000000e+00  1.19999942e+00  3.51877586e-07 
 9.97479356e-08  1.20000000e+00  1.19999892e+00 -3.53117074e-07 
 9.98479356e-08  1.20000000e+00  1.19999942e+00  3.51995290e-07 
 9.99239678e-08  1.20000000e+00  1.19999892e+00 -3.53252548e-07 
 1.00000000e-07  1.20000000e+00  1.19999942e+00  3.52148324e-07 
