 time            v(in)           v(out)          i(VDD)         
 0.00000000e+00  0.00000000e+00  6.25378102e-08 -5.40755468e-09 
 1.00000000e-12  0.00000000e+00  6.25378106e-08 -5.40755494e-09 
 2.00000000e-12  0.00000000e+00  6.25378099e-08 -5.40755498e-09 
 4.00000000e-12  0.00000000e+00  6.25378083e-08 -5.40755547e-09 
 8.00000000e-12  0.00000000e+00  6.25378054e-08 -5.40755611e-09 
 1.60000000e-11  0.00000000e+00  6.25378047e-08 -5.40755472e-09 
 3.20000000e-11  0.00000000e+00  6.25378088e-08 -5.40755541e-09 
 6.40000000e-11  0.00000000e+00  6.25378086e-08 -5.40755496e-09 
 1.28000000e-10  0.00000000e+00  6.25378068e-08 -5.40755609e-09 
 2.28000000e-10  0.00000000e+00  6.25378148e-08 -5.40755522e-09 
 3.28000000e-10  0.00000000e+00  6.25378056e-08 -5.40755532e-09 
 4.28000000e-10  0.00000000e+00  6.25378109e-08 -5.40755518e-09 
 5.28000000e-10  0.00000000e+00  6.25378145e-08 -5.40755519e-09 
 6.28000000e-10  0.00000000e+00  6.25378080e-08 -5.40755491e-09 
 7.28000000e-10  0.00000000e+00  6.25378080e-08 -5.40755502e-09 
 8.28000000e-10  0.00000000e+00  6.25378100e-08 -5.40755500e-09 
 9.28000000e-10  0.00000000e+00  6.25378141e-08 -5.40755507e-09 
 1.02800000e-09  0.00000000e+00  6.25378075e-08 -5.40755517e-09 
 1.12800000e-09  0.00000000e+00  6.25378156e-08 -5.40755494e-09 
 1.22800000e-09  0.00000000e+00  6.25378088e-08 -5.40755484e-09 
 1.32800000e-09  0.00000000e+00  6.25378090e-08 -5.40755491e-09 
 1.42800000e-09  0.00000000e+00  6.25378109e-08 -5.40755506e-09 
 1.52800000e-09  0.00000000e+00  6.25378096e-08 -5.40755527e-09 
 1.62800000e-09  0.00000000e+00  6.25378108e-08 -5.40755524e-09 
 1.72800000e-09  0.00000000e+00  6.25378101e-08 -5.40755506e-09 
 1.82800000e-09  0.00000000e+00  6.25378070e-08 -5.40755533e-09 
 1.92800000e-09  0.00000000e+00  6.25378146e-08 -5.40755509e-09 
 2.02800000e-09  0.00000000e+00  6.25378097e-08 -5.40755488e-09 
 2.12800000e-09  0.00000000e+00  6.25378097e-08 -5.40755467e-09 
 2.22800000e-09  0.00000000e+00  6.25378116e-08 -5.40755472e-09 
 2.32800000e-09  0.00000000e+00  6.25378089e-08 -5.40755483e-09 
 2.42800000e-09  0.00000000e+00  6.25378112e-08 -5.40755502e-09 
 2.52800000e-09  0.00000000e+00  6.25378091e-08 -5.40755535e-09 
 2.62800000e-09  0.00000000e+00  6.25378109e-08 -5.40755523e-09 
 2.72800000e-09  0.00000000e+00  6.25378091e-08 -5.40755506e-09 
 2.82800000e-09  0.00000000e+00  6.25378101e-08 -5.40755517e-09 
 2.92800000e-09  0.00000000e+00  6.25378102e-08 -5.40755501e-09 
 3.02800000e-09  0.00000000e+00  6.25378109e-08 -5.40755511e-09 
 3.12800000e-09  0.00000000e+00  6.25378087e-08 -5.40755529e-09 
 3.22800000e-09  0.00000000e+00  6.25378109e-08 -5.40755518e-09 
 3.32800000e-09  0.00000000e+00  6.25378136e-08 -5.40755485e-09 
 3.42800000e-09  0.00000000e+00  6.25378092e-08 -5.40755470e-09 
 3.52800000e-09  0.00000000e+00  6.25378104e-08 -5.40755498e-09 
 3.62800000e-09  0.00000000e+00  6.25378106e-08 -5.40755506e-09 
 3.72800000e-09  0.00000000e+00  6.25378061e-08 -5.40755520e-09 
 3.82800000e-09  0.00000000e+00  6.25378152e-08 -5.40755492e-09 
 3.92800000e-09  0.00000000e+00  6.25378087e-08 -5.40755503e-09 
 4.02800000e-09  0.00000000e+00  6.25378066e-08 -5.40755548e-09 
 4.12800000e-09  0.00000000e+00  6.25378149e-08 -5.40755557e-09 
 4.22800000e-09  0.00000000e+00  6.25378044e-08 -5.40755545e-09 
 4.32800000e-09  0.00000000e+00  6.25378109e-08 -5.40755516e-09 
 4.42800000e-09  0.00000000e+00  6.25378181e-08 -5.40755497e-09 
 4.52800000e-09  0.00000000e+00  6.25378078e-08 -5.40755468e-09 
 4.62800000e-09  0.00000000e+00  6.25378090e-08 -5.40755478e-09 
 4.72800000e-09  0.00000000e+00  6.25378101e-08 -5.40755500e-09 
 4.82800000e-09  0.00000000e+00  6.25378096e-08 -5.40755516e-09 
 4.92800000e-09  0.00000000e+00  6.25378095e-08 -5.40755501e-09 
 5.02800000e-09  0.00000000e+00  6.25378140e-08 -5.40755512e-09 
 5.12800000e-09  0.00000000e+00  6.25378091e-08 -5.40755521e-09 
 5.22800000e-09  0.00000000e+00  6.25378068e-08 -5.40755513e-09 
 5.32800000e-09  0.00000000e+00  6.25378154e-08 -5.40755538e-09 
 5.42800000e-09  0.00000000e+00  6.25378089e-08 -5.40755504e-09 
 5.52800000e-09  0.00000000e+00  6.25378106e-08 -5.40755491e-09 
 5.62800000e-09  0.00000000e+00  6.25378071e-08 -5.40755507e-09 
 5.72800000e-09  0.00000000e+00  6.25378147e-08 -5.40755502e-09 
 5.82800000e-09  0.00000000e+00  6.25378100e-08 -5.40755497e-09 
 5.92800000e-09  0.00000000e+00  6.25378074e-08 -5.40755532e-09 
 6.02800000e-09  0.00000000e+00  6.25378121e-08 -5.40755529e-09 
 6.12800000e-09  0.00000000e+00  6.25378082e-08 -5.40755517e-09 
 6.22800000e-09  0.00000000e+00  6.25378109e-08 -5.40755530e-09 
 6.32800000e-09  0.00000000e+00  6.25378085e-08 -5.40755520e-09 
 6.42800000e-09  0.00000000e+00  6.25378150e-08 -5.40755501e-09 
 6.52800000e-09  0.00000000e+00  6.25378088e-08 -5.40755504e-09 
 6.62800000e-09  0.00000000e+00  6.25378052e-08 -5.40755528e-09 
 6.72800000e-09  0.00000000e+00  6.25378149e-08 -5.40755527e-09 
 6.82800000e-09  0.00000000e+00  6.25378098e-08 -5.40755497e-09 
 6.92800000e-09  0.00000000e+00  6.25378092e-08 -5.40755498e-09 
 7.02800000e-09  0.00000000e+00  6.25378157e-08 -5.40755531e-09 
 7.12800000e-09  0.00000000e+00  6.25378027e-08 -5.40755526e-09 
 7.22800000e-09  0.00000000e+00  6.25378161e-08 -5.40755505e-09 
 7.32800000e-09  0.00000000e+00  6.25378090e-08 -5.40755484e-09 
 7.42800000e-09  0.00000000e+00  6.25378092e-08 -5.40755465e-09 
 7.52800000e-09  0.00000000e+00  6.25378118e-08 -5.40755485e-09 
 7.62800000e-09  0.00000000e+00  6.25378088e-08 -5.40755478e-09 
 7.72800000e-09  0.00000000e+00  6.25378114e-08 -5.40755471e-09 
 7.82800000e-09  0.00000000e+00  6.25378091e-08 -5.40755527e-09 
 7.92800000e-09  0.00000000e+00  6.25378111e-08 -5.40755510e-09 
 8.02800000e-09  0.00000000e+00  6.25378058e-08 -5.40755491e-09 
 8.12800000e-09  0.00000000e+00  6.25378151e-08 -5.40755487e-09 
 8.22800000e-09  0.00000000e+00  6.25378084e-08 -5.40755527e-09 
 8.32800000e-09  0.00000000e+00  6.25378062e-08 -5.40755546e-09 
 8.42800000e-09  0.00000000e+00  6.25378193e-08 -5.40755515e-09 
 8.52800000e-09  0.00000000e+00  6.25378046e-08 -5.40755517e-09 
 8.62800000e-09  0.00000000e+00  6.25378066e-08 -5.40755511e-09 
 8.72800000e-09  0.00000000e+00  6.25378203e-08 -5.40755486e-09 
 8.82800000e-09  0.00000000e+00  6.25378047e-08 -5.40755486e-09 
 8.92800000e-09  0.00000000e+00  6.25378120e-08 -5.40755498e-09 
 9.02800000e-09  0.00000000e+00  6.25378101e-08 -5.40755505e-09 
 9.12800000e-09  0.00000000e+00  6.25378095e-08 -5.40755495e-09 
 9.22800000e-09  0.00000000e+00  6.25378074e-08 -5.40755509e-09 
 9.32800000e-09  0.00000000e+00  6.25378138e-08 -5.40755509e-09 
 9.42800000e-09  0.00000000e+00  6.25378099e-08 -5.40755514e-09 
 9.52800000e-09  0.00000000e+00  6.25378053e-08 -5.40755508e-09 
 9.62800000e-09  0.00000000e+00  6.25378156e-08 -5.40755537e-09 
 9.72800000e-09  0.00000000e+00  6.25378071e-08 -5.40755530e-09 
 9.82800000e-09  0.00000000e+00  6.25378150e-08 -5.40755499e-09 
 9.91400000e-09  0.00000000e+00  6.25378109e-08 -5.40755653e-09 
 1.00000000e-08  0.00000000e+00  6.25378082e-08 -5.40755747e-09 
 1.00100000e-08  1.20000000e-02  6.25378067e-08  2.66432371e-06 
 1.00300000e-08  3.60000000e-02  6.25378079e-08  3.20853774e-06 
 1.00700000e-08  8.40000000e-02  6.25378164e-08  3.40920146e-06 
 1.01500000e-08  1.80000000e-01  6.25378064e-08  3.35502843e-06 
 1.02500000e-08  3.00000000e-01  6.25378111e-08  3.20350859e-06 
 1.03500000e-08  4.20000000e-01  6.25378086e-08  1.35881381e-06 
 1.04500000e-08  5.40000000e-01  6.25378094e-08 -4.29575302e-06 
 1.05500000e-08  6.60000000e-01  6.25378138e-08 -9.31257712e-06 
 1.06185420e-08  7.42250456e-01  6.25378092e-08 -2.68873495e-05 
 1.06659706e-08  7.99164749e-01  6.25378067e-08 -4.26480163e-05 
 1.07051137e-08  8.46136438e-01  6.25378102e-08 -8.26451069e-05 
 1.07330035e-08  8.79604220e-01  6.25378165e-08 -1.02152705e-04 
 1.07547704e-08  9.05724445e-01  6.25378130e-08 -6.31131829e-05 
 1.07786068e-08  9.34328141e-01  6.25378133e-08 -7.50150332e-05 
 1.07951629e-08  9.54195423e-01  6.25378169e-08 -9.11093206e-05 
 1.08142983e-08  9.77157986e-01  6.25378051e-08 -9.54210614e-05 
 1.08291337e-08  9.94960450e-01  6.25378022e-08 -9.36118562e-05 
 1.08467492e-08  1.01609902e+00  6.25378112e-08 -5.27999682e-05 
 1.08652348e-08  1.03828175e+00  6.25378159e-08 -7.74478515e-05 
 1.08822039e-08  1.05864464e+00  6.25378121e-08 -8.47690690e-05 
 1.09021444e-08  1.08257325e+00  6.25378050e-08 -9.89799179e-05 
 1.09176444e-08  1.10117324e+00  6.25378079e-08 -9.01440356e-05 
 1.09349208e-08  1.12190499e+00  6.25378127e-08 -5.88326951e-05 
 1.09532032e-08  1.14384380e+00  6.25378138e-08 -7.02918817e-05 
 1.09707534e-08  1.16490403e+00  6.25378037e-08 -8.93302904e-05 
 1.09853767e-08  1.18245201e+00  6.25378036e-08 -8.84108937e-05 
 1.10000000e-08  1.20000000e+00  6.25378106e-08 -1.03122322e-04 
 1.10029247e-08  1.20000000e+00  6.25378090e-08 -9.98107042e-05 
 1.10087740e-08  1.20000000e+00  6.25378085e-08 -8.93637679e-05 
 1.10204727e-08  1.20000000e+00  6.25378100e-08 -6.30191908e-05 
 1.10343172e-08  1.20000000e+00  6.25378176e-08 -6.26567646e-05 
 1.10504229e-08  1.20000000e+00  6.25378165e-08 -8.25993301e-05 
 1.10701171e-08  1.20000000e+00  6.25378085e-08 -9.08391790e-05 
 1.10878130e-08  1.20000000e+00  6.25378079e-08 -1.01785331e-04 
 1.11040039e-08  1.20000000e+00  6.25378114e-08 -7.55614321e-05 
 1.11225688e-08  1.20000000e+00  6.25378135e-08 -5.66365357e-05 
 1.11368427e-08  1.20000000e+00  6.25378099e-08 -8.24733465e-05 
 1.11557387e-08  1.20000000e+00  6.25378114e-08 -8.77471114e-05 
 1.11776464e-08  1.20000000e+00  6.25378065e-08 -1.03816761e-04 
 1.11959691e-08  1.20000000e+00  6.25378089e-08 -6.90783865e-05 
 1.12155677e-08  1.20000000e+00  6.25378128e-08 -6.24642058e-05 
 1.12303876e-08  1.20000000e+00  6.25378133e-08 -8.47935727e-05 
 1.12495017e-08  1.20000000e+00  6.25378145e-08 -8.92808321e-05 
 1.12667449e-08  1.20000000e+00  6.25378151e-08 -1.03252918e-04 
 1.12830371e-08  1.20000000e+00  6.25378122e-08 -7.43423581e-05 
 1.13013228e-08  1.20000000e+00  6.25378080e-08 -5.77525329e-05 
 1.13155044e-08  1.20000000e+00  6.25378027e-08 -8.05252296e-05 
 1.13343533e-08  1.20000000e+00  6.25378016e-08 -8.90956907e-05 
 1.13561651e-08  1.20000000e+00  6.25378090e-08 -1.02405060e-04 
 1.13744379e-08  1.20000000e+00  6.25378076e-08 -7.20083378e-05 
 1.13942961e-08  1.20000000e+00  6.25378183e-08 -6.01312688e-05 
 1.14093248e-08  1.20000000e+00  6.25378150e-08 -8.61313592e-05 
 1.14283482e-08  1.20000000e+00  6.25377956e-08 -8.77239912e-05 
 1.14459272e-08  1.20000000e+00  6.25378000e-08 -1.04693289e-04 
 1.14623440e-08  1.20000000e+00  6.25378139e-08 -7.26721749e-05 
 1.14807027e-08  1.20000000e+00  6.25378167e-08 -5.93253259e-05 
 1.14949348e-08  1.20000000e+00  6.25378103e-08 -7.94735550e-05 
 1.15137989e-08  1.20000000e+00  6.25378109e-08 -9.04391930e-05 
 1.15356898e-08  1.20000000e+00  6.25378176e-08 -1.01135277e-04 
 1.15540027e-08  1.20000000e+00  6.25378204e-08 -7.23780559e-05 
 1.15737191e-08  1.20000000e+00  6.25378150e-08 -5.94491339e-05 
 1.15886309e-08  1.20000000e+00  6.25378077e-08 -8.73687550e-05 
 1.16077037e-08  1.20000000e+00  6.25377986e-08 -8.66548155e-05 
 1.16250779e-08  1.20000000e+00  6.25378022e-08 -1.05797801e-04 
 1.16414182e-08  1.20000000e+00  6.25378124e-08 -7.17456000e-05 
 1.16597313e-08  1.20000000e+00  6.25378136e-08 -6.02790096e-05 
 1.16739325e-08  1.20000000e+00  6.25378152e-08 -7.82386124e-05 
 1.16927870e-08  1.20000000e+00  6.25378158e-08 -9.14654730e-05 
 1.17146285e-08  1.20000000e+00  6.25378159e-08 -1.00092231e-04 
 1.17329166e-08  1.20000000e+00  6.25378167e-08 -7.39512621e-05 
 1.17527196e-08  1.20000000e+00  6.25377974e-08 -5.80925702e-05 
 1.17677025e-08  1.20000000e+00  6.25377998e-08 -8.83420750e-05 
 1.17867445e-08  1.20000000e+00  6.25378100e-08 -8.56016381e-05 
 1.18042465e-08  1.20000000e+00  6.25378021e-08 -1.06799392e-04 
 1.18206347e-08  1.20000000e+00  6.25378148e-08 -7.06675106e-05 
 1.18389763e-08  1.20000000e+00  6.25378202e-08 -6.13152363e-05 
 1.18531974e-08  1.20000000e+00  6.25378152e-08 -7.74087307e-05 
 1.18720575e-08  1.20000000e+00  6.25378093e-08 -9.23996652e-05 
 1.18939288e-08  1.20000000e+00  6.25378037e-08 -9.91908042e-05 
 1.19122319e-08  1.20000000e+00  6.25378039e-08 -7.45044344e-05 
 1.19319813e-08  1.20000000e+00  6.25378097e-08 -5.74278014e-05 
 1.19469201e-08  1.20000000e+00  6.25378154e-08 -8.92099266e-05 
 1.19659809e-08  1.20000000e+00  6.25378149e-08 -8.48039083e-05 
 1.19834052e-08  1.20000000e+00  6.25378162e-08 -1.07604036e-04 
 1.19997644e-08  1.20000000e+00  6.25378177e-08 -6.99364141e-05 
 1.20180887e-08  1.20000000e+00  6.25378039e-08 -6.20503860e-05 
 1.20322980e-08  1.20000000e+00  6.25378009e-08 -7.65749622e-05 
 1.20511544e-08  1.20000000e+00  6.25378057e-08 -9.31489153e-05 
 1.20730073e-08  1.20000000e+00  6.25377985e-08 -9.84396324e-05 
 1.20913011e-08  1.20000000e+00  6.25378179e-08 -7.54496702e-05 
 1.21110832e-08  1.20000000e+00  6.25378154e-08 -5.65696400e-05 
 1.21260490e-08  1.20000000e+00  6.25378039e-08 -8.99175890e-05 
 1.21450981e-08  1.20000000e+00  6.25378167e-08 -8.40715144e-05 
 1.21625705e-08  1.20000000e+00  6.25378152e-08 -1.08311723e-04 
 1.21789477e-08  1.20000000e+00  6.25378119e-08 -6.92052047e-05 
 1.21972827e-08  1.20000000e+00  6.25378122e-08 -6.27606828e-05 
 1.22114995e-08  1.20000000e+00  6.25378110e-08 -7.59488769e-05 
 1.22303580e-08  1.20000000e+00  6.25378003e-08 -9.38096585e-05 
 1.22522222e-08  1.20000000e+00  6.25378062e-08 -9.77950832e-05 
 1.22705217e-08  1.20000000e+00  6.25378164e-08 -7.59578308e-05 
 1.22902836e-08  1.20000000e+00  6.25378147e-08 -5.60236749e-05 
 1.23052327e-08  1.20000000e+00  6.25378090e-08 -9.05350149e-05 
 1.23242890e-08  1.20000000e+00  6.25378092e-08 -8.34849326e-05 
 1.23417320e-08  1.20000000e+00  6.25378156e-08 -1.08896379e-04 
 1.23580981e-08  1.20000000e+00  6.25378114e-08 -6.86529981e-05 
 1.23764266e-08  1.20000000e+00  6.25378058e-08 -6.33101965e-05 
 1.23906389e-08  1.20000000e+00  6.25378018e-08 -7.53673779e-05 
 1.24094961e-08  1.20000000e+00  6.25378088e-08 -9.43552968e-05 
 1.24313533e-08  1.20000000e+00  6.25378139e-08 -9.72519837e-05 
 1.24496493e-08  1.20000000e+00  6.25378120e-08 -7.65702789e-05 
 1.24694235e-08  1.20000000e+00  6.25378091e-08 -5.54476913e-05 
 1.24843829e-08  1.20000000e+00  6.25378131e-08 -9.10496642e-05 
 1.25034348e-08  1.20000000e+00  6.25378117e-08 -8.29645367e-05 
 1.25208959e-08  1.20000000e+00  6.25378054e-08 -1.09403678e-04 
 1.25372688e-08  1.20000000e+00  6.25378083e-08 -6.81407407e-05 
 1.25556014e-08  1.20000000e+00  6.25378090e-08 -6.38110486e-05 
 1.25698164e-08  1.20000000e+00  6.25378172e-08 -7.49027476e-05 
 1.25886744e-08  1.20000000e+00  6.25378199e-08 -9.48297471e-05 
 1.26105359e-08  1.20000000e+00  6.25378052e-08 -9.67864014e-05 
 1.26288340e-08  1.20000000e+00  6.25377975e-08 -7.69810473e-05 
 1.26486007e-08  1.20000000e+00  6.25378029e-08 -5.50256262e-05 
 1.26635538e-08  1.20000000e+00  6.25378136e-08 -9.14949089e-05 
 1.26826084e-08  1.20000000e+00  6.25378183e-08 -8.25339281e-05 
 1.27000584e-08  1.20000000e+00  6.25378136e-08 -1.09830373e-04 
 1.27164271e-08  1.20000000e+00  6.25378197e-08 -6.77296264e-05 
 1.27347572e-08  1.20000000e+00  6.25378156e-08 -6.42182154e-05 
 1.27489705e-08  1.20000000e+00  6.25378091e-08 -7.44871912e-05 
 1.27678280e-08  1.20000000e+00  6.25378077e-08 -9.52290186e-05 
 1.27896869e-08  1.20000000e+00  6.25378136e-08 -9.63904028e-05 
 1.28079837e-08  1.20000000e+00  6.25378172e-08 -7.74005083e-05 
 1.28277550e-08  1.20000000e+00  6.25378023e-08 -5.46224276e-05 
 1.28427119e-08  1.20000000e+00  6.25378004e-08 -9.18717308e-05 
 1.28617649e-08  1.20000000e+00  6.25378045e-08 -8.21574258e-05 
 1.28792217e-08  1.20000000e+00  6.25378094e-08 -1.10199271e-04 
 1.28955930e-08  1.20000000e+00  6.25378118e-08 -6.73616343e-05 
 1.29139246e-08  1.20000000e+00  6.25378080e-08 -6.45794520e-05 
 1.29281390e-08  1.20000000e+00  6.25378098e-08 -7.41427300e-05 
 1.29469968e-08  1.20000000e+00  6.25378100e-08 -9.55749031e-05 
 1.29688573e-08  1.20000000e+00  6.25378110e-08 -9.60498065e-05 
 1.29871549e-08  1.20000000e+00  6.25378107e-08 -7.77181086e-05 
 1.30069233e-08  1.20000000e+00  6.25378152e-08 -5.43026407e-05 
 1.30218779e-08  1.20000000e+00  6.25378176e-08 -9.21975827e-05 
 1.30409319e-08  1.20000000e+00  6.25378161e-08 -8.18391828e-05 
 1.30583845e-08  1.20000000e+00  6.25378122e-08 -1.10513806e-04 
 1.30747542e-08  1.20000000e+00  6.25378014e-08 -6.70553177e-05 
 1.30930849e-08  1.20000000e+00  6.25378044e-08 -6.48822310e-05 
 1.31072986e-08  1.20000000e+00  6.25378106e-08 -7.38393670e-05 
 1.31261563e-08  1.20000000e+00  6.25378179e-08 -9.58702015e-05 
 1.31480157e-08  1.20000000e+00  6.25378082e-08 -9.57573671e-05 
 1.31663128e-08  1.20000000e+00  6.25378050e-08 -7.80175026e-05 
 1.31860831e-08  1.20000000e+00  6.25378098e-08 -5.40111279e-05 
 1.32010391e-08  1.20000000e+00  6.25378135e-08 -9.24768790e-05 
 1.32200924e-08  1.20000000e+00  6.25378112e-08 -8.15617445e-05 
 1.32375476e-08  1.20000000e+00  6.25378017e-08 -1.10786510e-04 
 1.32539184e-08  1.20000000e+00  6.25378045e-08 -6.67849025e-05 
 1.32722496e-08  1.20000000e+00  6.25378112e-08 -6.51483851e-05 
 1.32864637e-08  1.20000000e+00  6.25378158e-08 -7.35817108e-05 
 1.33053215e-08  1.20000000e+00  6.25378214e-08 -9.61267987e-05 
 1.33271816e-08  1.20000000e+00  6.25378157e-08 -9.55041231e-05 
 1.33454790e-08  1.20000000e+00  6.25378008e-08 -7.82604636e-05 
 1.33652481e-08  1.20000000e+00  6.25378048e-08 -5.37687922e-05 
 1.33802032e-08  1.20000000e+00  6.25378116e-08 -9.27196242e-05 
 1.33992570e-08  1.20000000e+00  6.25378095e-08 -8.13233238e-05 
 1.34167106e-08  1.20000000e+00  6.25378036e-08 -1.11021974e-04 
 1.34330807e-08  1.20000000e+00  6.25378088e-08 -6.65541699e-05 
 1.34514116e-08  1.20000000e+00  6.25378059e-08 -6.53763549e-05 
 1.34656254e-08  1.20000000e+00  6.25378075e-08 -7.33553232e-05 
 1.34844831e-08  1.20000000e+00  6.25378173e-08 -9.63488071e-05 
 1.35063428e-08  1.20000000e+00  6.25378129e-08 -9.52843259e-05 
 1.35246401e-08  1.20000000e+00  6.25378158e-08 -7.84815586e-05 
 1.35444099e-08  1.20000000e+00  6.25378049e-08 -5.35518849e-05 
 1.35593655e-08  1.20000000e+00  6.25378040e-08 -9.29303469e-05 
 1.35784190e-08  1.20000000e+00  6.25378109e-08 -8.11145119e-05 
 1.35958736e-08  1.20000000e+00  6.25378156e-08 -1.11227702e-04 
 1.36122441e-08  1.20000000e+00  6.25378133e-08 -6.63506627e-05 
 1.36305752e-08  1.20000000e+00  6.25378114e-08 -6.55770637e-05 
 1.36447892e-08  1.20000000e+00  6.25378183e-08 -7.31593270e-05 
 1.36636470e-08  1.20000000e+00  6.25378144e-08 -9.65432935e-05 
 1.36855069e-08  1.20000000e+00  6.25378085e-08 -9.50920484e-05 
 1.37038042e-08  1.20000000e+00  6.25378064e-08 -7.86688434e-05 
 1.37235736e-08  1.20000000e+00  6.25377983e-08 -5.33658440e-05 
 1.37385290e-08  1.20000000e+00  6.25378031e-08 -9.31152357e-05 
 1.37575826e-08  1.20000000e+00  6.25378177e-08 -8.09322629e-05 
 1.37750366e-08  1.20000000e+00  6.25378113e-08 -1.11407755e-04 
 1.37914069e-08  1.20000000e+00  6.25378107e-08 -6.61735253e-05 
 1.38097378e-08  1.20000000e+00  6.25378165e-08 -6.57521686e-05 
 1.38239517e-08  1.20000000e+00  6.25378138e-08 -7.29860691e-05 
 1.38428095e-08  1.20000000e+00  6.25378037e-08 -9.67139741e-05 
 1.38646693e-08  1.20000000e+00  6.25378019e-08 -9.49229864e-05 
 1.38829665e-08  1.20000000e+00  6.25378155e-08 -7.88374753e-05 
 1.39027362e-08  1.20000000e+00  6.25378169e-08 -5.31996315e-05 
 1.39176917e-08  1.20000000e+00  6.25378140e-08 -9.32780261e-05 
 1.39367453e-08  1.20000000e+00  6.25378071e-08 -8.07710300e-05 
 1.39541996e-08  1.20000000e+00  6.25378049e-08 -1.11566927e-04 
 1.39705700e-08  1.20000000e+00  6.25378115e-08 -6.60161287e-05 
 1.39889011e-08  1.20000000e+00  6.25378094e-08 -6.59076875e-05 
 1.40031150e-08  1.20000000e+00  6.25378163e-08 -7.28333672e-05 
 1.40219728e-08  1.20000000e+00  6.25378166e-08 -9.68653401e-05 
 1.40438327e-08  1.20000000e+00  6.25378092e-08 -9.47731044e-05 
 1.40621300e-08  1.20000000e+00  6.25378081e-08 -7.89847078e-05 
 1.40818995e-08  1.20000000e+00  6.25378083e-08 -5.30535630e-05 
 1.40968549e-08  1.20000000e+00  6.25378127e-08 -9.34227596e-05 
 1.41159085e-08  1.20000000e+00  6.25378105e-08 -8.06279860e-05 
 1.41333626e-08  1.20000000e+00  6.25378125e-08 -1.11708400e-04 
 1.41497329e-08  1.20000000e+00  6.25378191e-08 -6.58765332e-05 
 1.41680639e-08  1.20000000e+00  6.25378114e-08 -6.60458360e-05 
 1.41822779e-08  1.20000000e+00  6.25378018e-08 -7.26967741e-05 
 1.42011356e-08  1.20000000e+00  6.25378115e-08 -9.70003264e-05 
 1.42229954e-08  1.20000000e+00  6.25378089e-08 -9.46392668e-05 
 1.42412927e-08  1.20000000e+00  6.25378059e-08 -7.91177522e-05 
 1.42610623e-08  1.20000000e+00  6.25378211e-08 -5.29220063e-05 
 1.42760178e-08  1.20000000e+00  6.25377996e-08 -9.35522803e-05 
 1.42950714e-08  1.20000000e+00  6.25377985e-08 -8.04996253e-05 
 1.43125256e-08  1.20000000e+00  6.25378795e-08 -1.11835370e-04 
 1.43288960e-08  1.20000000e+00  6.25376369e-08 -6.57508741e-05 
 1.43472270e-08  1.20000000e+00  6.25380508e-08 -6.61702255e-05 
 1.43614410e-08  1.20000000e+00  6.25377423e-08 -7.25741560e-05 
 1.43802987e-08  1.20000000e+00  6.25373208e-08 -9.71219181e-05 
 1.44021586e-08  1.20000000e+00  6.25391003e-08 -9.45186783e-05 
 1.44204559e-08  1.20000000e+00  6.25356249e-08 -7.92368201e-05 
 1.44402254e-08  1.20000000e+00  6.25395259e-08 -5.28038503e-05 
 1.44551809e-08  1.20000000e+00  6.25440798e-08 -9.36693204e-05 
 1.44742345e-08  1.20000000e+00  6.25195790e-08 -8.03836937e-05 
 1.44916887e-08  1.20000000e+00  6.25685567e-08 -1.11950204e-04 
 1.45080590e-08  1.20000000e+00  6.24913622e-08 -6.56372745e-05 
 1.45263900e-08  1.20000000e+00  6.25539768e-08 -6.62828183e-05 
 1.45406039e-08  1.20000000e+00  6.27308803e-08 -7.24627314e-05 
 1.45594617e-08  1.20000000e+00  6.22106738e-08 -9.72323072e-05 
 1.45813215e-08  1.20000000e+00  6.29003361e-08 -9.44090865e-05 
 1.45996188e-08  1.20000000e+00  6.21964289e-08 -7.93456858e-05 
 1.46193884e-08  1.20000000e+00  6.08527348e-08 -5.26959331e-05 
 1.46343438e-08  1.20000000e+00  6.79107176e-08 -9.37759722e-05 
 1.46533974e-08  1.20000000e+00  6.02379861e-08 -8.02778598e-05 
 1.46708517e-08  1.20000000e+00  7.24940075e-08 -1.12055109e-04 
 1.46872220e-08  1.20000000e+00  5.28994462e-08 -6.55332809e-05 
 1.47055530e-08  1.20000000e+00 -1.74436524e-08 -6.63859257e-05 
 1.47197670e-08  1.20000000e+00  1.09333334e-07 -7.23608670e-05 
 1.47386247e-08  1.20000000e+00  1.18787173e-07 -9.73334120e-05 
 1.47604846e-08  1.20000000e+00  4.19625223e-07 -9.43087810e-05 
 1.47787819e-08  1.20000000e+00  6.51620740e-07 -7.94451298e-05 
 1.47985514e-08  1.20000000e+00 -3.13382447e-06 -5.25953924e-05 
 1.48135069e-08  1.20000000e+00 -3.83391224e-06 -9.38760134e-05 
 1.48325605e-08  1.20000000e+00 -1.03108258e-06 -8.01800031e-05 
 1.48500147e-08  1.20000000e+00  2.30110097e-05 -1.12164408e-04 
 1.48663850e-08  1.20000000e+00  6.23720850e-05 -6.54422333e-05 
 1.48847160e-08  1.20000000e+00 -2.36919764e-05 -6.64258769e-05 
 1.48989300e-08  1.20000000e+00 -1.91795352e-04 -7.22281299e-05 
 1.49177877e-08  1.20000000e+00 -4.71094193e-04 -9.73660830e-05 
 1.49396475e-08  1.20000000e+00  1.53036857e-04 -9.45777200e-05 
 1.49579445e-08  1.20000000e+00  3.33268646e-03 -8.06417506e-05 
 1.49777137e-08  1.20000000e+00  4.58064201e-03 -5.14043210e-05 
 1.49926672e-08  1.20000000e+00 -3.39684729e-03 -9.01047734e-05 
 1.50117171e-08  1.20000000e+00 -3.25982872e-02 -7.02885403e-05 
 1.50277990e-08  1.20000000e+00 -4.88070167e-02 -1.12763282e-04 
 1.50405265e-08  1.20000000e+00 -7.27001557e-03 -1.20909183e-04 
 1.50559187e-08  1.20000000e+00  1.18877432e-01 -1.34765346e-04 
 1.50692245e-08  1.20000000e+00  2.55468785e-01 -1.13047532e-04 
 1.50851386e-08  1.20000000e+00  4.18527273e-01 -1.21479960e-04 
 1.51031244e-08  1.20000000e+00  5.94237261e-01 -9.80894779e-05 
 1.51341231e-08  1.20000000e+00  8.52222648e-01 -8.95957548e-05 
 1.51678358e-08  1.20000000e+00  1.04051857e+00 -3.94785640e-05 
 1.52088279e-08  1.20000000e+00  1.14976384e+00 -2.39098114e-05 
 1.52380161e-08  1.20000000e+00  1.17841651e+00  8.14762993e-08 
 1.52773176e-08  1.20000000e+00  1.19367856e+00 -9.47558619e-06 
 1.53200119e-08  1.20000000e+00  1.19841035e+00  6.72795312e-06 
 1.53904846e-08  1.20000000e+00  1.19999678e+00 -7.26359951e-06 
 1.54820000e-08  1.20000000e+00  1.19999859e+00  7.23464324e-06 
 1.55820000e-08  1.20000000e+00  1.20000249e+00 -7.23017404e-06 
 1.56820000e-08  1.20000000e+00  1.19999710e+00  7.20467556e-06 
 1.57820000e-08  1.20000000e+00  1.20000263e+00 -7.20072925e-06 
 1.58820000e-08  1.20000000e+00  1.19999716e+00  7.17535513e-06 
 1.59820000e-08  1.20000000e+00  1.20000256e+00 -7.17146662e-06 
 1.60820000e-08  1.20000000e+00  1.19999722e+00  7.14613990e-06 
 1.61820000e-08  1.20000000e+00  1.20000250e+00 -7.14229815e-06 
 1.62820000e-08  1.20000000e+00  1.19999727e+00  7.11701906e-06 
 1.63820000e-08  1.20000000e+00  1.20000246e+00 -7.11322619e-06 
 1.64820000e-08  1.20000000e+00  1.19999731e+00  7.08799700e-06 
 1.65820000e-08  1.20000000e+00  1.20000243e+00 -7.08425516e-06 
 1.66820000e-08  1.20000000e+00  1.19999734e+00  7.05907784e-06 
 1.67820000e-08  1.20000000e+00  1.20000240e+00 -7.05538875e-06 
 1.68820000e-08  1.20000000e+00  1.19999736e+00  7.03026481e-06 
 1.69820000e-08  1.20000000e+00  1.20000238e+00 -7.02662979e-06 
 1.70820000e-08  1.20000000e+00  1.19999739e+00  7.00156035e-06 
 1.71820000e-08  1.20000000e+00  1.20000235e+00 -6.99798038e-06 
 1.72820000e-08  1.20000000e+00  1.19999741e+00  6.97296628e-06 
 1.73820000e-08  1.20000000e+00  1.20000233e+00 -6.96944205e-06 
 1.74820000e-08  1.20000000e+00  1.19999743e+00  6.94448387e-06 
 1.75820000e-08  1.20000000e+00  1.20000231e+00 -6.94101587e-06 
 1.76820000e-08  1.20000000e+00  1.19999746e+00  6.91611404e-06 
 1.77820000e-08  1.20000000e+00  1.20000228e+00 -6.91270261e-06 
 1.78820000e-08  1.20000000e+00  1.19999748e+00  6.88785740e-06 
 1.79820000e-08  1.20000000e+00  1.20000226e+00 -6.88450279e-06 
 1.80820000e-08  1.20000000e+00  1.19999750e+00  6.85971440e-06 
 1.81820000e-08  1.20000000e+00  1.20000224e+00 -6.85641674e-06 
 1.82820000e-08  1.20000000e+00  1.19999752e+00  6.83168529e-06 
 1.83820000e-08  1.20000000e+00  1.20000222e+00 -6.82844469e-06 
 1.84820000e-08  1.20000000e+00  1.19999754e+00  6.80377025e-06 
 1.85820000e-08  1.20000000e+00  1.20000220e+00 -6.80058677e-06 
 1.86820000e-08  1.20000000e+00  1.19999757e+00  6.77596938e-06 
 1.87820000e-08  1.20000000e+00  1.20000217e+00 -6.77284303e-06 
 1.88820000e-08  1.20000000e+00  1.19999759e+00  6.74828271e-06 
 1.89820000e-08  1.20000000e+00  1.20000215e+00 -6.74521350e-06 
 1.90820000e-08  1.20000000e+00  1.19999761e+00  6.72071024e-06 
 1.91820000e-08  1.20000000e+00  1.20000213e+00 -6.71769815e-06 
 1.92820000e-08  1.20000000e+00  1.19999763e+00  6.69325193e-06 
 1.93820000e-08  1.20000000e+00  1.20000211e+00 -6.69029693e-06 
 1.94820000e-08  1.20000000e+00  1.19999765e+00  6.66590773e-06 
 1.95820000e-08  1.20000000e+00  1.20000209e+00 -6.66300980e-06 
 1.96820000e-08  1.20000000e+00  1.19999767e+00  6.63867757e-06 
 1.97820000e-08  1.20000000e+00  1.20000207e+00 -6.63583666e-06 
 1.98820000e-08  1.20000000e+00  1.19999769e+00  6.61156136e-06 
 1.99820000e-08  1.20000000e+00  1.20000205e+00 -6.60877743e-06 
 2.00820000e-08  1.20000000e+00  1.19999771e+00  6.58455901e-06 
 2.01820000e-08  1.20000000e+00  1.20000203e+00 -6.58183199e-06 
 2.02820000e-08  1.20000000e+00  1.19999773e+00  6.55767041e-06 
 2.03820000e-08  1.20000000e+00  1.20000201e+00 -6.55500025e-06 
 2.04820000e-08  1.20000000e+00  1.19999775e+00  6.53089544e-06 
 2.05820000e-08  1.20000000e+00  1.20000199e+00 -6.52828208e-06 
 2.06820000e-08  1.20000000e+00  1.19999777e+00  6.50423398e-06 
 2.07820000e-08  1.20000000e+00  1.20000197e+00 -6.50167737e-06 
 2.08820000e-08  1.20000000e+00  1.19999779e+00  6.47768591e-06 
 2.09820000e-08  1.20000000e+00  1.20000195e+00 -6.47518597e-06 
 2.10820000e-08  1.20000000e+00  1.19999781e+00  6.45125110e-06 
 2.11820000e-08  1.20000000e+00  1.20000193e+00 -6.44880776e-06 
 2.12820000e-08  1.20000000e+00  1.19999783e+00  6.42492940e-06 
 2.13820000e-08  1.20000000e+00  1.20000191e+00 -6.42254259e-06 
 2.14820000e-08  1.20000000e+00  1.19999785e+00  6.39872067e-06 
 2.15820000e-08  1.20000000e+00  1.20000189e+00 -6.39639032e-06 
 2.16820000e-08  1.20000000e+00  1.19999787e+00  6.37262476e-06 
 2.17820000e-08  1.20000000e+00  1.20000187e+00 -6.37035080e-06 
 2.18820000e-08  1.20000000e+00  1.19999789e+00  6.34664153e-06 
 2.19820000e-08  1.20000000e+00  1.20000185e+00 -6.34442387e-06 
 2.20820000e-08  1.20000000e+00  1.19999791e+00  6.32077081e-06 
 2.21820000e-08  1.20000000e+00  1.20000184e+00 -6.31860937e-06 
 2.22820000e-08  1.20000000e+00  1.19999792e+00  6.29501244e-06 
 2.23820000e-08  1.20000000e+00  1.20000182e+00 -6.29290714e-06 
 2.24820000e-08  1.20000000e+00  1.19999794e+00  6.26936626e-06 
 2.25820000e-08  1.20000000e+00  1.20000180e+00 -6.26731701e-06 
 2.26820000e-08  1.20000000e+00  1.19999796e+00  6.24383209e-06 
 2.27820000e-08  1.20000000e+00  1.20000178e+00 -6.24183881e-06 
 2.28820000e-08  1.20000000e+00  1.19999798e+00  6.21840977e-06 
 2.29820000e-08  1.20000000e+00  1.20000176e+00 -6.21647236e-06 
 2.30820000e-08  1.20000000e+00  1.19999800e+00  6.19309910e-06 
 2.31820000e-08  1.20000000e+00  1.20000175e+00 -6.19121749e-06 
 2.32820000e-08  1.20000000e+00  1.19999801e+00  6.16789992e-06 
 2.33820000e-08  1.20000000e+00  1.20000173e+00 -6.16607399e-06 
 2.34820000e-08  1.20000000e+00  1.19999803e+00  6.14281202e-06 
 2.35820000e-08  1.20000000e+00  1.20000171e+00 -6.14104170e-06 
 2.36820000e-08  1.20000000e+00  1.19999805e+00  6.11783524e-06 
 2.37820000e-08  1.20000000e+00  1.20000169e+00 -6.11612041e-06 
 2.38820000e-08  1.20000000e+00  1.19999806e+00  6.09296936e-06 
 2.39820000e-08  1.20000000e+00  1.20000168e+00 -6.09130994e-06 
 2.40820000e-08  1.20000000e+00  1.19999808e+00  6.06821419e-06 
 2.41820000e-08  1.20000000e+00  1.20000166e+00 -6.06661007e-06 
 2.42820000e-08  1.20000000e+00  1.19999810e+00  6.04356953e-06 
 2.43820000e-08  1.20000000e+00  1.20000164e+00 -6.04202061e-06 
 2.44820000e-08  1.20000000e+00  1.19999811e+00  6.01903518e-06 
 2.45820000e-08  1.20000000e+00  1.20000163e+00 -6.01754136e-06 
 2.46820000e-08  1.20000000e+00  1.19999813e+00  5.99461093e-06 
 2.47820000e-08  1.20000000e+00  1.20000161e+00 -5.99317209e-06 
 2.48820000e-08  1.20000000e+00  1.19999815e+00  5.97029656e-06 
 2.49820000e-08  1.20000000e+00  1.20000160e+00 -5.96891261e-06 
 2.50820000e-08  1.20000000e+00  1.19999816e+00  5.94609187e-06 
 2.51820000e-08  1.20000000e+00  1.20000158e+00 -5.94476269e-06 
 2.52820000e-08  1.20000000e+00  1.19999818e+00  5.92199663e-06 
 2.53820000e-08  1.20000000e+00  1.20000156e+00 -5.92072211e-06 
 2.54820000e-08  1.20000000e+00  1.19999820e+00  5.89801062e-06 
 2.55820000e-08  1.20000000e+00  1.20000155e+00 -5.89679066e-06 
 2.56820000e-08  1.20000000e+00  1.19999821e+00  5.87413363e-06 
 2.57820000e-08  1.20000000e+00  1.20000153e+00 -5.87296810e-06 
 2.58820000e-08  1.20000000e+00  1.19999823e+00  5.85036541e-06 
 2.59820000e-08  1.20000000e+00  1.20000152e+00 -5.84925421e-06 
 2.60820000e-08  1.20000000e+00  1.19999824e+00  5.82670575e-06 
 2.61820000e-08  1.20000000e+00  1.20000150e+00 -5.82564875e-06 
 2.62820000e-08  1.20000000e+00  1.19999826e+00  5.80315440e-06 
 2.63820000e-08  1.20000000e+00  1.20000149e+00 -5.80215149e-06 
 2.64820000e-08  1.20000000e+00  1.19999827e+00  5.77971114e-06 
 2.65820000e-08  1.20000000e+00  1.20000147e+00 -5.77876220e-06 
 2.66820000e-08  1.20000000e+00  1.19999829e+00  5.75637572e-06 
 2.67820000e-08  1.20000000e+00  1.20000146e+00 -5.75548063e-06 
 2.68820000e-08  1.20000000e+00  1.19999830e+00  5.73314790e-06 
 2.69820000e-08  1.20000000e+00  1.20000144e+00 -5.73230654e-06 
 2.70820000e-08  1.20000000e+00  1.19999832e+00  5.71002745e-06 
 2.71820000e-08  1.20000000e+00  1.20000143e+00 -5.70923968e-06 
 2.72820000e-08  1.20000000e+00  1.19999833e+00  5.68701410e-06 
 2.73820000e-08  1.20000000e+00  1.20000141e+00 -5.68627981e-06 
 2.74820000e-08  1.20000000e+00  1.19999835e+00  5.66410762e-06 
 2.75820000e-08  1.20000000e+00  1.20000140e+00 -5.66342668e-06 
 2.76820000e-08  1.20000000e+00  1.19999836e+00  5.64130775e-06 
 2.77820000e-08  1.20000000e+00  1.20000138e+00 -5.64068003e-06 
 2.78820000e-08  1.20000000e+00  1.19999837e+00  5.61861423e-06 
 2.79820000e-08  1.20000000e+00  1.20000137e+00 -5.61803961e-06 
 2.80820000e-08  1.20000000e+00  1.19999839e+00  5.59602681e-06 
 2.81820000e-08  1.20000000e+00  1.20000136e+00 -5.59550516e-06 
 2.82820000e-08  1.20000000e+00  1.19999840e+00  5.57354524e-06 
 2.83820000e-08  1.20000000e+00  1.20000134e+00 -5.57307643e-06 
 2.84820000e-08  1.20000000e+00  1.19999842e+00  5.55116924e-06 
 2.85820000e-08  1.20000000e+00  1.20000133e+00 -5.55075313e-06 
 2.86820000e-08  1.20000000e+00  1.19999843e+00  5.52889856e-06 
 2.87820000e-08  1.20000000e+00  1.20000131e+00 -5.52853503e-06 
 2.88820000e-08  1.20000000e+00  1.19999844e+00  5.50673293e-06 
 2.89820000e-08  1.20000000e+00  1.20000130e+00 -5.50642183e-06 
 2.90820000e-08  1.20000000e+00  1.19999846e+00  5.48467208e-06 
 2.91820000e-08  1.20000000e+00  1.20000129e+00 -5.48441329e-06 
 2.92820000e-08  1.20000000e+00  1.19999847e+00  5.46271575e-06 
 2.93820000e-08  1.20000000e+00  1.20000127e+00 -5.46250912e-06 
 2.94820000e-08  1.20000000e+00  1.19999848e+00  5.44086366e-06 
 2.95820000e-08  1.20000000e+00  1.20000126e+00 -5.44070906e-06 
 2.96820000e-08  1.20000000e+00  1.19999850e+00  5.41911553e-06 
 2.97820000e-08  1.20000000e+00  1.20000125e+00 -5.41901282e-06 
 2.98820000e-08  1.20000000e+00  1.19999851e+00  5.39747109e-06 
 2.99820000e-08  1.20000000e+00  1.20000124e+00 -5.39742014e-06 
 3.00820000e-08  1.20000000e+00  1.19999852e+00  5.37593007e-06 
 3.01820000e-08  1.20000000e+00  1.20000122e+00 -5.37593073e-06 
 3.02820000e-08  1.20000000e+00  1.19999853e+00  5.35449218e-06 
 3.03820000e-08  1.20000000e+00  1.20000121e+00 -5.35454431e-06 
 3.04820000e-08  1.20000000e+00  1.19999855e+00  5.33315714e-06 
 3.05820000e-08  1.20000000e+00  1.20000120e+00 -5.33326061e-06 
 3.06820000e-08  1.20000000e+00  1.19999856e+00  5.31192468e-06 
 3.07820000e-08  1.20000000e+00  1.20000119e+00 -5.31207933e-06 
 3.08820000e-08  1.20000000e+00  1.19999857e+00  5.29079449e-06 
 3.09820000e-08  1.20000000e+00  1.20000117e+00 -5.29100019e-06 
 3.10820000e-08  1.20000000e+00  1.19999858e+00  5.26976631e-06 
 3.11820000e-08  1.20000000e+00  1.20000116e+00 -5.27002291e-06 
 3.12820000e-08  1.20000000e+00  1.19999860e+00  5.24883984e-06 
 3.13820000e-08  1.20000000e+00  1.20000115e+00 -5.24914719e-06 
 3.14820000e-08  1.20000000e+00  1.19999861e+00  5.22801478e-06 
 3.15820000e-08  1.20000000e+00  1.20000114e+00 -5.22837275e-06 
 3.16820000e-08  1.20000000e+00  1.19999862e+00  5.20729086e-06 
 3.17820000e-08  1.20000000e+00  1.20000113e+00 -5.20769929e-06 
 3.18820000e-08  1.20000000e+00  1.19999863e+00  5.18666777e-06 
 3.19820000e-08  1.20000000e+00  1.20000111e+00 -5.18712652e-06 
 3.20820000e-08  1.20000000e+00  1.19999864e+00  5.16614522e-06 
 3.21820000e-08  1.20000000e+00  1.20000110e+00 -5.16665414e-06 
 3.22820000e-08  1.20000000e+00  1.19999865e+00  5.14572293e-06 
 3.23820000e-08  1.20000000e+00  1.20000109e+00 -5.14628186e-06 
 3.24820000e-08  1.20000000e+00  1.19999867e+00  5.12540058e-06 
 3.25820000e-08  1.20000000e+00  1.20000108e+00 -5.12600939e-06 
 3.26820000e-08  1.20000000e+00  1.19999868e+00  5.10517788e-06 
 3.27820000e-08  1.20000000e+00  1.20000107e+00 -5.10583642e-06 
 3.28820000e-08  1.20000000e+00  1.19999869e+00  5.08505454e-06 
 3.29820000e-08  1.20000000e+00  1.20000106e+00 -5.08576265e-06 
 3.30820000e-08  1.20000000e+00  1.19999870e+00  5.06503025e-06 
 3.31820000e-08  1.20000000e+00  1.20000105e+00 -5.06578778e-06 
 3.32820000e-08  1.20000000e+00  1.19999871e+00  5.04510471e-06 
 3.33820000e-08  1.20000000e+00  1.20000104e+00 -5.04591150e-06 
 3.34820000e-08  1.20000000e+00  1.19999872e+00  5.02527762e-06 
 3.35820000e-08  1.20000000e+00  1.20000102e+00 -5.02613353e-06 
 3.36820000e-08  1.20000000e+00  1.19999873e+00  5.00554867e-06 
 3.37820000e-08  1.20000000e+00  1.20000101e+00 -5.00645354e-06 
 3.38820000e-08  1.20000000e+00  1.19999874e+00  4.98591755e-06 
 3.39820000e-08  1.20000000e+00  1.20000100e+00 -4.98687124e-06 
 3.40820000e-08  1.20000000e+00  1.19999875e+00  4.96638397e-06 
 3.41820000e-08  1.20000000e+00  1.20000099e+00 -4.96738632e-06 
 3.42820000e-08  1.20000000e+00  1.19999876e+00  4.94694761e-06 
 3.43820000e-08  1.20000000e+00  1.20000098e+00 -4.94799847e-06 
 3.44820000e-08  1.20000000e+00  1.19999877e+00  4.92760817e-06 
 3.45820000e-08  1.20000000e+00  1.20000097e+00 -4.92870738e-06 
 3.46820000e-08  1.20000000e+00  1.19999878e+00  4.90836534e-06 
 3.47820000e-08  1.20000000e+00  1.20000096e+00 -4.90951274e-06 
 3.48820000e-08  1.20000000e+00  1.19999879e+00  4.88921880e-06 
 3.49820000e-08  1.20000000e+00  1.20000095e+00 -4.89041424e-06 
 3.50820000e-08  1.20000000e+00  1.19999880e+00  4.87016825e-06 
 3.51820000e-08  1.20000000e+00  1.20000094e+00 -4.87141157e-06 
 3.52820000e-08  1.20000000e+00  1.19999881e+00  4.85121337e-06 
 3.53820000e-08  1.20000000e+00  1.20000093e+00 -4.85250441e-06 
 3.54820000e-08  1.20000000e+00  1.19999882e+00  4.83235385e-06 
 3.55820000e-08  1.20000000e+00  1.20000092e+00 -4.83369246e-06 
 3.56820000e-08  1.20000000e+00  1.19999883e+00  4.81358938e-06 
 3.57820000e-08  1.20000000e+00  1.20000091e+00 -4.81497540e-06 
 3.58820000e-08  1.20000000e+00  1.19999884e+00  4.79491964e-06 
 3.59820000e-08  1.20000000e+00  1.20000090e+00 -4.79635292e-06 
 3.60820000e-08  1.20000000e+00  1.19999885e+00  4.77634432e-06 
 3.61820000e-08  1.20000000e+00  1.20000089e+00 -4.77782469e-06 
 3.62820000e-08  1.20000000e+00  1.19999886e+00  4.75786310e-06 
 3.63820000e-08  1.20000000e+00  1.20000088e+00 -4.75939041e-06 
 3.64820000e-08  1.20000000e+00  1.19999887e+00  4.73947567e-06 
 3.65820000e-08  1.20000000e+00  1.20000087e+00 -4.74104976e-06 
 3.66820000e-08  1.20000000e+00  1.19999888e+00  4.72118170e-06 
 3.67820000e-08  1.20000000e+00  1.20000086e+00 -4.72280242e-06 
 3.68820000e-08  1.20000000e+00  1.19999889e+00  4.70298089e-06 
 3.69820000e-08  1.20000000e+00  1.20000085e+00 -4.70464806e-06 
 3.70820000e-08  1.20000000e+00  1.19999890e+00  4.68487291e-06 
 3.71820000e-08  1.20000000e+00  1.20000085e+00 -4.68658639e-06 
 3.72820000e-08  1.20000000e+00  1.19999891e+00  4.66685744e-06 
 3.73820000e-08  1.20000000e+00  1.20000084e+00 -4.66861706e-06 
 3.74820000e-08  1.20000000e+00  1.19999892e+00  4.64893417e-06 
 3.75820000e-08  1.20000000e+00  1.20000083e+00 -4.65073978e-06 
 3.76820000e-08  1.20000000e+00  1.19999893e+00  4.63110278e-06 
 3.77820000e-08  1.20000000e+00  1.20000082e+00 -4.63295420e-06 
 3.78820000e-08  1.20000000e+00  1.19999894e+00  4.61336294e-06 
 3.79820000e-08  1.20000000e+00  1.20000081e+00 -4.61526002e-06 
 3.80820000e-08  1.20000000e+00  1.19999895e+00  4.59571433e-06 
 3.81820000e-08  1.20000000e+00  1.20000080e+00 -4.59765692e-06 
 3.82820000e-08  1.20000000e+00  1.19999895e+00  4.57815664e-06 
 3.83820000e-08  1.20000000e+00  1.20000079e+00 -4.58014457e-06 
 3.84820000e-08  1.20000000e+00  1.19999896e+00  4.56068954e-06 
 3.85820000e-08  1.20000000e+00  1.20000078e+00 -4.56272265e-06 
 3.86820000e-08  1.20000000e+00  1.19999897e+00  4.54331271e-06 
 3.87820000e-08  1.20000000e+00  1.20000078e+00 -4.54539084e-06 
 3.88820000e-08  1.20000000e+00  1.19999898e+00  4.52602583e-06 
 3.89820000e-08  1.20000000e+00  1.20000077e+00 -4.52814881e-06 
 3.90820000e-08  1.20000000e+00  1.19999899e+00  4.50882857e-06 
 3.91820000e-08  1.20000000e+00  1.20000076e+00 -4.51099625e-06 
 3.92820000e-08  1.20000000e+00  1.19999900e+00  4.49172062e-06 
 3.93820000e-08  1.20000000e+00  1.20000075e+00 -4.49393283e-06 
 3.94820000e-08  1.20000000e+00  1.19999900e+00  4.47470165e-06 
 3.95820000e-08  1.20000000e+00  1.20000074e+00 -4.47695823e-06 
 3.96820000e-08  1.20000000e+00  1.19999901e+00  4.45777133e-06 
 3.97820000e-08  1.20000000e+00  1.20000073e+00 -4.46007213e-06 
 3.98820000e-08  1.20000000e+00  1.19999902e+00  4.44092935e-06 
 3.99820000e-08  1.20000000e+00  1.20000073e+00 -4.44327420e-06 
 4.00820000e-08  1.20000000e+00  1.19999903e+00  4.42417537e-06 
 4.01820000e-08  1.20000000e+00  1.20000072e+00 -4.42656411e-06 
 4.02820000e-08  1.20000000e+00  1.19999904e+00  4.40750909e-06 
 4.03820000e-08  1.20000000e+00  1.20000071e+00 -4.40994155e-06 
 4.04820000e-08  1.20000000e+00  1.19999904e+00  4.39093016e-06 
 4.05820000e-08  1.20000000e+00  1.20000070e+00 -4.39340619e-06 
 4.06820000e-08  1.20000000e+00  1.19999905e+00  4.37443828e-06 
 4.07820000e-08  1.20000000e+00  1.20000069e+00 -4.37695770e-06 
 4.08820000e-08  1.20000000e+00  1.19999906e+00  4.35803311e-06 
 4.09820000e-08  1.20000000e+00  1.20000069e+00 -4.36059577e-06 
 4.10820000e-08  1.20000000e+00  1.19999907e+00  4.34171433e-06 
 4.11820000e-08  1.20000000e+00  1.20000068e+00 -4.34432007e-06 
 4.12820000e-08  1.20000000e+00  1.19999908e+00  4.32548161e-06 
 4.13820000e-08  1.20000000e+00  1.20000067e+00 -4.32813027e-06 
 4.14820000e-08  1.20000000e+00  1.19999908e+00  4.30933464e-06 
 4.15820000e-08  1.20000000e+00  1.20000066e+00 -4.31202604e-06 
 4.16820000e-08  1.20000000e+00  1.19999909e+00  4.29327308e-06 
 4.17820000e-08  1.20000000e+00  1.20000066e+00 -4.29600707e-06 
 4.18820000e-08  1.20000000e+00  1.19999910e+00  4.27729661e-06 
 4.19820000e-08  1.20000000e+00  1.20000065e+00 -4.28007304e-06 
 4.20820000e-08  1.20000000e+00  1.19999910e+00  4.26140492e-06 
 4.21820000e-08  1.20000000e+00  1.20000064e+00 -4.26422361e-06 
 4.22820000e-08  1.20000000e+00  1.19999911e+00  4.24559767e-06 
 4.23820000e-08  1.20000000e+00  1.20000064e+00 -4.24845846e-06 
 4.24820000e-08  1.20000000e+00  1.19999912e+00  4.22987453e-06 
 4.25820000e-08  1.20000000e+00  1.20000063e+00 -4.23277727e-06 
 4.26820000e-08  1.20000000e+00  1.19999913e+00  4.21423520e-06 
 4.27820000e-08  1.20000000e+00  1.20000062e+00 -4.21717971e-06 
 4.28820000e-08  1.20000000e+00  1.19999913e+00  4.19867934e-06 
 4.29820000e-08  1.20000000e+00  1.20000061e+00 -4.20166547e-06 
 4.30820000e-08  1.20000000e+00  1.19999914e+00  4.18320662e-06 
 4.31820000e-08  1.20000000e+00  1.20000061e+00 -4.18623421e-06 
 4.32820000e-08  1.20000000e+00  1.19999915e+00  4.16781673e-06 
 4.33820000e-08  1.20000000e+00  1.20000060e+00 -4.17088561e-06 
 4.34820000e-08  1.20000000e+00  1.19999915e+00  4.15250934e-06 
 4.35820000e-08  1.20000000e+00  1.20000059e+00 -4.15561935e-06 
 4.36820000e-08  1.20000000e+00  1.19999916e+00  4.13728413e-06 
 4.37820000e-08  1.20000000e+00  1.20000059e+00 -4.14043511e-06 
 4.38820000e-08  1.20000000e+00  1.19999917e+00  4.12214077e-06 
 4.39820000e-08  1.20000000e+00  1.20000058e+00 -4.12533255e-06 
 4.40820000e-08  1.20000000e+00  1.19999917e+00  4.10707894e-06 
 4.41820000e-08  1.20000000e+00  1.20000057e+00 -4.11031137e-06 
 4.42820000e-08  1.20000000e+00  1.19999918e+00  4.09209832e-06 
 4.43820000e-08  1.20000000e+00  1.20000057e+00 -4.09537124e-06 
 4.44820000e-08  1.20000000e+00  1.19999919e+00  4.07719858e-06 
 4.45820000e-08  1.20000000e+00  1.20000056e+00 -4.08051183e-06 
 4.46820000e-08  1.20000000e+00  1.19999919e+00  4.06237941e-06 
 4.47820000e-08  1.20000000e+00  1.20000055e+00 -4.06573282e-06 
 4.48820000e-08  1.20000000e+00  1.19999920e+00  4.04764048e-06 
 4.49820000e-08  1.20000000e+00  1.20000055e+00 -4.05103389e-06 
 4.50820000e-08  1.20000000e+00  1.19999921e+00  4.03298147e-06 
 4.51820000e-08  1.20000000e+00  1.20000054e+00 -4.03641472e-06 
 4.52820000e-08  1.20000000e+00  1.19999921e+00  4.01840206e-06 
 4.53820000e-08  1.20000000e+00  1.20000053e+00 -4.02187499e-06 
 4.54820000e-08  1.20000000e+00  1.19999922e+00  4.00390192e-06 
 4.55820000e-08  1.20000000e+00  1.20000053e+00 -4.00741437e-06 
 4.56820000e-08  1.20000000e+00  1.19999923e+00  3.98948074e-06 
 4.57820000e-08  1.20000000e+00  1.20000052e+00 -3.99303255e-06 
 4.58820000e-08  1.20000000e+00  1.19999923e+00  3.97513820e-06 
 4.59820000e-08  1.20000000e+00  1.20000052e+00 -3.97872921e-06 
 4.60820000e-08  1.20000000e+00  1.19999924e+00  3.96087397e-06 
 4.61820000e-08  1.20000000e+00  1.20000051e+00 -3.96450402e-06 
 4.62820000e-08  1.20000000e+00  1.19999924e+00  3.94668774e-06 
 4.63820000e-08  1.20000000e+00  1.20000050e+00 -3.95035666e-06 
 4.64820000e-08  1.20000000e+00  1.19999925e+00  3.93257918e-06 
 4.65820000e-08  1.20000000e+00  1.20000050e+00 -3.93628682e-06 
 4.66820000e-08  1.20000000e+00  1.19999926e+00  3.91854797e-06 
 4.67820000e-08  1.20000000e+00  1.20000049e+00 -3.92229418e-06 
 4.68820000e-08  1.20000000e+00  1.19999926e+00  3.90459381e-06 
 4.69820000e-08  1.20000000e+00  1.20000049e+00 -3.90837842e-06 
 4.70820000e-08  1.20000000e+00  1.19999927e+00  3.89071637e-06 
 4.71820000e-08  1.20000000e+00  1.20000048e+00 -3.89453922e-06 
 4.72820000e-08  1.20000000e+00  1.19999927e+00  3.87691533e-06 
 4.73820000e-08  1.20000000e+00  1.20000048e+00 -3.88077626e-06 
 4.74820000e-08  1.20000000e+00  1.19999928e+00  3.86319037e-06 
 4.75820000e-08  1.20000000e+00  1.20000047e+00 -3.86708923e-06 
 4.76820000e-08  1.20000000e+00  1.19999928e+00  3.84954118e-06 
 4.77820000e-08  1.20000000e+00  1.20000046e+00 -3.85347781e-06 
 4.78820000e-08  1.20000000e+00  1.19999929e+00  3.83596744e-06 
 4.79820000e-08  1.20000000e+00  1.20000046e+00 -3.83994168e-06 
 4.80820000e-08  1.20000000e+00  1.19999929e+00  3.82246884e-06 
 4.81820000e-08  1.20000000e+00  1.20000045e+00 -3.82648053e-06 
 4.82820000e-08  1.20000000e+00  1.19999930e+00  3.80904506e-06 
 4.83820000e-08  1.20000000e+00  1.20000045e+00 -3.81309404e-06 
 4.84820000e-08  1.20000000e+00  1.19999931e+00  3.79569579e-06 
 4.85820000e-08  1.20000000e+00  1.20000044e+00 -3.79978190e-06 
 4.86820000e-08  1.20000000e+00  1.19999931e+00  3.78242070e-06 
 4.87820000e-08  1.20000000e+00  1.20000044e+00 -3.78654380e-06 
 4.88820000e-08  1.20000000e+00  1.19999932e+00  3.76921949e-06 
 4.89820000e-08  1.20000000e+00  1.20000043e+00 -3.77337941e-06 
 4.90820000e-08  1.20000000e+00  1.19999932e+00  3.75609185e-06 
 4.91820000e-08  1.20000000e+00  1.20000043e+00 -3.76028843e-06 
 4.92820000e-08  1.20000000e+00  1.19999933e+00  3.74303746e-06 
 4.93820000e-08  1.20000000e+00  1.20000042e+00 -3.74727055e-06 
 4.94820000e-08  1.20000000e+00  1.19999933e+00  3.73005600e-06 
 4.95820000e-08  1.20000000e+00  1.20000042e+00 -3.73432545e-06 
 4.96820000e-08  1.20000000e+00  1.19999934e+00  3.71714717e-06 
 4.97820000e-08  1.20000000e+00  1.20000041e+00 -3.72145282e-06 
 4.98820000e-08  1.20000000e+00  1.19999934e+00  3.70431066e-06 
 4.99820000e-08  1.20000000e+00  1.20000041e+00 -3.70865235e-06 
 5.00820000e-08  1.20000000e+00  1.19999935e+00  3.69154616e-06 
 5.01820000e-08  1.20000000e+00  1.20000040e+00 -3.69592373e-06 
 5.02820000e-08  1.20000000e+00  1.19999935e+00  3.67885335e-06 
 5.03820000e-08  1.20000000e+00  1.20000040e+00 -3.68326665e-06 
 5.04820000e-08  1.20000000e+00  1.19999936e+00  3.66623192e-06 
 5.05820000e-08  1.20000000e+00  1.20000039e+00 -3.67068080e-06 
 5.06820000e-08  1.20000000e+00  1.19999936e+00  3.65368157e-06 
 5.07820000e-08  1.20000000e+00  1.20000039e+00 -3.65816588e-06 
 5.08820000e-08  1.20000000e+00  1.19999937e+00  3.64120199e-06 
 5.09820000e-08  1.20000000e+00  1.20000038e+00 -3.64572157e-06 
 5.10820000e-08  1.20000000e+00  1.19999937e+00  3.62879288e-06 
 5.11820000e-08  1.20000000e+00  1.20000038e+00 -3.63334757e-06 
 5.12820000e-08  1.20000000e+00  1.19999938e+00  3.61645392e-06 
 5.13820000e-08  1.20000000e+00  1.20000037e+00 -3.62104357e-06 
 5.14820000e-08  1.20000000e+00  1.19999938e+00  3.60418480e-06 
 5.15820000e-08  1.20000000e+00  1.20000037e+00 -3.60880927e-06 
 5.16820000e-08  1.20000000e+00  1.19999939e+00  3.59198523e-06 
 5.17820000e-08  1.20000000e+00  1.20000036e+00 -3.59664436e-06 
 5.18820000e-08  1.20000000e+00  1.19999939e+00  3.57985490e-06 
 5.19820000e-08  1.20000000e+00  1.20000036e+00 -3.58454853e-06 
 5.20820000e-08  1.20000000e+00  1.19999939e+00  3.56779351e-06 
 5.21820000e-08  1.20000000e+00  1.20000035e+00 -3.57252149e-06 
 5.22820000e-08  1.20000000e+00  1.19999940e+00  3.55580074e-06 
 5.23820000e-08  1.20000000e+00  1.20000035e+00 -3.56056293e-06 
 5.24820000e-08  1.20000000e+00  1.19999940e+00  3.54387630e-06 
 5.25820000e-08  1.20000000e+00  1.20000034e+00 -3.54867254e-06 
 5.26820000e-08  1.20000000e+00  1.19999941e+00  3.53201989e-06 
 5.27820000e-08  1.20000000e+00  1.20000034e+00 -3.53685003e-06 
 5.28820000e-08  1.20000000e+00  1.19999941e+00  3.52023120e-06 
 5.29820000e-08  1.20000000e+00  1.20000034e+00 -3.52509509e-06 
 5.30820000e-08  1.20000000e+00  1.19999942e+00  3.50850994e-06 
 5.31820000e-08  1.20000000e+00  1.20000033e+00 -3.51340743e-06 
 5.32820000e-08  1.20000000e+00  1.19999942e+00  3.49685580e-06 
 5.33820000e-08  1.20000000e+00  1.20000033e+00 -3.50178674e-06 
 5.34820000e-08  1.20000000e+00  1.19999943e+00  3.48526848e-06 
 5.35820000e-08  1.20000000e+00  1.20000032e+00 -3.49023272e-06 
 5.36820000e-08  1.20000000e+00  1.19999943e+00  3.47374769e-06 
 5.37820000e-08  1.20000000e+00  1.20000032e+00 -3.47874508e-06 
 5.38820000e-08  1.20000000e+00  1.19999943e+00  3.46229313e-06 
 5.39820000e-08  1.20000000e+00  1.20000031e+00 -3.46732353e-06 
 5.40820000e-08  1.20000000e+00  1.19999944e+00  3.45090450e-06 
 5.41820000e-08  1.20000000e+00  1.20000031e+00 -3.45596775e-06 
 5.42820000e-08  1.20000000e+00  1.19999944e+00  3.43958151e-06 
 5.43820000e-08  1.20000000e+00  1.20000031e+00 -3.44467746e-06 
 5.44820000e-08  1.20000000e+00  1.19999945e+00  3.42832385e-06 
 5.45820000e-08  1.20000000e+00  1.20000030e+00 -3.43345236e-06 
 5.46820000e-08  1.20000000e+00  1.19999945e+00  3.41713124e-06 
 5.47820000e-08  1.20000000e+00  1.20000030e+00 -3.42229216e-06 
 5.48820000e-08  1.20000000e+00  1.19999945e+00  3.40600337e-06 
 5.49820000e-08  1.20000000e+00  1.20000029e+00 -3.41119657e-06 
 5.50820000e-08  1.20000000e+00  1.19999946e+00  3.39493997e-06 
 5.51820000e-08  1.20000000e+00  1.20000029e+00 -3.40016528e-06 
 5.52820000e-08  1.20000000e+00  1.19999946e+00  3.38394073e-06 
 5.53820000e-08  1.20000000e+00  1.20000029e+00 -3.38919801e-06 
 5.54820000e-08  1.20000000e+00  1.19999947e+00  3.37300536e-06 
 5.55820000e-08  1.20000000e+00  1.20000028e+00 -3.37829447e-06 
 5.56820000e-08  1.20000000e+00  1.19999947e+00  3.36213357e-06 
 5.57820000e-08  1.20000000e+00  1.20000028e+00 -3.36745437e-06 
 5.58820000e-08  1.20000000e+00  1.19999947e+00  3.35132508e-06 
 5.59820000e-08  1.20000000e+00  1.20000028e+00 -3.35667741e-06 
 5.60820000e-08  1.20000000e+00  1.19999948e+00  3.34057959e-06 
 5.61820000e-08  1.20000000e+00  1.20000027e+00 -3.34596331e-06 
 5.62820000e-08  1.20000000e+00  1.19999948e+00  3.32989681e-06 
 5.63820000e-08  1.20000000e+00  1.20000027e+00 -3.33531178e-06 
 5.64820000e-08  1.20000000e+00  1.19999949e+00  3.31927646e-06 
 5.65820000e-08  1.20000000e+00  1.20000026e+00 -3.32472254e-06 
 5.66820000e-08  1.20000000e+00  1.19999949e+00  3.30871824e-06 
 5.67820000e-08  1.20000000e+00  1.20000026e+00 -3.31419529e-06 
 5.68820000e-08  1.20000000e+00  1.19999949e+00  3.29822188e-06 
 5.69820000e-08  1.20000000e+00  1.20000026e+00 -3.30372975e-06 
 5.70820000e-08  1.20000000e+00  1.19999950e+00  3.28778709e-06 
 5.71820000e-08  1.20000000e+00  1.20000025e+00 -3.29332563e-06 
 5.72820000e-08  1.20000000e+00  1.19999950e+00  3.27741358e-06 
 5.73820000e-08  1.20000000e+00  1.20000025e+00 -3.28298266e-06 
 5.74820000e-08  1.20000000e+00  1.19999950e+00  3.26710108e-06 
 5.75820000e-08  1.20000000e+00  1.20000025e+00 -3.27270055e-06 
 5.76820000e-08  1.20000000e+00  1.19999951e+00  3.25684928e-06 
 5.77820000e-08  1.20000000e+00  1.20000024e+00 -3.26247901e-06 
 5.78820000e-08  1.20000000e+00  1.19999951e+00  3.24665793e-06 
 5.79820000e-08  1.20000000e+00  1.20000024e+00 -3.25231776e-06 
 5.80820000e-08  1.20000000e+00  1.19999951e+00  3.23652673e-06 
 5.81820000e-08  1.20000000e+00  1.20000024e+00 -3.24221653e-06 
 5.82820000e-08  1.20000000e+00  1.19999952e+00  3.22645540e-06 
 5.83820000e-08  1.20000000e+00  1.20000023e+00 -3.23217503e-06 
 5.84820000e-08  1.20000000e+00  1.19999952e+00  3.21644366e-06 
 5.85820000e-08  1.20000000e+00  1.20000023e+00 -3.22219299e-06 
 5.86820000e-08  1.20000000e+00  1.19999952e+00  3.20649124e-06 
 5.87820000e-08  1.20000000e+00  1.20000023e+00 -3.21227012e-06 
 5.88820000e-08  1.20000000e+00  1.19999953e+00  3.19659786e-06 
 5.89820000e-08  1.20000000e+00  1.20000022e+00 -3.20240616e-06 
 5.90820000e-08  1.20000000e+00  1.19999953e+00  3.18676324e-06 
 5.91820000e-08  1.20000000e+00  1.20000022e+00 -3.19260081e-06 
 5.92820000e-08  1.20000000e+00  1.19999953e+00  3.17698710e-06 
 5.93820000e-08  1.20000000e+00  1.20000022e+00 -3.18285381e-06 
 5.94820000e-08  1.20000000e+00  1.19999954e+00  3.16726917e-06 
 5.95820000e-08  1.20000000e+00  1.20000021e+00 -3.17316489e-06 
 5.96820000e-08  1.20000000e+00  1.19999954e+00  3.15760918e-06 
 5.97820000e-08  1.20000000e+00  1.20000021e+00 -3.16353376e-06 
 5.98820000e-08  1.20000000e+00  1.19999954e+00  3.14800685e-06 
 5.99820000e-08  1.20000000e+00  1.20000021e+00 -3.15396016e-06 
 6.00820000e-08  1.20000000e+00  1.19999955e+00  3.13846191e-06 
 6.01820000e-08  1.20000000e+00  1.20000020e+00 -3.14444381e-06 
 6.02820000e-08  1.20000000e+00  1.19999955e+00  3.12897409e-06 
 6.03820000e-08  1.20000000e+00  1.20000020e+00 -3.13498445e-06 
 6.04820000e-08  1.20000000e+00  1.19999955e+00  3.11954311e-06 
 6.05820000e-08  1.20000000e+00  1.20000020e+00 -3.12558179e-06 
 6.06820000e-08  1.20000000e+00  1.19999956e+00  3.11016871e-06 
 6.07820000e-08  1.20000000e+00  1.20000019e+00 -3.11623558e-06 
 6.08820000e-08  1.20000000e+00  1.19999956e+00  3.10085062e-06 
 6.09820000e-08  1.20000000e+00  1.20000019e+00 -3.10694554e-06 
 6.10820000e-08  1.20000000e+00  1.19999956e+00  3.09158857e-06 
 6.11820000e-08  1.20000000e+00  1.20000019e+00 -3.09771141e-06 
 6.12820000e-08  1.20000000e+00  1.19999956e+00  3.08238229e-06 
 6.13820000e-08  1.20000000e+00  1.20000018e+00 -3.08853291e-06 
 6.14820000e-08  1.20000000e+00  1.19999957e+00  3.07323151e-06 
 6.15820000e-08  1.20000000e+00  1.20000018e+00 -3.07940979e-06 
 6.16820000e-08  1.20000000e+00  1.19999957e+00  3.06413598e-06 
 6.17820000e-08  1.20000000e+00  1.20000018e+00 -3.07034178e-06 
 6.18820000e-08  1.20000000e+00  1.19999957e+00  3.05509542e-06 
 6.19820000e-08  1.20000000e+00  1.20000018e+00 -3.06132861e-06 
 6.20820000e-08  1.20000000e+00  1.19999958e+00  3.04610957e-06 
 6.21820000e-08  1.20000000e+00  1.20000017e+00 -3.05237002e-06 
 6.22820000e-08  1.20000000e+00  1.19999958e+00  3.03717818e-06 
 6.23820000e-08  1.20000000e+00  1.20000017e+00 -3.04346575e-06 
 6.24820000e-08  1.20000000e+00  1.19999958e+00  3.02830097e-06 
 6.25820000e-08  1.20000000e+00  1.20000017e+00 -3.03461554e-06 
 6.26820000e-08  1.20000000e+00  1.19999958e+00  3.01947768e-06 
 6.27820000e-08  1.20000000e+00  1.20000016e+00 -3.02581912e-06 
 6.28820000e-08  1.20000000e+00  1.19999959e+00  3.01070806e-06 
 6.29820000e-08  1.20000000e+00  1.20000016e+00 -3.01707623e-06 
 6.30820000e-08  1.20000000e+00  1.19999959e+00  3.00199185e-06 
 6.31820000e-08  1.20000000e+00  1.20000016e+00 -3.00838663e-06 
 6.32820000e-08  1.20000000e+00  1.19999959e+00  2.99332879e-06 
 6.33820000e-08  1.20000000e+00  1.20000016e+00 -2.99975004e-06 
 6.34820000e-08  1.20000000e+00  1.19999960e+00  2.98471861e-06 
 6.35820000e-08  1.20000000e+00  1.20000015e+00 -2.99116622e-06 
 6.36820000e-08  1.20000000e+00  1.19999960e+00  2.97616108e-06 
 6.37820000e-08  1.20000000e+00  1.20000015e+00 -2.98263490e-06 
 6.38820000e-08  1.20000000e+00  1.19999960e+00  2.96765592e-06 
 6.39820000e-08  1.20000000e+00  1.20000015e+00 -2.97415584e-06 
 6.40820000e-08  1.20000000e+00  1.19999960e+00  2.95920288e-06 
 6.41820000e-08  1.20000000e+00  1.20000015e+00 -2.96572876e-06 
 6.42820000e-08  1.20000000e+00  1.19999961e+00  2.95080171e-06 
 6.43820000e-08  1.20000000e+00  1.20000014e+00 -2.95735344e-06 
 6.44820000e-08  1.20000000e+00  1.19999961e+00  2.94245216e-06 
 6.45820000e-08  1.20000000e+00  1.20000014e+00 -2.94902960e-06 
 6.46820000e-08  1.20000000e+00  1.19999961e+00  2.93415398e-06 
 6.47820000e-08  1.20000000e+00  1.20000014e+00 -2.94075701e-06 
 6.48820000e-08  1.20000000e+00  1.19999961e+00  2.92590691e-06 
 6.49820000e-08  1.20000000e+00  1.20000014e+00 -2.93253540e-06 
 6.50820000e-08  1.20000000e+00  1.19999962e+00  2.91771070e-06 
 6.51820000e-08  1.20000000e+00  1.20000013e+00 -2.92436453e-06 
 6.52820000e-08  1.20000000e+00  1.19999962e+00  2.90956511e-06 
 6.53820000e-08  1.20000000e+00  1.20000013e+00 -2.91624415e-06 
 6.54820000e-08  1.20000000e+00  1.19999962e+00  2.90146988e-06 
 6.55820000e-08  1.20000000e+00  1.20000013e+00 -2.90817401e-06 
 6.56820000e-08  1.20000000e+00  1.19999962e+00  2.89342477e-06 
 6.57820000e-08  1.20000000e+00  1.20000013e+00 -2.90015387e-06 
 6.58820000e-08  1.20000000e+00  1.19999963e+00  2.88542954e-06 
 6.59820000e-08  1.20000000e+00  1.20000012e+00 -2.89218348e-06 
 6.60820000e-08  1.20000000e+00  1.19999963e+00  2.87748393e-06 
 6.61820000e-08  1.20000000e+00  1.20000012e+00 -2.88426259e-06 
 6.62820000e-08  1.20000000e+00  1.19999963e+00  2.86958770e-06 
 6.63820000e-08  1.20000000e+00  1.20000012e+00 -2.87639096e-06 
 6.64820000e-08  1.20000000e+00  1.19999963e+00  2.86174061e-06 
 6.65820000e-08  1.20000000e+00  1.20000012e+00 -2.86856835e-06 
 6.66820000e-08  1.20000000e+00  1.19999964e+00  2.85394241e-06 
 6.67820000e-08  1.20000000e+00  1.20000011e+00 -2.86079450e-06 
 6.68820000e-08  1.20000000e+00  1.19999964e+00  2.84619286e-06 
 6.69820000e-08  1.20000000e+00  1.20000011e+00 -2.85306920e-06 
 6.70820000e-08  1.20000000e+00  1.19999964e+00  2.83849173e-06 
 6.71820000e-08  1.20000000e+00  1.20000011e+00 -2.84539218e-06 
 6.72820000e-08  1.20000000e+00  1.19999964e+00  2.83083877e-06 
 6.73820000e-08  1.20000000e+00  1.20000011e+00 -2.83776321e-06 
 6.74820000e-08  1.20000000e+00  1.19999964e+00  2.82323374e-06 
 6.75820000e-08  1.20000000e+00  1.20000011e+00 -2.83018206e-06 
 6.76820000e-08  1.20000000e+00  1.19999965e+00  2.81567641e-06 
 6.77820000e-08  1.20000000e+00  1.20000010e+00 -2.82264848e-06 
 6.78820000e-08  1.20000000e+00  1.19999965e+00  2.80816652e-06 
 6.79820000e-08  1.20000000e+00  1.20000010e+00 -2.81516224e-06 
 6.80820000e-08  1.20000000e+00  1.19999965e+00  2.80070386e-06 
 6.81820000e-08  1.20000000e+00  1.20000010e+00 -2.80772310e-06 
 6.82820000e-08  1.20000000e+00  1.19999965e+00  2.79328819e-06 
 6.83820000e-08  1.20000000e+00  1.20000010e+00 -2.80033083e-06 
 6.84820000e-08  1.20000000e+00  1.19999965e+00  2.78591926e-06 
 6.85820000e-08  1.20000000e+00  1.20000010e+00 -2.79298519e-06 
 6.86820000e-08  1.20000000e+00  1.19999966e+00  2.77859685e-06 
 6.87820000e-08  1.20000000e+00  1.20000009e+00 -2.78568595e-06 
 6.88820000e-08  1.20000000e+00  1.19999966e+00  2.77132072e-06 
 6.89820000e-08  1.20000000e+00  1.20000009e+00 -2.77843287e-06 
 6.90820000e-08  1.20000000e+00  1.19999966e+00  2.76409064e-06 
 6.91820000e-08  1.20000000e+00  1.20000009e+00 -2.77122573e-06 
 6.92820000e-08  1.20000000e+00  1.19999966e+00  2.75690638e-06 
 6.93820000e-08  1.20000000e+00  1.20000009e+00 -2.76406429e-06 
 6.94820000e-08  1.20000000e+00  1.19999967e+00  2.74976771e-06 
 6.95820000e-08  1.20000000e+00  1.20000008e+00 -2.75694833e-06 
 6.96820000e-08  1.20000000e+00  1.19999967e+00  2.74267440e-06 
 6.97820000e-08  1.20000000e+00  1.20000008e+00 -2.74987762e-06 
 6.98820000e-08  1.20000000e+00  1.19999967e+00  2.73562622e-06 
 6.99820000e-08  1.20000000e+00  1.20000008e+00 -2.74285192e-06 
 7.00820000e-08  1.20000000e+00  1.19999967e+00  2.72862295e-06 
 7.01820000e-08  1.20000000e+00  1.20000008e+00 -2.73587101e-06 
 7.02820000e-08  1.20000000e+00  1.19999967e+00  2.72166435e-06 
 7.03820000e-08  1.20000000e+00  1.20000008e+00 -2.72893467e-06 
 7.04820000e-08  1.20000000e+00  1.19999967e+00  2.71475021e-06 
 7.05820000e-08  1.20000000e+00  1.20000008e+00 -2.72204266e-06 
 7.06820000e-08  1.20000000e+00  1.19999968e+00  2.70788029e-06 
 7.07820000e-08  1.20000000e+00  1.20000007e+00 -2.71519477e-06 
 7.08820000e-08  1.20000000e+00  1.19999968e+00  2.70105437e-06 
 7.09820000e-08  1.20000000e+00  1.20000007e+00 -2.70839078e-06 
 7.10820000e-08  1.20000000e+00  1.19999968e+00  2.69427224e-06 
 7.11820000e-08  1.20000000e+00  1.20000007e+00 -2.70163045e-06 
 7.12820000e-08  1.20000000e+00  1.19999968e+00  2.68753366e-06 
 7.13820000e-08  1.20000000e+00  1.20000007e+00 -2.69491357e-06 
 7.14820000e-08  1.20000000e+00  1.19999968e+00  2.68083842e-06 
 7.15820000e-08  1.20000000e+00  1.20000007e+00 -2.68823991e-06 
 7.16820000e-08  1.20000000e+00  1.19999969e+00  2.67418630e-06 
 7.17820000e-08  1.20000000e+00  1.20000006e+00 -2.68160927e-06 
 7.18820000e-08  1.20000000e+00  1.19999969e+00  2.66757708e-06 
 7.19820000e-08  1.20000000e+00  1.20000006e+00 -2.67502141e-06 
 7.20820000e-08  1.20000000e+00  1.19999969e+00  2.66101053e-06 
 7.21820000e-08  1.20000000e+00  1.20000006e+00 -2.66847612e-06 
 7.22820000e-08  1.20000000e+00  1.19999969e+00  2.65448645e-06 
 7.23820000e-08  1.20000000e+00  1.20000006e+00 -2.66197319e-06 
 7.24820000e-08  1.20000000e+00  1.19999969e+00  2.64800461e-06 
 7.25820000e-08  1.20000000e+00  1.20000006e+00 -2.65551239e-06 
 7.26820000e-08  1.20000000e+00  1.19999969e+00  2.64156480e-06 
 7.27820000e-08  1.20000000e+00  1.20000006e+00 -2.64909351e-06 
 7.28820000e-08  1.20000000e+00  1.19999970e+00  2.63516680e-06 
 7.29820000e-08  1.20000000e+00  1.20000005e+00 -2.64271634e-06 
 7.30820000e-08  1.20000000e+00  1.19999970e+00  2.62881041e-06 
 7.31820000e-08  1.20000000e+00  1.20000005e+00 -2.63638067e-06 
 7.32820000e-08  1.20000000e+00  1.19999970e+00  2.62249540e-06 
 7.33820000e-08  1.20000000e+00  1.20000005e+00 -2.63008627e-06 
 7.34820000e-08  1.20000000e+00  1.19999970e+00  2.61622156e-06 
 7.35820000e-08  1.20000000e+00  1.20000005e+00 -2.62383295e-06 
 7.36820000e-08  1.20000000e+00  1.19999970e+00  2.60998869e-06 
 7.37820000e-08  1.20000000e+00  1.20000005e+00 -2.61762048e-06 
 7.38820000e-08  1.20000000e+00  1.19999970e+00  2.60379658e-06 
 7.39820000e-08  1.20000000e+00  1.20000005e+00 -2.61144866e-06 
 7.40820000e-08  1.20000000e+00  1.19999971e+00  2.59764500e-06 
 7.41820000e-08  1.20000000e+00  1.20000004e+00 -2.60531728e-06 
 7.42820000e-08  1.20000000e+00  1.19999971e+00  2.59153377e-06 
 7.43820000e-08  1.20000000e+00  1.20000004e+00 -2.59922613e-06 
 7.44820000e-08  1.20000000e+00  1.19999971e+00  2.58546266e-06 
 7.45820000e-08  1.20000000e+00  1.20000004e+00 -2.59317501e-06 
 7.46820000e-08  1.20000000e+00  1.19999971e+00  2.57943146e-06 
 7.47820000e-08  1.20000000e+00  1.20000004e+00 -2.58716370e-06 
 7.48820000e-08  1.20000000e+00  1.19999971e+00  2.57343999e-06 
 7.49820000e-08  1.20000000e+00  1.20000004e+00 -2.58119200e-06 
 7.50820000e-08  1.20000000e+00  1.19999971e+00  2.56748802e-06 
 7.51820000e-08  1.20000000e+00  1.20000004e+00 -2.57525971e-06 
 7.52820000e-08  1.20000000e+00  1.19999972e+00  2.56157536e-06 
 7.53820000e-08  1.20000000e+00  1.20000003e+00 -2.56936663e-06 
 7.54820000e-08  1.20000000e+00  1.19999972e+00  2.55570180e-06 
 7.55820000e-08  1.20000000e+00  1.20000003e+00 -2.56351254e-06 
 7.56820000e-08  1.20000000e+00  1.19999972e+00  2.54986713e-06 
 7.57820000e-08  1.20000000e+00  1.20000003e+00 -2.55769725e-06 
 7.58820000e-08  1.20000000e+00  1.19999972e+00  2.54407117e-06 
 7.59820000e-08  1.20000000e+00  1.20000003e+00 -2.55192056e-06 
 7.60820000e-08  1.20000000e+00  1.19999972e+00  2.53831370e-06 
 7.61820000e-08  1.20000000e+00  1.20000003e+00 -2.54618226e-06 
 7.62820000e-08  1.20000000e+00  1.19999972e+00  2.53259453e-06 
 7.63820000e-08  1.20000000e+00  1.20000003e+00 -2.54048216e-06 
 7.64820000e-08  1.20000000e+00  1.19999972e+00  2.52691345e-06 
 7.65820000e-08  1.20000000e+00  1.20000003e+00 -2.53482006e-06 
 7.66820000e-08  1.20000000e+00  1.19999973e+00  2.52127028e-06 
 7.67820000e-08  1.20000000e+00  1.20000002e+00 -2.52919576e-06 
 7.68820000e-08  1.20000000e+00  1.19999973e+00  2.51566480e-06 
 7.69820000e-08  1.20000000e+00  1.20000002e+00 -2.52360907e-06 
 7.70820000e-08  1.20000000e+00  1.19999973e+00  2.51009683e-06 
 7.71820000e-08  1.20000000e+00  1.20000002e+00 -2.51805978e-06 
 7.72820000e-08  1.20000000e+00  1.19999973e+00  2.50456618e-06 
 7.73820000e-08  1.20000000e+00  1.20000002e+00 -2.51254770e-06 
 7.74820000e-08  1.20000000e+00  1.19999973e+00  2.49907263e-06 
 7.75820000e-08  1.20000000e+00  1.20000002e+00 -2.50707264e-06 
 7.76820000e-08  1.20000000e+00  1.19999973e+00  2.49361601e-06 
 7.77820000e-08  1.20000000e+00  1.20000002e+00 -2.50163440e-06 
 7.78820000e-08  1.20000000e+00  1.19999973e+00  2.48819611e-06 
 7.79820000e-08  1.20000000e+00  1.20000002e+00 -2.49623280e-06 
 7.80820000e-08  1.20000000e+00  1.19999974e+00  2.48281276e-06 
 7.81820000e-08  1.20000000e+00  1.20000001e+00 -2.49086764e-06 
 7.82820000e-08  1.20000000e+00  1.19999974e+00  2.47746574e-06 
 7.83820000e-08  1.20000000e+00  1.20000001e+00 -2.48553872e-06 
 7.84820000e-08  1.20000000e+00  1.19999974e+00  2.47215488e-06 
 7.85820000e-08  1.20000000e+00  1.20000001e+00 -2.48024587e-06 
 7.86820000e-08  1.20000000e+00  1.19999974e+00  2.46687998e-06 
 7.87820000e-08  1.20000000e+00  1.20000001e+00 -2.47498888e-06 
 7.88820000e-08  1.20000000e+00  1.19999974e+00  2.46164086e-06 
 7.89820000e-08  1.20000000e+00  1.20000001e+00 -2.46976758e-06 
 7.90820000e-08  1.20000000e+00  1.19999974e+00  2.45643733e-06 
 7.91820000e-08  1.20000000e+00  1.20000001e+00 -2.46458177e-06 
 7.92820000e-08  1.20000000e+00  1.19999974e+00  2.45126919e-06 
 7.93820000e-08  1.20000000e+00  1.20000001e+00 -2.45943126e-06 
 7.94820000e-08  1.20000000e+00  1.19999975e+00  2.44613627e-06 
 7.95820000e-08  1.20000000e+00  1.20000001e+00 -2.45431588e-06 
 7.96820000e-08  1.20000000e+00  1.19999975e+00  2.44103838e-06 
 7.97820000e-08  1.20000000e+00  1.20000000e+00 -2.44923543e-06 
 7.98820000e-08  1.20000000e+00  1.19999975e+00  2.43597533e-06 
 7.99820000e-08  1.20000000e+00  1.20000000e+00 -2.44418974e-06 
 8.00820000e-08  1.20000000e+00  1.19999975e+00  2.43094695e-06 
 8.01820000e-08  1.20000000e+00  1.20000000e+00 -2.43917861e-06 
 8.02820000e-08  1.20000000e+00  1.19999975e+00  2.42595303e-06 
 8.03820000e-08  1.20000000e+00  1.20000000e+00 -2.43420187e-06 
 8.04820000e-08  1.20000000e+00  1.19999975e+00  2.42099342e-06 
 8.05820000e-08  1.20000000e+00  1.20000000e+00 -2.42925933e-06 
 8.06820000e-08  1.20000000e+00  1.19999975e+00  2.41606791e-06 
 8.07820000e-08  1.20000000e+00  1.20000000e+00 -2.42435082e-06 
 8.08820000e-08  1.20000000e+00  1.19999975e+00  2.41117634e-06 
 8.09820000e-08  1.20000000e+00  1.20000000e+00 -2.41947614e-06 
 8.10820000e-08  1.20000000e+00  1.19999975e+00  2.40631853e-06 
 8.11820000e-08  1.20000000e+00  1.20000000e+00 -2.41463513e-06 
 8.12820000e-08  1.20000000e+00  1.19999976e+00  2.40149428e-06 
 8.13820000e-08  1.20000000e+00  1.19999999e+00 -2.40982761e-06 
 8.14820000e-08  1.20000000e+00  1.19999976e+00  2.39670343e-06 
 8.15820000e-08  1.20000000e+00  1.19999999e+00 -2.40505340e-06 
 8.16820000e-08  1.20000000e+00  1.19999976e+00  2.39194580e-06 
 8.17820000e-08  1.20000000e+00  1.19999999e+00 -2.40031231e-06 
 8.18820000e-08  1.20000000e+00  1.19999976e+00  2.38722122e-06 
 8.19820000e-08  1.20000000e+00  1.19999999e+00 -2.39560418e-06 
 8.20820000e-08  1.20000000e+00  1.19999976e+00  2.38252950e-06 
 8.21820000e-08  1.20000000e+00  1.19999999e+00 -2.39092882e-06 
 8.22820000e-08  1.20000000e+00  1.19999976e+00  2.37787047e-06 
 8.23820000e-08  1.20000000e+00  1.19999999e+00 -2.38628607e-06 
 8.24820000e-08  1.20000000e+00  1.19999976e+00  2.37324396e-06 
 8.25820000e-08  1.20000000e+00  1.19999999e+00 -2.38167576e-06 
 8.26820000e-08  1.20000000e+00  1.19999976e+00  2.36864979e-06 
 8.27820000e-08  1.20000000e+00  1.19999999e+00 -2.37709770e-06 
 8.28820000e-08  1.20000000e+00  1.19999976e+00  2.36408780e-06 
 8.29820000e-08  1.20000000e+00  1.19999999e+00 -2.37255172e-06 
 8.30820000e-08  1.20000000e+00  1.19999977e+00  2.35955780e-06 
 8.31820000e-08  1.20000000e+00  1.19999998e+00 -2.36803767e-06 
 8.32820000e-08  1.20000000e+00  1.19999977e+00  2.35505964e-06 
 8.33820000e-08  1.20000000e+00  1.19999998e+00 -2.36355535e-06 
 8.34820000e-08  1.20000000e+00  1.19999977e+00  2.35059313e-06 
 8.35820000e-08  1.20000000e+00  1.19999998e+00 -2.35910461e-06 
 8.36820000e-08  1.20000000e+00  1.19999977e+00  2.34615811e-06 
 8.37820000e-08  1.20000000e+00  1.19999998e+00 -2.35468528e-06 
 8.38820000e-08  1.20000000e+00  1.19999977e+00  2.34175442e-06 
 8.39820000e-08  1.20000000e+00  1.19999998e+00 -2.35029718e-06 
 8.40820000e-08  1.20000000e+00  1.19999977e+00  2.33738188e-06 
 8.41820000e-08  1.20000000e+00  1.19999998e+00 -2.34594015e-06 
 8.42820000e-08  1.20000000e+00  1.19999977e+00  2.33304032e-06 
 8.43820000e-08  1.20000000e+00  1.19999998e+00 -2.34161403e-06 
 8.44820000e-08  1.20000000e+00  1.19999977e+00  2.32872959e-06 
 8.45820000e-08  1.20000000e+00  1.19999998e+00 -2.33731864e-06 
 8.46820000e-08  1.20000000e+00  1.19999977e+00  2.32444951e-06 
 8.47820000e-08  1.20000000e+00  1.19999998e+00 -2.33305383e-06 
 8.48820000e-08  1.20000000e+00  1.19999977e+00  2.32019992e-06 
 8.49820000e-08  1.20000000e+00  1.19999998e+00 -2.32881942e-06 
 8.50820000e-08  1.20000000e+00  1.19999978e+00  2.31598066e-06 
 8.51820000e-08  1.20000000e+00  1.19999997e+00 -2.32461527e-06 
 8.52820000e-08  1.20000000e+00  1.19999978e+00  2.31179156e-06 
 8.53820000e-08  1.20000000e+00  1.19999997e+00 -2.32044119e-06 
 8.54820000e-08  1.20000000e+00  1.19999978e+00  2.30763247e-06 
 8.55820000e-08  1.20000000e+00  1.19999997e+00 -2.31629703e-06 
 8.56820000e-08  1.20000000e+00  1.19999978e+00  2.30350321e-06 
 8.57820000e-08  1.20000000e+00  1.19999997e+00 -2.31218263e-06 
 8.58820000e-08  1.20000000e+00  1.19999978e+00  2.29940363e-06 
 8.59820000e-08  1.20000000e+00  1.19999997e+00 -2.30809783e-06 
 8.60820000e-08  1.20000000e+00  1.19999978e+00  2.29533357e-06 
 8.61820000e-08  1.20000000e+00  1.19999997e+00 -2.30404248e-06 
 8.62820000e-08  1.20000000e+00  1.19999978e+00  2.29129287e-06 
 8.63820000e-08  1.20000000e+00  1.19999997e+00 -2.30001640e-06 
 8.64820000e-08  1.20000000e+00  1.19999978e+00  2.28728138e-06 
 8.65820000e-08  1.20000000e+00  1.19999997e+00 -2.29601944e-06 
 8.66820000e-08  1.20000000e+00  1.19999978e+00  2.28329892e-06 
 8.67820000e-08  1.20000000e+00  1.19999997e+00 -2.29205145e-06 
 8.68820000e-08  1.20000000e+00  1.19999978e+00  2.27934535e-06 
 8.69820000e-08  1.20000000e+00  1.19999997e+00 -2.28811226e-06 
 8.70820000e-08  1.20000000e+00  1.19999978e+00  2.27542051e-06 
 8.71820000e-08  1.20000000e+00  1.19999997e+00 -2.28420173e-06 
 8.72820000e-08  1.20000000e+00  1.19999979e+00  2.27152425e-06 
 8.73820000e-08  1.20000000e+00  1.19999996e+00 -2.28031969e-06 
 8.74820000e-08  1.20000000e+00  1.19999979e+00  2.26765640e-06 
 8.75820000e-08  1.20000000e+00  1.19999996e+00 -2.27646600e-06 
 8.76820000e-08  1.20000000e+00  1.19999979e+00  2.26381683e-06 
 8.77820000e-08  1.20000000e+00  1.19999996e+00 -2.27264050e-06 
 8.78820000e-08  1.20000000e+00  1.19999979e+00  2.26000536e-06 
 8.79820000e-08  1.20000000e+00  1.19999996e+00 -2.26884303e-06 
 8.80820000e-08  1.20000000e+00  1.19999979e+00  2.25622185e-06 
 8.81820000e-08  1.20000000e+00  1.19999996e+00 -2.26507345e-06 
 8.82820000e-08  1.20000000e+00  1.19999979e+00  2.25246615e-06 
 8.83820000e-08  1.20000000e+00  1.19999996e+00 -2.26133160e-06 
 8.84820000e-08  1.20000000e+00  1.19999979e+00  2.24873811e-06 
 8.85820000e-08  1.20000000e+00  1.19999996e+00 -2.25761733e-06 
 8.86820000e-08  1.20000000e+00  1.19999979e+00  2.24503758e-06 
 8.87820000e-08  1.20000000e+00  1.19999996e+00 -2.25393049e-06 
 8.88820000e-08  1.20000000e+00  1.19999979e+00  2.24136440e-06 
 8.89820000e-08  1.20000000e+00  1.19999996e+00 -2.25027093e-06 
 8.90820000e-08  1.20000000e+00  1.19999979e+00  2.23771843e-06 
 8.91820000e-08  1.20000000e+00  1.19999996e+00 -2.24663851e-06 
 8.92820000e-08  1.20000000e+00  1.19999979e+00  2.23409951e-06 
 8.93820000e-08  1.20000000e+00  1.19999996e+00 -2.24303307e-06 
 8.94820000e-08  1.20000000e+00  1.19999979e+00  2.23050752e-06 
 8.95820000e-08  1.20000000e+00  1.19999996e+00 -2.23945447e-06 
 8.96820000e-08  1.20000000e+00  1.19999980e+00  2.22694228e-06 
 8.97820000e-08  1.20000000e+00  1.19999996e+00 -2.23590256e-06 
 8.98820000e-08  1.20000000e+00  1.19999980e+00  2.22340367e-06 
 8.99820000e-08  1.20000000e+00  1.19999995e+00 -2.23237720e-06 
 9.00820000e-08  1.20000000e+00  1.19999980e+00  2.21989153e-06 
 9.01820000e-08  1.20000000e+00  1.19999995e+00 -2.22887825e-06 
 9.02820000e-08  1.20000000e+00  1.19999980e+00  2.21640571e-06 
 9.03820000e-08  1.20000000e+00  1.19999995e+00 -2.22540554e-06 
 9.04820000e-08  1.20000000e+00  1.19999980e+00  2.21294608e-06 
 9.05820000e-08  1.20000000e+00  1.19999995e+00 -2.22195895e-06 
 9.06820000e-08  1.20000000e+00  1.19999980e+00  2.20951250e-06 
 9.07820000e-08  1.20000000e+00  1.19999995e+00 -2.21853834e-06 
 9.08820000e-08  1.20000000e+00  1.19999980e+00  2.20610481e-06 
 9.09820000e-08  1.20000000e+00  1.19999995e+00 -2.21514355e-06 
 9.10820000e-08  1.20000000e+00  1.19999980e+00  2.20272289e-06 
 9.11820000e-08  1.20000000e+00  1.19999995e+00 -2.21177444e-06 
 9.12820000e-08  1.20000000e+00  1.19999980e+00  2.19936657e-06 
 9.13820000e-08  1.20000000e+00  1.19999995e+00 -2.20843089e-06 
 9.14820000e-08  1.20000000e+00  1.19999980e+00  2.19603574e-06 
 9.15820000e-08  1.20000000e+00  1.19999995e+00 -2.20511274e-06 
 9.16820000e-08  1.20000000e+00  1.19999980e+00  2.19273024e-06 
 9.17820000e-08  1.20000000e+00  1.19999995e+00 -2.20181985e-06 
 9.18820000e-08  1.20000000e+00  1.19999980e+00  2.18944993e-06 
 9.19820000e-08  1.20000000e+00  1.19999995e+00 -2.19855209e-06 
 9.20820000e-08  1.20000000e+00  1.19999980e+00  2.18619469e-06 
 9.21820000e-08  1.20000000e+00  1.19999995e+00 -2.19530932e-06 
 9.22820000e-08  1.20000000e+00  1.19999980e+00  2.18296436e-06 
 9.23820000e-08  1.20000000e+00  1.19999995e+00 -2.19209141e-06 
 9.24820000e-08  1.20000000e+00  1.19999981e+00  2.17975882e-06 
 9.25820000e-08  1.20000000e+00  1.19999995e+00 -2.18889821e-06 
 9.26820000e-08  1.20000000e+00  1.19999981e+00  2.17657792e-06 
 9.27820000e-08  1.20000000e+00  1.19999994e+00 -2.18572958e-06 
 9.28820000e-08  1.20000000e+00  1.19999981e+00  2.17342154e-06 
 9.29820000e-08  1.20000000e+00  1.19999994e+00 -2.18258541e-06 
 9.30820000e-08  1.20000000e+00  1.19999981e+00  2.17028953e-06 
 9.31820000e-08  1.20000000e+00  1.19999994e+00 -2.17946554e-06 
 9.32820000e-08  1.20000000e+00  1.19999981e+00  2.16718177e-06 
 9.33820000e-08  1.20000000e+00  1.19999994e+00 -2.17636984e-06 
 9.34820000e-08  1.20000000e+00  1.19999981e+00  2.16409811e-06 
 9.35820000e-08  1.20000000e+00  1.19999994e+00 -2.17329819e-06 
 9.36820000e-08  1.20000000e+00  1.19999981e+00  2.16103843e-06 
 9.37820000e-08  1.20000000e+00  1.19999994e+00 -2.17025045e-06 
 9.38820000e-08  1.20000000e+00  1.19999981e+00  2.15800259e-06 
 9.39820000e-08  1.20000000e+00  1.19999994e+00 -2.16722648e-06 
 9.40820000e-08  1.20000000e+00  1.19999981e+00  2.15499047e-06 
 9.41820000e-08  1.20000000e+00  1.19999994e+00 -2.16422616e-06 
 9.42820000e-08  1.20000000e+00  1.19999981e+00  2.15200192e-06 
 9.43820000e-08  1.20000000e+00  1.19999994e+00 -2.16124935e-06 
 9.44820000e-08  1.20000000e+00  1.19999981e+00  2.14903682e-06 
 9.45820000e-08  1.20000000e+00  1.19999994e+00 -2.15829593e-06 
 9.46820000e-08  1.20000000e+00  1.19999981e+00  2.14609504e-06 
 9.47820000e-08  1.20000000e+00  1.19999994e+00 -2.15536576e-06 
 9.48820000e-08  1.20000000e+00  1.19999981e+00  2.14317645e-06 
 9.49820000e-08  1.20000000e+00  1.19999994e+00 -2.15245872e-06 
 9.50820000e-08  1.20000000e+00  1.19999981e+00  2.14028093e-06 
 9.51820000e-08  1.20000000e+00  1.19999994e+00 -2.14957468e-06 
 9.52820000e-08  1.20000000e+00  1.19999981e+00  2.13740833e-06 
 9.53820000e-08  1.20000000e+00  1.19999994e+00 -2.14671350e-06 
 9.54820000e-08  1.20000000e+00  1.19999981e+00  2.13455855e-06 
 9.55820000e-08  1.20000000e+00  1.19999994e+00 -2.14387508e-06 
 9.56820000e-08  1.20000000e+00  1.19999982e+00  2.13173144e-06 
 9.57820000e-08  1.20000000e+00  1.19999994e+00 -2.14105926e-06 
 9.58820000e-08  1.20000000e+00  1.19999982e+00  2.12892689e-06 
 9.59820000e-08  1.20000000e+00  1.19999993e+00 -2.13826594e-06 
 9.60820000e-08  1.20000000e+00  1.19999982e+00  2.12614477e-06 
 9.61820000e-08  1.20000000e+00  1.19999993e+00 -2.13549499e-06 
 9.62820000e-08  1.20000000e+00  1.19999982e+00  2.12338496e-06 
 9.63820000e-08  1.20000000e+00  1.19999993e+00 -2.13274628e-06 
 9.64820000e-08  1.20000000e+00  1.19999982e+00  2.12064732e-06 
 9.65820000e-08  1.20000000e+00  1.19999993e+00 -2.13001969e-06 
 9.66820000e-08  1.20000000e+00  1.19999982e+00  2.11793174e-06 
 9.67820000e-08  1.20000000e+00  1.19999993e+00 -2.12731509e-06 
 9.68820000e-08  1.20000000e+00  1.19999982e+00  2.11523810e-06 
 9.69820000e-08  1.20000000e+00  1.19999993e+00 -2.12463236e-06 
 9.70820000e-08  1.20000000e+00  1.19999982e+00  2.11256626e-06 
 9.71820000e-08  1.20000000e+00  1.19999993e+00 -2.12197139e-06 
 9.72820000e-08  1.20000000e+00  1.19999982e+00  2.10991612e-06 
 9.73820000e-08  1.20000000e+00  1.19999993e+00 -2.11933205e-06 
 9.74820000e-08  1.20000000e+00  1.19999982e+00  2.10728755e-06 
 9.75820000e-08  1.20000000e+00  1.19999993e+00 -2.11671422e-06 
 9.76820000e-08  1.20000000e+00  1.19999982e+00  2.10468042e-06 
 9.77820000e-08  1.20000000e+00  1.19999993e+00 -2.11411777e-06 
 9.78820000e-08  1.20000000e+00  1.19999982e+00  2.10209463e-06 
 9.79820000e-08  1.20000000e+00  1.19999993e+00 -2.11154260e-06 
 9.80820000e-08  1.20000000e+00  1.19999982e+00  2.09953004e-06 
 9.81820000e-08  1.20000000e+00  1.19999993e+00 -2.10898857e-06 
 9.82820000e-08  1.20000000e+00  1.19999982e+00  2.09698655e-06 
 9.83820000e-08  1.20000000e+00  1.19999993e+00 -2.10645558e-06 
 9.84820000e-08  1.20000000e+00  1.19999982e+00  2.09446403e-06 
 9.85820000e-08  1.20000000e+00  1.19999993e+00 -2.10394350e-06 
 9.86820000e-08  1.20000000e+00  1.19999982e+00  2.09196237e-06 
 9.87820000e-08  1.20000000e+00  1.19999993e+00 -2.10145222e-06 
 9.88820000e-08  1.20000000e+00  1.19999982e+00  2.08948144e-06 
 9.89820000e-08  1.20000000e+00  1.19999993e+00 -2.09898163e-06 
 9.90820000e-08  1.20000000e+00  1.19999982e+00  2.08702114e-06 
 9.91820000e-08  1.20000000e+00  1.19999993e+00 -2.09653159e-06 
 9.92820000e-08  1.20000000e+00  1.19999982e+00  2.08458135e-06 
 9.93820000e-08  1.20000000e+00  1.19999993e+00 -2.09410201e-06 
 9.94820000e-08  1.20000000e+00  1.19999983e+00  2.08216195e-06 
 9.95820000e-08  1.20000000e+00  1.19999993e+00 -2.09169277e-06 
 9.96820000e-08  1.20000000e+00  1.19999983e+00  2.07976283e-06 
 9.97820000e-08  1.20000000e+00  1.19999993e+00 -2.08930374e-06 
 9.98820000e-08  1.20000000e+00  1.19999983e+00  2.07738388e-06 
 9.99410000e-08  1.20000000e+00  1.19999992e+00 -2.08611640e-06 
 1.00000000e-07  1.20000000e+00  1.19999983e+00  2.07339751e-06 
