 time            v(in)           v(out)          i(VDD)         
 0.00000000e+00  0.00000000e+00  6.25378102e-08 -2.70377687e-09 
 1.00000000e-12  0.00000000e+00  6.25378096e-08 -2.70377734e-09 
 2.00000000e-12  0.00000000e+00  6.25378099e-08 -2.70377734e-09 
 4.00000000e-12  0.00000000e+00  6.25378104e-08 -2.70377764e-09 
 8.00000000e-12  0.00000000e+00  6.25378093e-08 -2.70377769e-09 
 1.60000000e-11  0.00000000e+00  6.25378080e-08 -2.70377725e-09 
 3.20000000e-11  0.00000000e+00  6.25378103e-08 -2.70377756e-09 
 6.40000000e-11  0.00000000e+00  6.25378018e-08 -2.70377747e-09 
 1.28000000e-10  0.00000000e+00  6.25378085e-08 -2.70377800e-09 
 2.28000000e-10  0.00000000e+00  6.25378150e-08 -2.70377777e-09 
 3.28000000e-10  0.00000000e+00  6.25378073e-08 -2.70377755e-09 
 4.28000000e-10  0.00000000e+00  6.25378109e-08 -2.70377739e-09 
 5.28000000e-10  0.00000000e+00  6.25378096e-08 -2.70377738e-09 
 6.28000000e-10  0.00000000e+00  6.25378144e-08 -2.70377730e-09 
 7.28000000e-10  0.00000000e+00  6.25378093e-08 -2.70377744e-09 
 8.28000000e-10  0.00000000e+00  6.25378107e-08 -2.70377746e-09 
 9.28000000e-10  0.00000000e+00  6.25378074e-08 -2.70377727e-09 
 1.02800000e-09  0.00000000e+00  6.25378100e-08 -2.70377740e-09 
 1.12800000e-09  0.00000000e+00  6.25378149e-08 -2.70377743e-09 
 1.22800000e-09  0.00000000e+00  6.25378089e-08 -2.70377744e-09 
 1.32800000e-09  0.00000000e+00  6.25378088e-08 -2.70377753e-09 
 1.42800000e-09  0.00000000e+00  6.25378105e-08 -2.70377749e-09 
 1.52800000e-09  0.00000000e+00  6.25378061e-08 -2.70377748e-09 
 1.62800000e-09  0.00000000e+00  6.25378142e-08 -2.70377746e-09 
 1.72800000e-09  0.00000000e+00  6.25378134e-08 -2.70377709e-09 
 1.82800000e-09  0.00000000e+00  6.25378033e-08 -2.70377734e-09 
 1.92800000e-09  0.00000000e+00  6.25378125e-08 -2.70377729e-09 
 2.02800000e-09  0.00000000e+00  6.25378095e-08 -2.70377738e-09 
 2.12800000e-09  0.00000000e+00  6.25378134e-08 -2.70377746e-09 
 2.22800000e-09  0.00000000e+00  6.25378093e-08 -2.70377736e-09 
 2.32800000e-09  0.00000000e+00  6.25378094e-08 -2.70377764e-09 
 2.42800000e-09  0.00000000e+00  6.25378155e-08 -2.70377739e-09 
 2.52800000e-09  0.00000000e+00  6.25378065e-08 -2.70377737e-09 
 2.62800000e-09  0.00000000e+00  6.25378120e-08 -2.70377763e-09 
 2.72800000e-09  0.00000000e+00  6.25378103e-08 -2.70377748e-09 
 2.82800000e-09  0.00000000e+00  6.25378084e-08 -2.70377774e-09 
 2.92800000e-09  0.00000000e+00  6.25378113e-08 -2.70377754e-09 
 3.02800000e-09  0.00000000e+00  6.25378102e-08 -2.70377735e-09 
 3.12800000e-09  0.00000000e+00  6.25378105e-08 -2.70377754e-09 
 3.22800000e-09  0.00000000e+00  6.25378102e-08 -2.70377722e-09 
 3.32800000e-09  0.00000000e+00  6.25378068e-08 -2.70377734e-09 
 3.42800000e-09  0.00000000e+00  6.25378110e-08 -2.70377746e-09 
 3.52800000e-09  0.00000000e+00  6.25378102e-08 -2.70377752e-09 
 3.62800000e-09  0.00000000e+00  6.25378134e-08 -2.70377763e-09 
 3.72800000e-09  0.00000000e+00  6.25378097e-08 -2.70377742e-09 
 3.82800000e-09  0.00000000e+00  6.25378062e-08 -2.70377751e-09 
 3.92800000e-09  0.00000000e+00  6.25378121e-08 -2.70377757e-09 
 4.02800000e-09  0.00000000e+00  6.25378126e-08 -2.70377757e-09 
 4.12800000e-09  0.00000000e+00  6.25378062e-08 -2.70377748e-09 
 4.22800000e-09  0.00000000e+00  6.25378140e-08 -2.70377722e-09 
 4.32800000e-09  0.00000000e+00  6.25378096e-08 -2.70377736e-09 
 4.42800000e-09  0.00000000e+00  6.25378088e-08 -2.70377739e-09 
 4.52800000e-09  0.00000000e+00  6.25378159e-08 -2.70377744e-09 
 4.62800000e-09  0.00000000e+00  6.25378024e-08 -2.70377771e-09 
 4.72800000e-09  0.00000000e+00  6.25378164e-08 -2.70377740e-09 
 4.82800000e-09  0.00000000e+00  6.25378085e-08 -2.70377725e-09 
 4.92800000e-09  0.00000000e+00  6.25378101e-08 -2.70377736e-09 
 5.02800000e-09  0.00000000e+00  6.25378107e-08 -2.70377734e-09 
 5.12800000e-09  0.00000000e+00  6.25378086e-08 -2.70377750e-09 
 5.22800000e-09  0.00000000e+00  6.25378156e-08 -2.70377762e-09 
 5.32800000e-09  0.00000000e+00  6.25378066e-08 -2.70377746e-09 
 5.42800000e-09  0.00000000e+00  6.25378117e-08 -2.70377756e-09 
 5.52800000e-09  0.00000000e+00  6.25378104e-08 -2.70377755e-09 
 5.62800000e-09  0.00000000e+00  6.25378044e-08 -2.70377752e-09 
 5.72800000e-09  0.00000000e+00  6.25378153e-08 -2.70377720e-09 
 5.82800000e-09  0.00000000e+00  6.25378084e-08 -2.70377739e-09 
 5.92800000e-09  0.00000000e+00  6.25378093e-08 -2.70377748e-09 
 6.02800000e-09  0.00000000e+00  6.25378152e-08 -2.70377734e-09 
 6.12800000e-09  0.00000000e+00  6.25378084e-08 -2.70377755e-09 
 6.22800000e-09  0.00000000e+00  6.25378091e-08 -2.70377743e-09 
 6.32800000e-09  0.00000000e+00  6.25378100e-08 -2.70377746e-09 
 6.42800000e-09  0.00000000e+00  6.25378102e-08 -2.70377744e-09 
 6.52800000e-09  0.00000000e+00  6.25378056e-08 -2.70377771e-09 
 6.62800000e-09  0.00000000e+00  6.25378195e-08 -2.70377738e-09 
 6.72800000e-09  0.00000000e+00  6.25378084e-08 -2.70377732e-09 
 6.82800000e-09  0.00000000e+00  6.25378084e-08 -2.70377728e-09 
 6.92800000e-09  0.00000000e+00  6.25378119e-08 -2.70377759e-09 
 7.02800000e-09  0.00000000e+00  6.25378095e-08 -2.70377739e-09 
 7.12800000e-09  0.00000000e+00  6.25378116e-08 -2.70377745e-09 
 7.22800000e-09  0.00000000e+00  6.25378072e-08 -2.70377746e-09 
 7.32800000e-09  0.00000000e+00  6.25378079e-08 -2.70377749e-09 
 7.42800000e-09  0.00000000e+00  6.25378103e-08 -2.70377754e-09 
 7.52800000e-09  0.00000000e+00  6.25378102e-08 -2.70377758e-09 
 7.62800000e-09  0.00000000e+00  6.25378126e-08 -2.70377730e-09 
 7.72800000e-09  0.00000000e+00  6.25378140e-08 -2.70377734e-09 
 7.82800000e-09  0.00000000e+00  6.25378068e-08 -2.70377738e-09 
 7.92800000e-09  0.00000000e+00  6.25378115e-08 -2.70377743e-09 
 8.02800000e-09  0.00000000e+00  6.25378100e-08 -2.70377731e-09 
 8.12800000e-09  0.00000000e+00  6.25378103e-08 -2.70377726e-09 
 8.22800000e-09  0.00000000e+00  6.25378101e-08 -2.70377736e-09 
 8.32800000e-09  0.00000000e+00  6.25378102e-08 -2.70377766e-09 
 8.42800000e-09  0.00000000e+00  6.25378102e-08 -2.70377752e-09 
 8.52800000e-09  0.00000000e+00  6.25378098e-08 -2.70377750e-09 
 8.62800000e-09  0.00000000e+00  6.25378062e-08 -2.70377749e-09 
 8.72800000e-09  0.00000000e+00  6.25378154e-08 -2.70377755e-09 
 8.82800000e-09  0.00000000e+00  6.25378098e-08 -2.70377761e-09 
 8.92800000e-09  0.00000000e+00  6.25378090e-08 -2.70377776e-09 
 9.02800000e-09  0.00000000e+00  6.25378121e-08 -2.70377757e-09 
 9.12800000e-09  0.00000000e+00  6.25378047e-08 -2.70377737e-09 
 9.22800000e-09  0.00000000e+00  6.25378200e-08 -2.70377736e-09 
 9.32800000e-09  0.00000000e+00  6.25378044e-08 -2.70377737e-09 
 9.42800000e-09  0.00000000e+00  6.25378107e-08 -2.70377738e-09 
 9.52800000e-09  0.00000000e+00  6.25378153e-08 -2.70377730e-09 
 9.62800000e-09  0.00000000e+00  6.25378023e-08 -2.70377742e-09 
 9.72800000e-09  0.00000000e+00  6.25378171e-08 -2.70377737e-09 
 9.82800000e-09  0.00000000e+00  6.25378080e-08 -2.70377733e-09 
 9.91400000e-09  0.00000000e+00  6.25378118e-08 -2.70377828e-09 
 1.00000000e-08  0.00000000e+00  6.25378122e-08 -2.70377833e-09 
 1.00100000e-08  1.20000000e-02  6.25378028e-08  2.66702749e-06 
 1.00300000e-08  3.60000000e-02  6.25378041e-08  3.21124152e-06 
 1.00700000e-08  8.40000000e-02  6.25378133e-08  3.41190524e-06 
 1.01500000e-08  1.80000000e-01  6.25378098e-08  3.35773221e-06 
 1.02500000e-08  3.00000000e-01  6.25378128e-08  3.20621237e-06 
 1.03500000e-08  4.20000000e-01  6.25378060e-08  1.36151759e-06 
 1.04500000e-08  5.40000000e-01  6.25378130e-08 -4.29304924e-06 
 1.05500000e-08  6.60000000e-01  6.25378081e-08 -9.30987334e-06 
 1.06185420e-08  7.42250456e-01  6.25378141e-08 -2.68846458e-05 
 1.06659706e-08  7.99164749e-01  6.25378107e-08 -4.26453125e-05 
 1.07051137e-08  8.46136438e-01  6.25378099e-08 -8.26424031e-05 
 1.07330035e-08  8.79604220e-01  6.25378082e-08 -1.02150002e-04 
 1.07547704e-08  9.05724445e-01  6.25378053e-08 -6.31104791e-05 
 1.07786068e-08  9.34328141e-01  6.25378127e-08 -7.50123294e-05 
 1.07951629e-08  9.54195423e-01  6.25378163e-08 -9.11066168e-05 
 1.08142983e-08  9.77157986e-01  6.25378139e-08 -9.54183576e-05 
 1.08291337e-08  9.94960450e-01  6.25378076e-08 -9.36091524e-05 
 1.08467492e-08  1.01609902e+00  6.25378118e-08 -5.27972644e-05 
 1.08652348e-08  1.03828175e+00  6.25378246e-08 -7.74451478e-05 
 1.08822039e-08  1.05864464e+00  6.25378158e-08 -8.47663652e-05 
 1.09021444e-08  1.08257325e+00  6.25378022e-08 -9.89772141e-05 
 1.09176444e-08  1.10117324e+00  6.25378019e-08 -9.01413318e-05 
 1.09349208e-08  1.12190499e+00  6.25378064e-08 -5.88299914e-05 
 1.09532032e-08  1.14384380e+00  6.25378106e-08 -7.02891779e-05 
 1.09707534e-08  1.16490403e+00  6.25378086e-08 -8.93275866e-05 
 1.09853767e-08  1.18245201e+00  6.25378086e-08 -8.84081900e-05 
 1.10000000e-08  1.20000000e+00  6.25378132e-08 -1.03119618e-04 
 1.10029247e-08  1.20000000e+00  6.25378108e-08 -9.98080004e-05 
 1.10087740e-08  1.20000000e+00  6.25378113e-08 -8.93610642e-05 
 1.10204727e-08  1.20000000e+00  6.25378141e-08 -6.30164871e-05 
 1.10343172e-08  1.20000000e+00  6.25378106e-08 -6.26540608e-05 
 1.10504229e-08  1.20000000e+00  6.25378097e-08 -8.25966263e-05 
 1.10701171e-08  1.20000000e+00  6.25378078e-08 -9.08364753e-05 
 1.10878130e-08  1.20000000e+00  6.25378120e-08 -1.01782628e-04 
 1.11040039e-08  1.20000000e+00  6.25378105e-08 -7.55587284e-05 
 1.11225688e-08  1.20000000e+00  6.25378071e-08 -5.66338320e-05 
 1.11368427e-08  1.20000000e+00  6.25378112e-08 -8.24706428e-05 
 1.11557387e-08  1.20000000e+00  6.25378014e-08 -8.77444076e-05 
 1.11776464e-08  1.20000000e+00  6.25378053e-08 -1.03814058e-04 
 1.11959691e-08  1.20000000e+00  6.25378167e-08 -6.90756827e-05 
 1.12155677e-08  1.20000000e+00  6.25378114e-08 -6.24615020e-05 
 1.12303876e-08  1.20000000e+00  6.25378074e-08 -8.47908689e-05 
 1.12495017e-08  1.20000000e+00  6.25378165e-08 -8.92781283e-05 
 1.12667449e-08  1.20000000e+00  6.25378194e-08 -1.03250215e-04 
 1.12830371e-08  1.20000000e+00  6.25378110e-08 -7.43396543e-05 
 1.13013228e-08  1.20000000e+00  6.25377999e-08 -5.77498291e-05 
 1.13155044e-08  1.20000000e+00  6.25377978e-08 -8.05225258e-05 
 1.13343533e-08  1.20000000e+00  6.25378132e-08 -8.90929869e-05 
 1.13561651e-08  1.20000000e+00  6.25378172e-08 -1.02402356e-04 
 1.13744379e-08  1.20000000e+00  6.25378098e-08 -7.20056340e-05 
 1.13942961e-08  1.20000000e+00  6.25377984e-08 -6.01285650e-05 
 1.14093248e-08  1.20000000e+00  6.25378105e-08 -8.61286554e-05 
 1.14283482e-08  1.20000000e+00  6.25378250e-08 -8.77212875e-05 
 1.14459272e-08  1.20000000e+00  6.25378118e-08 -1.04690585e-04 
 1.14623440e-08  1.20000000e+00  6.25377998e-08 -7.26694711e-05 
 1.14807027e-08  1.20000000e+00  6.25378073e-08 -5.93226221e-05 
 1.14949348e-08  1.20000000e+00  6.25378139e-08 -7.94708512e-05 
 1.15137989e-08  1.20000000e+00  6.25378103e-08 -9.04364892e-05 
 1.15356898e-08  1.20000000e+00  6.25378084e-08 -1.01132574e-04 
 1.15540027e-08  1.20000000e+00  6.25378110e-08 -7.23753521e-05 
 1.15737191e-08  1.20000000e+00  6.25378177e-08 -5.94464301e-05 
 1.15886309e-08  1.20000000e+00  6.25378143e-08 -8.73660513e-05 
 1.16077037e-08  1.20000000e+00  6.25378032e-08 -8.66521118e-05 
 1.16250779e-08  1.20000000e+00  6.25378093e-08 -1.05795097e-04 
 1.16414182e-08  1.20000000e+00  6.25378105e-08 -7.17428962e-05 
 1.16597313e-08  1.20000000e+00  6.25378066e-08 -6.02763058e-05 
 1.16739325e-08  1.20000000e+00  6.25378147e-08 -7.82359086e-05 
 1.16927870e-08  1.20000000e+00  6.25378132e-08 -9.14627693e-05 
 1.17146285e-08  1.20000000e+00  6.25378151e-08 -1.00089527e-04 
 1.17329166e-08  1.20000000e+00  6.25378102e-08 -7.39485583e-05 
 1.17527196e-08  1.20000000e+00  6.25377988e-08 -5.80898664e-05 
 1.17677025e-08  1.20000000e+00  6.25378084e-08 -8.83393712e-05 
 1.17867445e-08  1.20000000e+00  6.25378191e-08 -8.55989343e-05 
 1.18042465e-08  1.20000000e+00  6.25378117e-08 -1.06796688e-04 
 1.18206347e-08  1.20000000e+00  6.25378100e-08 -7.06648069e-05 
 1.18389763e-08  1.20000000e+00  6.25378115e-08 -6.13125326e-05 
 1.18531974e-08  1.20000000e+00  6.25378111e-08 -7.74060269e-05 
 1.18720575e-08  1.20000000e+00  6.25378066e-08 -9.23969614e-05 
 1.18939288e-08  1.20000000e+00  6.25378067e-08 -9.91881004e-05 
 1.19122319e-08  1.20000000e+00  6.25378147e-08 -7.45017307e-05 
 1.19319813e-08  1.20000000e+00  6.25378163e-08 -5.74250977e-05 
 1.19469201e-08  1.20000000e+00  6.25378198e-08 -8.92072228e-05 
 1.19659809e-08  1.20000000e+00  6.25378131e-08 -8.48012045e-05 
 1.19834052e-08  1.20000000e+00  6.25378061e-08 -1.07601333e-04 
 1.19997644e-08  1.20000000e+00  6.25377996e-08 -6.99337104e-05 
 1.20180887e-08  1.20000000e+00  6.25378106e-08 -6.20476822e-05 
 1.20322980e-08  1.20000000e+00  6.25377748e-08 -7.65722584e-05 
 1.20511544e-08  1.20000000e+00  6.25378052e-08 -9.31462115e-05 
 1.20730073e-08  1.20000000e+00  6.25378629e-08 -9.84369286e-05 
 1.20913011e-08  1.20000000e+00  6.25377011e-08 -7.54469664e-05 
 1.21110832e-08  1.20000000e+00  6.25379768e-08 -5.65669362e-05 
 1.21260490e-08  1.20000000e+00  6.25378799e-08 -8.99148852e-05 
 1.21450981e-08  1.20000000e+00  6.25371568e-08 -8.40688106e-05 
 1.21625705e-08  1.20000000e+00  6.25394895e-08 -1.08309019e-04 
 1.21789477e-08  1.20000000e+00  6.25348540e-08 -6.92025010e-05 
 1.21972827e-08  1.20000000e+00  6.25409554e-08 -6.27579791e-05 
 1.22114995e-08  1.20000000e+00  6.25420346e-08 -7.59461731e-05 
 1.22303580e-08  1.20000000e+00  6.25215744e-08 -9.38069547e-05 
 1.22522222e-08  1.20000000e+00  6.25636279e-08 -9.77923795e-05 
 1.22705217e-08  1.20000000e+00  6.25068497e-08 -7.59551270e-05 
 1.22902836e-08  1.20000000e+00  6.25256575e-08 -5.60209712e-05 
 1.23052327e-08  1.20000000e+00  6.27600345e-08 -9.05323111e-05 
 1.23242890e-08  1.20000000e+00  6.21982705e-08 -8.34822285e-05 
 1.23417320e-08  1.20000000e+00  6.29927765e-08 -1.08893676e-04 
 1.23580981e-08  1.20000000e+00  6.17881342e-08 -6.86502925e-05 
 1.23764266e-08  1.20000000e+00  6.13430362e-08 -6.33074945e-05 
 1.23906389e-08  1.20000000e+00  6.75722571e-08 -7.53646765e-05 
 1.24094961e-08  1.20000000e+00  5.98089474e-08 -9.43525856e-05 
 1.24313533e-08  1.20000000e+00  6.84783011e-08 -9.72492924e-05 
 1.24496493e-08  1.20000000e+00  6.19471510e-08 -7.65675574e-05 
 1.24694235e-08  1.20000000e+00 -2.39132912e-08 -5.54449678e-05 
 1.24843829e-08  1.20000000e+00  1.11921775e-07 -9.10470833e-05 
 1.25034348e-08  1.20000000e+00  1.49235493e-07 -8.29616989e-05 
 1.25208959e-08  1.20000000e+00  5.90343500e-07 -1.09401341e-04 
 1.25372688e-08  1.20000000e+00  5.75804964e-07 -6.81375665e-05 
 1.25556014e-08  1.20000000e+00 -2.86333975e-06 -6.38071151e-05 
 1.25698164e-08  1.20000000e+00 -3.40506253e-06 -7.49016535e-05 
 1.25886744e-08  1.20000000e+00 -1.89239748e-06 -9.48262658e-05 
 1.26105359e-08  1.20000000e+00  1.83166120e-05 -9.67924156e-05 
 1.26288340e-08  1.20000000e+00  6.07223880e-05 -7.69873211e-05 
 1.26486007e-08  1.20000000e+00 -4.40826694e-05 -5.49589302e-05 
 1.26635538e-08  1.20000000e+00 -2.49600516e-04 -9.14484459e-05 
 1.26826084e-08  1.20000000e+00 -5.30108672e-04 -8.24830025e-05 
 1.27000583e-08  1.20000000e+00  1.71094322e-04 -1.10302514e-04 
 1.27164268e-08  1.20000000e+00  3.14315087e-03 -6.87952600e-05 
 1.27347565e-08  1.20000000e+00  5.09240684e-03 -6.35081676e-05 
 1.27489676e-08  1.20000000e+00 -2.62384989e-05 -7.16025604e-05 
 1.27678173e-08  1.20000000e+00 -2.46280123e-02 -8.68462443e-05 
 1.27897106e-08  1.20000000e+00 -4.09124292e-02 -9.91633618e-05 
 1.28040839e-08  1.20000000e+00  1.64555567e-02 -1.38166559e-04 
 1.28206915e-08  1.20000000e+00  1.63821952e-01 -1.16400006e-04 
 1.28341528e-08  1.20000000e+00  3.03553077e-01 -1.27138233e-04 
 1.28502163e-08  1.20000000e+00  4.66617034e-01 -1.03550296e-04 
 1.28706342e-08  1.20000000e+00  6.60625331e-01 -1.09612170e-04 
 1.29002488e-08  1.20000000e+00  8.92871873e-01 -6.79772770e-05 
 1.29351729e-08  1.20000000e+00  1.06762692e+00 -4.82527942e-05 
 1.29800967e-08  1.20000000e+00  1.16490189e+00 -3.56566479e-06 
 1.30162869e-08  1.20000000e+00  1.18827528e+00 -1.20760228e-05 
 1.30599121e-08  1.20000000e+00  1.19716170e+00  7.08380480e-06 
 1.31065970e-08  1.20000000e+00  1.19940990e+00 -8.23086702e-06 
 1.31911640e-08  1.20000000e+00  1.20005488e+00  8.02304670e-06 
 1.32911640e-08  1.20000000e+00  1.19998921e+00 -7.99831920e-06 
 1.33911640e-08  1.20000000e+00  1.20000326e+00  7.97561736e-06 
 1.34911640e-08  1.20000000e+00  1.19999771e+00 -7.96572288e-06 
 1.35911640e-08  1.20000000e+00  1.20000185e+00  7.94560933e-06 
 1.36911640e-08  1.20000000e+00  1.19999792e+00 -7.93626919e-06 
 1.37911640e-08  1.20000000e+00  1.20000183e+00  7.91635510e-06 
 1.38911640e-08  1.20000000e+00  1.19999791e+00 -7.90714626e-06 
 1.39911640e-08  1.20000000e+00  1.20000185e+00  7.88734473e-06 
 1.40911640e-08  1.20000000e+00  1.19999790e+00 -7.87823935e-06 
 1.41911640e-08  1.20000000e+00  1.20000185e+00  7.85853458e-06 
 1.42911640e-08  1.20000000e+00  1.19999790e+00 -7.84952067e-06 
 1.43911640e-08  1.20000000e+00  1.20000185e+00  7.82990283e-06 
 1.44911640e-08  1.20000000e+00  1.19999790e+00 -7.82097221e-06 
 1.45911640e-08  1.20000000e+00  1.20000185e+00  7.80143447e-06 
 1.46911640e-08  1.20000000e+00  1.19999791e+00 -7.79258147e-06 
 1.47911640e-08  1.20000000e+00  1.20000184e+00  7.77311910e-06 
 1.48911640e-08  1.20000000e+00  1.19999792e+00 -7.76433975e-06 
 1.49911640e-08  1.20000000e+00  1.20000183e+00  7.74494943e-06 
 1.50911640e-08  1.20000000e+00  1.19999793e+00 -7.73624096e-06 
 1.51911640e-08  1.20000000e+00  1.20000181e+00  7.71692038e-06 
 1.52911640e-08  1.20000000e+00  1.19999795e+00 -7.70828082e-06 
 1.53911640e-08  1.20000000e+00  1.20000180e+00  7.68902833e-06 
 1.54911640e-08  1.20000000e+00  1.19999796e+00 -7.68045630e-06 
 1.55911640e-08  1.20000000e+00  1.20000178e+00  7.66127070e-06 
 1.56911640e-08  1.20000000e+00  1.19999798e+00 -7.65276519e-06 
 1.57911640e-08  1.20000000e+00  1.20000177e+00  7.63364562e-06 
 1.58911640e-08  1.20000000e+00  1.19999799e+00 -7.62520587e-06 
 1.59911640e-08  1.20000000e+00  1.20000175e+00  7.60615167e-06 
 1.60911640e-08  1.20000000e+00  1.19999801e+00 -7.59777711e-06 
 1.61911640e-08  1.20000000e+00  1.20000174e+00  7.57878779e-06 
 1.62911640e-08  1.20000000e+00  1.19999802e+00 -7.57047796e-06 
 1.63911640e-08  1.20000000e+00  1.20000172e+00  7.55155311e-06 
 1.64911640e-08  1.20000000e+00  1.19999804e+00 -7.54330765e-06 
 1.65911640e-08  1.20000000e+00  1.20000170e+00  7.52444694e-06 
 1.66911640e-08  1.20000000e+00  1.19999805e+00 -7.51626554e-06 
 1.67911640e-08  1.20000000e+00  1.20000169e+00  7.49746867e-06 
 1.68911640e-08  1.20000000e+00  1.19999807e+00 -7.48935107e-06 
 1.69911640e-08  1.20000000e+00  1.20000167e+00  7.47061779e-06 
 1.70911640e-08  1.20000000e+00  1.19999809e+00 -7.46256373e-06 
 1.71911640e-08  1.20000000e+00  1.20000166e+00  7.44389382e-06 
 1.72911640e-08  1.20000000e+00  1.19999810e+00 -7.43590308e-06 
 1.73911640e-08  1.20000000e+00  1.20000164e+00  7.41729632e-06 
 1.74911640e-08  1.20000000e+00  1.19999812e+00 -7.40936868e-06 
 1.75911640e-08  1.20000000e+00  1.20000163e+00  7.39082485e-06 
 1.76911640e-08  1.20000000e+00  1.19999813e+00 -7.38296012e-06 
 1.77911640e-08  1.20000000e+00  1.20000161e+00  7.36447902e-06 
 1.78911640e-08  1.20000000e+00  1.19999815e+00 -7.35667699e-06 
 1.79911640e-08  1.20000000e+00  1.20000160e+00  7.33825843e-06 
 1.80911640e-08  1.20000000e+00  1.19999816e+00 -7.33051890e-06 
 1.81911640e-08  1.20000000e+00  1.20000158e+00  7.31216267e-06 
 1.82911640e-08  1.20000000e+00  1.19999818e+00 -7.30448545e-06 
 1.83911640e-08  1.20000000e+00  1.20000157e+00  7.28619137e-06 
 1.84911640e-08  1.20000000e+00  1.19999819e+00 -7.27857627e-06 
 1.85911640e-08  1.20000000e+00  1.20000155e+00  7.26034414e-06 
 1.86911640e-08  1.20000000e+00  1.19999820e+00 -7.25279096e-06 
 1.87911640e-08  1.20000000e+00  1.20000154e+00  7.23462060e-06 
 1.88911640e-08  1.20000000e+00  1.19999822e+00 -7.22712913e-06 
 1.89911640e-08  1.20000000e+00  1.20000153e+00  7.20902034e-06 
 1.90911640e-08  1.20000000e+00  1.19999823e+00 -7.20159041e-06 
 1.91911640e-08  1.20000000e+00  1.20000151e+00  7.18354300e-06 
 1.92911640e-08  1.20000000e+00  1.19999825e+00 -7.17617441e-06 
 1.93911640e-08  1.20000000e+00  1.20000150e+00  7.15818819e-06 
 1.94911640e-08  1.20000000e+00  1.19999826e+00 -7.15088074e-06 
 1.95911640e-08  1.20000000e+00  1.20000148e+00  7.13295551e-06 
 1.96911640e-08  1.20000000e+00  1.19999827e+00 -7.12570901e-06 
 1.97911640e-08  1.20000000e+00  1.20000147e+00  7.10784457e-06 
 1.98911640e-08  1.20000000e+00  1.19999829e+00 -7.10065883e-06 
 1.99911640e-08  1.20000000e+00  1.20000146e+00  7.08285500e-06 
 2.00911640e-08  1.20000000e+00  1.19999830e+00 -7.07572982e-06 
 2.01911640e-08  1.20000000e+00  1.20000144e+00  7.05798639e-06 
 2.02911640e-08  1.20000000e+00  1.19999832e+00 -7.05092158e-06 
 2.03911640e-08  1.20000000e+00  1.20000143e+00  7.03323837e-06 
 2.04911640e-08  1.20000000e+00  1.19999833e+00 -7.02623371e-06 
 2.05911640e-08  1.20000000e+00  1.20000142e+00  7.00861052e-06 
 2.06911640e-08  1.20000000e+00  1.19999834e+00 -7.00166584e-06 
 2.07911640e-08  1.20000000e+00  1.20000140e+00  6.98410247e-06 
 2.08911640e-08  1.20000000e+00  1.19999835e+00 -6.97721756e-06 
 2.09911640e-08  1.20000000e+00  1.20000139e+00  6.95971381e-06 
 2.10911640e-08  1.20000000e+00  1.19999837e+00 -6.95288847e-06 
 2.11911640e-08  1.20000000e+00  1.20000138e+00  6.93544415e-06 
 2.12911640e-08  1.20000000e+00  1.19999838e+00 -6.92867819e-06 
 2.13911640e-08  1.20000000e+00  1.20000136e+00  6.91129309e-06 
 2.14911640e-08  1.20000000e+00  1.19999839e+00 -6.90458630e-06 
 2.15911640e-08  1.20000000e+00  1.20000135e+00  6.88726024e-06 
 2.16911640e-08  1.20000000e+00  1.19999841e+00 -6.88061242e-06 
 2.17911640e-08  1.20000000e+00  1.20000134e+00  6.86334519e-06 
 2.18911640e-08  1.20000000e+00  1.19999842e+00 -6.85675615e-06 
 2.19911640e-08  1.20000000e+00  1.20000133e+00  6.83954755e-06 
 2.20911640e-08  1.20000000e+00  1.19999843e+00 -6.83301708e-06 
 2.21911640e-08  1.20000000e+00  1.20000131e+00  6.81586691e-06 
 2.22911640e-08  1.20000000e+00  1.19999844e+00 -6.80939482e-06 
 2.23911640e-08  1.20000000e+00  1.20000130e+00  6.79230288e-06 
 2.24911640e-08  1.20000000e+00  1.19999846e+00 -6.78588896e-06 
 2.25911640e-08  1.20000000e+00  1.20000129e+00  6.76885504e-06 
 2.26911640e-08  1.20000000e+00  1.19999847e+00 -6.76249909e-06 
 2.27911640e-08  1.20000000e+00  1.20000128e+00  6.74552301e-06 
 2.28911640e-08  1.20000000e+00  1.19999848e+00 -6.73922483e-06 
 2.29911640e-08  1.20000000e+00  1.20000127e+00  6.72230637e-06 
 2.30911640e-08  1.20000000e+00  1.19999849e+00 -6.71606575e-06 
 2.31911640e-08  1.20000000e+00  1.20000125e+00  6.69920472e-06 
 2.32911640e-08  1.20000000e+00  1.19999850e+00 -6.69302146e-06 
 2.33911640e-08  1.20000000e+00  1.20000124e+00  6.67621765e-06 
 2.34911640e-08  1.20000000e+00  1.19999852e+00 -6.67009156e-06 
 2.35911640e-08  1.20000000e+00  1.20000123e+00  6.65334477e-06 
 2.36911640e-08  1.20000000e+00  1.19999853e+00 -6.64727563e-06 
 2.37911640e-08  1.20000000e+00  1.20000122e+00  6.63058566e-06 
 2.38911640e-08  1.20000000e+00  1.19999854e+00 -6.62457327e-06 
 2.39911640e-08  1.20000000e+00  1.20000121e+00  6.60793991e-06 
 2.40911640e-08  1.20000000e+00  1.19999855e+00 -6.60198407e-06 
 2.41911640e-08  1.20000000e+00  1.20000120e+00  6.58540712e-06 
 2.42911640e-08  1.20000000e+00  1.19999856e+00 -6.57950763e-06 
 2.43911640e-08  1.20000000e+00  1.20000118e+00  6.56298689e-06 
 2.44911640e-08  1.20000000e+00  1.19999857e+00 -6.55714353e-06 
 2.45911640e-08  1.20000000e+00  1.20000117e+00  6.54067880e-06 
 2.46911640e-08  1.20000000e+00  1.19999858e+00 -6.53489138e-06 
 2.47911640e-08  1.20000000e+00  1.20000116e+00  6.51848244e-06 
 2.48911640e-08  1.20000000e+00  1.19999859e+00 -6.51275075e-06 
 2.49911640e-08  1.20000000e+00  1.20000115e+00  6.49639741e-06 
 2.50911640e-08  1.20000000e+00  1.19999860e+00 -6.49072125e-06 
 2.51911640e-08  1.20000000e+00  1.20000114e+00  6.47442330e-06 
 2.52911640e-08  1.20000000e+00  1.19999862e+00 -6.46880246e-06 
 2.53911640e-08  1.20000000e+00  1.20000113e+00  6.45255969e-06 
 2.54911640e-08  1.20000000e+00  1.19999863e+00 -6.44699397e-06 
 2.55911640e-08  1.20000000e+00  1.20000112e+00  6.43080618e-06 
 2.56911640e-08  1.20000000e+00  1.19999864e+00 -6.42529537e-06 
 2.57911640e-08  1.20000000e+00  1.20000111e+00  6.40916236e-06 
 2.58911640e-08  1.20000000e+00  1.19999865e+00 -6.40370625e-06 
 2.59911640e-08  1.20000000e+00  1.20000110e+00  6.38762782e-06 
 2.60911640e-08  1.20000000e+00  1.19999866e+00 -6.38222621e-06 
 2.61911640e-08  1.20000000e+00  1.20000109e+00  6.36620214e-06 
 2.62911640e-08  1.20000000e+00  1.19999867e+00 -6.36085482e-06 
 2.63911640e-08  1.20000000e+00  1.20000108e+00  6.34488492e-06 
 2.64911640e-08  1.20000000e+00  1.19999868e+00 -6.33959169e-06 
 2.65911640e-08  1.20000000e+00  1.20000107e+00  6.32367575e-06 
 2.66911640e-08  1.20000000e+00  1.19999869e+00 -6.31843640e-06 
 2.67911640e-08  1.20000000e+00  1.20000106e+00  6.30257421e-06 
 2.68911640e-08  1.20000000e+00  1.19999870e+00 -6.29738854e-06 
 2.69911640e-08  1.20000000e+00  1.20000105e+00  6.28157989e-06 
 2.70911640e-08  1.20000000e+00  1.19999871e+00 -6.27644769e-06 
 2.71911640e-08  1.20000000e+00  1.20000104e+00  6.26069239e-06 
 2.72911640e-08  1.20000000e+00  1.19999872e+00 -6.25561346e-06 
 2.73911640e-08  1.20000000e+00  1.20000103e+00  6.23991129e-06 
 2.74911640e-08  1.20000000e+00  1.19999873e+00 -6.23488542e-06 
 2.75911640e-08  1.20000000e+00  1.20000102e+00  6.21923618e-06 
 2.76911640e-08  1.20000000e+00  1.19999874e+00 -6.21426316e-06 
 2.77911640e-08  1.20000000e+00  1.20000101e+00  6.19866666e-06 
 2.78911640e-08  1.20000000e+00  1.19999875e+00 -6.19374628e-06 
 2.79911640e-08  1.20000000e+00  1.20000100e+00  6.17820230e-06 
 2.80911640e-08  1.20000000e+00  1.19999876e+00 -6.17333437e-06 
 2.81911640e-08  1.20000000e+00  1.20000099e+00  6.15784270e-06 
 2.82911640e-08  1.20000000e+00  1.19999877e+00 -6.15302701e-06 
 2.83911640e-08  1.20000000e+00  1.20000098e+00  6.13758745e-06 
 2.84911640e-08  1.20000000e+00  1.19999878e+00 -6.13282379e-06 
 2.85911640e-08  1.20000000e+00  1.20000097e+00  6.11743614e-06 
 2.86911640e-08  1.20000000e+00  1.19999879e+00 -6.11272430e-06 
 2.87911640e-08  1.20000000e+00  1.20000096e+00  6.09738836e-06 
 2.88911640e-08  1.20000000e+00  1.19999879e+00 -6.09272814e-06 
 2.89911640e-08  1.20000000e+00  1.20000095e+00  6.07744369e-06 
 2.90911640e-08  1.20000000e+00  1.19999880e+00 -6.07283489e-06 
 2.91911640e-08  1.20000000e+00  1.20000094e+00  6.05760173e-06 
 2.92911640e-08  1.20000000e+00  1.19999881e+00 -6.05304414e-06 
 2.93911640e-08  1.20000000e+00  1.20000093e+00  6.03786207e-06 
 2.94911640e-08  1.20000000e+00  1.19999882e+00 -6.03335549e-06 
 2.95911640e-08  1.20000000e+00  1.20000092e+00  6.01822430e-06 
 2.96911640e-08  1.20000000e+00  1.19999883e+00 -6.01376852e-06 
 2.97911640e-08  1.20000000e+00  1.20000092e+00  5.99868801e-06 
 2.98911640e-08  1.20000000e+00  1.19999884e+00 -5.99428283e-06 
 2.99911640e-08  1.20000000e+00  1.20000091e+00  5.97925279e-06 
 3.00911640e-08  1.20000000e+00  1.19999885e+00 -5.97489800e-06 
 3.01911640e-08  1.20000000e+00  1.20000090e+00  5.95991823e-06 
 3.02911640e-08  1.20000000e+00  1.19999886e+00 -5.95561363e-06 
 3.03911640e-08  1.20000000e+00  1.20000089e+00  5.94068393e-06 
 3.04911640e-08  1.20000000e+00  1.19999887e+00 -5.93642931e-06 
 3.05911640e-08  1.20000000e+00  1.20000088e+00  5.92154947e-06 
 3.06911640e-08  1.20000000e+00  1.19999887e+00 -5.91734463e-06 
 3.07911640e-08  1.20000000e+00  1.20000087e+00  5.90251446e-06 
 3.08911640e-08  1.20000000e+00  1.19999888e+00 -5.89835919e-06 
 3.09911640e-08  1.20000000e+00  1.20000086e+00  5.88357847e-06 
 3.10911640e-08  1.20000000e+00  1.19999889e+00 -5.87947258e-06 
 3.11911640e-08  1.20000000e+00  1.20000086e+00  5.86474111e-06 
 3.12911640e-08  1.20000000e+00  1.19999890e+00 -5.86068438e-06 
 3.13911640e-08  1.20000000e+00  1.20000085e+00  5.84600197e-06 
 3.14911640e-08  1.20000000e+00  1.19999891e+00 -5.84199421e-06 
 3.15911640e-08  1.20000000e+00  1.20000084e+00  5.82736064e-06 
 3.16911640e-08  1.20000000e+00  1.19999892e+00 -5.82340165e-06 
 3.17911640e-08  1.20000000e+00  1.20000083e+00  5.80881672e-06 
 3.18911640e-08  1.20000000e+00  1.19999892e+00 -5.80490629e-06 
 3.19911640e-08  1.20000000e+00  1.20000082e+00  5.79036981e-06 
 3.20911640e-08  1.20000000e+00  1.19999893e+00 -5.78650773e-06 
 3.21911640e-08  1.20000000e+00  1.20000082e+00  5.77201949e-06 
 3.22911640e-08  1.20000000e+00  1.19999894e+00 -5.76820557e-06 
 3.23911640e-08  1.20000000e+00  1.20000081e+00  5.75376537e-06 
 3.24911640e-08  1.20000000e+00  1.19999895e+00 -5.74999940e-06 
 3.25911640e-08  1.20000000e+00  1.20000080e+00  5.73560704e-06 
 3.26911640e-08  1.20000000e+00  1.19999896e+00 -5.73188883e-06 
 3.27911640e-08  1.20000000e+00  1.20000079e+00  5.71754411e-06 
 3.28911640e-08  1.20000000e+00  1.19999896e+00 -5.71387344e-06 
 3.29911640e-08  1.20000000e+00  1.20000078e+00  5.69957616e-06 
 3.30911640e-08  1.20000000e+00  1.19999897e+00 -5.69595284e-06 
 3.31911640e-08  1.20000000e+00  1.20000078e+00  5.68170279e-06 
 3.32911640e-08  1.20000000e+00  1.19999898e+00 -5.67812662e-06 
 3.33911640e-08  1.20000000e+00  1.20000077e+00  5.66392361e-06 
 3.34911640e-08  1.20000000e+00  1.19999899e+00 -5.66039439e-06 
 3.35911640e-08  1.20000000e+00  1.20000076e+00  5.64623822e-06 
 3.36911640e-08  1.20000000e+00  1.19999899e+00 -5.64275575e-06 
 3.37911640e-08  1.20000000e+00  1.20000075e+00  5.62864621e-06 
 3.38911640e-08  1.20000000e+00  1.19999900e+00 -5.62521029e-06 
 3.39911640e-08  1.20000000e+00  1.20000075e+00  5.61114719e-06 
 3.40911640e-08  1.20000000e+00  1.19999901e+00 -5.60775762e-06 
 3.41911640e-08  1.20000000e+00  1.20000074e+00  5.59374075e-06 
 3.42911640e-08  1.20000000e+00  1.19999902e+00 -5.59039734e-06 
 3.43911640e-08  1.20000000e+00  1.20000073e+00  5.57642651e-06 
 3.44911640e-08  1.20000000e+00  1.19999902e+00 -5.57312905e-06 
 3.45911640e-08  1.20000000e+00  1.20000072e+00  5.55920406e-06 
 3.46911640e-08  1.20000000e+00  1.19999903e+00 -5.55595235e-06 
 3.47911640e-08  1.20000000e+00  1.20000072e+00  5.54207301e-06 
 3.48911640e-08  1.20000000e+00  1.19999904e+00 -5.53886686e-06 
 3.49911640e-08  1.20000000e+00  1.20000071e+00  5.52503296e-06 
 3.50911640e-08  1.20000000e+00  1.19999904e+00 -5.52187217e-06 
 3.51911640e-08  1.20000000e+00  1.20000070e+00  5.50808352e-06 
 3.52911640e-08  1.20000000e+00  1.19999905e+00 -5.50496789e-06 
 3.53911640e-08  1.20000000e+00  1.20000070e+00  5.49122429e-06 
 3.54911640e-08  1.20000000e+00  1.19999906e+00 -5.48815362e-06 
 3.55911640e-08  1.20000000e+00  1.20000069e+00  5.47445489e-06 
 3.56911640e-08  1.20000000e+00  1.19999906e+00 -5.47142898e-06 
 3.57911640e-08  1.20000000e+00  1.20000068e+00  5.45777491e-06 
 3.58911640e-08  1.20000000e+00  1.19999907e+00 -5.45479358e-06 
 3.59911640e-08  1.20000000e+00  1.20000068e+00  5.44118396e-06 
 3.60911640e-08  1.20000000e+00  1.19999908e+00 -5.43824701e-06 
 3.61911640e-08  1.20000000e+00  1.20000067e+00  5.42468167e-06 
 3.62911640e-08  1.20000000e+00  1.19999908e+00 -5.42178889e-06 
 3.63911640e-08  1.20000000e+00  1.20000066e+00  5.40826762e-06 
 3.64911640e-08  1.20000000e+00  1.19999909e+00 -5.40541884e-06 
 3.65911640e-08  1.20000000e+00  1.20000066e+00  5.39194145e-06 
 3.66911640e-08  1.20000000e+00  1.19999910e+00 -5.38913645e-06 
 3.67911640e-08  1.20000000e+00  1.20000065e+00  5.37570275e-06 
 3.68911640e-08  1.20000000e+00  1.19999910e+00 -5.37294135e-06 
 3.69911640e-08  1.20000000e+00  1.20000064e+00  5.35955114e-06 
 3.70911640e-08  1.20000000e+00  1.19999911e+00 -5.35683314e-06 
 3.71911640e-08  1.20000000e+00  1.20000064e+00  5.34348623e-06 
 3.72911640e-08  1.20000000e+00  1.19999912e+00 -5.34081145e-06 
 3.73911640e-08  1.20000000e+00  1.20000063e+00  5.32750764e-06 
 3.74911640e-08  1.20000000e+00  1.19999912e+00 -5.32487588e-06 
 3.75911640e-08  1.20000000e+00  1.20000062e+00  5.31161499e-06 
 3.76911640e-08  1.20000000e+00  1.19999913e+00 -5.30902605e-06 
 3.77911640e-08  1.20000000e+00  1.20000062e+00  5.29580788e-06 
 3.78911640e-08  1.20000000e+00  1.19999914e+00 -5.29326158e-06 
 3.79911640e-08  1.20000000e+00  1.20000061e+00  5.28008594e-06 
 3.80911640e-08  1.20000000e+00  1.19999914e+00 -5.27758208e-06 
 3.81911640e-08  1.20000000e+00  1.20000061e+00  5.26444878e-06 
 3.82911640e-08  1.20000000e+00  1.19999915e+00 -5.26198717e-06 
 3.83911640e-08  1.20000000e+00  1.20000060e+00  5.24889602e-06 
 3.84911640e-08  1.20000000e+00  1.19999915e+00 -5.24647648e-06 
 3.85911640e-08  1.20000000e+00  1.20000059e+00  5.23342729e-06 
 3.86911640e-08  1.20000000e+00  1.19999916e+00 -5.23104962e-06 
 3.87911640e-08  1.20000000e+00  1.20000059e+00  5.21804219e-06 
 3.88911640e-08  1.20000000e+00  1.19999917e+00 -5.21570620e-06 
 3.89911640e-08  1.20000000e+00  1.20000058e+00  5.20274036e-06 
 3.90911640e-08  1.20000000e+00  1.19999917e+00 -5.20044587e-06 
 3.91911640e-08  1.20000000e+00  1.20000058e+00  5.18752142e-06 
 3.92911640e-08  1.20000000e+00  1.19999918e+00 -5.18526823e-06 
 3.93911640e-08  1.20000000e+00  1.20000057e+00  5.17238498e-06 
 3.94911640e-08  1.20000000e+00  1.19999918e+00 -5.17017291e-06 
 3.95911640e-08  1.20000000e+00  1.20000056e+00  5.15733068e-06 
 3.96911640e-08  1.20000000e+00  1.19999919e+00 -5.15515953e-06 
 3.97911640e-08  1.20000000e+00  1.20000056e+00  5.14235813e-06 
 3.98911640e-08  1.20000000e+00  1.19999920e+00 -5.14022773e-06 
 3.99911640e-08  1.20000000e+00  1.20000055e+00  5.12746697e-06 
 4.00911640e-08  1.20000000e+00  1.19999920e+00 -5.12537712e-06 
 4.01911640e-08  1.20000000e+00  1.20000055e+00  5.11265682e-06 
 4.02911640e-08  1.20000000e+00  1.19999921e+00 -5.11060734e-06 
 4.03911640e-08  1.20000000e+00  1.20000054e+00  5.09792732e-06 
 4.04911640e-08  1.20000000e+00  1.19999921e+00 -5.09591802e-06 
 4.05911640e-08  1.20000000e+00  1.20000054e+00  5.08327808e-06 
 4.06911640e-08  1.20000000e+00  1.19999922e+00 -5.08130878e-06 
 4.07911640e-08  1.20000000e+00  1.20000053e+00  5.06870874e-06 
 4.08911640e-08  1.20000000e+00  1.19999922e+00 -5.06677925e-06 
 4.09911640e-08  1.20000000e+00  1.20000053e+00  5.05421893e-06 
 4.10911640e-08  1.20000000e+00  1.19999923e+00 -5.05232908e-06 
 4.11911640e-08  1.20000000e+00  1.20000052e+00  5.03980828e-06 
 4.12911640e-08  1.20000000e+00  1.19999923e+00 -5.03795788e-06 
 4.13911640e-08  1.20000000e+00  1.20000051e+00  5.02547643e-06 
 4.14911640e-08  1.20000000e+00  1.19999924e+00 -5.02366529e-06 
 4.15911640e-08  1.20000000e+00  1.20000051e+00  5.01122301e-06 
 4.16911640e-08  1.20000000e+00  1.19999924e+00 -5.00945095e-06 
 4.17911640e-08  1.20000000e+00  1.20000050e+00  4.99704766e-06 
 4.18911640e-08  1.20000000e+00  1.19999925e+00 -4.99531450e-06 
 4.19911640e-08  1.20000000e+00  1.20000050e+00  4.98295001e-06 
 4.20911640e-08  1.20000000e+00  1.19999925e+00 -4.98125557e-06 
 4.21911640e-08  1.20000000e+00  1.20000049e+00  4.96892970e-06 
 4.22911640e-08  1.20000000e+00  1.19999926e+00 -4.96727379e-06 
 4.23911640e-08  1.20000000e+00  1.20000049e+00  4.95498637e-06 
 4.24911640e-08  1.20000000e+00  1.19999926e+00 -4.95336882e-06 
 4.25911640e-08  1.20000000e+00  1.20000048e+00  4.94111966e-06 
 4.26911640e-08  1.20000000e+00  1.19999927e+00 -4.93954028e-06 
 4.27911640e-08  1.20000000e+00  1.20000048e+00  4.92732920e-06 
 4.28911640e-08  1.20000000e+00  1.19999927e+00 -4.92578783e-06 
 4.29911640e-08  1.20000000e+00  1.20000047e+00  4.91361465e-06 
 4.30911640e-08  1.20000000e+00  1.19999928e+00 -4.91211109e-06 
 4.31911640e-08  1.20000000e+00  1.20000047e+00  4.89997564e-06 
 4.32911640e-08  1.20000000e+00  1.19999928e+00 -4.89850972e-06 
 4.33911640e-08  1.20000000e+00  1.20000046e+00  4.88641182e-06 
 4.34911640e-08  1.20000000e+00  1.19999929e+00 -4.88498336e-06 
 4.35911640e-08  1.20000000e+00  1.20000046e+00  4.87292283e-06 
 4.36911640e-08  1.20000000e+00  1.19999929e+00 -4.87153166e-06 
 4.37911640e-08  1.20000000e+00  1.20000045e+00  4.85950831e-06 
 4.38911640e-08  1.20000000e+00  1.19999930e+00 -4.85815425e-06 
 4.39911640e-08  1.20000000e+00  1.20000045e+00  4.84616793e-06 
 4.40911640e-08  1.20000000e+00  1.19999930e+00 -4.84485080e-06 
 4.41911640e-08  1.20000000e+00  1.20000044e+00  4.83290131e-06 
 4.42911640e-08  1.20000000e+00  1.19999931e+00 -4.83162094e-06 
 4.43911640e-08  1.20000000e+00  1.20000044e+00  4.81970813e-06 
 4.44911640e-08  1.20000000e+00  1.19999931e+00 -4.81846434e-06 
 4.45911640e-08  1.20000000e+00  1.20000044e+00  4.80658801e-06 
 4.46911640e-08  1.20000000e+00  1.19999932e+00 -4.80538063e-06 
 4.47911640e-08  1.20000000e+00  1.20000043e+00  4.79354062e-06 
 4.48911640e-08  1.20000000e+00  1.19999932e+00 -4.79236948e-06 
 4.49911640e-08  1.20000000e+00  1.20000043e+00  4.78056561e-06 
 4.50911640e-08  1.20000000e+00  1.19999933e+00 -4.77943053e-06 
 4.51911640e-08  1.20000000e+00  1.20000042e+00  4.76766263e-06 
 4.52911640e-08  1.20000000e+00  1.19999933e+00 -4.76656344e-06 
 4.53911640e-08  1.20000000e+00  1.20000042e+00  4.75483134e-06 
 4.54911640e-08  1.20000000e+00  1.19999934e+00 -4.75376786e-06 
 4.55911640e-08  1.20000000e+00  1.20000041e+00  4.74207139e-06 
 4.56911640e-08  1.20000000e+00  1.19999934e+00 -4.74104346e-06 
 4.57911640e-08  1.20000000e+00  1.20000041e+00  4.72938245e-06 
 4.58911640e-08  1.20000000e+00  1.19999934e+00 -4.72838988e-06 
 4.59911640e-08  1.20000000e+00  1.20000040e+00  4.71676416e-06 
 4.60911640e-08  1.20000000e+00  1.19999935e+00 -4.71580680e-06 
 4.61911640e-08  1.20000000e+00  1.20000040e+00  4.70421619e-06 
 4.62911640e-08  1.20000000e+00  1.19999935e+00 -4.70329386e-06 
 4.63911640e-08  1.20000000e+00  1.20000040e+00  4.69173820e-06 
 4.64911640e-08  1.20000000e+00  1.19999936e+00 -4.69085074e-06 
 4.65911640e-08  1.20000000e+00  1.20000039e+00  4.67932985e-06 
 4.66911640e-08  1.20000000e+00  1.19999936e+00 -4.67847708e-06 
 4.67911640e-08  1.20000000e+00  1.20000039e+00  4.66699081e-06 
 4.68911640e-08  1.20000000e+00  1.19999937e+00 -4.66617257e-06 
 4.69911640e-08  1.20000000e+00  1.20000038e+00  4.65472073e-06 
 4.70911640e-08  1.20000000e+00  1.19999937e+00 -4.65393685e-06 
 4.71911640e-08  1.20000000e+00  1.20000038e+00  4.64251929e-06 
 4.72911640e-08  1.20000000e+00  1.19999937e+00 -4.64176960e-06 
 4.73911640e-08  1.20000000e+00  1.20000037e+00  4.63038614e-06 
 4.74911640e-08  1.20000000e+00  1.19999938e+00 -4.62967048e-06 
 4.75911640e-08  1.20000000e+00  1.20000037e+00  4.61832097e-06 
 4.76911640e-08  1.20000000e+00  1.19999938e+00 -4.61763917e-06 
 4.77911640e-08  1.20000000e+00  1.20000037e+00  4.60632343e-06 
 4.78911640e-08  1.20000000e+00  1.19999939e+00 -4.60567532e-06 
 4.79911640e-08  1.20000000e+00  1.20000036e+00  4.59439319e-06 
 4.80911640e-08  1.20000000e+00  1.19999939e+00 -4.59377862e-06 
 4.81911640e-08  1.20000000e+00  1.20000036e+00  4.58252994e-06 
 4.82911640e-08  1.20000000e+00  1.19999939e+00 -4.58194873e-06 
 4.83911640e-08  1.20000000e+00  1.20000035e+00  4.57073333e-06 
 4.84911640e-08  1.20000000e+00  1.19999940e+00 -4.57018533e-06 
 4.85911640e-08  1.20000000e+00  1.20000035e+00  4.55900305e-06 
 4.86911640e-08  1.20000000e+00  1.19999940e+00 -4.55848808e-06 
 4.87911640e-08  1.20000000e+00  1.20000035e+00  4.54733876e-06 
 4.88911640e-08  1.20000000e+00  1.19999941e+00 -4.54685667e-06 
 4.89911640e-08  1.20000000e+00  1.20000034e+00  4.53574014e-06 
 4.90911640e-08  1.20000000e+00  1.19999941e+00 -4.53529078e-06 
 4.91911640e-08  1.20000000e+00  1.20000034e+00  4.52420688e-06 
 4.92911640e-08  1.20000000e+00  1.19999941e+00 -4.52379007e-06 
 4.93911640e-08  1.20000000e+00  1.20000034e+00  4.51273865e-06 
 4.94911640e-08  1.20000000e+00  1.19999942e+00 -4.51235423e-06 
 4.95911640e-08  1.20000000e+00  1.20000033e+00  4.50133512e-06 
 4.96911640e-08  1.20000000e+00  1.19999942e+00 -4.50098293e-06 
 4.97911640e-08  1.20000000e+00  1.20000033e+00  4.48999598e-06 
 4.98911640e-08  1.20000000e+00  1.19999942e+00 -4.48967587e-06 
 4.99911640e-08  1.20000000e+00  1.20000032e+00  4.47872091e-06 
 5.00911640e-08  1.20000000e+00  1.19999943e+00 -4.47843271e-06 
 5.01911640e-08  1.20000000e+00  1.20000032e+00  4.46750959e-06 
 5.02911640e-08  1.20000000e+00  1.19999943e+00 -4.46725315e-06 
 5.03911640e-08  1.20000000e+00  1.20000032e+00  4.45636170e-06 
 5.04911640e-08  1.20000000e+00  1.19999944e+00 -4.45613687e-06 
 5.05911640e-08  1.20000000e+00  1.20000031e+00  4.44527694e-06 
 5.06911640e-08  1.20000000e+00  1.19999944e+00 -4.44508355e-06 
 5.07911640e-08  1.20000000e+00  1.20000031e+00  4.43425499e-06 
 5.08911640e-08  1.20000000e+00  1.19999944e+00 -4.43409288e-06 
 5.09911640e-08  1.20000000e+00  1.20000031e+00  4.42329553e-06 
 5.10911640e-08  1.20000000e+00  1.19999945e+00 -4.42316455e-06 
 5.11911640e-08  1.20000000e+00  1.20000030e+00  4.41239825e-06 
 5.12911640e-08  1.20000000e+00  1.19999945e+00 -4.41229826e-06 
 5.13911640e-08  1.20000000e+00  1.20000030e+00  4.40156285e-06 
 5.14911640e-08  1.20000000e+00  1.19999945e+00 -4.40149367e-06 
 5.15911640e-08  1.20000000e+00  1.20000030e+00  4.39078901e-06 
 5.16911640e-08  1.20000000e+00  1.19999946e+00 -4.39075050e-06 
 5.17911640e-08  1.20000000e+00  1.20000029e+00  4.38007643e-06 
 5.18911640e-08  1.20000000e+00  1.19999946e+00 -4.38006843e-06 
 5.19911640e-08  1.20000000e+00  1.20000029e+00  4.36942480e-06 
 5.20911640e-08  1.20000000e+00  1.19999946e+00 -4.36944716e-06 
 5.21911640e-08  1.20000000e+00  1.20000029e+00  4.35883381e-06 
 5.22911640e-08  1.20000000e+00  1.19999947e+00 -4.35888638e-06 
 5.23911640e-08  1.20000000e+00  1.20000028e+00  4.34830316e-06 
 5.24911640e-08  1.20000000e+00  1.19999947e+00 -4.34838579e-06 
 5.25911640e-08  1.20000000e+00  1.20000028e+00  4.33783255e-06 
 5.26911640e-08  1.20000000e+00  1.19999947e+00 -4.33794509e-06 
 5.27911640e-08  1.20000000e+00  1.20000028e+00  4.32742168e-06 
 5.28911640e-08  1.20000000e+00  1.19999948e+00 -4.32756397e-06 
 5.29911640e-08  1.20000000e+00  1.20000027e+00  4.31707023e-06 
 5.30911640e-08  1.20000000e+00  1.19999948e+00 -4.31724213e-06 
 5.31911640e-08  1.20000000e+00  1.20000027e+00  4.30677793e-06 
 5.32911640e-08  1.20000000e+00  1.19999948e+00 -4.30697928e-06 
 5.33911640e-08  1.20000000e+00  1.20000027e+00  4.29654446e-06 
 5.34911640e-08  1.20000000e+00  1.19999949e+00 -4.29677512e-06 
 5.35911640e-08  1.20000000e+00  1.20000026e+00  4.28636953e-06 
 5.36911640e-08  1.20000000e+00  1.19999949e+00 -4.28662934e-06 
 5.37911640e-08  1.20000000e+00  1.20000026e+00  4.27625284e-06 
 5.38911640e-08  1.20000000e+00  1.19999949e+00 -4.27654167e-06 
 5.39911640e-08  1.20000000e+00  1.20000026e+00  4.26619410e-06 
 5.40911640e-08  1.20000000e+00  1.19999949e+00 -4.26651179e-06 
 5.41911640e-08  1.20000000e+00  1.20000025e+00  4.25619301e-06 
 5.42911640e-08  1.20000000e+00  1.19999950e+00 -4.25653942e-06 
 5.43911640e-08  1.20000000e+00  1.20000025e+00  4.24624929e-06 
 5.44911640e-08  1.20000000e+00  1.19999950e+00 -4.24662427e-06 
 5.45911640e-08  1.20000000e+00  1.20000025e+00  4.23636264e-06 
 5.46911640e-08  1.20000000e+00  1.19999950e+00 -4.23676605e-06 
 5.47911640e-08  1.20000000e+00  1.20000025e+00  4.22653276e-06 
 5.48911640e-08  1.20000000e+00  1.19999951e+00 -4.22696446e-06 
 5.49911640e-08  1.20000000e+00  1.20000024e+00  4.21675938e-06 
 5.50911640e-08  1.20000000e+00  1.19999951e+00 -4.21721921e-06 
 5.51911640e-08  1.20000000e+00  1.20000024e+00  4.20704221e-06 
 5.52911640e-08  1.20000000e+00  1.19999951e+00 -4.20753003e-06 
 5.53911640e-08  1.20000000e+00  1.20000024e+00  4.19738095e-06 
 5.54911640e-08  1.20000000e+00  1.19999952e+00 -4.19789662e-06 
 5.55911640e-08  1.20000000e+00  1.20000023e+00  4.18777532e-06 
 5.56911640e-08  1.20000000e+00  1.19999952e+00 -4.18831870e-06 
 5.57911640e-08  1.20000000e+00  1.20000023e+00  4.17822504e-06 
 5.58911640e-08  1.20000000e+00  1.19999952e+00 -4.17879599e-06 
 5.59911640e-08  1.20000000e+00  1.20000023e+00  4.16872982e-06 
 5.60911640e-08  1.20000000e+00  1.19999952e+00 -4.16932820e-06 
 5.61911640e-08  1.20000000e+00  1.20000023e+00  4.15928938e-06 
 5.62911640e-08  1.20000000e+00  1.19999953e+00 -4.15991505e-06 
 5.63911640e-08  1.20000000e+00  1.20000022e+00  4.14990345e-06 
 5.64911640e-08  1.20000000e+00  1.19999953e+00 -4.15055626e-06 
 5.65911640e-08  1.20000000e+00  1.20000022e+00  4.14057173e-06 
 5.66911640e-08  1.20000000e+00  1.19999953e+00 -4.14125155e-06 
 5.67911640e-08  1.20000000e+00  1.20000022e+00  4.13129396e-06 
 5.68911640e-08  1.20000000e+00  1.19999953e+00 -4.13200065e-06 
 5.69911640e-08  1.20000000e+00  1.20000021e+00  4.12206986e-06 
 5.70911640e-08  1.20000000e+00  1.19999954e+00 -4.12280327e-06 
 5.71911640e-08  1.20000000e+00  1.20000021e+00  4.11289914e-06 
 5.72911640e-08  1.20000000e+00  1.19999954e+00 -4.11365915e-06 
 5.73911640e-08  1.20000000e+00  1.20000021e+00  4.10378154e-06 
 5.74911640e-08  1.20000000e+00  1.19999954e+00 -4.10456800e-06 
 5.75911640e-08  1.20000000e+00  1.20000021e+00  4.09471678e-06 
 5.76911640e-08  1.20000000e+00  1.19999955e+00 -4.09552956e-06 
 5.77911640e-08  1.20000000e+00  1.20000020e+00  4.08570459e-06 
 5.78911640e-08  1.20000000e+00  1.19999955e+00 -4.08654355e-06 
 5.79911640e-08  1.20000000e+00  1.20000020e+00  4.07674469e-06 
 5.80911640e-08  1.20000000e+00  1.19999955e+00 -4.07760970e-06 
 5.81911640e-08  1.20000000e+00  1.20000020e+00  4.06783682e-06 
 5.82911640e-08  1.20000000e+00  1.19999955e+00 -4.06872774e-06 
 5.83911640e-08  1.20000000e+00  1.20000020e+00  4.05898071e-06 
 5.84911640e-08  1.20000000e+00  1.19999956e+00 -4.05989741e-06 
 5.85911640e-08  1.20000000e+00  1.20000019e+00  4.05017608e-06 
 5.86911640e-08  1.20000000e+00  1.19999956e+00 -4.05111843e-06 
 5.87911640e-08  1.20000000e+00  1.20000019e+00  4.04142268e-06 
 5.88911640e-08  1.20000000e+00  1.19999956e+00 -4.04239053e-06 
 5.89911640e-08  1.20000000e+00  1.20000019e+00  4.03272023e-06 
 5.90911640e-08  1.20000000e+00  1.19999956e+00 -4.03371346e-06 
 5.91911640e-08  1.20000000e+00  1.20000019e+00  4.02406847e-06 
 5.92911640e-08  1.20000000e+00  1.19999957e+00 -4.02508695e-06 
 5.93911640e-08  1.20000000e+00  1.20000018e+00  4.01546714e-06 
 5.94911640e-08  1.20000000e+00  1.19999957e+00 -4.01651073e-06 
 5.95911640e-08  1.20000000e+00  1.20000018e+00  4.00691598e-06 
 5.96911640e-08  1.20000000e+00  1.19999957e+00 -4.00798455e-06 
 5.97911640e-08  1.20000000e+00  1.20000018e+00  3.99841471e-06 
 5.98911640e-08  1.20000000e+00  1.19999957e+00 -3.99950814e-06 
 5.99911640e-08  1.20000000e+00  1.20000018e+00  3.98996309e-06 
 6.00911640e-08  1.20000000e+00  1.19999957e+00 -3.99108125e-06 
 6.01911640e-08  1.20000000e+00  1.20000017e+00  3.98156086e-06 
 6.02911640e-08  1.20000000e+00  1.19999958e+00 -3.98270361e-06 
 6.03911640e-08  1.20000000e+00  1.20000017e+00  3.97320775e-06 
 6.04911640e-08  1.20000000e+00  1.19999958e+00 -3.97437497e-06 
 6.05911640e-08  1.20000000e+00  1.20000017e+00  3.96490351e-06 
 6.06911640e-08  1.20000000e+00  1.19999958e+00 -3.96609507e-06 
 6.07911640e-08  1.20000000e+00  1.20000017e+00  3.95664789e-06 
 6.08911640e-08  1.20000000e+00  1.19999958e+00 -3.95786366e-06 
 6.09911640e-08  1.20000000e+00  1.20000017e+00  3.94844062e-06 
 6.10911640e-08  1.20000000e+00  1.19999959e+00 -3.94968048e-06 
 6.11911640e-08  1.20000000e+00  1.20000016e+00  3.94028146e-06 
 6.12911640e-08  1.20000000e+00  1.19999959e+00 -3.94154528e-06 
 6.13911640e-08  1.20000000e+00  1.20000016e+00  3.93217016e-06 
 6.14911640e-08  1.20000000e+00  1.19999959e+00 -3.93345780e-06 
 6.15911640e-08  1.20000000e+00  1.20000016e+00  3.92410646e-06 
 6.16911640e-08  1.20000000e+00  1.19999959e+00 -3.92541781e-06 
 6.17911640e-08  1.20000000e+00  1.20000016e+00  3.91609011e-06 
 6.18911640e-08  1.20000000e+00  1.19999960e+00 -3.91742504e-06 
 6.19911640e-08  1.20000000e+00  1.20000015e+00  3.90812086e-06 
 6.20911640e-08  1.20000000e+00  1.19999960e+00 -3.90947925e-06 
 6.21911640e-08  1.20000000e+00  1.20000015e+00  3.90019847e-06 
 6.22911640e-08  1.20000000e+00  1.19999960e+00 -3.90158019e-06 
 6.23911640e-08  1.20000000e+00  1.20000015e+00  3.89232268e-06 
 6.24911640e-08  1.20000000e+00  1.19999960e+00 -3.89372762e-06 
 6.25911640e-08  1.20000000e+00  1.20000015e+00  3.88449327e-06 
 6.26911640e-08  1.20000000e+00  1.19999960e+00 -3.88592130e-06 
 6.27911640e-08  1.20000000e+00  1.20000015e+00  3.87670997e-06 
 6.28911640e-08  1.20000000e+00  1.19999961e+00 -3.87816096e-06 
 6.29911640e-08  1.20000000e+00  1.20000014e+00  3.86897254e-06 
 6.30911640e-08  1.20000000e+00  1.19999961e+00 -3.87044638e-06 
 6.31911640e-08  1.20000000e+00  1.20000014e+00  3.86128075e-06 
 6.32911640e-08  1.20000000e+00  1.19999961e+00 -3.86277732e-06 
 6.33911640e-08  1.20000000e+00  1.20000014e+00  3.85363435e-06 
 6.34911640e-08  1.20000000e+00  1.19999961e+00 -3.85515352e-06 
 6.35911640e-08  1.20000000e+00  1.20000014e+00  3.84603310e-06 
 6.36911640e-08  1.20000000e+00  1.19999961e+00 -3.84757476e-06 
 6.37911640e-08  1.20000000e+00  1.20000014e+00  3.83847676e-06 
 6.38911640e-08  1.20000000e+00  1.19999962e+00 -3.84004079e-06 
 6.39911640e-08  1.20000000e+00  1.20000013e+00  3.83096510e-06 
 6.40911640e-08  1.20000000e+00  1.19999962e+00 -3.83255137e-06 
 6.41911640e-08  1.20000000e+00  1.20000013e+00  3.82349787e-06 
 6.42911640e-08  1.20000000e+00  1.19999962e+00 -3.82510628e-06 
 6.43911640e-08  1.20000000e+00  1.20000013e+00  3.81607485e-06 
 6.44911640e-08  1.20000000e+00  1.19999962e+00 -3.81770527e-06 
 6.45911640e-08  1.20000000e+00  1.20000013e+00  3.80869579e-06 
 6.46911640e-08  1.20000000e+00  1.19999962e+00 -3.81034810e-06 
 6.47911640e-08  1.20000000e+00  1.20000013e+00  3.80136047e-06 
 6.48911640e-08  1.20000000e+00  1.19999963e+00 -3.80303456e-06 
 6.49911640e-08  1.20000000e+00  1.20000012e+00  3.79406864e-06 
 6.50911640e-08  1.20000000e+00  1.19999963e+00 -3.79576440e-06 
 6.51911640e-08  1.20000000e+00  1.20000012e+00  3.78682009e-06 
 6.52911640e-08  1.20000000e+00  1.19999963e+00 -3.78853739e-06 
 6.53911640e-08  1.20000000e+00  1.20000012e+00  3.77961457e-06 
 6.54911640e-08  1.20000000e+00  1.19999963e+00 -3.78135331e-06 
 6.55911640e-08  1.20000000e+00  1.20000012e+00  3.77245186e-06 
 6.56911640e-08  1.20000000e+00  1.19999963e+00 -3.77421192e-06 
 6.57911640e-08  1.20000000e+00  1.20000012e+00  3.76533173e-06 
 6.58911640e-08  1.20000000e+00  1.19999963e+00 -3.76711299e-06 
 6.59911640e-08  1.20000000e+00  1.20000012e+00  3.75825396e-06 
 6.60911640e-08  1.20000000e+00  1.19999964e+00 -3.76005631e-06 
 6.61911640e-08  1.20000000e+00  1.20000011e+00  3.75121831e-06 
 6.62911640e-08  1.20000000e+00  1.19999964e+00 -3.75304164e-06 
 6.63911640e-08  1.20000000e+00  1.20000011e+00  3.74422457e-06 
 6.64911640e-08  1.20000000e+00  1.19999964e+00 -3.74606876e-06 
 6.65911640e-08  1.20000000e+00  1.20000011e+00  3.73727250e-06 
 6.66911640e-08  1.20000000e+00  1.19999964e+00 -3.73913745e-06 
 6.67911640e-08  1.20000000e+00  1.20000011e+00  3.73036188e-06 
 6.68911640e-08  1.20000000e+00  1.19999964e+00 -3.73224748e-06 
 6.69911640e-08  1.20000000e+00  1.20000011e+00  3.72349250e-06 
 6.70911640e-08  1.20000000e+00  1.19999965e+00 -3.72539863e-06 
 6.71911640e-08  1.20000000e+00  1.20000010e+00  3.71666413e-06 
 6.72911640e-08  1.20000000e+00  1.19999965e+00 -3.71859068e-06 
 6.73911640e-08  1.20000000e+00  1.20000010e+00  3.70987655e-06 
 6.74911640e-08  1.20000000e+00  1.19999965e+00 -3.71182341e-06 
 6.75911640e-08  1.20000000e+00  1.20000010e+00  3.70312954e-06 
 6.76911640e-08  1.20000000e+00  1.19999965e+00 -3.70509661e-06 
 6.77911640e-08  1.20000000e+00  1.20000010e+00  3.69642289e-06 
 6.78911640e-08  1.20000000e+00  1.19999965e+00 -3.69841005e-06 
 6.79911640e-08  1.20000000e+00  1.20000010e+00  3.68975637e-06 
 6.80911640e-08  1.20000000e+00  1.19999965e+00 -3.69176352e-06 
 6.81911640e-08  1.20000000e+00  1.20000010e+00  3.68312977e-06 
 6.82911640e-08  1.20000000e+00  1.19999966e+00 -3.68515680e-06 
 6.83911640e-08  1.20000000e+00  1.20000009e+00  3.67654288e-06 
 6.84911640e-08  1.20000000e+00  1.19999966e+00 -3.67858968e-06 
 6.85911640e-08  1.20000000e+00  1.20000009e+00  3.66999548e-06 
 6.86911640e-08  1.20000000e+00  1.19999966e+00 -3.67206195e-06 
 6.87911640e-08  1.20000000e+00  1.20000009e+00  3.66348736e-06 
 6.88911640e-08  1.20000000e+00  1.19999966e+00 -3.66557339e-06 
 6.89911640e-08  1.20000000e+00  1.20000009e+00  3.65701831e-06 
 6.90911640e-08  1.20000000e+00  1.19999966e+00 -3.65912380e-06 
 6.91911640e-08  1.20000000e+00  1.20000009e+00  3.65058812e-06 
 6.92911640e-08  1.20000000e+00  1.19999966e+00 -3.65271295e-06 
 6.93911640e-08  1.20000000e+00  1.20000009e+00  3.64419657e-06 
 6.94911640e-08  1.20000000e+00  1.19999966e+00 -3.64634065e-06 
 6.95911640e-08  1.20000000e+00  1.20000009e+00  3.63784346e-06 
 6.96911640e-08  1.20000000e+00  1.19999967e+00 -3.64000668e-06 
 6.97911640e-08  1.20000000e+00  1.20000008e+00  3.63152858e-06 
 6.98911640e-08  1.20000000e+00  1.19999967e+00 -3.63371084e-06 
 6.99911640e-08  1.20000000e+00  1.20000008e+00  3.62525172e-06 
 7.00911640e-08  1.20000000e+00  1.19999967e+00 -3.62745291e-06 
 7.01911640e-08  1.20000000e+00  1.20000008e+00  3.61901268e-06 
 7.02911640e-08  1.20000000e+00  1.19999967e+00 -3.62123271e-06 
 7.03911640e-08  1.20000000e+00  1.20000008e+00  3.61281126e-06 
 7.04911640e-08  1.20000000e+00  1.19999967e+00 -3.61505001e-06 
 7.05911640e-08  1.20000000e+00  1.20000008e+00  3.60664724e-06 
 7.06911640e-08  1.20000000e+00  1.19999967e+00 -3.60890462e-06 
 7.07911640e-08  1.20000000e+00  1.20000008e+00  3.60052042e-06 
 7.08911640e-08  1.20000000e+00  1.19999968e+00 -3.60279633e-06 
 7.09911640e-08  1.20000000e+00  1.20000007e+00  3.59443061e-06 
 7.10911640e-08  1.20000000e+00  1.19999968e+00 -3.59672495e-06 
 7.11911640e-08  1.20000000e+00  1.20000007e+00  3.58837761e-06 
 7.12911640e-08  1.20000000e+00  1.19999968e+00 -3.59069026e-06 
 7.13911640e-08  1.20000000e+00  1.20000007e+00  3.58236120e-06 
 7.14911640e-08  1.20000000e+00  1.19999968e+00 -3.58469209e-06 
 7.15911640e-08  1.20000000e+00  1.20000007e+00  3.57638120e-06 
 7.16911640e-08  1.20000000e+00  1.19999968e+00 -3.57873021e-06 
 7.17911640e-08  1.20000000e+00  1.20000007e+00  3.57043740e-06 
 7.18911640e-08  1.20000000e+00  1.19999968e+00 -3.57280444e-06 
 7.19911640e-08  1.20000000e+00  1.20000007e+00  3.56452961e-06 
 7.20911640e-08  1.20000000e+00  1.19999968e+00 -3.56691458e-06 
 7.21911640e-08  1.20000000e+00  1.20000007e+00  3.55865764e-06 
 7.22911640e-08  1.20000000e+00  1.19999969e+00 -3.56106044e-06 
 7.23911640e-08  1.20000000e+00  1.20000007e+00  3.55282128e-06 
 7.24911640e-08  1.20000000e+00  1.19999969e+00 -3.55524181e-06 
 7.25911640e-08  1.20000000e+00  1.20000006e+00  3.54702034e-06 
 7.26911640e-08  1.20000000e+00  1.19999969e+00 -3.54945852e-06 
 7.27911640e-08  1.20000000e+00  1.20000006e+00  3.54125463e-06 
 7.28911640e-08  1.20000000e+00  1.19999969e+00 -3.54371035e-06 
 7.29911640e-08  1.20000000e+00  1.20000006e+00  3.53552396e-06 
 7.30911640e-08  1.20000000e+00  1.19999969e+00 -3.53799712e-06 
 7.31911640e-08  1.20000000e+00  1.20000006e+00  3.52982813e-06 
 7.32911640e-08  1.20000000e+00  1.19999969e+00 -3.53231865e-06 
 7.33911640e-08  1.20000000e+00  1.20000006e+00  3.52416696e-06 
 7.34911640e-08  1.20000000e+00  1.19999969e+00 -3.52667473e-06 
 7.35911640e-08  1.20000000e+00  1.20000006e+00  3.51854026e-06 
 7.36911640e-08  1.20000000e+00  1.19999969e+00 -3.52106519e-06 
 7.37911640e-08  1.20000000e+00  1.20000006e+00  3.51294783e-06 
 7.38911640e-08  1.20000000e+00  1.19999970e+00 -3.51548982e-06 
 7.39911640e-08  1.20000000e+00  1.20000005e+00  3.50738948e-06 
 7.40911640e-08  1.20000000e+00  1.19999970e+00 -3.50994846e-06 
 7.41911640e-08  1.20000000e+00  1.20000005e+00  3.50186504e-06 
 7.42911640e-08  1.20000000e+00  1.19999970e+00 -3.50444090e-06 
 7.43911640e-08  1.20000000e+00  1.20000005e+00  3.49637432e-06 
 7.44911640e-08  1.20000000e+00  1.19999970e+00 -3.49896696e-06 
 7.45911640e-08  1.20000000e+00  1.20000005e+00  3.49091713e-06 
 7.46911640e-08  1.20000000e+00  1.19999970e+00 -3.49352647e-06 
 7.47911640e-08  1.20000000e+00  1.20000005e+00  3.48549328e-06 
 7.48911640e-08  1.20000000e+00  1.19999970e+00 -3.48811923e-06 
 7.49911640e-08  1.20000000e+00  1.20000005e+00  3.48010260e-06 
 7.50911640e-08  1.20000000e+00  1.19999970e+00 -3.48274506e-06 
 7.51911640e-08  1.20000000e+00  1.20000005e+00  3.47474490e-06 
 7.52911640e-08  1.20000000e+00  1.19999970e+00 -3.47740378e-06 
 7.53911640e-08  1.20000000e+00  1.20000005e+00  3.46942000e-06 
 7.54911640e-08  1.20000000e+00  1.19999971e+00 -3.47209522e-06 
 7.55911640e-08  1.20000000e+00  1.20000004e+00  3.46412773e-06 
 7.56911640e-08  1.20000000e+00  1.19999971e+00 -3.46681918e-06 
 7.57911640e-08  1.20000000e+00  1.20000004e+00  3.45886789e-06 
 7.58911640e-08  1.20000000e+00  1.19999971e+00 -3.46157549e-06 
 7.59911640e-08  1.20000000e+00  1.20000004e+00  3.45364031e-06 
 7.60911640e-08  1.20000000e+00  1.19999971e+00 -3.45636398e-06 
 7.61911640e-08  1.20000000e+00  1.20000004e+00  3.44844482e-06 
 7.62911640e-08  1.20000000e+00  1.19999971e+00 -3.45118446e-06 
 7.63911640e-08  1.20000000e+00  1.20000004e+00  3.44328123e-06 
 7.64911640e-08  1.20000000e+00  1.19999971e+00 -3.44603677e-06 
 7.65911640e-08  1.20000000e+00  1.20000004e+00  3.43814938e-06 
 7.66911640e-08  1.20000000e+00  1.19999971e+00 -3.44092071e-06 
 7.67911640e-08  1.20000000e+00  1.20000004e+00  3.43304908e-06 
 7.68911640e-08  1.20000000e+00  1.19999971e+00 -3.43583613e-06 
 7.69911640e-08  1.20000000e+00  1.20000004e+00  3.42798016e-06 
 7.70911640e-08  1.20000000e+00  1.19999971e+00 -3.43078283e-06 
 7.71911640e-08  1.20000000e+00  1.20000004e+00  3.42294245e-06 
 7.72911640e-08  1.20000000e+00  1.19999972e+00 -3.42576067e-06 
 7.73911640e-08  1.20000000e+00  1.20000003e+00  3.41793578e-06 
 7.74911640e-08  1.20000000e+00  1.19999972e+00 -3.42076945e-06 
 7.75911640e-08  1.20000000e+00  1.20000003e+00  3.41295997e-06 
 7.76911640e-08  1.20000000e+00  1.19999972e+00 -3.41580901e-06 
 7.77911640e-08  1.20000000e+00  1.20000003e+00  3.40801486e-06 
 7.78911640e-08  1.20000000e+00  1.19999972e+00 -3.41087918e-06 
 7.79911640e-08  1.20000000e+00  1.20000003e+00  3.40310027e-06 
 7.80911640e-08  1.20000000e+00  1.19999972e+00 -3.40597978e-06 
 7.81911640e-08  1.20000000e+00  1.20000003e+00  3.39821603e-06 
 7.82911640e-08  1.20000000e+00  1.19999972e+00 -3.40111066e-06 
 7.83911640e-08  1.20000000e+00  1.20000003e+00  3.39336199e-06 
 7.84911640e-08  1.20000000e+00  1.19999972e+00 -3.39627164e-06 
 7.85911640e-08  1.20000000e+00  1.20000003e+00  3.38853796e-06 
 7.86911640e-08  1.20000000e+00  1.19999972e+00 -3.39146256e-06 
 7.87911640e-08  1.20000000e+00  1.20000003e+00  3.38374378e-06 
 7.88911640e-08  1.20000000e+00  1.19999972e+00 -3.38668325e-06 
 7.89911640e-08  1.20000000e+00  1.20000003e+00  3.37897929e-06 
 7.90911640e-08  1.20000000e+00  1.19999973e+00 -3.38193354e-06 
 7.91911640e-08  1.20000000e+00  1.20000003e+00  3.37424432e-06 
 7.92911640e-08  1.20000000e+00  1.19999973e+00 -3.37721327e-06 
 7.93911640e-08  1.20000000e+00  1.20000002e+00  3.36953871e-06 
 7.94911640e-08  1.20000000e+00  1.19999973e+00 -3.37252228e-06 
 7.95911640e-08  1.20000000e+00  1.20000002e+00  3.36486230e-06 
 7.96911640e-08  1.20000000e+00  1.19999973e+00 -3.36786040e-06 
 7.97911640e-08  1.20000000e+00  1.20000002e+00  3.36021491e-06 
 7.98911640e-08  1.20000000e+00  1.19999973e+00 -3.36322747e-06 
 7.99911640e-08  1.20000000e+00  1.20000002e+00  3.35559640e-06 
 8.00911640e-08  1.20000000e+00  1.19999973e+00 -3.35862334e-06 
 8.01911640e-08  1.20000000e+00  1.20000002e+00  3.35100660e-06 
 8.02911640e-08  1.20000000e+00  1.19999973e+00 -3.35404783e-06 
 8.03911640e-08  1.20000000e+00  1.20000002e+00  3.34644535e-06 
 8.04911640e-08  1.20000000e+00  1.19999973e+00 -3.34950080e-06 
 8.05911640e-08  1.20000000e+00  1.20000002e+00  3.34191250e-06 
 8.06911640e-08  1.20000000e+00  1.19999973e+00 -3.34498208e-06 
 8.07911640e-08  1.20000000e+00  1.20000002e+00  3.33740787e-06 
 8.08911640e-08  1.20000000e+00  1.19999973e+00 -3.34049151e-06 
 8.09911640e-08  1.20000000e+00  1.20000002e+00  3.33293133e-06 
 8.10911640e-08  1.20000000e+00  1.19999974e+00 -3.33602894e-06 
 8.11911640e-08  1.20000000e+00  1.20000002e+00  3.32848270e-06 
 8.12911640e-08  1.20000000e+00  1.19999974e+00 -3.33159422e-06 
 8.13911640e-08  1.20000000e+00  1.20000001e+00  3.32406183e-06 
 8.14911640e-08  1.20000000e+00  1.19999974e+00 -3.32718717e-06 
 8.15911640e-08  1.20000000e+00  1.20000001e+00  3.31966858e-06 
 8.16911640e-08  1.20000000e+00  1.19999974e+00 -3.32280766e-06 
 8.17911640e-08  1.20000000e+00  1.20000001e+00  3.31530277e-06 
 8.18911640e-08  1.20000000e+00  1.19999974e+00 -3.31845553e-06 
 8.19911640e-08  1.20000000e+00  1.20000001e+00  3.31096427e-06 
 8.20911640e-08  1.20000000e+00  1.19999974e+00 -3.31413062e-06 
 8.21911640e-08  1.20000000e+00  1.20000001e+00  3.30665292e-06 
 8.22911640e-08  1.20000000e+00  1.19999974e+00 -3.30983279e-06 
 8.23911640e-08  1.20000000e+00  1.20000001e+00  3.30236857e-06 
 8.24911640e-08  1.20000000e+00  1.19999974e+00 -3.30556188e-06 
 8.25911640e-08  1.20000000e+00  1.20000001e+00  3.29811106e-06 
 8.26911640e-08  1.20000000e+00  1.19999974e+00 -3.30131773e-06 
 8.27911640e-08  1.20000000e+00  1.20000001e+00  3.29388024e-06 
 8.28911640e-08  1.20000000e+00  1.19999974e+00 -3.29710021e-06 
 8.29911640e-08  1.20000000e+00  1.20000001e+00  3.28967597e-06 
 8.30911640e-08  1.20000000e+00  1.19999974e+00 -3.29290916e-06 
 8.31911640e-08  1.20000000e+00  1.20000001e+00  3.28549810e-06 
 8.32911640e-08  1.20000000e+00  1.19999974e+00 -3.28874443e-06 
 8.33911640e-08  1.20000000e+00  1.20000001e+00  3.28134648e-06 
 8.34911640e-08  1.20000000e+00  1.19999975e+00 -3.28460587e-06 
 8.35911640e-08  1.20000000e+00  1.20000000e+00  3.27722095e-06 
 8.36911640e-08  1.20000000e+00  1.19999975e+00 -3.28049335e-06 
 8.37911640e-08  1.20000000e+00  1.20000000e+00  3.27312139e-06 
 8.38911640e-08  1.20000000e+00  1.19999975e+00 -3.27640670e-06 
 8.39911640e-08  1.20000000e+00  1.20000000e+00  3.26904763e-06 
 8.40911640e-08  1.20000000e+00  1.19999975e+00 -3.27234580e-06 
 8.41911640e-08  1.20000000e+00  1.20000000e+00  3.26499954e-06 
 8.42911640e-08  1.20000000e+00  1.19999975e+00 -3.26831048e-06 
 8.43911640e-08  1.20000000e+00  1.20000000e+00  3.26097697e-06 
 8.44911640e-08  1.20000000e+00  1.19999975e+00 -3.26430062e-06 
 8.45911640e-08  1.20000000e+00  1.20000000e+00  3.25697977e-06 
 8.46911640e-08  1.20000000e+00  1.19999975e+00 -3.26031606e-06 
 8.47911640e-08  1.20000000e+00  1.20000000e+00  3.25300781e-06 
 8.48911640e-08  1.20000000e+00  1.19999975e+00 -3.25635666e-06 
 8.49911640e-08  1.20000000e+00  1.20000000e+00  3.24906095e-06 
 8.50911640e-08  1.20000000e+00  1.19999975e+00 -3.25242229e-06 
 8.51911640e-08  1.20000000e+00  1.20000000e+00  3.24513903e-06 
 8.52911640e-08  1.20000000e+00  1.19999975e+00 -3.24851280e-06 
 8.53911640e-08  1.20000000e+00  1.20000000e+00  3.24124193e-06 
 8.54911640e-08  1.20000000e+00  1.19999975e+00 -3.24462804e-06 
 8.55911640e-08  1.20000000e+00  1.20000000e+00  3.23736949e-06 
 8.56911640e-08  1.20000000e+00  1.19999975e+00 -3.24076789e-06 
 8.57911640e-08  1.20000000e+00  1.20000000e+00  3.23352159e-06 
 8.58911640e-08  1.20000000e+00  1.19999976e+00 -3.23693221e-06 
 8.59911640e-08  1.20000000e+00  1.20000000e+00  3.22969808e-06 
 8.60911640e-08  1.20000000e+00  1.19999976e+00 -3.23312084e-06 
 8.61911640e-08  1.20000000e+00  1.19999999e+00  3.22589883e-06 
 8.62911640e-08  1.20000000e+00  1.19999976e+00 -3.22933367e-06 
 8.63911640e-08  1.20000000e+00  1.19999999e+00  3.22212370e-06 
 8.64911640e-08  1.20000000e+00  1.19999976e+00 -3.22557054e-06 
 8.65911640e-08  1.20000000e+00  1.19999999e+00  3.21837255e-06 
 8.66911640e-08  1.20000000e+00  1.19999976e+00 -3.22183134e-06 
 8.67911640e-08  1.20000000e+00  1.19999999e+00  3.21464525e-06 
 8.68911640e-08  1.20000000e+00  1.19999976e+00 -3.21811591e-06 
 8.69911640e-08  1.20000000e+00  1.19999999e+00  3.21094166e-06 
 8.70911640e-08  1.20000000e+00  1.19999976e+00 -3.21442413e-06 
 8.71911640e-08  1.20000000e+00  1.19999999e+00  3.20726166e-06 
 8.72911640e-08  1.20000000e+00  1.19999976e+00 -3.21075586e-06 
 8.73911640e-08  1.20000000e+00  1.19999999e+00  3.20360510e-06 
 8.74911640e-08  1.20000000e+00  1.19999976e+00 -3.20711097e-06 
 8.75911640e-08  1.20000000e+00  1.19999999e+00  3.19997185e-06 
 8.76911640e-08  1.20000000e+00  1.19999976e+00 -3.20348933e-06 
 8.77911640e-08  1.20000000e+00  1.19999999e+00  3.19636178e-06 
 8.78911640e-08  1.20000000e+00  1.19999976e+00 -3.19989081e-06 
 8.79911640e-08  1.20000000e+00  1.19999999e+00  3.19277476e-06 
 8.80911640e-08  1.20000000e+00  1.19999976e+00 -3.19631527e-06 
 8.81911640e-08  1.20000000e+00  1.19999999e+00  3.18921067e-06 
 8.82911640e-08  1.20000000e+00  1.19999976e+00 -3.19276258e-06 
 8.83911640e-08  1.20000000e+00  1.19999999e+00  3.18566936e-06 
 8.84911640e-08  1.20000000e+00  1.19999976e+00 -3.18923262e-06 
 8.85911640e-08  1.20000000e+00  1.19999999e+00  3.18215072e-06 
 8.86911640e-08  1.20000000e+00  1.19999977e+00 -3.18572526e-06 
 8.87911640e-08  1.20000000e+00  1.19999999e+00  3.17865461e-06 
 8.88911640e-08  1.20000000e+00  1.19999977e+00 -3.18224037e-06 
 8.89911640e-08  1.20000000e+00  1.19999998e+00  3.17518090e-06 
 8.90911640e-08  1.20000000e+00  1.19999977e+00 -3.17877781e-06 
 8.91911640e-08  1.20000000e+00  1.19999998e+00  3.17172947e-06 
 8.92911640e-08  1.20000000e+00  1.19999977e+00 -3.17533748e-06 
 8.93911640e-08  1.20000000e+00  1.19999998e+00  3.16830019e-06 
 8.94911640e-08  1.20000000e+00  1.19999977e+00 -3.17191923e-06 
 8.95911640e-08  1.20000000e+00  1.19999998e+00  3.16489294e-06 
 8.96911640e-08  1.20000000e+00  1.19999977e+00 -3.16852294e-06 
 8.97911640e-08  1.20000000e+00  1.19999998e+00  3.16150759e-06 
 8.98911640e-08  1.20000000e+00  1.19999977e+00 -3.16514849e-06 
 8.99911640e-08  1.20000000e+00  1.19999998e+00  3.15814401e-06 
 9.00911640e-08  1.20000000e+00  1.19999977e+00 -3.16179576e-06 
 9.01911640e-08  1.20000000e+00  1.19999998e+00  3.15480209e-06 
 9.02911640e-08  1.20000000e+00  1.19999977e+00 -3.15846462e-06 
 9.03911640e-08  1.20000000e+00  1.19999998e+00  3.15148170e-06 
 9.04911640e-08  1.20000000e+00  1.19999977e+00 -3.15515494e-06 
 9.05911640e-08  1.20000000e+00  1.19999998e+00  3.14818271e-06 
 9.06911640e-08  1.20000000e+00  1.19999977e+00 -3.15186661e-06 
 9.07911640e-08  1.20000000e+00  1.19999998e+00  3.14490501e-06 
 9.08911640e-08  1.20000000e+00  1.19999977e+00 -3.14859951e-06 
 9.09911640e-08  1.20000000e+00  1.19999998e+00  3.14164847e-06 
 9.10911640e-08  1.20000000e+00  1.19999977e+00 -3.14535351e-06 
 9.11911640e-08  1.20000000e+00  1.19999998e+00  3.13841298e-06 
 9.12911640e-08  1.20000000e+00  1.19999977e+00 -3.14212849e-06 
 9.13911640e-08  1.20000000e+00  1.19999998e+00  3.13519841e-06 
 9.14911640e-08  1.20000000e+00  1.19999977e+00 -3.13892434e-06 
 9.15911640e-08  1.20000000e+00  1.19999998e+00  3.13200465e-06 
 9.16911640e-08  1.20000000e+00  1.19999977e+00 -3.13574093e-06 
 9.17911640e-08  1.20000000e+00  1.19999998e+00  3.12883157e-06 
 9.18911640e-08  1.20000000e+00  1.19999978e+00 -3.13257815e-06 
 9.19911640e-08  1.20000000e+00  1.19999998e+00  3.12567906e-06 
 9.20911640e-08  1.20000000e+00  1.19999978e+00 -3.12943588e-06 
 9.21911640e-08  1.20000000e+00  1.19999998e+00  3.12254700e-06 
 9.22911640e-08  1.20000000e+00  1.19999978e+00 -3.12631400e-06 
 9.23911640e-08  1.20000000e+00  1.19999997e+00  3.11943527e-06 
 9.24911640e-08  1.20000000e+00  1.19999978e+00 -3.12321240e-06 
 9.25911640e-08  1.20000000e+00  1.19999997e+00  3.11634377e-06 
 9.26911640e-08  1.20000000e+00  1.19999978e+00 -3.12013096e-06 
 9.27911640e-08  1.20000000e+00  1.19999997e+00  3.11327236e-06 
 9.28911640e-08  1.20000000e+00  1.19999978e+00 -3.11706956e-06 
 9.29911640e-08  1.20000000e+00  1.19999997e+00  3.11022094e-06 
 9.30911640e-08  1.20000000e+00  1.19999978e+00 -3.11402810e-06 
 9.31911640e-08  1.20000000e+00  1.19999997e+00  3.10718940e-06 
 9.32911640e-08  1.20000000e+00  1.19999978e+00 -3.11100645e-06 
 9.33911640e-08  1.20000000e+00  1.19999997e+00  3.10417762e-06 
 9.34911640e-08  1.20000000e+00  1.19999978e+00 -3.10800450e-06 
 9.35911640e-08  1.20000000e+00  1.19999997e+00  3.10118548e-06 
 9.36911640e-08  1.20000000e+00  1.19999978e+00 -3.10502215e-06 
 9.37911640e-08  1.20000000e+00  1.19999997e+00  3.09821288e-06 
 9.38911640e-08  1.20000000e+00  1.19999978e+00 -3.10205928e-06 
 9.39911640e-08  1.20000000e+00  1.19999997e+00  3.09525971e-06 
 9.40911640e-08  1.20000000e+00  1.19999978e+00 -3.09911577e-06 
 9.41911640e-08  1.20000000e+00  1.19999997e+00  3.09232584e-06 
 9.42911640e-08  1.20000000e+00  1.19999978e+00 -3.09619152e-06 
 9.43911640e-08  1.20000000e+00  1.19999997e+00  3.08941118e-06 
 9.44911640e-08  1.20000000e+00  1.19999978e+00 -3.09328641e-06 
 9.45911640e-08  1.20000000e+00  1.19999997e+00  3.08651561e-06 
 9.46911640e-08  1.20000000e+00  1.19999978e+00 -3.09040035e-06 
 9.47911640e-08  1.20000000e+00  1.19999997e+00  3.08363901e-06 
 9.48911640e-08  1.20000000e+00  1.19999978e+00 -3.08753321e-06 
 9.49911640e-08  1.20000000e+00  1.19999997e+00  3.08078130e-06 
 9.50911640e-08  1.20000000e+00  1.19999978e+00 -3.08468489e-06 
 9.51911640e-08  1.20000000e+00  1.19999997e+00  3.07794235e-06 
 9.52911640e-08  1.20000000e+00  1.19999978e+00 -3.08185528e-06 
 9.53911640e-08  1.20000000e+00  1.19999997e+00  3.07512205e-06 
 9.54911640e-08  1.20000000e+00  1.19999978e+00 -3.07904427e-06 
 9.55911640e-08  1.20000000e+00  1.19999997e+00  3.07232031e-06 
 9.56911640e-08  1.20000000e+00  1.19999979e+00 -3.07625176e-06 
 9.57911640e-08  1.20000000e+00  1.19999997e+00  3.06953701e-06 
 9.58911640e-08  1.20000000e+00  1.19999979e+00 -3.07347765e-06 
 9.59911640e-08  1.20000000e+00  1.19999997e+00  3.06677205e-06 
 9.60911640e-08  1.20000000e+00  1.19999979e+00 -3.07072182e-06 
 9.61911640e-08  1.20000000e+00  1.19999996e+00  3.06402532e-06 
 9.62911640e-08  1.20000000e+00  1.19999979e+00 -3.06798416e-06 
 9.63911640e-08  1.20000000e+00  1.19999996e+00  3.06129672e-06 
 9.64911640e-08  1.20000000e+00  1.19999979e+00 -3.06526459e-06 
 9.65911640e-08  1.20000000e+00  1.19999996e+00  3.05858615e-06 
 9.66911640e-08  1.20000000e+00  1.19999979e+00 -3.06256299e-06 
 9.67911640e-08  1.20000000e+00  1.19999996e+00  3.05589349e-06 
 9.68911640e-08  1.20000000e+00  1.19999979e+00 -3.05987926e-06 
 9.69911640e-08  1.20000000e+00  1.19999996e+00  3.05321866e-06 
 9.70911640e-08  1.20000000e+00  1.19999979e+00 -3.05721329e-06 
 9.71911640e-08  1.20000000e+00  1.19999996e+00  3.05056154e-06 
 9.72911640e-08  1.20000000e+00  1.19999979e+00 -3.05456499e-06 
 9.73911640e-08  1.20000000e+00  1.19999996e+00  3.04792203e-06 
 9.74911640e-08  1.20000000e+00  1.19999979e+00 -3.05193425e-06 
 9.75911640e-08  1.20000000e+00  1.19999996e+00  3.04530003e-06 
 9.76911640e-08  1.20000000e+00  1.19999979e+00 -3.04932097e-06 
 9.77911640e-08  1.20000000e+00  1.19999996e+00  3.04269545e-06 
 9.78911640e-08  1.20000000e+00  1.19999979e+00 -3.04672505e-06 
 9.79911640e-08  1.20000000e+00  1.19999996e+00  3.04010817e-06 
 9.80911640e-08  1.20000000e+00  1.19999979e+00 -3.04414640e-06 
 9.81911640e-08  1.20000000e+00  1.19999996e+00  3.03753811e-06 
 9.82911640e-08  1.20000000e+00  1.19999979e+00 -3.04158490e-06 
 9.83911640e-08  1.20000000e+00  1.19999996e+00  3.03498516e-06 
 9.84911640e-08  1.20000000e+00  1.19999979e+00 -3.03904047e-06 
 9.85911640e-08  1.20000000e+00  1.19999996e+00  3.03244922e-06 
 9.86911640e-08  1.20000000e+00  1.19999979e+00 -3.03651300e-06 
 9.87911640e-08  1.20000000e+00  1.19999996e+00  3.02993020e-06 
 9.88911640e-08  1.20000000e+00  1.19999979e+00 -3.03400240e-06 
 9.89911640e-08  1.20000000e+00  1.19999996e+00  3.02742800e-06 
 9.90911640e-08  1.20000000e+00  1.19999979e+00 -3.03150857e-06 
 9.91911640e-08  1.20000000e+00  1.19999996e+00  3.02494251e-06 
 9.92911640e-08  1.20000000e+00  1.19999979e+00 -3.02903141e-06 
 9.93911640e-08  1.20000000e+00  1.19999996e+00  3.02247365e-06 
 9.94911640e-08  1.20000000e+00  1.19999979e+00 -3.02657083e-06 
 9.95911640e-08  1.20000000e+00  1.19999996e+00  3.02002132e-06 
 9.96911640e-08  1.20000000e+00  1.19999979e+00 -3.02412673e-06 
 9.97911640e-08  1.20000000e+00  1.19999996e+00  3.01758543e-06 
 9.98911640e-08  1.20000000e+00  1.19999979e+00 -3.02169901e-06 
 9.99455820e-08  1.20000000e+00  1.19999996e+00  3.01415736e-06 
 1.00000000e-07  1.20000000e+00  1.19999980e+00 -3.01728015e-06 
