 time            v(in)           v(out)          i(VDD)         
 0.00000000e+00  0.00000000e+00  6.25378102e-08 -5.40755425e-10 
 1.00000000e-12  0.00000000e+00  6.25378106e-08 -5.40755480e-10 
 2.00000000e-12  0.00000000e+00  6.25378111e-08 -5.40755489e-10 
 4.00000000e-12  0.00000000e+00  6.25378120e-08 -5.40755472e-10 
 8.00000000e-12  0.00000000e+00  6.25378127e-08 -5.40755504e-10 
 1.60000000e-11  0.00000000e+00  6.25378085e-08 -5.40755455e-10 
 3.20000000e-11  0.00000000e+00  6.25378108e-08 -5.40755454e-10 
 6.40000000e-11  0.00000000e+00  6.25378127e-08 -5.40755353e-10 
 1.28000000e-10  0.00000000e+00  6.25378041e-08 -5.40755416e-10 
 2.28000000e-10  0.00000000e+00  6.25378180e-08 -5.40755366e-10 
 3.28000000e-10  0.00000000e+00  6.25378043e-08 -5.40755409e-10 
 4.28000000e-10  0.00000000e+00  6.25378088e-08 -5.40755578e-10 
 5.28000000e-10  0.00000000e+00  6.25378133e-08 -5.40755507e-10 
 6.28000000e-10  0.00000000e+00  6.25378090e-08 -5.40755527e-10 
 7.28000000e-10  0.00000000e+00  6.25378087e-08 -5.40755503e-10 
 8.28000000e-10  0.00000000e+00  6.25378146e-08 -5.40755416e-10 
 9.28000000e-10  0.00000000e+00  6.25378078e-08 -5.40755384e-10 
 1.02800000e-09  0.00000000e+00  6.25378105e-08 -5.40755447e-10 
 1.12800000e-09  0.00000000e+00  6.25378090e-08 -5.40755496e-10 
 1.22800000e-09  0.00000000e+00  6.25378144e-08 -5.40755450e-10 
 1.32800000e-09  0.00000000e+00  6.25378095e-08 -5.40755379e-10 
 1.42800000e-09  0.00000000e+00  6.25378103e-08 -5.40755422e-10 
 1.52800000e-09  0.00000000e+00  6.25378074e-08 -5.40755437e-10 
 1.62800000e-09  0.00000000e+00  6.25378093e-08 -5.40755454e-10 
 1.72800000e-09  0.00000000e+00  6.25378109e-08 -5.40755468e-10 
 1.82800000e-09  0.00000000e+00  6.25378126e-08 -5.40755434e-10 
 1.92800000e-09  0.00000000e+00  6.25378095e-08 -5.40755491e-10 
 2.02800000e-09  0.00000000e+00  6.25378088e-08 -5.40755467e-10 
 2.12800000e-09  0.00000000e+00  6.25378150e-08 -5.40755397e-10 
 2.22800000e-09  0.00000000e+00  6.25378081e-08 -5.40755475e-10 
 2.32800000e-09  0.00000000e+00  6.25378075e-08 -5.40755577e-10 
 2.42800000e-09  0.00000000e+00  6.25378143e-08 -5.40755456e-10 
 2.52800000e-09  0.00000000e+00  6.25378097e-08 -5.40755388e-10 
 2.62800000e-09  0.00000000e+00  6.25378099e-08 -5.40755478e-10 
 2.72800000e-09  0.00000000e+00  6.25378080e-08 -5.40755477e-10 
 2.82800000e-09  0.00000000e+00  6.25378086e-08 -5.40755427e-10 
 2.92800000e-09  0.00000000e+00  6.25378114e-08 -5.40755497e-10 
 3.02800000e-09  0.00000000e+00  6.25378123e-08 -5.40755433e-10 
 3.12800000e-09  0.00000000e+00  6.25378147e-08 -5.40755559e-10 
 3.22800000e-09  0.00000000e+00  6.25378070e-08 -5.40755513e-10 
 3.32800000e-09  0.00000000e+00  6.25378096e-08 -5.40755403e-10 
 3.42800000e-09  0.00000000e+00  6.25378097e-08 -5.40755429e-10 
 3.52800000e-09  0.00000000e+00  6.25378099e-08 -5.40755547e-10 
 3.62800000e-09  0.00000000e+00  6.25378090e-08 -5.40755677e-10 
 3.72800000e-09  0.00000000e+00  6.25378143e-08 -5.40755465e-10 
 3.82800000e-09  0.00000000e+00  6.25378088e-08 -5.40755403e-10 
 3.92800000e-09  0.00000000e+00  6.25378109e-08 -5.40755484e-10 
 4.02800000e-09  0.00000000e+00  6.25378105e-08 -5.40755422e-10 
 4.12800000e-09  0.00000000e+00  6.25378100e-08 -5.40755373e-10 
 4.22800000e-09  0.00000000e+00  6.25378112e-08 -5.40755391e-10 
 4.32800000e-09  0.00000000e+00  6.25378061e-08 -5.40755456e-10 
 4.42800000e-09  0.00000000e+00  6.25378105e-08 -5.40755485e-10 
 4.52800000e-09  0.00000000e+00  6.25378136e-08 -5.40755398e-10 
 4.62800000e-09  0.00000000e+00  6.25378055e-08 -5.40755565e-10 
 4.72800000e-09  0.00000000e+00  6.25378149e-08 -5.40755509e-10 
 4.82800000e-09  0.00000000e+00  6.25378055e-08 -5.40755412e-10 
 4.92800000e-09  0.00000000e+00  6.25378138e-08 -5.40755425e-10 
 5.02800000e-09  0.00000000e+00  6.25378150e-08 -5.40755421e-10 
 5.12800000e-09  0.00000000e+00  6.25378024e-08 -5.40755516e-10 
 5.22800000e-09  0.00000000e+00  6.25378128e-08 -5.40755511e-10 
 5.32800000e-09  0.00000000e+00  6.25378089e-08 -5.40755478e-10 
 5.42800000e-09  0.00000000e+00  6.25378149e-08 -5.40755408e-10 
 5.52800000e-09  0.00000000e+00  6.25378090e-08 -5.40755428e-10 
 5.62800000e-09  0.00000000e+00  6.25378107e-08 -5.40755547e-10 
 5.72800000e-09  0.00000000e+00  6.25378105e-08 -5.40755487e-10 
 5.82800000e-09  0.00000000e+00  6.25378102e-08 -5.40755402e-10 
 5.92800000e-09  0.00000000e+00  6.25378107e-08 -5.40755396e-10 
 6.02800000e-09  0.00000000e+00  6.25378041e-08 -5.40755507e-10 
 6.12800000e-09  0.00000000e+00  6.25378153e-08 -5.40755578e-10 
 6.22800000e-09  0.00000000e+00  6.25378085e-08 -5.40755493e-10 
 6.32800000e-09  0.00000000e+00  6.25378052e-08 -5.40755483e-10 
 6.42800000e-09  0.00000000e+00  6.25378195e-08 -5.40755419e-10 
 6.52800000e-09  0.00000000e+00  6.25378033e-08 -5.40755486e-10 
 6.62800000e-09  0.00000000e+00  6.25378116e-08 -5.40755565e-10 
 6.72800000e-09  0.00000000e+00  6.25378102e-08 -5.40755565e-10 
 6.82800000e-09  0.00000000e+00  6.25378122e-08 -5.40755515e-10 
 6.92800000e-09  0.00000000e+00  6.25378116e-08 -5.40755397e-10 
 7.02800000e-09  0.00000000e+00  6.25378081e-08 -5.40755396e-10 
 7.12800000e-09  0.00000000e+00  6.25378115e-08 -5.40755426e-10 
 7.22800000e-09  0.00000000e+00  6.25378079e-08 -5.40755453e-10 
 7.32800000e-09  0.00000000e+00  6.25378154e-08 -5.40755404e-10 
 7.42800000e-09  0.00000000e+00  6.25378080e-08 -5.40755451e-10 
 7.52800000e-09  0.00000000e+00  6.25378109e-08 -5.40755465e-10 
 7.62800000e-09  0.00000000e+00  6.25378101e-08 -5.40755483e-10 
 7.72800000e-09  0.00000000e+00  6.25378102e-08 -5.40755454e-10 
 7.82800000e-09  0.00000000e+00  6.25378105e-08 -5.40755454e-10 
 7.92800000e-09  0.00000000e+00  6.25378098e-08 -5.40755515e-10 
 8.02800000e-09  0.00000000e+00  6.25378099e-08 -5.40755500e-10 
 8.12800000e-09  0.00000000e+00  6.25378096e-08 -5.40755461e-10 
 8.22800000e-09  0.00000000e+00  6.25378143e-08 -5.40755402e-10 
 8.32800000e-09  0.00000000e+00  6.25378061e-08 -5.40755465e-10 
 8.42800000e-09  0.00000000e+00  6.25378102e-08 -5.40755437e-10 
 8.52800000e-09  0.00000000e+00  6.25378148e-08 -5.40755435e-10 
 8.62800000e-09  0.00000000e+00  6.25378065e-08 -5.40755463e-10 
 8.72800000e-09  0.00000000e+00  6.25378116e-08 -5.40755405e-10 
 8.82800000e-09  0.00000000e+00  6.25378097e-08 -5.40755443e-10 
 8.92800000e-09  0.00000000e+00  6.25378099e-08 -5.40755511e-10 
 9.02800000e-09  0.00000000e+00  6.25378098e-08 -5.40755470e-10 
 9.12800000e-09  0.00000000e+00  6.25378056e-08 -5.40755519e-10 
 9.22800000e-09  0.00000000e+00  6.25378188e-08 -5.40755480e-10 
 9.32800000e-09  0.00000000e+00  6.25378046e-08 -5.40755525e-10 
 9.42800000e-09  0.00000000e+00  6.25378060e-08 -5.40755605e-10 
 9.52800000e-09  0.00000000e+00  6.25378160e-08 -5.40755470e-10 
 9.62800000e-09  0.00000000e+00  6.25378101e-08 -5.40755499e-10 
 9.72800000e-09  0.00000000e+00  6.25378153e-08 -5.40755570e-10 
 9.82800000e-09  0.00000000e+00  6.25378067e-08 -5.40755474e-10 
 9.91400000e-09  0.00000000e+00  6.25378089e-08 -5.40755607e-10 
 1.00000000e-08  0.00000000e+00  6.25378143e-08 -5.40755537e-10 
 1.00100000e-08  1.20000000e-02  6.25680695e-08  2.66919050e-06 
 1.00300000e-08  3.60000000e-02  6.23395741e-08  3.21340467e-06 
 1.00700000e-08  8.40000000e-02  6.29055666e-08  3.41406800e-06 
 1.01500000e-08  1.80000000e-01  6.20663316e-08  3.35989559e-06 
 1.02500000e-08  3.00000000e-01  6.30922095e-08  3.20837493e-06 
 1.03500000e-08  4.20000000e-01  6.19105895e-08  1.36368120e-06 
 1.04500000e-08  5.40000000e-01  6.32176867e-08 -4.29088694e-06 
 1.05500000e-08  6.60000000e-01  6.18339920e-08 -9.30770944e-06 
 1.06185420e-08  7.42250456e-01  6.32427682e-08 -2.68824839e-05 
 1.06659706e-08  7.99164749e-01  6.23547776e-08 -4.26431481e-05 
 1.07051137e-08  8.46136438e-01  3.63219882e-08 -8.26402364e-05 
 1.07330035e-08  8.79604220e-01  3.22873021e-07 -1.02147931e-04 
 1.07547704e-08  9.05724445e-01  6.84779484e-07 -6.31083310e-05 
 1.07786068e-08  9.34328141e-01 -4.33927057e-06 -7.50082771e-05 
 1.07951629e-08  9.54195423e-01 -4.21120171e-06 -9.11072984e-05 
 1.08142983e-08  9.77157986e-01  9.73281900e-06 -9.54198493e-05 
 1.08291337e-08  9.94960450e-01  5.50309354e-05 -9.36295167e-05 
 1.08467492e-08  1.01609903e+00  3.14762817e-05 -5.27504148e-05 
 1.08652348e-08  1.03828175e+00 -1.40772432e-04 -7.74084001e-05 
 1.08822039e-08  1.05864466e+00 -3.90630845e-04 -8.46946207e-05 
 1.09021444e-08  1.08257324e+00 -3.94949459e-04 -9.90896121e-05 
 1.09176444e-08  1.10117328e+00  1.50940451e-03 -9.11886088e-05 
 1.09349216e-08  1.12190595e+00  4.80488565e-03 -5.91014221e-05 
 1.09532044e-08  1.14384522e+00  2.58779017e-03 -6.83853192e-05 
 1.09707461e-08  1.16489527e+00 -1.43469546e-02 -8.29271314e-05 
 1.09853730e-08  1.18244764e+00 -4.00408529e-02 -7.85901032e-05 
 1.10000000e-08  1.20000000e+00 -4.55623595e-02 -1.11249796e-04 
 1.10029254e-08  1.20000000e+00 -3.73551365e-02 -1.18998821e-04 
 1.10087762e-08  1.20000000e+00 -1.19828889e-02 -1.29703958e-04 
 1.10204778e-08  1.20000000e+00  7.69938271e-02 -1.28076602e-04 
 1.10325234e-08  1.20000000e+00  1.95832684e-01 -1.24572245e-04 
 1.10475925e-08  1.20000000e+00  3.50907025e-01 -1.15807815e-04 
 1.10640828e-08  1.20000000e+00  5.16191965e-01 -1.10635279e-04 
 1.10944022e-08  1.20000000e+00  7.85714551e-01 -8.93268468e-05 
 1.11274082e-08  1.20000000e+00  9.97495670e-01 -5.76653885e-05 
 1.11644147e-08  1.20000000e+00  1.12444202e+00 -2.33537226e-05 
 1.11950590e-08  1.20000000e+00  1.16856758e+00 -1.13430564e-05 
 1.12315223e-08  1.20000000e+00  1.18964706e+00 -2.66781336e-06 
 1.12730064e-08  1.20000000e+00  1.19724872e+00 -1.78777256e-06 
 1.13311889e-08  1.20000000e+00  1.19972586e+00  7.46634706e-07 
 1.14115149e-08  1.20000000e+00  1.20001536e+00 -8.32541237e-07 
 1.15115149e-08  1.20000000e+00  1.19999829e+00  8.33229084e-07 
 1.16115149e-08  1.20000000e+00  1.19999925e+00 -8.31889982e-07 
 1.17115149e-08  1.20000000e+00  1.20000080e+00  8.27867479e-07 
 1.18115149e-08  1.20000000e+00  1.19999897e+00 -8.25723634e-07 
 1.19115149e-08  1.20000000e+00  1.20000073e+00  8.21559271e-07 
 1.20115149e-08  1.20000000e+00  1.19999906e+00 -8.19391458e-07 
 1.21115149e-08  1.20000000e+00  1.20000065e+00  8.15227514e-07 
 1.22115149e-08  1.20000000e+00  1.19999913e+00 -8.13067559e-07 
 1.23115149e-08  1.20000000e+00  1.20000060e+00  8.08915274e-07 
 1.24115149e-08  1.20000000e+00  1.19999917e+00 -8.06769552e-07 
 1.25115149e-08  1.20000000e+00  1.20000057e+00  8.02633417e-07 
 1.26115149e-08  1.20000000e+00  1.19999919e+00 -8.00505298e-07 
 1.27115149e-08  1.20000000e+00  1.20000055e+00  7.96387879e-07 
 1.28115149e-08  1.20000000e+00  1.19999921e+00 -7.94279319e-07 
 1.29115149e-08  1.20000000e+00  1.20000054e+00  7.90182106e-07 
 1.30115149e-08  1.20000000e+00  1.19999922e+00 -7.88094236e-07 
 1.31115149e-08  1.20000000e+00  1.20000052e+00  7.84018075e-07 
 1.32115149e-08  1.20000000e+00  1.19999923e+00 -7.81951525e-07 
 1.33115149e-08  1.20000000e+00  1.20000052e+00  7.77896880e-07 
 1.34115149e-08  1.20000000e+00  1.19999924e+00 -7.75851978e-07 
 1.35115149e-08  1.20000000e+00  1.20000051e+00  7.71819071e-07 
 1.36115149e-08  1.20000000e+00  1.19999925e+00 -7.69795960e-07 
 1.37115149e-08  1.20000000e+00  1.20000050e+00  7.65784871e-07 
 1.38115149e-08  1.20000000e+00  1.19999925e+00 -7.63783579e-07 
 1.39115149e-08  1.20000000e+00  1.20000050e+00  7.59794294e-07 
 1.40115149e-08  1.20000000e+00  1.19999926e+00 -7.57814777e-07 
 1.41115149e-08  1.20000000e+00  1.20000049e+00  7.53847227e-07 
 1.42115149e-08  1.20000000e+00  1.19999926e+00 -7.51889395e-07 
 1.43115149e-08  1.20000000e+00  1.20000048e+00  7.47943476e-07 
 1.44115149e-08  1.20000000e+00  1.19999927e+00 -7.46007212e-07 
 1.45115149e-08  1.20000000e+00  1.20000048e+00  7.42082797e-07 
 1.46115149e-08  1.20000000e+00  1.19999928e+00 -7.40167965e-07 
 1.47115149e-08  1.20000000e+00  1.20000047e+00  7.36264912e-07 
 1.48115149e-08  1.20000000e+00  1.19999928e+00 -7.34371367e-07 
 1.49115149e-08  1.20000000e+00  1.20000047e+00  7.30489525e-07 
 1.50115149e-08  1.20000000e+00  1.19999929e+00 -7.28617114e-07 
 1.51115149e-08  1.20000000e+00  1.20000046e+00  7.24756330e-07 
 1.52115149e-08  1.20000000e+00  1.19999929e+00 -7.22904896e-07 
 1.53115149e-08  1.20000000e+00  1.20000046e+00  7.19065011e-07 
 1.54115149e-08  1.20000000e+00  1.19999930e+00 -7.17234395e-07 
 1.55115149e-08  1.20000000e+00  1.20000045e+00  7.13415250e-07 
 1.56115149e-08  1.20000000e+00  1.19999930e+00 -7.11605293e-07 
 1.57115149e-08  1.20000000e+00  1.20000045e+00  7.07806727e-07 
 1.58115149e-08  1.20000000e+00  1.19999931e+00 -7.06017269e-07 
 1.59115149e-08  1.20000000e+00  1.20000044e+00  7.02239123e-07 
 1.60115149e-08  1.20000000e+00  1.19999931e+00 -7.00470004e-07 
 1.61115149e-08  1.20000000e+00  1.20000044e+00  6.96712118e-07 
 1.62115149e-08  1.20000000e+00  1.19999932e+00 -6.94963180e-07 
 1.63115149e-08  1.20000000e+00  1.20000043e+00  6.91225396e-07 
 1.64115149e-08  1.20000000e+00  1.19999932e+00 -6.89496480e-07 
 1.65115149e-08  1.20000000e+00  1.20000043e+00  6.85778642e-07 
 1.66115149e-08  1.20000000e+00  1.19999933e+00 -6.84069590e-07 
 1.67115149e-08  1.20000000e+00  1.20000042e+00  6.80371540e-07 
 1.68115149e-08  1.20000000e+00  1.19999933e+00 -6.78682198e-07 
 1.69115149e-08  1.20000000e+00  1.20000042e+00  6.75003781e-07 
 1.70115149e-08  1.20000000e+00  1.19999934e+00 -6.73333995e-07 
 1.71115149e-08  1.20000000e+00  1.20000041e+00  6.69675056e-07 
 1.72115149e-08  1.20000000e+00  1.19999934e+00 -6.68024671e-07 
 1.73115149e-08  1.20000000e+00  1.20000041e+00  6.64385059e-07 
 1.74115149e-08  1.20000000e+00  1.19999935e+00 -6.62753923e-07 
 1.75115149e-08  1.20000000e+00  1.20000040e+00  6.59133486e-07 
 1.76115149e-08  1.20000000e+00  1.19999935e+00 -6.57521449e-07 
 1.77115149e-08  1.20000000e+00  1.20000040e+00  6.53920036e-07 
 1.78115149e-08  1.20000000e+00  1.19999936e+00 -6.52326947e-07 
 1.79115149e-08  1.20000000e+00  1.20000039e+00  6.48744409e-07 
 1.80115149e-08  1.20000000e+00  1.19999936e+00 -6.47170121e-07 
 1.81115149e-08  1.20000000e+00  1.20000039e+00  6.43606311e-07 
 1.82115149e-08  1.20000000e+00  1.19999937e+00 -6.42050676e-07 
 1.83115149e-08  1.20000000e+00  1.20000038e+00  6.38505447e-07 
 1.84115149e-08  1.20000000e+00  1.19999937e+00 -6.36968320e-07 
 1.85115149e-08  1.20000000e+00  1.20000038e+00  6.33441527e-07 
 1.86115149e-08  1.20000000e+00  1.19999937e+00 -6.31922762e-07 
 1.87115149e-08  1.20000000e+00  1.20000037e+00  6.28414261e-07 
 1.88115149e-08  1.20000000e+00  1.19999938e+00 -6.26913716e-07 
 1.89115149e-08  1.20000000e+00  1.20000037e+00  6.23423363e-07 
 1.90115149e-08  1.20000000e+00  1.19999938e+00 -6.21940895e-07 
 1.91115149e-08  1.20000000e+00  1.20000036e+00  6.18468550e-07 
 1.92115149e-08  1.20000000e+00  1.19999939e+00 -6.17004018e-07 
 1.93115149e-08  1.20000000e+00  1.20000036e+00  6.13549540e-07 
 1.94115149e-08  1.20000000e+00  1.19999939e+00 -6.12102804e-07 
 1.95115149e-08  1.20000000e+00  1.20000036e+00  6.08666054e-07 
 1.96115149e-08  1.20000000e+00  1.19999940e+00 -6.07236976e-07 
 1.97115149e-08  1.20000000e+00  1.20000035e+00  6.03817815e-07 
 1.98115149e-08  1.20000000e+00  1.19999940e+00 -6.02406258e-07 
 1.99115149e-08  1.20000000e+00  1.20000035e+00  5.99004550e-07 
 2.00115149e-08  1.20000000e+00  1.19999941e+00 -5.97610376e-07 
 2.01115149e-08  1.20000000e+00  1.20000034e+00  5.94225985e-07 
 2.02115149e-08  1.20000000e+00  1.19999941e+00 -5.92849060e-07 
 2.03115149e-08  1.20000000e+00  1.20000034e+00  5.89481852e-07 
 2.04115149e-08  1.20000000e+00  1.19999941e+00 -5.88122042e-07 
 2.05115149e-08  1.20000000e+00  1.20000033e+00  5.84771883e-07 
 2.06115149e-08  1.20000000e+00  1.19999942e+00 -5.83429055e-07 
 2.07115149e-08  1.20000000e+00  1.20000033e+00  5.80095814e-07 
 2.08115149e-08  1.20000000e+00  1.19999942e+00 -5.78769836e-07 
 2.09115149e-08  1.20000000e+00  1.20000033e+00  5.75453379e-07 
 2.10115149e-08  1.20000000e+00  1.19999943e+00 -5.74144121e-07 
 2.11115149e-08  1.20000000e+00  1.20000032e+00  5.70844321e-07 
 2.12115149e-08  1.20000000e+00  1.19999943e+00 -5.69551653e-07 
 2.13115149e-08  1.20000000e+00  1.20000032e+00  5.66268379e-07 
 2.14115149e-08  1.20000000e+00  1.19999943e+00 -5.64992173e-07 
 2.15115149e-08  1.20000000e+00  1.20000031e+00  5.61725298e-07 
 2.16115149e-08  1.20000000e+00  1.19999944e+00 -5.60465426e-07 
 2.17115149e-08  1.20000000e+00  1.20000031e+00  5.57214823e-07 
 2.18115149e-08  1.20000000e+00  1.19999944e+00 -5.55971159e-07 
 2.19115149e-08  1.20000000e+00  1.20000031e+00  5.52736702e-07 
 2.20115149e-08  1.20000000e+00  1.19999945e+00 -5.51509122e-07 
 2.21115149e-08  1.20000000e+00  1.20000030e+00  5.48290686e-07 
 2.22115149e-08  1.20000000e+00  1.19999945e+00 -5.47079064e-07 
 2.23115149e-08  1.20000000e+00  1.20000030e+00  5.43876527e-07 
 2.24115149e-08  1.20000000e+00  1.19999945e+00 -5.42680741e-07 
 2.25115149e-08  1.20000000e+00  1.20000030e+00  5.39493979e-07 
 2.26115149e-08  1.20000000e+00  1.19999946e+00 -5.38313906e-07 
 2.27115149e-08  1.20000000e+00  1.20000029e+00  5.35142798e-07 
 2.28115149e-08  1.20000000e+00  1.19999946e+00 -5.33978318e-07 
 2.29115149e-08  1.20000000e+00  1.20000029e+00  5.30822743e-07 
 2.30115149e-08  1.20000000e+00  1.19999946e+00 -5.29673735e-07 
 2.31115149e-08  1.20000000e+00  1.20000028e+00  5.26533574e-07 
 2.32115149e-08  1.20000000e+00  1.19999947e+00 -5.25399920e-07 
 2.33115149e-08  1.20000000e+00  1.20000028e+00  5.22275053e-07 
 2.34115149e-08  1.20000000e+00  1.19999947e+00 -5.21156635e-07 
 2.35115149e-08  1.20000000e+00  1.20000028e+00  5.18046946e-07 
 2.36115149e-08  1.20000000e+00  1.19999948e+00 -5.16943646e-07 
 2.37115149e-08  1.20000000e+00  1.20000027e+00  5.13849018e-07 
 2.38115149e-08  1.20000000e+00  1.19999948e+00 -5.12760721e-07 
 2.39115149e-08  1.20000000e+00  1.20000027e+00  5.09681038e-07 
 2.40115149e-08  1.20000000e+00  1.19999948e+00 -5.08607628e-07 
 2.41115149e-08  1.20000000e+00  1.20000027e+00  5.05542776e-07 
 2.42115149e-08  1.20000000e+00  1.19999949e+00 -5.04484139e-07 
 2.43115149e-08  1.20000000e+00  1.20000026e+00  5.01434004e-07 
 2.44115149e-08  1.20000000e+00  1.19999949e+00 -5.00390027e-07 
 2.45115149e-08  1.20000000e+00  1.20000026e+00  4.97354497e-07 
 2.46115149e-08  1.20000000e+00  1.19999949e+00 -4.96325068e-07 
 2.47115149e-08  1.20000000e+00  1.20000026e+00  4.93304030e-07 
 2.48115149e-08  1.20000000e+00  1.19999950e+00 -4.92289037e-07 
 2.49115149e-08  1.20000000e+00  1.20000025e+00  4.89282381e-07 
 2.50115149e-08  1.20000000e+00  1.19999950e+00 -4.88281714e-07 
 2.51115149e-08  1.20000000e+00  1.20000025e+00  4.85289329e-07 
 2.52115149e-08  1.20000000e+00  1.19999950e+00 -4.84302878e-07 
 2.53115149e-08  1.20000000e+00  1.20000025e+00  4.81324657e-07 
 2.54115149e-08  1.20000000e+00  1.19999951e+00 -4.80352314e-07 
 2.55115149e-08  1.20000000e+00  1.20000024e+00  4.77388148e-07 
 2.56115149e-08  1.20000000e+00  1.19999951e+00 -4.76429805e-07 
 2.57115149e-08  1.20000000e+00  1.20000024e+00  4.73479586e-07 
 2.58115149e-08  1.20000000e+00  1.19999951e+00 -4.72535137e-07 
 2.59115149e-08  1.20000000e+00  1.20000024e+00  4.69598758e-07 
 2.60115149e-08  1.20000000e+00  1.19999952e+00 -4.68668097e-07 
 2.61115149e-08  1.20000000e+00  1.20000023e+00  4.65745455e-07 
 2.62115149e-08  1.20000000e+00  1.19999952e+00 -4.64828476e-07 
 2.63115149e-08  1.20000000e+00  1.20000023e+00  4.61919464e-07 
 2.64115149e-08  1.20000000e+00  1.19999952e+00 -4.61016064e-07 
 2.65115149e-08  1.20000000e+00  1.20000023e+00  4.58120580e-07 
 2.66115149e-08  1.20000000e+00  1.19999953e+00 -4.57230655e-07 
 2.67115149e-08  1.20000000e+00  1.20000022e+00  4.54348595e-07 
 2.68115149e-08  1.20000000e+00  1.19999953e+00 -4.53472042e-07 
 2.69115149e-08  1.20000000e+00  1.20000022e+00  4.50603305e-07 
 2.70115149e-08  1.20000000e+00  1.19999953e+00 -4.49740024e-07 
 2.71115149e-08  1.20000000e+00  1.20000022e+00  4.46884508e-07 
 2.72115149e-08  1.20000000e+00  1.19999954e+00 -4.46034397e-07 
 2.73115149e-08  1.20000000e+00  1.20000021e+00  4.43192003e-07 
 2.74115149e-08  1.20000000e+00  1.19999954e+00 -4.42354962e-07 
 2.75115149e-08  1.20000000e+00  1.20000021e+00  4.39525589e-07 
 2.76115149e-08  1.20000000e+00  1.19999954e+00 -4.38701520e-07 
 2.77115149e-08  1.20000000e+00  1.20000021e+00  4.35885069e-07 
 2.78115149e-08  1.20000000e+00  1.19999954e+00 -4.35073873e-07 
 2.79115149e-08  1.20000000e+00  1.20000021e+00  4.32270248e-07 
 2.80115149e-08  1.20000000e+00  1.19999955e+00 -4.31471828e-07 
 2.81115149e-08  1.20000000e+00  1.20000020e+00  4.28680930e-07 
 2.82115149e-08  1.20000000e+00  1.19999955e+00 -4.27895189e-07 
 2.83115149e-08  1.20000000e+00  1.20000020e+00  4.25116922e-07 
 2.84115149e-08  1.20000000e+00  1.19999955e+00 -4.24343764e-07 
 2.85115149e-08  1.20000000e+00  1.20000020e+00  4.21578034e-07 
 2.86115149e-08  1.20000000e+00  1.19999956e+00 -4.20817364e-07 
 2.87115149e-08  1.20000000e+00  1.20000019e+00  4.18064075e-07 
 2.88115149e-08  1.20000000e+00  1.19999956e+00 -4.17315799e-07 
 2.89115149e-08  1.20000000e+00  1.20000019e+00  4.14574857e-07 
 2.90115149e-08  1.20000000e+00  1.19999956e+00 -4.13838881e-07 
 2.91115149e-08  1.20000000e+00  1.20000019e+00  4.11110194e-07 
 2.92115149e-08  1.20000000e+00  1.19999956e+00 -4.10386426e-07 
 2.93115149e-08  1.20000000e+00  1.20000019e+00  4.07669900e-07 
 2.94115149e-08  1.20000000e+00  1.19999957e+00 -4.06958247e-07 
 2.95115149e-08  1.20000000e+00  1.20000018e+00  4.04253792e-07 
 2.96115149e-08  1.20000000e+00  1.19999957e+00 -4.03554163e-07 
 2.97115149e-08  1.20000000e+00  1.20000018e+00  4.00861687e-07 
 2.98115149e-08  1.20000000e+00  1.19999957e+00 -4.00173992e-07 
 2.99115149e-08  1.20000000e+00  1.20000018e+00  3.97493406e-07 
 3.00115149e-08  1.20000000e+00  1.19999958e+00 -3.96817554e-07 
 3.01115149e-08  1.20000000e+00  1.20000017e+00  3.94148767e-07 
 3.02115149e-08  1.20000000e+00  1.19999958e+00 -3.93484671e-07 
 3.03115149e-08  1.20000000e+00  1.20000017e+00  3.90827595e-07 
 3.04115149e-08  1.20000000e+00  1.19999958e+00 -3.90175165e-07 
 3.05115149e-08  1.20000000e+00  1.20000017e+00  3.87529712e-07 
 3.06115149e-08  1.20000000e+00  1.19999958e+00 -3.86888861e-07 
 3.07115149e-08  1.20000000e+00  1.20000017e+00  3.84254944e-07 
 3.08115149e-08  1.20000000e+00  1.19999959e+00 -3.83625585e-07 
 3.09115149e-08  1.20000000e+00  1.20000016e+00  3.81003118e-07 
 3.10115149e-08  1.20000000e+00  1.19999959e+00 -3.80385165e-07 
 3.11115149e-08  1.20000000e+00  1.20000016e+00  3.77774061e-07 
 3.12115149e-08  1.20000000e+00  1.19999959e+00 -3.77167428e-07 
 3.13115149e-08  1.20000000e+00  1.20000016e+00  3.74567603e-07 
 3.14115149e-08  1.20000000e+00  1.19999959e+00 -3.73972205e-07 
 3.15115149e-08  1.20000000e+00  1.20000016e+00  3.71383574e-07 
 3.16115149e-08  1.20000000e+00  1.19999960e+00 -3.70799328e-07 
 3.17115149e-08  1.20000000e+00  1.20000015e+00  3.68221807e-07 
 3.18115149e-08  1.20000000e+00  1.19999960e+00 -3.67648629e-07 
 3.19115149e-08  1.20000000e+00  1.20000015e+00  3.65082135e-07 
 3.20115149e-08  1.20000000e+00  1.19999960e+00 -3.64519942e-07 
 3.21115149e-08  1.20000000e+00  1.20000015e+00  3.61964393e-07 
 3.22115149e-08  1.20000000e+00  1.19999960e+00 -3.61413103e-07 
 3.23115149e-08  1.20000000e+00  1.20000015e+00  3.58868417e-07 
 3.24115149e-08  1.20000000e+00  1.19999961e+00 -3.58327950e-07 
 3.25115149e-08  1.20000000e+00  1.20000014e+00  3.55794045e-07 
 3.26115149e-08  1.20000000e+00  1.19999961e+00 -3.55264318e-07 
 3.27115149e-08  1.20000000e+00  1.20000014e+00  3.52741115e-07 
 3.28115149e-08  1.20000000e+00  1.19999961e+00 -3.52222050e-07 
 3.29115149e-08  1.20000000e+00  1.20000014e+00  3.49709468e-07 
 3.30115149e-08  1.20000000e+00  1.19999961e+00 -3.49200984e-07 
 3.31115149e-08  1.20000000e+00  1.20000014e+00  3.46698945e-07 
 3.32115149e-08  1.20000000e+00  1.19999962e+00 -3.46200964e-07 
 3.33115149e-08  1.20000000e+00  1.20000013e+00  3.43709389e-07 
 3.34115149e-08  1.20000000e+00  1.19999962e+00 -3.43221833e-07 
 3.35115149e-08  1.20000000e+00  1.20000013e+00  3.40740643e-07 
 3.36115149e-08  1.20000000e+00  1.19999962e+00 -3.40263434e-07 
 3.37115149e-08  1.20000000e+00  1.20000013e+00  3.37792554e-07 
 3.38115149e-08  1.20000000e+00  1.19999962e+00 -3.37325615e-07 
 3.39115149e-08  1.20000000e+00  1.20000013e+00  3.34864967e-07 
 3.40115149e-08  1.20000000e+00  1.19999962e+00 -3.34408221e-07 
 3.41115149e-08  1.20000000e+00  1.20000013e+00  3.31957730e-07 
 3.42115149e-08  1.20000000e+00  1.19999963e+00 -3.31511103e-07 
 3.43115149e-08  1.20000000e+00  1.20000012e+00  3.29070692e-07 
 3.44115149e-08  1.20000000e+00  1.19999963e+00 -3.28634108e-07 
 3.45115149e-08  1.20000000e+00  1.20000012e+00  3.26203703e-07 
 3.46115149e-08  1.20000000e+00  1.19999963e+00 -3.25777088e-07 
 3.47115149e-08  1.20000000e+00  1.20000012e+00  3.23356615e-07 
 3.48115149e-08  1.20000000e+00  1.19999963e+00 -3.22939894e-07 
 3.49115149e-08  1.20000000e+00  1.20000012e+00  3.20529280e-07 
 3.50115149e-08  1.20000000e+00  1.19999964e+00 -3.20122380e-07 
 3.51115149e-08  1.20000000e+00  1.20000011e+00  3.17721551e-07 
 3.52115149e-08  1.20000000e+00  1.19999964e+00 -3.17324400e-07 
 3.53115149e-08  1.20000000e+00  1.20000011e+00  3.14933284e-07 
 3.54115149e-08  1.20000000e+00  1.19999964e+00 -3.14545810e-07 
 3.55115149e-08  1.20000000e+00  1.20000011e+00  3.12164335e-07 
 3.56115149e-08  1.20000000e+00  1.19999964e+00 -3.11786466e-07 
 3.57115149e-08  1.20000000e+00  1.20000011e+00  3.09414561e-07 
 3.58115149e-08  1.20000000e+00  1.19999964e+00 -3.09046225e-07 
 3.59115149e-08  1.20000000e+00  1.20000011e+00  3.06683819e-07 
 3.60115149e-08  1.20000000e+00  1.19999965e+00 -3.06324948e-07 
 3.61115149e-08  1.20000000e+00  1.20000010e+00  3.03971971e-07 
 3.62115149e-08  1.20000000e+00  1.19999965e+00 -3.03622493e-07 
 3.63115149e-08  1.20000000e+00  1.20000010e+00  3.01278876e-07 
 3.64115149e-08  1.20000000e+00  1.19999965e+00 -3.00938722e-07 
 3.65115149e-08  1.20000000e+00  1.20000010e+00  2.98604395e-07 
 3.66115149e-08  1.20000000e+00  1.19999965e+00 -2.98273498e-07 
 3.67115149e-08  1.20000000e+00  1.20000010e+00  2.95948393e-07 
 3.68115149e-08  1.20000000e+00  1.19999965e+00 -2.95626683e-07 
 3.69115149e-08  1.20000000e+00  1.20000010e+00  2.93310732e-07 
 3.70115149e-08  1.20000000e+00  1.19999966e+00 -2.92998142e-07 
 3.71115149e-08  1.20000000e+00  1.20000009e+00  2.90691278e-07 
 3.72115149e-08  1.20000000e+00  1.19999966e+00 -2.90387740e-07 
 3.73115149e-08  1.20000000e+00  1.20000009e+00  2.88089896e-07 
 3.74115149e-08  1.20000000e+00  1.19999966e+00 -2.87795345e-07 
 3.75115149e-08  1.20000000e+00  1.20000009e+00  2.85506454e-07 
 3.76115149e-08  1.20000000e+00  1.19999966e+00 -2.85220823e-07 
 3.77115149e-08  1.20000000e+00  1.20000009e+00  2.82940820e-07 
 3.78115149e-08  1.20000000e+00  1.19999966e+00 -2.82664044e-07 
 3.79115149e-08  1.20000000e+00  1.20000009e+00  2.80392863e-07 
 3.80115149e-08  1.20000000e+00  1.19999967e+00 -2.80124877e-07 
 3.81115149e-08  1.20000000e+00  1.20000008e+00  2.77862454e-07 
 3.82115149e-08  1.20000000e+00  1.19999967e+00 -2.77603193e-07 
 3.83115149e-08  1.20000000e+00  1.20000008e+00  2.75349463e-07 
 3.84115149e-08  1.20000000e+00  1.19999967e+00 -2.75098863e-07 
 3.85115149e-08  1.20000000e+00  1.20000008e+00  2.72853764e-07 
 3.86115149e-08  1.20000000e+00  1.19999967e+00 -2.72611761e-07 
 3.87115149e-08  1.20000000e+00  1.20000008e+00  2.70375228e-07 
 3.88115149e-08  1.20000000e+00  1.19999967e+00 -2.70141761e-07 
 3.89115149e-08  1.20000000e+00  1.20000008e+00  2.67913731e-07 
 3.90115149e-08  1.20000000e+00  1.19999967e+00 -2.67688736e-07 
 3.91115149e-08  1.20000000e+00  1.20000008e+00  2.65469148e-07 
 3.92115149e-08  1.20000000e+00  1.19999968e+00 -2.65252563e-07 
 3.93115149e-08  1.20000000e+00  1.20000007e+00  2.63041356e-07 
 3.94115149e-08  1.20000000e+00  1.19999968e+00 -2.62833119e-07 
 3.95115149e-08  1.20000000e+00  1.20000007e+00  2.60630230e-07 
 3.96115149e-08  1.20000000e+00  1.19999968e+00 -2.60430282e-07 
 3.97115149e-08  1.20000000e+00  1.20000007e+00  2.58235651e-07 
 3.98115149e-08  1.20000000e+00  1.19999968e+00 -2.58043930e-07 
 3.99115149e-08  1.20000000e+00  1.20000007e+00  2.55857496e-07 
 4.00115149e-08  1.20000000e+00  1.19999968e+00 -2.55673942e-07 
 4.01115149e-08  1.20000000e+00  1.20000007e+00  2.53495646e-07 
 4.02115149e-08  1.20000000e+00  1.19999968e+00 -2.53320200e-07 
 4.03115149e-08  1.20000000e+00  1.20000007e+00  2.51149982e-07 
 4.04115149e-08  1.20000000e+00  1.19999969e+00 -2.50982585e-07 
 4.05115149e-08  1.20000000e+00  1.20000006e+00  2.48820387e-07 
 4.06115149e-08  1.20000000e+00  1.19999969e+00 -2.48660979e-07 
 4.07115149e-08  1.20000000e+00  1.20000006e+00  2.46506742e-07 
 4.08115149e-08  1.20000000e+00  1.19999969e+00 -2.46355267e-07 
 4.09115149e-08  1.20000000e+00  1.20000006e+00  2.44208933e-07 
 4.10115149e-08  1.20000000e+00  1.19999969e+00 -2.44065331e-07 
 4.11115149e-08  1.20000000e+00  1.20000006e+00  2.41926843e-07 
 4.12115149e-08  1.20000000e+00  1.19999969e+00 -2.41791058e-07 
 4.13115149e-08  1.20000000e+00  1.20000006e+00  2.39660358e-07 
 4.14115149e-08  1.20000000e+00  1.19999969e+00 -2.39532333e-07 
 4.15115149e-08  1.20000000e+00  1.20000006e+00  2.37409365e-07 
 4.16115149e-08  1.20000000e+00  1.19999970e+00 -2.37289044e-07 
 4.17115149e-08  1.20000000e+00  1.20000005e+00  2.35173752e-07 
 4.18115149e-08  1.20000000e+00  1.19999970e+00 -2.35061078e-07 
 4.19115149e-08  1.20000000e+00  1.20000005e+00  2.32953406e-07 
 4.20115149e-08  1.20000000e+00  1.19999970e+00 -2.32848325e-07 
 4.21115149e-08  1.20000000e+00  1.20000005e+00  2.30748218e-07 
 4.22115149e-08  1.20000000e+00  1.19999970e+00 -2.30650673e-07 
 4.23115149e-08  1.20000000e+00  1.20000005e+00  2.28558076e-07 
 4.24115149e-08  1.20000000e+00  1.19999970e+00 -2.28468014e-07 
 4.25115149e-08  1.20000000e+00  1.20000005e+00  2.26382873e-07 
 4.26115149e-08  1.20000000e+00  1.19999970e+00 -2.26300239e-07 
 4.27115149e-08  1.20000000e+00  1.20000005e+00  2.24222499e-07 
 4.28115149e-08  1.20000000e+00  1.19999971e+00 -2.24147239e-07 
 4.29115149e-08  1.20000000e+00  1.20000005e+00  2.22076847e-07 
 4.30115149e-08  1.20000000e+00  1.19999971e+00 -2.22008909e-07 
 4.31115149e-08  1.20000000e+00  1.20000004e+00  2.19945811e-07 
 4.32115149e-08  1.20000000e+00  1.19999971e+00 -2.19885141e-07 
 4.33115149e-08  1.20000000e+00  1.20000004e+00  2.17829286e-07 
 4.34115149e-08  1.20000000e+00  1.19999971e+00 -2.17775831e-07 
 4.35115149e-08  1.20000000e+00  1.20000004e+00  2.15727166e-07 
 4.36115149e-08  1.20000000e+00  1.19999971e+00 -2.15680875e-07 
 4.37115149e-08  1.20000000e+00  1.20000004e+00  2.13639347e-07 
 4.38115149e-08  1.20000000e+00  1.19999971e+00 -2.13600167e-07 
 4.39115149e-08  1.20000000e+00  1.20000004e+00  2.11565726e-07 
 4.40115149e-08  1.20000000e+00  1.19999971e+00 -2.11533607e-07 
 4.41115149e-08  1.20000000e+00  1.20000004e+00  2.09506200e-07 
 4.42115149e-08  1.20000000e+00  1.19999972e+00 -2.09481090e-07 
 4.43115149e-08  1.20000000e+00  1.20000003e+00  2.07460668e-07 
 4.44115149e-08  1.20000000e+00  1.19999972e+00 -2.07442518e-07 
 4.45115149e-08  1.20000000e+00  1.20000003e+00  2.05429029e-07 
 4.46115149e-08  1.20000000e+00  1.19999972e+00 -2.05417788e-07 
 4.47115149e-08  1.20000000e+00  1.20000003e+00  2.03411183e-07 
 4.48115149e-08  1.20000000e+00  1.19999972e+00 -2.03406801e-07 
 4.49115149e-08  1.20000000e+00  1.20000003e+00  2.01407031e-07 
 4.50115149e-08  1.20000000e+00  1.19999972e+00 -2.01409458e-07 
 4.51115149e-08  1.20000000e+00  1.20000003e+00  1.99416474e-07 
 4.52115149e-08  1.20000000e+00  1.19999972e+00 -1.99425661e-07 
 4.53115149e-08  1.20000000e+00  1.20000003e+00  1.97439414e-07 
 4.54115149e-08  1.20000000e+00  1.19999972e+00 -1.97455313e-07 
 4.55115149e-08  1.20000000e+00  1.20000003e+00  1.95475754e-07 
 4.56115149e-08  1.20000000e+00  1.19999972e+00 -1.95498317e-07 
 4.57115149e-08  1.20000000e+00  1.20000003e+00  1.93525398e-07 
 4.58115149e-08  1.20000000e+00  1.19999973e+00 -1.93554577e-07 
 4.59115149e-08  1.20000000e+00  1.20000002e+00  1.91588251e-07 
 4.60115149e-08  1.20000000e+00  1.19999973e+00 -1.91623998e-07 
 4.61115149e-08  1.20000000e+00  1.20000002e+00  1.89664217e-07 
 4.62115149e-08  1.20000000e+00  1.19999973e+00 -1.89706486e-07 
 4.63115149e-08  1.20000000e+00  1.20000002e+00  1.87753202e-07 
 4.64115149e-08  1.20000000e+00  1.19999973e+00 -1.87801946e-07 
 4.65115149e-08  1.20000000e+00  1.20000002e+00  1.85855114e-07 
 4.66115149e-08  1.20000000e+00  1.19999973e+00 -1.85910286e-07 
 4.67115149e-08  1.20000000e+00  1.20000002e+00  1.83969860e-07 
 4.68115149e-08  1.20000000e+00  1.19999973e+00 -1.84031414e-07 
 4.69115149e-08  1.20000000e+00  1.20000002e+00  1.82097347e-07 
 4.70115149e-08  1.20000000e+00  1.19999973e+00 -1.82165237e-07 
 4.71115149e-08  1.20000000e+00  1.20000002e+00  1.80237484e-07 
 4.72115149e-08  1.20000000e+00  1.19999974e+00 -1.80311666e-07 
 4.73115149e-08  1.20000000e+00  1.20000002e+00  1.78390182e-07 
 4.74115149e-08  1.20000000e+00  1.19999974e+00 -1.78470610e-07 
 4.75115149e-08  1.20000000e+00  1.20000001e+00  1.76555350e-07 
 4.76115149e-08  1.20000000e+00  1.19999974e+00 -1.76641979e-07 
 4.77115149e-08  1.20000000e+00  1.20000001e+00  1.74732898e-07 
 4.78115149e-08  1.20000000e+00  1.19999974e+00 -1.74825685e-07 
 4.79115149e-08  1.20000000e+00  1.20000001e+00  1.72922740e-07 
 4.80115149e-08  1.20000000e+00  1.19999974e+00 -1.73021640e-07 
 4.81115149e-08  1.20000000e+00  1.20000001e+00  1.71124786e-07 
 4.82115149e-08  1.20000000e+00  1.19999974e+00 -1.71229756e-07 
 4.83115149e-08  1.20000000e+00  1.20000001e+00  1.69338950e-07 
 4.84115149e-08  1.20000000e+00  1.19999974e+00 -1.69449946e-07 
 4.85115149e-08  1.20000000e+00  1.20000001e+00  1.67565145e-07 
 4.86115149e-08  1.20000000e+00  1.19999974e+00 -1.67682124e-07 
 4.87115149e-08  1.20000000e+00  1.20000001e+00  1.65803286e-07 
 4.88115149e-08  1.20000000e+00  1.19999974e+00 -1.65926206e-07 
 4.89115149e-08  1.20000000e+00  1.20000001e+00  1.64053287e-07 
 4.90115149e-08  1.20000000e+00  1.19999975e+00 -1.64182106e-07 
 4.91115149e-08  1.20000000e+00  1.20000000e+00  1.62315065e-07 
 4.92115149e-08  1.20000000e+00  1.19999975e+00 -1.62449740e-07 
 4.93115149e-08  1.20000000e+00  1.20000000e+00  1.60588534e-07 
 4.94115149e-08  1.20000000e+00  1.19999975e+00 -1.60729024e-07 
 4.95115149e-08  1.20000000e+00  1.20000000e+00  1.58873613e-07 
 4.96115149e-08  1.20000000e+00  1.19999975e+00 -1.59019876e-07 
 4.97115149e-08  1.20000000e+00  1.20000000e+00  1.57170218e-07 
 4.98115149e-08  1.20000000e+00  1.19999975e+00 -1.57322213e-07 
 4.99115149e-08  1.20000000e+00  1.20000000e+00  1.55478268e-07 
 5.00115149e-08  1.20000000e+00  1.19999975e+00 -1.55635955e-07 
 5.01115149e-08  1.20000000e+00  1.20000000e+00  1.53797681e-07 
 5.02115149e-08  1.20000000e+00  1.19999975e+00 -1.53961019e-07 
 5.03115149e-08  1.20000000e+00  1.20000000e+00  1.52128376e-07 
 5.04115149e-08  1.20000000e+00  1.19999975e+00 -1.52297326e-07 
 5.05115149e-08  1.20000000e+00  1.20000000e+00  1.50470275e-07 
 5.06115149e-08  1.20000000e+00  1.19999975e+00 -1.50644796e-07 
 5.07115149e-08  1.20000000e+00  1.20000000e+00  1.48823296e-07 
 5.08115149e-08  1.20000000e+00  1.19999976e+00 -1.49003349e-07 
 5.09115149e-08  1.20000000e+00  1.20000000e+00  1.47187362e-07 
 5.10115149e-08  1.20000000e+00  1.19999976e+00 -1.47372908e-07 
 5.11115149e-08  1.20000000e+00  1.19999999e+00  1.45562394e-07 
 5.12115149e-08  1.20000000e+00  1.19999976e+00 -1.45753393e-07 
 5.13115149e-08  1.20000000e+00  1.19999999e+00  1.43948314e-07 
 5.14115149e-08  1.20000000e+00  1.19999976e+00 -1.44144729e-07 
 5.15115149e-08  1.20000000e+00  1.19999999e+00  1.42345046e-07 
 5.16115149e-08  1.20000000e+00  1.19999976e+00 -1.42546838e-07 
 5.17115149e-08  1.20000000e+00  1.19999999e+00  1.40752513e-07 
 5.18115149e-08  1.20000000e+00  1.19999976e+00 -1.40959643e-07 
 5.19115149e-08  1.20000000e+00  1.19999999e+00  1.39170638e-07 
 5.20115149e-08  1.20000000e+00  1.19999976e+00 -1.39383070e-07 
 5.21115149e-08  1.20000000e+00  1.19999999e+00  1.37599348e-07 
 5.22115149e-08  1.20000000e+00  1.19999976e+00 -1.37817043e-07 
 5.23115149e-08  1.20000000e+00  1.19999999e+00  1.36038566e-07 
 5.24115149e-08  1.20000000e+00  1.19999976e+00 -1.36261488e-07 
 5.25115149e-08  1.20000000e+00  1.19999999e+00  1.34488219e-07 
 5.26115149e-08  1.20000000e+00  1.19999976e+00 -1.34716331e-07 
 5.27115149e-08  1.20000000e+00  1.19999999e+00  1.32948234e-07 
 5.28115149e-08  1.20000000e+00  1.19999977e+00 -1.33181498e-07 
 5.29115149e-08  1.20000000e+00  1.19999999e+00  1.31418536e-07 
 5.30115149e-08  1.20000000e+00  1.19999977e+00 -1.31656917e-07 
 5.31115149e-08  1.20000000e+00  1.19999998e+00  1.29899054e-07 
 5.32115149e-08  1.20000000e+00  1.19999977e+00 -1.30142516e-07 
 5.33115149e-08  1.20000000e+00  1.19999998e+00  1.28389715e-07 
 5.34115149e-08  1.20000000e+00  1.19999977e+00 -1.28638222e-07 
 5.35115149e-08  1.20000000e+00  1.19999998e+00  1.26890449e-07 
 5.36115149e-08  1.20000000e+00  1.19999977e+00 -1.27143965e-07 
 5.37115149e-08  1.20000000e+00  1.19999998e+00  1.25401183e-07 
 5.38115149e-08  1.20000000e+00  1.19999977e+00 -1.25659674e-07 
 5.39115149e-08  1.20000000e+00  1.19999998e+00  1.23921849e-07 
 5.40115149e-08  1.20000000e+00  1.19999977e+00 -1.24185279e-07 
 5.41115149e-08  1.20000000e+00  1.19999998e+00  1.22452376e-07 
 5.42115149e-08  1.20000000e+00  1.19999977e+00 -1.22720710e-07 
 5.43115149e-08  1.20000000e+00  1.19999998e+00  1.20992694e-07 
 5.44115149e-08  1.20000000e+00  1.19999977e+00 -1.21265899e-07 
 5.45115149e-08  1.20000000e+00  1.19999998e+00  1.19542736e-07 
 5.46115149e-08  1.20000000e+00  1.19999977e+00 -1.19820776e-07 
 5.47115149e-08  1.20000000e+00  1.19999998e+00  1.18102432e-07 
 5.48115149e-08  1.20000000e+00  1.19999977e+00 -1.18385274e-07 
 5.49115149e-08  1.20000000e+00  1.19999998e+00  1.16671715e-07 
 5.50115149e-08  1.20000000e+00  1.19999978e+00 -1.16959325e-07 
 5.51115149e-08  1.20000000e+00  1.19999998e+00  1.15250518e-07 
 5.52115149e-08  1.20000000e+00  1.19999978e+00 -1.15542863e-07 
 5.53115149e-08  1.20000000e+00  1.19999997e+00  1.13838774e-07 
 5.54115149e-08  1.20000000e+00  1.19999978e+00 -1.14135820e-07 
 5.55115149e-08  1.20000000e+00  1.19999997e+00  1.12436416e-07 
 5.56115149e-08  1.20000000e+00  1.19999978e+00 -1.12738131e-07 
 5.57115149e-08  1.20000000e+00  1.19999997e+00  1.11043380e-07 
 5.58115149e-08  1.20000000e+00  1.19999978e+00 -1.11349730e-07 
 5.59115149e-08  1.20000000e+00  1.19999997e+00  1.09659599e-07 
 5.60115149e-08  1.20000000e+00  1.19999978e+00 -1.09970553e-07 
 5.61115149e-08  1.20000000e+00  1.19999997e+00  1.08285009e-07 
 5.62115149e-08  1.20000000e+00  1.19999978e+00 -1.08600534e-07 
 5.63115149e-08  1.20000000e+00  1.19999997e+00  1.06919546e-07 
 5.64115149e-08  1.20000000e+00  1.19999978e+00 -1.07239610e-07 
 5.65115149e-08  1.20000000e+00  1.19999997e+00  1.05563145e-07 
 5.66115149e-08  1.20000000e+00  1.19999978e+00 -1.05887717e-07 
 5.67115149e-08  1.20000000e+00  1.19999997e+00  1.04215744e-07 
 5.68115149e-08  1.20000000e+00  1.19999978e+00 -1.04544792e-07 
 5.69115149e-08  1.20000000e+00  1.19999997e+00  1.02877280e-07 
 5.70115149e-08  1.20000000e+00  1.19999978e+00 -1.03210773e-07 
 5.71115149e-08  1.20000000e+00  1.19999997e+00  1.01547690e-07 
 5.72115149e-08  1.20000000e+00  1.19999978e+00 -1.01885596e-07 
 5.73115149e-08  1.20000000e+00  1.19999997e+00  1.00226912e-07 
 5.74115149e-08  1.20000000e+00  1.19999979e+00 -1.00569202e-07 
 5.75115149e-08  1.20000000e+00  1.19999997e+00  9.89148849e-08 
 5.76115149e-08  1.20000000e+00  1.19999979e+00 -9.92615273e-08 
 5.77115149e-08  1.20000000e+00  1.19999996e+00  9.76115480e-08 
 5.78115149e-08  1.20000000e+00  1.19999979e+00 -9.79625124e-08 
 5.79115149e-08  1.20000000e+00  1.19999996e+00  9.63168402e-08 
 5.80115149e-08  1.20000000e+00  1.19999979e+00 -9.66720968e-08 
 5.81115149e-08  1.20000000e+00  1.19999996e+00  9.50307016e-08 
 5.82115149e-08  1.20000000e+00  1.19999979e+00 -9.53902204e-08 
 5.83115149e-08  1.20000000e+00  1.19999996e+00  9.37530724e-08 
 5.84115149e-08  1.20000000e+00  1.19999979e+00 -9.41168238e-08 
 5.85115149e-08  1.20000000e+00  1.19999996e+00  9.24838940e-08 
 5.86115149e-08  1.20000000e+00  1.19999979e+00 -9.28518483e-08 
 5.87115149e-08  1.20000000e+00  1.19999996e+00  9.12231068e-08 
 5.88115149e-08  1.20000000e+00  1.19999979e+00 -9.15952351e-08 
 5.89115149e-08  1.20000000e+00  1.19999996e+00  8.99706528e-08 
 5.90115149e-08  1.20000000e+00  1.19999979e+00 -9.03469258e-08 
 5.91115149e-08  1.20000000e+00  1.19999996e+00  8.87264743e-08 
 5.92115149e-08  1.20000000e+00  1.19999979e+00 -8.91068632e-08 
 5.93115149e-08  1.20000000e+00  1.19999996e+00  8.74905134e-08 
 5.94115149e-08  1.20000000e+00  1.19999979e+00 -8.78749898e-08 
 5.95115149e-08  1.20000000e+00  1.19999996e+00  8.62627136e-08 
 5.96115149e-08  1.20000000e+00  1.19999979e+00 -8.66512488e-08 
 5.97115149e-08  1.20000000e+00  1.19999996e+00  8.50430177e-08 
 5.98115149e-08  1.20000000e+00  1.19999979e+00 -8.54355838e-08 
 5.99115149e-08  1.20000000e+00  1.19999996e+00  8.38313697e-08 
 6.00115149e-08  1.20000000e+00  1.19999979e+00 -8.42279389e-08 
 6.01115149e-08  1.20000000e+00  1.19999996e+00  8.26277135e-08 
 6.02115149e-08  1.20000000e+00  1.19999980e+00 -8.30282583e-08 
 6.03115149e-08  1.20000000e+00  1.19999996e+00  8.14319945e-08 
 6.04115149e-08  1.20000000e+00  1.19999980e+00 -8.18364867e-08 
 6.05115149e-08  1.20000000e+00  1.19999995e+00  8.02441573e-08 
 6.06115149e-08  1.20000000e+00  1.19999980e+00 -8.06525696e-08 
 6.07115149e-08  1.20000000e+00  1.19999995e+00  7.90641471e-08 
 6.08115149e-08  1.20000000e+00  1.19999980e+00 -7.94764527e-08 
 6.09115149e-08  1.20000000e+00  1.19999995e+00  7.78919099e-08 
 6.10115149e-08  1.20000000e+00  1.19999980e+00 -7.83080818e-08 
 6.11115149e-08  1.20000000e+00  1.19999995e+00  7.67273919e-08 
 6.12115149e-08  1.20000000e+00  1.19999980e+00 -7.71474034e-08 
 6.13115149e-08  1.20000000e+00  1.19999995e+00  7.55705397e-08 
 6.14115149e-08  1.20000000e+00  1.19999980e+00 -7.59943642e-08 
 6.15115149e-08  1.20000000e+00  1.19999995e+00  7.44213006e-08 
 6.16115149e-08  1.20000000e+00  1.19999980e+00 -7.48489118e-08 
 6.17115149e-08  1.20000000e+00  1.19999995e+00  7.32796216e-08 
 6.18115149e-08  1.20000000e+00  1.19999980e+00 -7.37109933e-08 
 6.19115149e-08  1.20000000e+00  1.19999995e+00  7.21454509e-08 
 6.20115149e-08  1.20000000e+00  1.19999980e+00 -7.25805568e-08 
 6.21115149e-08  1.20000000e+00  1.19999995e+00  7.10187362e-08 
 6.22115149e-08  1.20000000e+00  1.19999980e+00 -7.14575511e-08 
 6.23115149e-08  1.20000000e+00  1.19999995e+00  6.98994264e-08 
 6.24115149e-08  1.20000000e+00  1.19999980e+00 -7.03419244e-08 
 6.25115149e-08  1.20000000e+00  1.19999995e+00  6.87874703e-08 
 6.26115149e-08  1.20000000e+00  1.19999980e+00 -6.92336263e-08 
 6.27115149e-08  1.20000000e+00  1.19999995e+00  6.76828171e-08 
 6.28115149e-08  1.20000000e+00  1.19999980e+00 -6.81326058e-08 
 6.29115149e-08  1.20000000e+00  1.19999995e+00  6.65854169e-08 
 6.30115149e-08  1.20000000e+00  1.19999980e+00 -6.70388131e-08 
 6.31115149e-08  1.20000000e+00  1.19999995e+00  6.54952195e-08 
 6.32115149e-08  1.20000000e+00  1.19999981e+00 -6.59521982e-08 
 6.33115149e-08  1.20000000e+00  1.19999995e+00  6.44121750e-08 
 6.34115149e-08  1.20000000e+00  1.19999981e+00 -6.48727120e-08 
 6.35115149e-08  1.20000000e+00  1.19999995e+00  6.33362347e-08 
 6.36115149e-08  1.20000000e+00  1.19999981e+00 -6.38003052e-08 
 6.37115149e-08  1.20000000e+00  1.19999994e+00  6.22673494e-08 
 6.38115149e-08  1.20000000e+00  1.19999981e+00 -6.27349292e-08 
 6.39115149e-08  1.20000000e+00  1.19999994e+00  6.12054708e-08 
 6.40115149e-08  1.20000000e+00  1.19999981e+00 -6.16765357e-08 
 6.41115149e-08  1.20000000e+00  1.19999994e+00  6.01505504e-08 
 6.42115149e-08  1.20000000e+00  1.19999981e+00 -6.06250765e-08 
 6.43115149e-08  1.20000000e+00  1.19999994e+00  5.91025408e-08 
 6.44115149e-08  1.20000000e+00  1.19999981e+00 -5.95805045e-08 
 6.45115149e-08  1.20000000e+00  1.19999994e+00  5.80613943e-08 
 6.46115149e-08  1.20000000e+00  1.19999981e+00 -5.85427718e-08 
 6.47115149e-08  1.20000000e+00  1.19999994e+00  5.70270640e-08 
 6.48115149e-08  1.20000000e+00  1.19999981e+00 -5.75118319e-08 
 6.49115149e-08  1.20000000e+00  1.19999994e+00  5.59995027e-08 
 6.50115149e-08  1.20000000e+00  1.19999981e+00 -5.64876380e-08 
 6.51115149e-08  1.20000000e+00  1.19999994e+00  5.49786646e-08 
 6.52115149e-08  1.20000000e+00  1.19999981e+00 -5.54701440e-08 
 6.53115149e-08  1.20000000e+00  1.19999994e+00  5.39645033e-08 
 6.54115149e-08  1.20000000e+00  1.19999981e+00 -5.44593036e-08 
 6.55115149e-08  1.20000000e+00  1.19999994e+00  5.29569730e-08 
 6.56115149e-08  1.20000000e+00  1.19999981e+00 -5.34550717e-08 
 6.57115149e-08  1.20000000e+00  1.19999994e+00  5.19560281e-08 
 6.58115149e-08  1.20000000e+00  1.19999981e+00 -5.24574029e-08 
 6.59115149e-08  1.20000000e+00  1.19999994e+00  5.09616242e-08 
 6.60115149e-08  1.20000000e+00  1.19999981e+00 -5.14662519e-08 
 6.61115149e-08  1.20000000e+00  1.19999994e+00  4.99737154e-08 
 6.62115149e-08  1.20000000e+00  1.19999981e+00 -5.04815749e-08 
 6.63115149e-08  1.20000000e+00  1.19999994e+00  4.89922584e-08 
 6.64115149e-08  1.20000000e+00  1.19999981e+00 -4.95033268e-08 
 6.65115149e-08  1.20000000e+00  1.19999994e+00  4.80172086e-08 
 6.66115149e-08  1.20000000e+00  1.19999981e+00 -4.85314641e-08 
 6.67115149e-08  1.20000000e+00  1.19999994e+00  4.70485222e-08 
 6.68115149e-08  1.20000000e+00  1.19999981e+00 -4.75659430e-08 
 6.69115149e-08  1.20000000e+00  1.19999994e+00  4.60861557e-08 
 6.70115149e-08  1.20000000e+00  1.19999982e+00 -4.66067204e-08 
 6.71115149e-08  1.20000000e+00  1.19999994e+00  4.51300661e-08 
 6.72115149e-08  1.20000000e+00  1.19999982e+00 -4.56537528e-08 
 6.73115149e-08  1.20000000e+00  1.19999993e+00  4.41802103e-08 
 6.74115149e-08  1.20000000e+00  1.19999982e+00 -4.47069981e-08 
 6.75115149e-08  1.20000000e+00  1.19999993e+00  4.32365459e-08 
 6.76115149e-08  1.20000000e+00  1.19999982e+00 -4.37664135e-08 
 6.77115149e-08  1.20000000e+00  1.19999993e+00  4.22990310e-08 
 6.78115149e-08  1.20000000e+00  1.19999982e+00 -4.28319573e-08 
 6.79115149e-08  1.20000000e+00  1.19999993e+00  4.13676228e-08 
 6.80115149e-08  1.20000000e+00  1.19999982e+00 -4.19035873e-08 
 6.81115149e-08  1.20000000e+00  1.19999993e+00  4.04422807e-08 
 6.82115149e-08  1.20000000e+00  1.19999982e+00 -4.09812624e-08 
 6.83115149e-08  1.20000000e+00  1.19999993e+00  3.95229627e-08 
 6.84115149e-08  1.20000000e+00  1.19999982e+00 -4.00649411e-08 
 6.85115149e-08  1.20000000e+00  1.19999993e+00  3.86096278e-08 
 6.86115149e-08  1.20000000e+00  1.19999982e+00 -3.91545825e-08 
 6.87115149e-08  1.20000000e+00  1.19999993e+00  3.77022358e-08 
 6.88115149e-08  1.20000000e+00  1.19999982e+00 -3.82501465e-08 
 6.89115149e-08  1.20000000e+00  1.19999993e+00  3.68007455e-08 
 6.90115149e-08  1.20000000e+00  1.19999982e+00 -3.73515923e-08 
 6.91115149e-08  1.20000000e+00  1.19999993e+00  3.59051176e-08 
 6.92115149e-08  1.20000000e+00  1.19999982e+00 -3.64588801e-08 
 6.93115149e-08  1.20000000e+00  1.19999993e+00  3.50153115e-08 
 6.94115149e-08  1.20000000e+00  1.19999982e+00 -3.55719705e-08 
 6.95115149e-08  1.20000000e+00  1.19999993e+00  3.41312880e-08 
 6.96115149e-08  1.20000000e+00  1.19999982e+00 -3.46908233e-08 
 6.97115149e-08  1.20000000e+00  1.19999993e+00  3.32530080e-08 
 6.98115149e-08  1.20000000e+00  1.19999982e+00 -3.38154001e-08 
 6.99115149e-08  1.20000000e+00  1.19999993e+00  3.23804320e-08 
 7.00115149e-08  1.20000000e+00  1.19999982e+00 -3.29456616e-08 
 7.01115149e-08  1.20000000e+00  1.19999993e+00  3.15135214e-08 
 7.02115149e-08  1.20000000e+00  1.19999982e+00 -3.20815696e-08 
 7.03115149e-08  1.20000000e+00  1.19999993e+00  3.06522382e-08 
 7.04115149e-08  1.20000000e+00  1.19999982e+00 -3.12230854e-08 
 7.05115149e-08  1.20000000e+00  1.19999993e+00  2.97965436e-08 
 7.06115149e-08  1.20000000e+00  1.19999982e+00 -3.03701713e-08 
 7.07115149e-08  1.20000000e+00  1.19999993e+00  2.89464004e-08 
 7.08115149e-08  1.20000000e+00  1.19999982e+00 -2.95227892e-08 
 7.09115149e-08  1.20000000e+00  1.19999993e+00  2.81017702e-08 
 7.10115149e-08  1.20000000e+00  1.19999982e+00 -2.86809017e-08 
 7.11115149e-08  1.20000000e+00  1.19999993e+00  2.72626163e-08 
 7.12115149e-08  1.20000000e+00  1.19999983e+00 -2.78444720e-08 
 7.13115149e-08  1.20000000e+00  1.19999993e+00  2.64289013e-08 
 7.14115149e-08  1.20000000e+00  1.19999983e+00 -2.70134624e-08 
 7.15115149e-08  1.20000000e+00  1.19999993e+00  2.56005885e-08 
 7.16115149e-08  1.20000000e+00  1.19999983e+00 -2.61878369e-08 
 7.17115149e-08  1.20000000e+00  1.19999992e+00  2.47776408e-08 
 7.18115149e-08  1.20000000e+00  1.19999983e+00 -2.53675588e-08 
 7.19115149e-08  1.20000000e+00  1.19999992e+00  2.39600231e-08 
 7.20115149e-08  1.20000000e+00  1.19999983e+00 -2.45525918e-08 
 7.21115149e-08  1.20000000e+00  1.19999992e+00  2.31476983e-08 
 7.22115149e-08  1.20000000e+00  1.19999983e+00 -2.37429004e-08 
 7.23115149e-08  1.20000000e+00  1.19999992e+00  2.23406311e-08 
 7.24115149e-08  1.20000000e+00  1.19999983e+00 -2.29384485e-08 
 7.25115149e-08  1.20000000e+00  1.19999992e+00  2.15387856e-08 
 7.26115149e-08  1.20000000e+00  1.19999983e+00 -2.21392006e-08 
 7.27115149e-08  1.20000000e+00  1.19999992e+00  2.07421270e-08 
 7.28115149e-08  1.20000000e+00  1.19999983e+00 -2.13451222e-08 
 7.29115149e-08  1.20000000e+00  1.19999992e+00  1.99506200e-08 
 7.30115149e-08  1.20000000e+00  1.19999983e+00 -2.05561781e-08 
 7.31115149e-08  1.20000000e+00  1.19999992e+00  1.91642300e-08 
 7.32115149e-08  1.20000000e+00  1.19999983e+00 -1.97723332e-08 
 7.33115149e-08  1.20000000e+00  1.19999992e+00  1.83829220e-08 
 7.34115149e-08  1.20000000e+00  1.19999983e+00 -1.89935540e-08 
 7.35115149e-08  1.20000000e+00  1.19999992e+00  1.76066625e-08 
 7.36115149e-08  1.20000000e+00  1.19999983e+00 -1.82198055e-08 
 7.37115149e-08  1.20000000e+00  1.19999992e+00  1.68354170e-08 
 7.38115149e-08  1.20000000e+00  1.19999983e+00 -1.74510542e-08 
 7.39115149e-08  1.20000000e+00  1.19999992e+00  1.60691517e-08 
 7.40115149e-08  1.20000000e+00  1.19999983e+00 -1.66872664e-08 
 7.41115149e-08  1.20000000e+00  1.19999992e+00  1.53078330e-08 
 7.42115149e-08  1.20000000e+00  1.19999983e+00 -1.59284087e-08 
 7.43115149e-08  1.20000000e+00  1.19999992e+00  1.45514279e-08 
 7.44115149e-08  1.20000000e+00  1.19999983e+00 -1.51744478e-08 
 7.45115149e-08  1.20000000e+00  1.19999992e+00  1.37999032e-08 
 7.46115149e-08  1.20000000e+00  1.19999983e+00 -1.44253509e-08 
 7.47115149e-08  1.20000000e+00  1.19999992e+00  1.30532257e-08 
 7.48115149e-08  1.20000000e+00  1.19999983e+00 -1.36810850e-08 
 7.49115149e-08  1.20000000e+00  1.19999992e+00  1.23113633e-08 
 7.50115149e-08  1.20000000e+00  1.19999983e+00 -1.29416179e-08 
 7.51115149e-08  1.20000000e+00  1.19999992e+00  1.15742834e-08 
 7.52115149e-08  1.20000000e+00  1.19999983e+00 -1.22069173e-08 
 7.53115149e-08  1.20000000e+00  1.19999992e+00  1.08419540e-08 
 7.54115149e-08  1.20000000e+00  1.19999983e+00 -1.14769507e-08 
 7.55115149e-08  1.20000000e+00  1.19999992e+00  1.01143429e-08 
 7.56115149e-08  1.20000000e+00  1.19999983e+00 -1.07516871e-08 
 7.57115149e-08  1.20000000e+00  1.19999992e+00  9.39141861e-09 
 7.58115149e-08  1.20000000e+00  1.19999983e+00 -1.00310944e-08 
 7.59115149e-08  1.20000000e+00  1.19999992e+00  8.67314989e-09 
 7.60115149e-08  1.20000000e+00  1.19999983e+00 -9.31514137e-09 
 7.61115149e-08  1.20000000e+00  1.19999992e+00  7.95950471e-09 
 7.62115149e-08  1.20000000e+00  1.19999983e+00 -8.60379666e-09 
 7.63115149e-08  1.20000000e+00  1.19999992e+00  7.25045286e-09 
 7.64115149e-08  1.20000000e+00  1.19999983e+00 -7.89702980e-09 
 7.65115149e-08  1.20000000e+00  1.19999992e+00  6.54596337e-09 
 7.66115149e-08  1.20000000e+00  1.19999984e+00 -7.19480978e-09 
 7.67115149e-08  1.20000000e+00  1.19999992e+00  5.84600513e-09 
 7.68115149e-08  1.20000000e+00  1.19999984e+00 -6.49710621e-09 
 7.69115149e-08  1.20000000e+00  1.19999992e+00  5.15054859e-09 
 7.70115149e-08  1.20000000e+00  1.19999984e+00 -5.80388873e-09 
 7.71115149e-08  1.20000000e+00  1.19999991e+00  4.45956291e-09 
 7.72115149e-08  1.20000000e+00  1.19999984e+00 -5.11512741e-09 
 7.73115149e-08  1.20000000e+00  1.19999991e+00  3.77301862e-09 
 7.74115149e-08  1.20000000e+00  1.19999984e+00 -4.43079250e-09 
 7.75115149e-08  1.20000000e+00  1.19999991e+00  3.09088566e-09 
 7.76115149e-08  1.20000000e+00  1.19999984e+00 -3.75085411e-09 
 7.77115149e-08  1.20000000e+00  1.19999991e+00  2.41313438e-09 
 7.78115149e-08  1.20000000e+00  1.19999984e+00 -3.07528311e-09 
 7.79115149e-08  1.20000000e+00  1.19999991e+00  1.73973616e-09 
 7.80115149e-08  1.20000000e+00  1.19999984e+00 -2.40404980e-09 
 7.81115149e-08  1.20000000e+00  1.19999991e+00  1.07066109e-09 
 7.82115149e-08  1.20000000e+00  1.19999984e+00 -1.73712583e-09 
 7.83115149e-08  1.20000000e+00  1.19999991e+00  4.05880781e-10 
 7.84115149e-08  1.20000000e+00  1.19999984e+00 -1.07448188e-09 
 7.85115149e-08  1.20000000e+00  1.19999991e+00 -2.54633653e-10 
 7.86115149e-08  1.20000000e+00  1.19999984e+00 -4.16089910e-10 
 7.87115149e-08  1.20000000e+00  1.19999991e+00 -9.10910940e-10 
 7.88115149e-08  1.20000000e+00  1.19999984e+00  2.38079227e-10 
 7.89115149e-08  1.20000000e+00  1.19999991e+00 -1.56297895e-09 
 7.90115149e-08  1.20000000e+00  1.19999984e+00  8.88053221e-10 
 7.91115149e-08  1.20000000e+00  1.19999991e+00 -2.21086575e-09 
 7.92115149e-08  1.20000000e+00  1.19999984e+00  1.53386026e-09 
 7.93115149e-08  1.20000000e+00  1.19999991e+00 -2.85459958e-09 
 7.94115149e-08  1.20000000e+00  1.19999984e+00  2.17552788e-09 
 7.95115149e-08  1.20000000e+00  1.19999991e+00 -3.49420803e-09 
 7.96115149e-08  1.20000000e+00  1.19999984e+00  2.81308420e-09 
 7.97115149e-08  1.20000000e+00  1.19999991e+00 -4.12971872e-09 
 7.98115149e-08  1.20000000e+00  1.19999984e+00  3.44655594e-09 
 7.99115149e-08  1.20000000e+00  1.19999991e+00 -4.76115879e-09 
 8.00115149e-08  1.20000000e+00  1.19999984e+00  4.07597096e-09 
 8.01115149e-08  1.20000000e+00  1.19999991e+00 -5.38855544e-09 
 8.02115149e-08  1.20000000e+00  1.19999984e+00  4.70135593e-09 
 8.03115149e-08  1.20000000e+00  1.19999991e+00 -6.01193552e-09 
 8.04115149e-08  1.20000000e+00  1.19999984e+00  5.32273790e-09 
 8.05115149e-08  1.20000000e+00  1.19999991e+00 -6.63132585e-09 
 8.06115149e-08  1.20000000e+00  1.19999984e+00  5.94014342e-09 
 8.07115149e-08  1.20000000e+00  1.19999991e+00 -7.24675308e-09 
 8.08115149e-08  1.20000000e+00  1.19999984e+00  6.55359893e-09 
 8.09115149e-08  1.20000000e+00  1.19999991e+00 -7.85824324e-09 
 8.10115149e-08  1.20000000e+00  1.19999984e+00  7.16313092e-09 
 8.11115149e-08  1.20000000e+00  1.19999991e+00 -8.46582323e-09 
 8.12115149e-08  1.20000000e+00  1.19999984e+00  7.76876482e-09 
 8.13115149e-08  1.20000000e+00  1.19999991e+00 -9.06951830e-09 
 8.14115149e-08  1.20000000e+00  1.19999984e+00  8.37052759e-09 
 8.15115149e-08  1.20000000e+00  1.19999991e+00 -9.66935464e-09 
 8.16115149e-08  1.20000000e+00  1.19999984e+00  8.96844424e-09 
 8.17115149e-08  1.20000000e+00  1.19999991e+00 -1.02653579e-08 
 8.18115149e-08  1.20000000e+00  1.19999984e+00  9.56254034e-09 
 8.19115149e-08  1.20000000e+00  1.19999991e+00 -1.08575534e-08 
 8.20115149e-08  1.20000000e+00  1.19999984e+00  1.01528415e-08 
 8.21115149e-08  1.20000000e+00  1.19999991e+00 -1.14459667e-08 
 8.22115149e-08  1.20000000e+00  1.19999984e+00  1.07393730e-08 
 8.23115149e-08  1.20000000e+00  1.19999991e+00 -1.20306225e-08 
 8.24115149e-08  1.20000000e+00  1.19999984e+00  1.13221598e-08 
 8.25115149e-08  1.20000000e+00  1.19999991e+00 -1.26115460e-08 
 8.26115149e-08  1.20000000e+00  1.19999984e+00  1.19012264e-08 
 8.27115149e-08  1.20000000e+00  1.19999991e+00 -1.31887623e-08 
 8.28115149e-08  1.20000000e+00  1.19999984e+00  1.24765978e-08 
 8.29115149e-08  1.20000000e+00  1.19999991e+00 -1.37622952e-08 
 8.30115149e-08  1.20000000e+00  1.19999984e+00  1.30482986e-08 
 8.31115149e-08  1.20000000e+00  1.19999991e+00 -1.43321697e-08 
 8.32115149e-08  1.20000000e+00  1.19999984e+00  1.36163530e-08 
 8.33115149e-08  1.20000000e+00  1.19999991e+00 -1.48984099e-08 
 8.34115149e-08  1.20000000e+00  1.19999985e+00  1.41807853e-08 
 8.35115149e-08  1.20000000e+00  1.19999991e+00 -1.54610398e-08 
 8.36115149e-08  1.20000000e+00  1.19999985e+00  1.47416191e-08 
 8.37115149e-08  1.20000000e+00  1.19999991e+00 -1.60200836e-08 
 8.38115149e-08  1.20000000e+00  1.19999985e+00  1.52988786e-08 
 8.39115149e-08  1.20000000e+00  1.19999991e+00 -1.65755647e-08 
 8.40115149e-08  1.20000000e+00  1.19999985e+00  1.58525873e-08 
 8.41115149e-08  1.20000000e+00  1.19999991e+00 -1.71275069e-08 
 8.42115149e-08  1.20000000e+00  1.19999985e+00  1.64027686e-08 
 8.43115149e-08  1.20000000e+00  1.19999990e+00 -1.76759336e-08 
 8.44115149e-08  1.20000000e+00  1.19999985e+00  1.69494463e-08 
 8.45115149e-08  1.20000000e+00  1.19999990e+00 -1.82208680e-08 
 8.46115149e-08  1.20000000e+00  1.19999985e+00  1.74926432e-08 
 8.47115149e-08  1.20000000e+00  1.19999990e+00 -1.87623331e-08 
 8.48115149e-08  1.20000000e+00  1.19999985e+00  1.80323823e-08 
 8.49115149e-08  1.20000000e+00  1.19999990e+00 -1.93003518e-08 
 8.50115149e-08  1.20000000e+00  1.19999985e+00  1.85686869e-08 
 8.51115149e-08  1.20000000e+00  1.19999990e+00 -1.98349473e-08 
 8.52115149e-08  1.20000000e+00  1.19999985e+00  1.91015790e-08 
 8.53115149e-08  1.20000000e+00  1.19999990e+00 -2.03661418e-08 
 8.54115149e-08  1.20000000e+00  1.19999985e+00  1.96310816e-08 
 8.55115149e-08  1.20000000e+00  1.19999990e+00 -2.08939582e-08 
 8.56115149e-08  1.20000000e+00  1.19999985e+00  2.01572169e-08 
 8.57115149e-08  1.20000000e+00  1.19999990e+00 -2.14184183e-08 
 8.58115149e-08  1.20000000e+00  1.19999985e+00  2.06800071e-08 
 8.59115149e-08  1.20000000e+00  1.19999990e+00 -2.19395444e-08 
 8.60115149e-08  1.20000000e+00  1.19999985e+00  2.11994747e-08 
 8.61115149e-08  1.20000000e+00  1.19999990e+00 -2.24573585e-08 
 8.62115149e-08  1.20000000e+00  1.19999985e+00  2.17156412e-08 
 8.63115149e-08  1.20000000e+00  1.19999990e+00 -2.29718827e-08 
 8.64115149e-08  1.20000000e+00  1.19999985e+00  2.22285285e-08 
 8.65115149e-08  1.20000000e+00  1.19999990e+00 -2.34831385e-08 
 8.66115149e-08  1.20000000e+00  1.19999985e+00  2.27381581e-08 
 8.67115149e-08  1.20000000e+00  1.19999990e+00 -2.39911474e-08 
 8.68115149e-08  1.20000000e+00  1.19999985e+00  2.32445517e-08 
 8.69115149e-08  1.20000000e+00  1.19999990e+00 -2.44959310e-08 
 8.70115149e-08  1.20000000e+00  1.19999985e+00  2.37477304e-08 
 8.71115149e-08  1.20000000e+00  1.19999990e+00 -2.49975102e-08 
 8.72115149e-08  1.20000000e+00  1.19999985e+00  2.42477154e-08 
 8.73115149e-08  1.20000000e+00  1.19999990e+00 -2.54959064e-08 
 8.74115149e-08  1.20000000e+00  1.19999985e+00  2.47445280e-08 
 8.75115149e-08  1.20000000e+00  1.19999990e+00 -2.59911403e-08 
 8.76115149e-08  1.20000000e+00  1.19999985e+00  2.52381888e-08 
 8.77115149e-08  1.20000000e+00  1.19999990e+00 -2.64832332e-08 
 8.78115149e-08  1.20000000e+00  1.19999985e+00  2.57287188e-08 
 8.79115149e-08  1.20000000e+00  1.19999990e+00 -2.69722054e-08 
 8.80115149e-08  1.20000000e+00  1.19999985e+00  2.62161383e-08 
 8.81115149e-08  1.20000000e+00  1.19999990e+00 -2.74580774e-08 
 8.82115149e-08  1.20000000e+00  1.19999985e+00  2.67004679e-08 
 8.83115149e-08  1.20000000e+00  1.19999990e+00 -2.79408696e-08 
 8.84115149e-08  1.20000000e+00  1.19999985e+00  2.71817279e-08 
 8.85115149e-08  1.20000000e+00  1.19999990e+00 -2.84206025e-08 
 8.86115149e-08  1.20000000e+00  1.19999985e+00  2.76599388e-08 
 8.87115149e-08  1.20000000e+00  1.19999990e+00 -2.88972959e-08 
 8.88115149e-08  1.20000000e+00  1.19999985e+00  2.81351199e-08 
 8.89115149e-08  1.20000000e+00  1.19999990e+00 -2.93709701e-08 
 8.90115149e-08  1.20000000e+00  1.19999985e+00  2.86072917e-08 
 8.91115149e-08  1.20000000e+00  1.19999990e+00 -2.98416447e-08 
 8.92115149e-08  1.20000000e+00  1.19999985e+00  2.90764738e-08 
 8.93115149e-08  1.20000000e+00  1.19999990e+00 -3.03093391e-08 
 8.94115149e-08  1.20000000e+00  1.19999985e+00  2.95426858e-08 
 8.95115149e-08  1.20000000e+00  1.19999990e+00 -3.07740735e-08 
 8.96115149e-08  1.20000000e+00  1.19999985e+00  3.00059475e-08 
 8.97115149e-08  1.20000000e+00  1.19999990e+00 -3.12358671e-08 
 8.98115149e-08  1.20000000e+00  1.19999985e+00  3.04662777e-08 
 8.99115149e-08  1.20000000e+00  1.19999990e+00 -3.16947388e-08 
 9.00115149e-08  1.20000000e+00  1.19999985e+00  3.09236959e-08 
 9.01115149e-08  1.20000000e+00  1.19999990e+00 -3.21507084e-08 
 9.02115149e-08  1.20000000e+00  1.19999985e+00  3.13782214e-08 
 9.03115149e-08  1.20000000e+00  1.19999990e+00 -3.26037944e-08 
 9.04115149e-08  1.20000000e+00  1.19999985e+00  3.18298730e-08 
 9.05115149e-08  1.20000000e+00  1.19999990e+00 -3.30540160e-08 
 9.06115149e-08  1.20000000e+00  1.19999985e+00  3.22786692e-08 
 9.07115149e-08  1.20000000e+00  1.19999990e+00 -3.35013920e-08 
 9.08115149e-08  1.20000000e+00  1.19999985e+00  3.27246291e-08 
 9.09115149e-08  1.20000000e+00  1.19999990e+00 -3.39459407e-08 
 9.10115149e-08  1.20000000e+00  1.19999985e+00  3.31677715e-08 
 9.11115149e-08  1.20000000e+00  1.19999990e+00 -3.43876810e-08 
 9.12115149e-08  1.20000000e+00  1.19999985e+00  3.36081145e-08 
 9.13115149e-08  1.20000000e+00  1.19999990e+00 -3.48266310e-08 
 9.14115149e-08  1.20000000e+00  1.19999985e+00  3.40456764e-08 
 9.15115149e-08  1.20000000e+00  1.19999990e+00 -3.52628091e-08 
 9.16115149e-08  1.20000000e+00  1.19999985e+00  3.44804753e-08 
 9.17115149e-08  1.20000000e+00  1.19999990e+00 -3.56962337e-08 
 9.18115149e-08  1.20000000e+00  1.19999985e+00  3.49125294e-08 
 9.19115149e-08  1.20000000e+00  1.19999990e+00 -3.61269223e-08 
 9.20115149e-08  1.20000000e+00  1.19999985e+00  3.53418570e-08 
 9.21115149e-08  1.20000000e+00  1.19999990e+00 -3.65548929e-08 
 9.22115149e-08  1.20000000e+00  1.19999985e+00  3.57684754e-08 
 9.23115149e-08  1.20000000e+00  1.19999990e+00 -3.69801638e-08 
 9.24115149e-08  1.20000000e+00  1.19999985e+00  3.61924029e-08 
 9.25115149e-08  1.20000000e+00  1.19999990e+00 -3.74027519e-08 
 9.26115149e-08  1.20000000e+00  1.19999985e+00  3.66136564e-08 
 9.27115149e-08  1.20000000e+00  1.19999990e+00 -3.78226753e-08 
 9.28115149e-08  1.20000000e+00  1.19999985e+00  3.70322537e-08 
 9.29115149e-08  1.20000000e+00  1.19999990e+00 -3.82399511e-08 
 9.30115149e-08  1.20000000e+00  1.19999985e+00  3.74482123e-08 
 9.31115149e-08  1.20000000e+00  1.19999990e+00 -3.86545966e-08 
 9.32115149e-08  1.20000000e+00  1.19999985e+00  3.78615490e-08 
 9.33115149e-08  1.20000000e+00  1.19999990e+00 -3.90666290e-08 
 9.34115149e-08  1.20000000e+00  1.19999986e+00  3.82722815e-08 
 9.35115149e-08  1.20000000e+00  1.19999990e+00 -3.94760654e-08 
 9.36115149e-08  1.20000000e+00  1.19999986e+00  3.86804266e-08 
 9.37115149e-08  1.20000000e+00  1.19999990e+00 -3.98829230e-08 
 9.38115149e-08  1.20000000e+00  1.19999986e+00  3.90860006e-08 
 9.39115149e-08  1.20000000e+00  1.19999990e+00 -4.02872183e-08 
 9.40115149e-08  1.20000000e+00  1.19999986e+00  3.94890209e-08 
 9.41115149e-08  1.20000000e+00  1.19999990e+00 -4.06889679e-08 
 9.42115149e-08  1.20000000e+00  1.19999986e+00  3.98895041e-08 
 9.43115149e-08  1.20000000e+00  1.19999990e+00 -4.10881885e-08 
 9.44115149e-08  1.20000000e+00  1.19999986e+00  4.02874668e-08 
 9.45115149e-08  1.20000000e+00  1.19999990e+00 -4.14848970e-08 
 9.46115149e-08  1.20000000e+00  1.19999986e+00  4.06829250e-08 
 9.47115149e-08  1.20000000e+00  1.19999989e+00 -4.18791091e-08 
 9.48115149e-08  1.20000000e+00  1.19999986e+00  4.10758952e-08 
 9.49115149e-08  1.20000000e+00  1.19999989e+00 -4.22708415e-08 
 9.50115149e-08  1.20000000e+00  1.19999986e+00  4.14663937e-08 
 9.51115149e-08  1.20000000e+00  1.19999989e+00 -4.26601103e-08 
 9.52115149e-08  1.20000000e+00  1.19999986e+00  4.18544366e-08 
 9.53115149e-08  1.20000000e+00  1.19999989e+00 -4.30469313e-08 
 9.54115149e-08  1.20000000e+00  1.19999986e+00  4.22400400e-08 
 9.55115149e-08  1.20000000e+00  1.19999989e+00 -4.34313206e-08 
 9.56115149e-08  1.20000000e+00  1.19999986e+00  4.26232194e-08 
 9.57115149e-08  1.20000000e+00  1.19999989e+00 -4.38132943e-08 
 9.58115149e-08  1.20000000e+00  1.19999986e+00  4.30039908e-08 
 9.59115149e-08  1.20000000e+00  1.19999989e+00 -4.41928675e-08 
 9.60115149e-08  1.20000000e+00  1.19999986e+00  4.33823702e-08 
 9.61115149e-08  1.20000000e+00  1.19999989e+00 -4.45700564e-08 
 9.62115149e-08  1.20000000e+00  1.19999986e+00  4.37583723e-08 
 9.63115149e-08  1.20000000e+00  1.19999989e+00 -4.49448761e-08 
 9.64115149e-08  1.20000000e+00  1.19999986e+00  4.41320133e-08 
 9.65115149e-08  1.20000000e+00  1.19999989e+00 -4.53173422e-08 
 9.66115149e-08  1.20000000e+00  1.19999986e+00  4.45033084e-08 
 9.67115149e-08  1.20000000e+00  1.19999989e+00 -4.56874699e-08 
 9.68115149e-08  1.20000000e+00  1.19999986e+00  4.48722726e-08 
 9.69115149e-08  1.20000000e+00  1.19999989e+00 -4.60552743e-08 
 9.70115149e-08  1.20000000e+00  1.19999986e+00  4.52389213e-08 
 9.71115149e-08  1.20000000e+00  1.19999989e+00 -4.64207707e-08 
 9.72115149e-08  1.20000000e+00  1.19999986e+00  4.56032693e-08 
 9.73115149e-08  1.20000000e+00  1.19999989e+00 -4.67839743e-08 
 9.74115149e-08  1.20000000e+00  1.19999986e+00  4.59653316e-08 
 9.75115149e-08  1.20000000e+00  1.19999989e+00 -4.71448995e-08 
 9.76115149e-08  1.20000000e+00  1.19999986e+00  4.63251233e-08 
 9.77115149e-08  1.20000000e+00  1.19999989e+00 -4.75035613e-08 
 9.78115149e-08  1.20000000e+00  1.19999986e+00  4.66826590e-08 
 9.79115149e-08  1.20000000e+00  1.19999989e+00 -4.78599742e-08 
 9.80115149e-08  1.20000000e+00  1.19999986e+00  4.70379529e-08 
 9.81115149e-08  1.20000000e+00  1.19999989e+00 -4.82141529e-08 
 9.82115149e-08  1.20000000e+00  1.19999986e+00  4.73910202e-08 
 9.83115149e-08  1.20000000e+00  1.19999989e+00 -4.85661121e-08 
 9.84115149e-08  1.20000000e+00  1.19999986e+00  4.77418750e-08 
 9.85115149e-08  1.20000000e+00  1.19999989e+00 -4.89158661e-08 
 9.86115149e-08  1.20000000e+00  1.19999986e+00  4.80905316e-08 
 9.87115149e-08  1.20000000e+00  1.19999989e+00 -4.92634290e-08 
 9.88115149e-08  1.20000000e+00  1.19999986e+00  4.84370042e-08 
 9.89115149e-08  1.20000000e+00  1.19999989e+00 -4.96088150e-08 
 9.90115149e-08  1.20000000e+00  1.19999986e+00  4.87813072e-08 
 9.91115149e-08  1.20000000e+00  1.19999989e+00 -4.99520384e-08 
 9.92115149e-08  1.20000000e+00  1.19999986e+00  4.91234546e-08 
 9.93115149e-08  1.20000000e+00  1.19999989e+00 -5.02931133e-08 
 9.94115149e-08  1.20000000e+00  1.19999986e+00  4.94634603e-08 
 9.95115149e-08  1.20000000e+00  1.19999989e+00 -5.06320531e-08 
 9.96115149e-08  1.20000000e+00  1.19999986e+00  4.98013380e-08 
 9.97115149e-08  1.20000000e+00  1.19999989e+00 -5.09688722e-08 
 9.98115149e-08  1.20000000e+00  1.19999986e+00  5.01371016e-08 
 9.99057575e-08  1.20000000e+00  1.19999989e+00 -5.13137749e-08 
 1.00000000e-07  1.20000000e+00  1.19999986e+00  5.04910813e-08 
