 time            v(in)           v(out)          i(VDD)         
 0.00000000e+00  0.00000000e+00  1.34630961e-07 -3.28810264e-09 
 1.00000000e-12  0.00000000e+00  1.34630961e-07 -3.28810269e-09 
 2.00000000e-12  0.00000000e+00  1.34630960e-07 -3.28810268e-09 
 4.00000000e-12  0.00000000e+00  1.34630959e-07 -3.28810265e-09 
 8.00000000e-12  0.00000000e+00  1.34630958e-07 -3.28810277e-09 
 1.60000000e-11  0.00000000e+00  1.34630957e-07 -3.28810274e-09 
 3.20000000e-11  0.00000000e+00  1.34630947e-07 -3.28810291e-09 
 6.40000000e-11  0.00000000e+00  1.34630955e-07 -3.28810280e-09 
 1.28000000e-10  0.00000000e+00  1.34630965e-07 -3.28810293e-09 
 2.28000000e-10  0.00000000e+00  1.34630945e-07 -3.28810275e-09 
 3.28000000e-10  0.00000000e+00  1.34630972e-07 -3.28810270e-09 
 4.28000000e-10  0.00000000e+00  1.34630964e-07 -3.28810273e-09 
 5.28000000e-10  0.00000000e+00  1.34630963e-07 -3.28810273e-09 
 6.28000000e-10  0.00000000e+00  1.34630955e-07 -3.28810271e-09 
 7.28000000e-10  0.00000000e+00  1.34630970e-07 -3.28810282e-09 
 8.28000000e-10  0.00000000e+00  1.34630961e-07 -3.28810273e-09 
 9.28000000e-10  0.00000000e+00  1.34630951e-07 -3.28810266e-09 
 1.02800000e-09  0.00000000e+00  1.34630975e-07 -3.28810264e-09 
 1.12800000e-09  0.00000000e+00  1.34630968e-07 -3.28810272e-09 
 1.22800000e-09  0.00000000e+00  1.34630948e-07 -3.28810278e-09 
 1.32800000e-09  0.00000000e+00  1.34630953e-07 -3.28810274e-09 
 1.42800000e-09  0.00000000e+00  1.34630965e-07 -3.28810273e-09 
 1.52800000e-09  0.00000000e+00  1.34630965e-07 -3.28810276e-09 
 1.62800000e-09  0.00000000e+00  1.34630956e-07 -3.28810279e-09 
 1.72800000e-09  0.00000000e+00  1.34630963e-07 -3.28810277e-09 
 1.82800000e-09  0.00000000e+00  1.34630977e-07 -3.28810267e-09 
 1.92800000e-09  0.00000000e+00  1.34630950e-07 -3.28810277e-09 
 2.02800000e-09  0.00000000e+00  1.34630951e-07 -3.28810280e-09 
 2.12800000e-09  0.00000000e+00  1.34630975e-07 -3.28810275e-09 
 2.22800000e-09  0.00000000e+00  1.34630960e-07 -3.28810270e-09 
 2.32800000e-09  0.00000000e+00  1.34630962e-07 -3.28810270e-09 
 2.42800000e-09  0.00000000e+00  1.34630962e-07 -3.28810280e-09 
 2.52800000e-09  0.00000000e+00  1.34630953e-07 -3.28810284e-09 
 2.62800000e-09  0.00000000e+00  1.34630957e-07 -3.28810274e-09 
 2.72800000e-09  0.00000000e+00  1.34630963e-07 -3.28810271e-09 
 2.82800000e-09  0.00000000e+00  1.34630967e-07 -3.28810273e-09 
 2.92800000e-09  0.00000000e+00  1.34630955e-07 -3.28810278e-09 
 3.02800000e-09  0.00000000e+00  1.34630953e-07 -3.28810282e-09 
 3.12800000e-09  0.00000000e+00  1.34630962e-07 -3.28810277e-09 
 3.22800000e-09  0.00000000e+00  1.34630964e-07 -3.28810280e-09 
 3.32800000e-09  0.00000000e+00  1.34630963e-07 -3.28810281e-09 
 3.42800000e-09  0.00000000e+00  1.34630965e-07 -3.28810274e-09 
 3.52800000e-09  0.00000000e+00  1.34630955e-07 -3.28810282e-09 
 3.62800000e-09  0.00000000e+00  1.34630961e-07 -3.28810285e-09 
 3.72800000e-09  0.00000000e+00  1.34630975e-07 -3.28810271e-09 
 3.82800000e-09  0.00000000e+00  1.34630959e-07 -3.28810275e-09 
 3.92800000e-09  0.00000000e+00  1.34630954e-07 -3.28810276e-09 
 4.02800000e-09  0.00000000e+00  1.34630956e-07 -3.28810276e-09 
 4.12800000e-09  0.00000000e+00  1.34630969e-07 -3.28810273e-09 
 4.22800000e-09  0.00000000e+00  1.34630960e-07 -3.28810273e-09 
 4.32800000e-09  0.00000000e+00  1.34630948e-07 -3.28810270e-09 
 4.42800000e-09  0.00000000e+00  1.34630969e-07 -3.28810275e-09 
 4.52800000e-09  0.00000000e+00  1.34630974e-07 -3.28810273e-09 
 4.62800000e-09  0.00000000e+00  1.34630960e-07 -3.28810268e-09 
 4.72800000e-09  0.00000000e+00  1.34630955e-07 -3.28810276e-09 
 4.82800000e-09  0.00000000e+00  1.34630957e-07 -3.28810284e-09 
 4.92800000e-09  0.00000000e+00  1.34630962e-07 -3.28810279e-09 
 5.02800000e-09  0.00000000e+00  1.34630967e-07 -3.28810280e-09 
 5.12800000e-09  0.00000000e+00  1.34630962e-07 -3.28810277e-09 
 5.22800000e-09  0.00000000e+00  1.34630958e-07 -3.28810272e-09 
 5.32800000e-09  0.00000000e+00  1.34630960e-07 -3.28810278e-09 
 5.42800000e-09  0.00000000e+00  1.34630958e-07 -3.28810273e-09 
 5.52800000e-09  0.00000000e+00  1.34630970e-07 -3.28810271e-09 
 5.62800000e-09  0.00000000e+00  1.34630963e-07 -3.28810269e-09 
 5.72800000e-09  0.00000000e+00  1.34630960e-07 -3.28810270e-09 
 5.82800000e-09  0.00000000e+00  1.34630963e-07 -3.28810273e-09 
 5.92800000e-09  0.00000000e+00  1.34630944e-07 -3.28810283e-09 
 6.02800000e-09  0.00000000e+00  1.34630963e-07 -3.28810276e-09 
 6.12800000e-09  0.00000000e+00  1.34630966e-07 -3.28810284e-09 
 6.22800000e-09  0.00000000e+00  1.34630954e-07 -3.28810284e-09 
 6.32800000e-09  0.00000000e+00  1.34630961e-07 -3.28810274e-09 
 6.42800000e-09  0.00000000e+00  1.34630974e-07 -3.28810265e-09 
 6.52800000e-09  0.00000000e+00  1.34630958e-07 -3.28810278e-09 
 6.62800000e-09  0.00000000e+00  1.34630952e-07 -3.28810276e-09 
 6.72800000e-09  0.00000000e+00  1.34630972e-07 -3.28810278e-09 
 6.82800000e-09  0.00000000e+00  1.34630967e-07 -3.28810270e-09 
 6.92800000e-09  0.00000000e+00  1.34630946e-07 -3.28810278e-09 
 7.02800000e-09  0.00000000e+00  1.34630962e-07 -3.28810279e-09 
 7.12800000e-09  0.00000000e+00  1.34630977e-07 -3.28810285e-09 
 7.22800000e-09  0.00000000e+00  1.34630949e-07 -3.28810280e-09 
 7.32800000e-09  0.00000000e+00  1.34630958e-07 -3.28810276e-09 
 7.42800000e-09  0.00000000e+00  1.34630971e-07 -3.28810271e-09 
 7.52800000e-09  0.00000000e+00  1.34630955e-07 -3.28810274e-09 
 7.62800000e-09  0.00000000e+00  1.34630954e-07 -3.28810271e-09 
 7.72800000e-09  0.00000000e+00  1.34630963e-07 -3.28810283e-09 
 7.82800000e-09  0.00000000e+00  1.34630966e-07 -3.28810285e-09 
 7.92800000e-09  0.00000000e+00  1.34630954e-07 -3.28810280e-09 
 8.02800000e-09  0.00000000e+00  1.34630962e-07 -3.28810270e-09 
 8.12800000e-09  0.00000000e+00  1.34630966e-07 -3.28810281e-09 
 8.22800000e-09  0.00000000e+00  1.34630954e-07 -3.28810281e-09 
 8.32800000e-09  0.00000000e+00  1.34630970e-07 -3.28810284e-09 
 8.42800000e-09  0.00000000e+00  1.34630961e-07 -3.28810275e-09 
 8.52800000e-09  0.00000000e+00  1.34630950e-07 -3.28810276e-09 
 8.62800000e-09  0.00000000e+00  1.34630965e-07 -3.28810274e-09 
 8.72800000e-09  0.00000000e+00  1.34630964e-07 -3.28810278e-09 
 8.82800000e-09  0.00000000e+00  1.34630955e-07 -3.28810271e-09 
 8.92800000e-09  0.00000000e+00  1.34630961e-07 -3.28810276e-09 
 9.02800000e-09  0.00000000e+00  1.34630966e-07 -3.28810272e-09 
 9.12800000e-09  0.00000000e+00  1.34630964e-07 -3.28810281e-09 
 9.22800000e-09  0.00000000e+00  1.34630957e-07 -3.28810282e-09 
 9.32800000e-09  0.00000000e+00  1.34630961e-07 -3.28810282e-09 
 9.42800000e-09  0.00000000e+00  1.34630968e-07 -3.28810277e-09 
 9.52800000e-09  0.00000000e+00  1.34630963e-07 -3.28810277e-09 
 9.62800000e-09  0.00000000e+00  1.34630959e-07 -3.28810272e-09 
 9.72800000e-09  0.00000000e+00  1.34630963e-07 -3.28810271e-09 
 9.82800000e-09  0.00000000e+00  1.34630961e-07 -3.28810275e-09 
 9.91400000e-09  0.00000000e+00  1.34630954e-07 -3.28810298e-09 
 1.00000000e-08  0.00000000e+00  1.34630957e-07 -3.28810312e-09 
 1.00100000e-08  1.20000000e-02  1.34630957e-07  1.03061504e-06 
 1.00300000e-08  3.60000000e-02  1.34630963e-07  1.20714614e-06 
 1.00700000e-08  8.40000000e-02  1.34630963e-07  1.44919760e-06 
 1.01500000e-08  1.80000000e-01  1.34630951e-07  1.56166531e-06 
 1.02500000e-08  3.00000000e-01  1.34630965e-07  1.37407003e-06 
 1.03500000e-08  4.20000000e-01  1.34630961e-07  1.79175466e-07 
 1.04500000e-08  5.40000000e-01  1.34630965e-07 -2.25419435e-06 
 1.05500000e-08  6.60000000e-01  1.34630959e-07 -4.72181767e-06 
 1.06500000e-08  7.80000000e-01  1.34630957e-07 -1.45565556e-05 
 1.07278120e-08  8.73374347e-01  1.34630963e-07 -1.87398763e-05 
 1.07947512e-08  9.53701472e-01  1.34630959e-07 -3.58028237e-05 
 1.08341609e-08  1.00099307e+00  1.34630963e-07 -1.80576260e-05 
 1.08826245e-08  1.05914937e+00  1.34630974e-07 -2.14976371e-05 
 1.09262575e-08  1.11150899e+00  1.34630970e-07 -2.33902155e-05 
 1.09631287e-08  1.15575449e+00  1.34630970e-07 -3.48070298e-05 
 1.09957955e-08  1.19495460e+00  1.34630959e-07 -2.44258136e-05 
 1.10000000e-08  1.20000000e+00  1.34630954e-07 -2.19548278e-05 
 1.10034123e-08  1.20000000e+00  1.34630952e-07 -2.24297351e-05 
 1.10102368e-08  1.20000000e+00  1.34630950e-07 -2.10174053e-05 
 1.10238858e-08  1.20000000e+00  1.34630950e-07 -1.90076162e-05 
 1.10511839e-08  1.20000000e+00  1.34630956e-07 -2.07022625e-05 
 1.10907323e-08  1.20000000e+00  1.34630965e-07 -2.32254975e-05 
 1.11361854e-08  1.20000000e+00  1.34630959e-07 -3.43411760e-05 
 1.11641974e-08  1.20000000e+00  1.34630951e-07 -2.80681858e-05 
 1.12024134e-08  1.20000000e+00  1.34630952e-07 -1.70687537e-05 
 1.12448721e-08  1.20000000e+00  1.34630962e-07 -2.38445651e-05 
 1.12880267e-08  1.20000000e+00  1.34630969e-07 -2.41086166e-05 
 1.13264573e-08  1.20000000e+00  1.34630967e-07 -3.72466677e-05 
 1.13610227e-08  1.20000000e+00  1.34630958e-07 -1.73657985e-05 
 1.13977675e-08  1.20000000e+00  1.34630953e-07 -2.20182511e-05 
 1.14445244e-08  1.20000000e+00  1.34630958e-07 -2.16318862e-05 
 1.14889653e-08  1.20000000e+00  1.34630956e-07 -3.58099503e-05 
 1.15174433e-08  1.20000000e+00  1.34630961e-07 -2.64890580e-05 
 1.15564187e-08  1.20000000e+00  1.34630970e-07 -1.80643380e-05 
 1.15995120e-08  1.20000000e+00  1.34630959e-07 -2.31457904e-05 
 1.16436997e-08  1.20000000e+00  1.34630957e-07 -2.57928119e-05 
 1.16796964e-08  1.20000000e+00  1.34630966e-07 -3.58987036e-05 
 1.17149923e-08  1.20000000e+00  1.34630964e-07 -1.77120986e-05 
 1.17519282e-08  1.20000000e+00  1.34630975e-07 -2.15884051e-05 
 1.17961906e-08  1.20000000e+00  1.34630961e-07 -2.23248185e-05 
 1.18418737e-08  1.20000000e+00  1.34630942e-07 -3.53631202e-05 
 1.18704503e-08  1.20000000e+00  1.34630963e-07 -2.67167888e-05 
 1.19091423e-08  1.20000000e+00  1.34630972e-07 -1.74103092e-05 
 1.19529046e-08  1.20000000e+00  1.34630969e-07 -2.39306951e-05 
 1.19969783e-08  1.20000000e+00  1.34630962e-07 -2.53673659e-05 
 1.20320766e-08  1.20000000e+00  1.34630958e-07 -3.64914553e-05 
 1.20675188e-08  1.20000000e+00  1.34630952e-07 -1.68784871e-05 
 1.21044631e-08  1.20000000e+00  1.34630952e-07 -2.24186824e-05 
 1.21480097e-08  1.20000000e+00  1.34630965e-07 -2.15272949e-05 
 1.21941042e-08  1.20000000e+00  1.34630955e-07 -3.61642912e-05 
 1.22226980e-08  1.20000000e+00  1.34630954e-07 -2.58808649e-05 
 1.22613720e-08  1.20000000e+00  1.34630963e-07 -1.82048663e-05 
 1.23051664e-08  1.20000000e+00  1.34630970e-07 -2.31341516e-05 
 1.23492300e-08  1.20000000e+00  1.34630962e-07 -2.61869143e-05 
 1.23842705e-08  1.20000000e+00  1.34630959e-07 -3.56779886e-05 
 1.24197203e-08  1.20000000e+00  1.34630961e-07 -1.76825855e-05 
 1.24566637e-08  1.20000000e+00  1.34630961e-07 -2.16098661e-05 
 1.25001663e-08  1.20000000e+00  1.34630958e-07 -2.23405632e-05 
 1.25462873e-08  1.20000000e+00  1.34630951e-07 -3.53458884e-05 
 1.25748817e-08  1.20000000e+00  1.34630951e-07 -2.67036400e-05 
 1.26135562e-08  1.20000000e+00  1.34630957e-07 -1.73776996e-05 
 1.26573481e-08  1.20000000e+00  1.34630969e-07 -2.39637012e-05 
 1.27014122e-08  1.20000000e+00  1.34630962e-07 -2.53529743e-05 
 1.27364547e-08  1.20000000e+00  1.34630953e-07 -3.65154810e-05 
 1.27719040e-08  1.20000000e+00  1.34630962e-07 -1.68418053e-05 
 1.28088472e-08  1.20000000e+00  1.34630972e-07 -2.24543125e-05 
 1.28523513e-08  1.20000000e+00  1.34630960e-07 -2.14928534e-05 
 1.28984715e-08  1.20000000e+00  1.34630958e-07 -3.61962848e-05 
 1.29270658e-08  1.20000000e+00  1.34630972e-07 -2.58488351e-05 
 1.29657404e-08  1.20000000e+00  1.34630978e-07 -1.82361882e-05 
 1.30095317e-08  1.20000000e+00  1.34630965e-07 -2.31021722e-05 
 1.30535960e-08  1.20000000e+00  1.34630958e-07 -2.62170793e-05 
 1.30886392e-08  1.20000000e+00  1.34630961e-07 -3.56476427e-05 
 1.31240884e-08  1.20000000e+00  1.34630966e-07 -1.77133622e-05 
 1.31610316e-08  1.20000000e+00  1.34630959e-07 -2.15794285e-05 
 1.32045362e-08  1.20000000e+00  1.34630951e-07 -2.23705010e-05 
 1.32506561e-08  1.20000000e+00  1.34630965e-07 -3.53159969e-05 
 1.32792504e-08  1.20000000e+00  1.34630965e-07 -2.67333358e-05 
 1.33179250e-08  1.20000000e+00  1.34630968e-07 -1.73487048e-05 
 1.33617163e-08  1.20000000e+00  1.34630971e-07 -2.39923058e-05 
 1.34057806e-08  1.20000000e+00  1.34630881e-07 -2.53242750e-05 
 1.34408239e-08  1.20000000e+00  1.34631131e-07 -3.65436866e-05 
 1.34762730e-08  1.20000000e+00  1.34630605e-07 -1.68141655e-05 
 1.35132163e-08  1.20000000e+00  1.34631509e-07 -2.24816484e-05 
 1.35567210e-08  1.20000000e+00  1.34630304e-07 -2.14657362e-05 
 1.36028408e-08  1.20000000e+00  1.34631383e-07 -3.62231319e-05 
 1.36314350e-08  1.20000000e+00  1.34633141e-07 -2.58224249e-05 
 1.36701097e-08  1.20000000e+00  1.34622770e-07 -1.82623855e-05 
 1.37139010e-08  1.20000000e+00  1.34650626e-07 -2.30762107e-05 
 1.37579653e-08  1.20000000e+00  1.34593247e-07 -2.62427381e-05 
 1.37930086e-08  1.20000000e+00  1.34698166e-07 -3.56222666e-05 
 1.38284577e-08  1.20000000e+00  1.34529998e-07 -1.77384750e-05 
 1.38654009e-08  1.20000000e+00  1.34712528e-07 -2.15546032e-05 
 1.39089057e-08  1.20000000e+00  1.34710659e-07 -2.23950791e-05 
 1.39550255e-08  1.20000000e+00  1.34248062e-07 -3.52916410e-05 
 1.39836197e-08  1.20000000e+00  1.36691682e-07 -2.67573391e-05 
 1.40222944e-08  1.20000000e+00  1.29026816e-07 -1.73249740e-05 
 1.40660857e-08  1.20000000e+00  1.43908841e-07 -2.40158067e-05 
 1.41101500e-08  1.20000000e+00  1.24786564e-07 -2.53009903e-05 
 1.41451933e-08  1.20000000e+00  1.52463548e-07 -3.65666909e-05 
 1.41806424e-08  1.20000000e+00  1.19381117e-07 -1.67914354e-05 
 1.42175856e-08  1.20000000e+00  4.94379711e-08 -2.25041101e-05 
 1.42610904e-08  1.20000000e+00  2.83087561e-07 -2.14435233e-05 
 1.43072102e-08  1.20000000e+00  2.01865685e-08 -3.62450969e-05 
 1.43358044e-08  1.20000000e+00  1.80806140e-06 -2.58011524e-05 
 1.43744791e-08  1.20000000e+00 -2.41418264e-06 -1.82827258e-05 
 1.44182704e-08  1.20000000e+00 -1.78369839e-06 -2.30564734e-05 
 1.44623347e-08  1.20000000e+00 -2.31951387e-06 -2.62620191e-05 
 1.44973780e-08  1.20000000e+00  1.80928430e-05 -3.56063526e-05 
 1.45328271e-08  1.20000000e+00  5.60045740e-05 -1.77578291e-05 
 1.45697704e-08  1.20000000e+00 -7.64654053e-05 -2.15154951e-05 
 1.46132751e-08  1.20000000e+00 -2.73582447e-04 -2.24216266e-05 
 1.46593953e-08  1.20000000e+00 -5.55778661e-04 -3.52432788e-05 
 1.46879892e-08  1.20000000e+00  1.32144567e-03 -2.71818364e-05 
 1.47266622e-08  1.20000000e+00  3.88261444e-03 -1.70609669e-05 
 1.47704560e-08  1.20000000e+00 -3.49708962e-03 -2.34552217e-05 
 1.48145106e-08  1.20000000e+00 -3.28858261e-02 -2.25819427e-05 
 1.48487017e-08  1.20000000e+00 -4.65223202e-02 -3.76400109e-05 
 1.48813837e-08  1.20000000e+00  2.91797203e-04 -3.12681122e-05 
 1.49158824e-08  1.20000000e+00  8.11999755e-02 -2.93714969e-05 
 1.49574257e-08  1.20000000e+00  1.76207567e-01 -2.56258848e-05 
 1.49965603e-08  1.20000000e+00  2.66834277e-01 -2.53472388e-05 
 1.50748295e-08  1.20000000e+00  4.44674682e-01 -2.33435405e-05 
 1.51748295e-08  1.20000000e+00  6.60053763e-01 -2.21163526e-05 
 1.52748295e-08  1.20000000e+00  8.46022366e-01 -1.75330393e-05 
 1.53748295e-08  1.20000000e+00  9.86636348e-01 -1.27409337e-05 
 1.54748295e-08  1.20000000e+00  1.07902576e+00 -7.34340571e-06 
 1.55748295e-08  1.20000000e+00  1.13400802e+00 -4.61996484e-06 
 1.56748295e-08  1.20000000e+00  1.16473473e+00 -2.10369401e-06 
 1.57748295e-08  1.20000000e+00  1.18139379e+00 -1.52862432e-06 
 1.58748295e-08  1.20000000e+00  1.19022854e+00 -4.16174774e-07 
 1.59748295e-08  1.20000000e+00  1.19489605e+00 -6.02898348e-07 
 1.60748295e-08  1.20000000e+00  1.19733000e+00  5.90255068e-08 
 1.61748295e-08  1.20000000e+00  1.19861071e+00 -3.40636681e-07 
 1.62748295e-08  1.20000000e+00  1.19927240e+00  1.85728339e-07 
 1.63748295e-08  1.20000000e+00  1.19962275e+00 -2.65419789e-07 
 1.64748295e-08  1.20000000e+00  1.19980117e+00  2.17135515e-07 
 1.65748295e-08  1.20000000e+00  1.19989749e+00 -2.42101588e-07 
 1.66748295e-08  1.20000000e+00  1.19994494e+00  2.23029391e-07 
 1.67748295e-08  1.20000000e+00  1.19997196e+00 -2.33309184e-07 
 1.68748295e-08  1.20000000e+00  1.19998409e+00  2.22305784e-07 
 1.69748295e-08  1.20000000e+00  1.19999210e+00 -2.28703226e-07 
 1.70748295e-08  1.20000000e+00  1.19999477e+00  2.19973430e-07 
 1.71748295e-08  1.20000000e+00  1.19999753e+00 -2.25381230e-07 
 1.72748295e-08  1.20000000e+00  1.19999771e+00  2.17319580e-07 
 1.73748295e-08  1.20000000e+00  1.19999898e+00 -2.22498715e-07 
 1.74748295e-08  1.20000000e+00  1.19999852e+00  2.14650291e-07 
 1.75748295e-08  1.20000000e+00  1.19999936e+00 -2.19792737e-07 
 1.76748295e-08  1.20000000e+00  1.19999875e+00  2.12022662e-07 
 1.77748295e-08  1.20000000e+00  1.19999946e+00 -2.17171763e-07 
 1.78748295e-08  1.20000000e+00  1.19999882e+00  2.09436609e-07 
 1.79748295e-08  1.20000000e+00  1.19999948e+00 -2.14598862e-07 
 1.80748295e-08  1.20000000e+00  1.19999885e+00  2.06882746e-07 
 1.81748295e-08  1.20000000e+00  1.19999948e+00 -2.12056742e-07 
 1.82748295e-08  1.20000000e+00  1.19999885e+00  2.04352889e-07 
 1.83748295e-08  1.20000000e+00  1.19999948e+00 -2.09536332e-07 
 1.84748295e-08  1.20000000e+00  1.19999886e+00  2.01841415e-07 
 1.85748295e-08  1.20000000e+00  1.19999948e+00 -2.07032525e-07 
 1.86748295e-08  1.20000000e+00  1.19999886e+00  1.99344740e-07 
 1.87748295e-08  1.20000000e+00  1.19999948e+00 -2.04542331e-07 
 1.88748295e-08  1.20000000e+00  1.19999886e+00  1.96860642e-07 
 1.89748295e-08  1.20000000e+00  1.19999947e+00 -2.02063965e-07 
 1.90748295e-08  1.20000000e+00  1.19999886e+00  1.94387754e-07 
 1.91748295e-08  1.20000000e+00  1.19999947e+00 -1.99596343e-07 
 1.92748295e-08  1.20000000e+00  1.19999886e+00  1.91925237e-07 
 1.93748295e-08  1.20000000e+00  1.19999947e+00 -1.97138803e-07 
 1.94748295e-08  1.20000000e+00  1.19999887e+00  1.89472572e-07 
 1.95748295e-08  1.20000000e+00  1.19999947e+00 -1.94690934e-07 
 1.96748295e-08  1.20000000e+00  1.19999887e+00  1.87029432e-07 
 1.97748295e-08  1.20000000e+00  1.19999947e+00 -1.92252475e-07 
 1.98748295e-08  1.20000000e+00  1.19999887e+00  1.84595612e-07 
 1.99748295e-08  1.20000000e+00  1.19999947e+00 -1.89823261e-07 
 2.00748295e-08  1.20000000e+00  1.19999887e+00  1.82170974e-07 
 2.01748295e-08  1.20000000e+00  1.19999947e+00 -1.87403179e-07 
 2.02748295e-08  1.20000000e+00  1.19999887e+00  1.79755426e-07 
 2.03748295e-08  1.20000000e+00  1.19999947e+00 -1.84992150e-07 
 2.04748295e-08  1.20000000e+00  1.19999887e+00  1.77348901e-07 
 2.05748295e-08  1.20000000e+00  1.19999947e+00 -1.82590118e-07 
 2.06748295e-08  1.20000000e+00  1.19999887e+00  1.74951348e-07 
 2.07748295e-08  1.20000000e+00  1.19999947e+00 -1.80197036e-07 
 2.08748295e-08  1.20000000e+00  1.19999887e+00  1.72562726e-07 
 2.09748295e-08  1.20000000e+00  1.19999947e+00 -1.77812867e-07 
 2.10748295e-08  1.20000000e+00  1.19999887e+00  1.70183000e-07 
 2.11748295e-08  1.20000000e+00  1.19999947e+00 -1.75437578e-07 
 2.12748295e-08  1.20000000e+00  1.19999887e+00  1.67812138e-07 
 2.13748295e-08  1.20000000e+00  1.19999947e+00 -1.73071138e-07 
 2.14748295e-08  1.20000000e+00  1.19999887e+00  1.65450112e-07 
 2.15748295e-08  1.20000000e+00  1.19999946e+00 -1.70713519e-07 
 2.16748295e-08  1.20000000e+00  1.19999887e+00  1.63096892e-07 
 2.17748295e-08  1.20000000e+00  1.19999946e+00 -1.68364693e-07 
 2.18748295e-08  1.20000000e+00  1.19999887e+00  1.60752452e-07 
 2.19748295e-08  1.20000000e+00  1.19999946e+00 -1.66024634e-07 
 2.20748295e-08  1.20000000e+00  1.19999887e+00  1.58416765e-07 
 2.21748295e-08  1.20000000e+00  1.19999946e+00 -1.63693316e-07 
 2.22748295e-08  1.20000000e+00  1.19999888e+00  1.56089806e-07 
 2.23748295e-08  1.20000000e+00  1.19999946e+00 -1.61370711e-07 
 2.24748295e-08  1.20000000e+00  1.19999888e+00  1.53771547e-07 
 2.25748295e-08  1.20000000e+00  1.19999946e+00 -1.59056794e-07 
 2.26748295e-08  1.20000000e+00  1.19999888e+00  1.51461964e-07 
 2.27748295e-08  1.20000000e+00  1.19999946e+00 -1.56751540e-07 
 2.28748295e-08  1.20000000e+00  1.19999888e+00  1.49161031e-07 
 2.29748295e-08  1.20000000e+00  1.19999946e+00 -1.54454923e-07 
 2.30748295e-08  1.20000000e+00  1.19999888e+00  1.46868722e-07 
 2.31748295e-08  1.20000000e+00  1.19999946e+00 -1.52166917e-07 
 2.32748295e-08  1.20000000e+00  1.19999888e+00  1.44585011e-07 
 2.33748295e-08  1.20000000e+00  1.19999946e+00 -1.49887497e-07 
 2.34748295e-08  1.20000000e+00  1.19999888e+00  1.42309874e-07 
 2.35748295e-08  1.20000000e+00  1.19999946e+00 -1.47616637e-07 
 2.36748295e-08  1.20000000e+00  1.19999888e+00  1.40043284e-07 
 2.37748295e-08  1.20000000e+00  1.19999946e+00 -1.45354313e-07 
 2.38748295e-08  1.20000000e+00  1.19999888e+00  1.37785217e-07 
 2.39748295e-08  1.20000000e+00  1.19999946e+00 -1.43100498e-07 
 2.40748295e-08  1.20000000e+00  1.19999888e+00  1.35535647e-07 
 2.41748295e-08  1.20000000e+00  1.19999946e+00 -1.40855168e-07 
 2.42748295e-08  1.20000000e+00  1.19999888e+00  1.33294549e-07 
 2.43748295e-08  1.20000000e+00  1.19999946e+00 -1.38618298e-07 
 2.44748295e-08  1.20000000e+00  1.19999888e+00  1.31061898e-07 
 2.45748295e-08  1.20000000e+00  1.19999945e+00 -1.36389862e-07 
 2.46748295e-08  1.20000000e+00  1.19999888e+00  1.28837669e-07 
 2.47748295e-08  1.20000000e+00  1.19999945e+00 -1.34169836e-07 
 2.48748295e-08  1.20000000e+00  1.19999888e+00  1.26621837e-07 
 2.49748295e-08  1.20000000e+00  1.19999945e+00 -1.31958194e-07 
 2.50748295e-08  1.20000000e+00  1.19999888e+00  1.24414377e-07 
 2.51748295e-08  1.20000000e+00  1.19999945e+00 -1.29754911e-07 
 2.52748295e-08  1.20000000e+00  1.19999889e+00  1.22215264e-07 
 2.53748295e-08  1.20000000e+00  1.19999945e+00 -1.27559963e-07 
 2.54748295e-08  1.20000000e+00  1.19999889e+00  1.20024474e-07 
 2.55748295e-08  1.20000000e+00  1.19999945e+00 -1.25373325e-07 
 2.56748295e-08  1.20000000e+00  1.19999889e+00  1.17841981e-07 
 2.57748295e-08  1.20000000e+00  1.19999945e+00 -1.23194972e-07 
 2.58748295e-08  1.20000000e+00  1.19999889e+00  1.15667760e-07 
 2.59748295e-08  1.20000000e+00  1.19999945e+00 -1.21024880e-07 
 2.60748295e-08  1.20000000e+00  1.19999889e+00  1.13501788e-07 
 2.61748295e-08  1.20000000e+00  1.19999945e+00 -1.18863023e-07 
 2.62748295e-08  1.20000000e+00  1.19999889e+00  1.11344039e-07 
 2.63748295e-08  1.20000000e+00  1.19999945e+00 -1.16709377e-07 
 2.64748295e-08  1.20000000e+00  1.19999889e+00  1.09194489e-07 
 2.65748295e-08  1.20000000e+00  1.19999945e+00 -1.14563919e-07 
 2.66748295e-08  1.20000000e+00  1.19999889e+00  1.07053113e-07 
 2.67748295e-08  1.20000000e+00  1.19999945e+00 -1.12426622e-07 
 2.68748295e-08  1.20000000e+00  1.19999889e+00  1.04919887e-07 
 2.69748295e-08  1.20000000e+00  1.19999945e+00 -1.10297463e-07 
 2.70748295e-08  1.20000000e+00  1.19999889e+00  1.02794787e-07 
 2.71748295e-08  1.20000000e+00  1.19999945e+00 -1.08176417e-07 
 2.72748295e-08  1.20000000e+00  1.19999889e+00  1.00677788e-07 
 2.73748295e-08  1.20000000e+00  1.19999945e+00 -1.06063461e-07 
 2.74748295e-08  1.20000000e+00  1.19999889e+00  9.85688667e-08 
 2.75748295e-08  1.20000000e+00  1.19999945e+00 -1.03958569e-07 
 2.76748295e-08  1.20000000e+00  1.19999889e+00  9.64679977e-08 
 2.77748295e-08  1.20000000e+00  1.19999945e+00 -1.01861718e-07 
 2.78748295e-08  1.20000000e+00  1.19999889e+00  9.43751573e-08 
 2.79748295e-08  1.20000000e+00  1.19999944e+00 -9.97728839e-08 
 2.80748295e-08  1.20000000e+00  1.19999889e+00  9.22903212e-08 
 2.81748295e-08  1.20000000e+00  1.19999944e+00 -9.76920420e-08 
 2.82748295e-08  1.20000000e+00  1.19999889e+00  9.02134656e-08 
 2.83748295e-08  1.20000000e+00  1.19999944e+00 -9.56191685e-08 
 2.84748295e-08  1.20000000e+00  1.19999889e+00  8.81445665e-08 
 2.85748295e-08  1.20000000e+00  1.19999944e+00 -9.35542395e-08 
 2.86748295e-08  1.20000000e+00  1.19999890e+00  8.60835999e-08 
 2.87748295e-08  1.20000000e+00  1.19999944e+00 -9.14972310e-08 
 2.88748295e-08  1.20000000e+00  1.19999890e+00  8.40305420e-08 
 2.89748295e-08  1.20000000e+00  1.19999944e+00 -8.94481192e-08 
 2.90748295e-08  1.20000000e+00  1.19999890e+00  8.19853687e-08 
 2.91748295e-08  1.20000000e+00  1.19999944e+00 -8.74068802e-08 
 2.92748295e-08  1.20000000e+00  1.19999890e+00  7.99480566e-08 
 2.93748295e-08  1.20000000e+00  1.19999944e+00 -8.53734904e-08 
 2.94748295e-08  1.20000000e+00  1.19999890e+00  7.79185817e-08 
 2.95748295e-08  1.20000000e+00  1.19999944e+00 -8.33479262e-08 
 2.96748295e-08  1.20000000e+00  1.19999890e+00  7.58969204e-08 
 2.97748295e-08  1.20000000e+00  1.19999944e+00 -8.13301635e-08 
 2.98748295e-08  1.20000000e+00  1.19999890e+00  7.38830492e-08 
 2.99748295e-08  1.20000000e+00  1.19999944e+00 -7.93201793e-08 
 3.00748295e-08  1.20000000e+00  1.19999890e+00  7.18769442e-08 
 3.01748295e-08  1.20000000e+00  1.19999944e+00 -7.73179497e-08 
 3.02748295e-08  1.20000000e+00  1.19999890e+00  6.98785823e-08 
 3.03748295e-08  1.20000000e+00  1.19999944e+00 -7.53234512e-08 
 3.04748295e-08  1.20000000e+00  1.19999890e+00  6.78879400e-08 
 3.05748295e-08  1.20000000e+00  1.19999944e+00 -7.33366606e-08 
 3.06748295e-08  1.20000000e+00  1.19999890e+00  6.59049937e-08 
 3.07748295e-08  1.20000000e+00  1.19999944e+00 -7.13575544e-08 
 3.08748295e-08  1.20000000e+00  1.19999890e+00  6.39297203e-08 
 3.09748295e-08  1.20000000e+00  1.19999944e+00 -6.93861094e-08 
 3.10748295e-08  1.20000000e+00  1.19999890e+00  6.19620963e-08 
 3.11748295e-08  1.20000000e+00  1.19999944e+00 -6.74223024e-08 
 3.12748295e-08  1.20000000e+00  1.19999890e+00  6.00020984e-08 
 3.13748295e-08  1.20000000e+00  1.19999944e+00 -6.54661098e-08 
 3.14748295e-08  1.20000000e+00  1.19999890e+00  5.80497039e-08 
 3.15748295e-08  1.20000000e+00  1.19999943e+00 -6.35175088e-08 
 3.16748295e-08  1.20000000e+00  1.19999890e+00  5.61048894e-08 
 3.17748295e-08  1.20000000e+00  1.19999943e+00 -6.15764764e-08 
 3.18748295e-08  1.20000000e+00  1.19999890e+00  5.41676318e-08 
 3.19748295e-08  1.20000000e+00  1.19999943e+00 -5.96429892e-08 
 3.20748295e-08  1.20000000e+00  1.19999890e+00  5.22379079e-08 
 3.21748295e-08  1.20000000e+00  1.19999943e+00 -5.77170246e-08 
 3.22748295e-08  1.20000000e+00  1.19999890e+00  5.03156951e-08 
 3.23748295e-08  1.20000000e+00  1.19999943e+00 -5.57985593e-08 
 3.24748295e-08  1.20000000e+00  1.19999891e+00  4.84009704e-08 
 3.25748295e-08  1.20000000e+00  1.19999943e+00 -5.38875709e-08 
 3.26748295e-08  1.20000000e+00  1.19999891e+00  4.64937107e-08 
 3.27748295e-08  1.20000000e+00  1.19999943e+00 -5.19840362e-08 
 3.28748295e-08  1.20000000e+00  1.19999891e+00  4.45938937e-08 
 3.29748295e-08  1.20000000e+00  1.19999943e+00 -5.00879324e-08 
 3.30748295e-08  1.20000000e+00  1.19999891e+00  4.27014963e-08 
 3.31748295e-08  1.20000000e+00  1.19999943e+00 -4.81992370e-08 
 3.32748295e-08  1.20000000e+00  1.19999891e+00  4.08164959e-08 
 3.33748295e-08  1.20000000e+00  1.19999943e+00 -4.63179276e-08 
 3.34748295e-08  1.20000000e+00  1.19999891e+00  3.89388698e-08 
 3.35748295e-08  1.20000000e+00  1.19999943e+00 -4.44439810e-08 
 3.36748295e-08  1.20000000e+00  1.19999891e+00  3.70685955e-08 
 3.37748295e-08  1.20000000e+00  1.19999943e+00 -4.25773750e-08 
 3.38748295e-08  1.20000000e+00  1.19999891e+00  3.52056505e-08 
 3.39748295e-08  1.20000000e+00  1.19999943e+00 -4.07180871e-08 
 3.40748295e-08  1.20000000e+00  1.19999891e+00  3.33500124e-08 
 3.41748295e-08  1.20000000e+00  1.19999943e+00 -3.88660946e-08 
 3.42748295e-08  1.20000000e+00  1.19999891e+00  3.15016588e-08 
 3.43748295e-08  1.20000000e+00  1.19999943e+00 -3.70213755e-08 
 3.44748295e-08  1.20000000e+00  1.19999891e+00  2.96605671e-08 
 3.45748295e-08  1.20000000e+00  1.19999943e+00 -3.51839072e-08 
 3.46748295e-08  1.20000000e+00  1.19999891e+00  2.78267152e-08 
 3.47748295e-08  1.20000000e+00  1.19999943e+00 -3.33536675e-08 
 3.48748295e-08  1.20000000e+00  1.19999891e+00  2.60000808e-08 
 3.49748295e-08  1.20000000e+00  1.19999943e+00 -3.15306343e-08 
 3.50748295e-08  1.20000000e+00  1.19999891e+00  2.41806418e-08 
 3.51748295e-08  1.20000000e+00  1.19999943e+00 -2.97147852e-08 
 3.52748295e-08  1.20000000e+00  1.19999891e+00  2.23683757e-08 
 3.53748295e-08  1.20000000e+00  1.19999943e+00 -2.79060984e-08 
 3.54748295e-08  1.20000000e+00  1.19999891e+00  2.05632608e-08 
 3.55748295e-08  1.20000000e+00  1.19999942e+00 -2.61045515e-08 
 3.56748295e-08  1.20000000e+00  1.19999891e+00  1.87652749e-08 
 3.57748295e-08  1.20000000e+00  1.19999942e+00 -2.43101226e-08 
 3.58748295e-08  1.20000000e+00  1.19999891e+00  1.69743961e-08 
 3.59748295e-08  1.20000000e+00  1.19999942e+00 -2.25227899e-08 
 3.60748295e-08  1.20000000e+00  1.19999891e+00  1.51906024e-08 
 3.61748295e-08  1.20000000e+00  1.19999942e+00 -2.07425312e-08 
 3.62748295e-08  1.20000000e+00  1.19999891e+00  1.34138719e-08 
 3.63748295e-08  1.20000000e+00  1.19999942e+00 -1.89693249e-08 
 3.64748295e-08  1.20000000e+00  1.19999891e+00  1.16441829e-08 
 3.65748295e-08  1.20000000e+00  1.19999942e+00 -1.72031492e-08 
 3.66748295e-08  1.20000000e+00  1.19999892e+00  9.88151333e-09 
 3.67748295e-08  1.20000000e+00  1.19999942e+00 -1.54439822e-08 
 3.68748295e-08  1.20000000e+00  1.19999892e+00  8.12584213e-09 
 3.69748295e-08  1.20000000e+00  1.19999942e+00 -1.36918022e-08 
 3.70748295e-08  1.20000000e+00  1.19999892e+00  6.37714685e-09 
 3.71748295e-08  1.20000000e+00  1.19999942e+00 -1.19465879e-08 
 3.72748295e-08  1.20000000e+00  1.19999892e+00  4.63540625e-09 
 3.73748295e-08  1.20000000e+00  1.19999942e+00 -1.02083173e-08 
 3.74748295e-08  1.20000000e+00  1.19999892e+00  2.90059893e-09 
 3.75748295e-08  1.20000000e+00  1.19999942e+00 -8.47696896e-09 
 3.76748295e-08  1.20000000e+00  1.19999892e+00  1.17270307e-09 
 3.77748295e-08  1.20000000e+00  1.19999942e+00 -6.75252174e-09 
 3.78748295e-08  1.20000000e+00  1.19999892e+00 -5.47246557e-10 
 3.79748295e-08  1.20000000e+00  1.19999942e+00 -5.03638700e-09 
 3.80748295e-08  1.20000000e+00  1.19999892e+00 -2.26205740e-09 
 3.81748295e-08  1.20000000e+00  1.19999942e+00 -3.32452464e-09 
 3.82748295e-08  1.20000000e+00  1.19999892e+00 -3.96950899e-09 
 3.83748295e-08  1.20000000e+00  1.19999942e+00 -1.62054396e-09 
 3.84748295e-08  1.20000000e+00  1.19999892e+00 -5.67005639e-09 
 3.85748295e-08  1.20000000e+00  1.19999942e+00  7.75967222e-11 
 3.86748295e-08  1.20000000e+00  1.19999892e+00 -7.36515269e-09 
 3.87748295e-08  1.20000000e+00  1.19999942e+00  1.76725404e-09 
 3.88748295e-08  1.20000000e+00  1.19999892e+00 -9.05094549e-09 
 3.89748295e-08  1.20000000e+00  1.19999942e+00  3.45061227e-09 
 3.90748295e-08  1.20000000e+00  1.19999892e+00 -1.07309734e-08 
 3.91748295e-08  1.20000000e+00  1.19999942e+00  5.12728464e-09 
 3.92748295e-08  1.20000000e+00  1.19999892e+00 -1.24042923e-08 
 3.93748295e-08  1.20000000e+00  1.19999942e+00  6.79725113e-09 
 3.94748295e-08  1.20000000e+00  1.19999892e+00 -1.40709108e-08 
 3.95748295e-08  1.20000000e+00  1.19999942e+00  8.46052351e-09 
 3.96748295e-08  1.20000000e+00  1.19999892e+00 -1.57308419e-08 
 3.97748295e-08  1.20000000e+00  1.19999942e+00  1.01171163e-08 
 3.98748295e-08  1.20000000e+00  1.19999892e+00 -1.73841022e-08 
 3.99748295e-08  1.20000000e+00  1.19999942e+00  1.17670471e-08 
 4.00748295e-08  1.20000000e+00  1.19999892e+00 -1.90307095e-08 
 4.01748295e-08  1.20000000e+00  1.19999941e+00  1.34103342e-08 
 4.02748295e-08  1.20000000e+00  1.19999892e+00 -2.06706828e-08 
 4.03748295e-08  1.20000000e+00  1.19999941e+00  1.50469971e-08 
 4.04748295e-08  1.20000000e+00  1.19999892e+00 -2.23040417e-08 
 4.05748295e-08  1.20000000e+00  1.19999941e+00  1.66770558e-08 
 4.06748295e-08  1.20000000e+00  1.19999892e+00 -2.39308065e-08 
 4.07748295e-08  1.20000000e+00  1.19999941e+00  1.83005303e-08 
 4.08748295e-08  1.20000000e+00  1.19999892e+00 -2.55509972e-08 
 4.09748295e-08  1.20000000e+00  1.19999941e+00  1.99174408e-08 
 4.10748295e-08  1.20000000e+00  1.19999892e+00 -2.71646343e-08 
 4.11748295e-08  1.20000000e+00  1.19999941e+00  2.15278081e-08 
 4.12748295e-08  1.20000000e+00  1.19999893e+00 -2.87717381e-08 
 4.13748295e-08  1.20000000e+00  1.19999941e+00  2.31316520e-08 
 4.14748295e-08  1.20000000e+00  1.19999893e+00 -3.03723290e-08 
 4.15748295e-08  1.20000000e+00  1.19999941e+00  2.47289934e-08 
 4.16748295e-08  1.20000000e+00  1.19999893e+00 -3.19664275e-08 
 4.17748295e-08  1.20000000e+00  1.19999941e+00  2.63198528e-08 
 4.18748295e-08  1.20000000e+00  1.19999893e+00 -3.35540537e-08 
 4.19748295e-08  1.20000000e+00  1.19999941e+00  2.79042501e-08 
 4.20748295e-08  1.20000000e+00  1.19999893e+00 -3.51352285e-08 
 4.21748295e-08  1.20000000e+00  1.19999941e+00  2.94822058e-08 
 4.22748295e-08  1.20000000e+00  1.19999893e+00 -3.67099715e-08 
 4.23748295e-08  1.20000000e+00  1.19999941e+00  3.10537401e-08 
 4.24748295e-08  1.20000000e+00  1.19999893e+00 -3.82783036e-08 
 4.25748295e-08  1.20000000e+00  1.19999941e+00  3.26188734e-08 
 4.26748295e-08  1.20000000e+00  1.19999893e+00 -3.98402445e-08 
 4.27748295e-08  1.20000000e+00  1.19999941e+00  3.41776255e-08 
 4.28748295e-08  1.20000000e+00  1.19999893e+00 -4.13958145e-08 
 4.29748295e-08  1.20000000e+00  1.19999941e+00  3.57300172e-08 
 4.30748295e-08  1.20000000e+00  1.19999893e+00 -4.29450338e-08 
 4.31748295e-08  1.20000000e+00  1.19999941e+00  3.72760678e-08 
 4.32748295e-08  1.20000000e+00  1.19999893e+00 -4.44879222e-08 
 4.33748295e-08  1.20000000e+00  1.19999941e+00  3.88157977e-08 
 4.34748295e-08  1.20000000e+00  1.19999893e+00 -4.60245000e-08 
 4.35748295e-08  1.20000000e+00  1.19999941e+00  4.03492269e-08 
 4.36748295e-08  1.20000000e+00  1.19999893e+00 -4.75547870e-08 
 4.37748295e-08  1.20000000e+00  1.19999941e+00  4.18763750e-08 
 4.38748295e-08  1.20000000e+00  1.19999893e+00 -4.90788030e-08 
 4.39748295e-08  1.20000000e+00  1.19999941e+00  4.33972625e-08 
 4.40748295e-08  1.20000000e+00  1.19999893e+00 -5.05965680e-08 
 4.41748295e-08  1.20000000e+00  1.19999941e+00  4.49119086e-08 
 4.42748295e-08  1.20000000e+00  1.19999893e+00 -5.21081015e-08 
 4.43748295e-08  1.20000000e+00  1.19999941e+00  4.64203334e-08 
 4.44748295e-08  1.20000000e+00  1.19999893e+00 -5.36134238e-08 
 4.45748295e-08  1.20000000e+00  1.19999941e+00  4.79225564e-08 
 4.46748295e-08  1.20000000e+00  1.19999893e+00 -5.51125537e-08 
 4.47748295e-08  1.20000000e+00  1.19999941e+00  4.94185976e-08 
 4.48748295e-08  1.20000000e+00  1.19999893e+00 -5.66055118e-08 
 4.49748295e-08  1.20000000e+00  1.19999941e+00  5.09084760e-08 
 4.50748295e-08  1.20000000e+00  1.19999893e+00 -5.80923173e-08 
 4.51748295e-08  1.20000000e+00  1.19999940e+00  5.23922118e-08 
 4.52748295e-08  1.20000000e+00  1.19999893e+00 -5.95729896e-08 
 4.53748295e-08  1.20000000e+00  1.19999940e+00  5.38698241e-08 
 4.54748295e-08  1.20000000e+00  1.19999893e+00 -6.10475483e-08 
 4.55748295e-08  1.20000000e+00  1.19999940e+00  5.53413325e-08 
 4.56748295e-08  1.20000000e+00  1.19999893e+00 -6.25160129e-08 
 4.57748295e-08  1.20000000e+00  1.19999940e+00  5.68067568e-08 
 4.58748295e-08  1.20000000e+00  1.19999893e+00 -6.39784024e-08 
 4.59748295e-08  1.20000000e+00  1.19999940e+00  5.82661155e-08 
 4.60748295e-08  1.20000000e+00  1.19999893e+00 -6.54347368e-08 
 4.61748295e-08  1.20000000e+00  1.19999940e+00  5.97194287e-08 
 4.62748295e-08  1.20000000e+00  1.19999893e+00 -6.68850348e-08 
 4.63748295e-08  1.20000000e+00  1.19999940e+00  6.11667152e-08 
 4.64748295e-08  1.20000000e+00  1.19999894e+00 -6.83293161e-08 
 4.65748295e-08  1.20000000e+00  1.19999940e+00  6.26079943e-08 
 4.66748295e-08  1.20000000e+00  1.19999894e+00 -6.97675995e-08 
 4.67748295e-08  1.20000000e+00  1.19999940e+00  6.40432854e-08 
 4.68748295e-08  1.20000000e+00  1.19999894e+00 -7.11999042e-08 
 4.69748295e-08  1.20000000e+00  1.19999940e+00  6.54726073e-08 
 4.70748295e-08  1.20000000e+00  1.19999894e+00 -7.26262495e-08 
 4.71748295e-08  1.20000000e+00  1.19999940e+00  6.68959794e-08 
 4.72748295e-08  1.20000000e+00  1.19999894e+00 -7.40466542e-08 
 4.73748295e-08  1.20000000e+00  1.19999940e+00  6.83134204e-08 
 4.74748295e-08  1.20000000e+00  1.19999894e+00 -7.54611374e-08 
 4.75748295e-08  1.20000000e+00  1.19999940e+00  6.97249491e-08 
 4.76748295e-08  1.20000000e+00  1.19999894e+00 -7.68697182e-08 
 4.77748295e-08  1.20000000e+00  1.19999940e+00  7.11305848e-08 
 4.78748295e-08  1.20000000e+00  1.19999894e+00 -7.82724150e-08 
 4.79748295e-08  1.20000000e+00  1.19999940e+00  7.25303465e-08 
 4.80748295e-08  1.20000000e+00  1.19999894e+00 -7.96692472e-08 
 4.81748295e-08  1.20000000e+00  1.19999940e+00  7.39242525e-08 
 4.82748295e-08  1.20000000e+00  1.19999894e+00 -8.10602332e-08 
 4.83748295e-08  1.20000000e+00  1.19999940e+00  7.53123219e-08 
 4.84748295e-08  1.20000000e+00  1.19999894e+00 -8.24453918e-08 
 4.85748295e-08  1.20000000e+00  1.19999940e+00  7.66945734e-08 
 4.86748295e-08  1.20000000e+00  1.19999894e+00 -8.38247417e-08 
 4.87748295e-08  1.20000000e+00  1.19999940e+00  7.80710254e-08 
 4.88748295e-08  1.20000000e+00  1.19999894e+00 -8.51983017e-08 
 4.89748295e-08  1.20000000e+00  1.19999940e+00  7.94416967e-08 
 4.90748295e-08  1.20000000e+00  1.19999894e+00 -8.65660903e-08 
 4.91748295e-08  1.20000000e+00  1.19999940e+00  8.08066057e-08 
 4.92748295e-08  1.20000000e+00  1.19999894e+00 -8.79281261e-08 
 4.93748295e-08  1.20000000e+00  1.19999940e+00  8.21657715e-08 
 4.94748295e-08  1.20000000e+00  1.19999894e+00 -8.92844271e-08 
 4.95748295e-08  1.20000000e+00  1.19999940e+00  8.35192118e-08 
 4.96748295e-08  1.20000000e+00  1.19999894e+00 -9.06350128e-08 
 4.97748295e-08  1.20000000e+00  1.19999940e+00  8.48669453e-08 
 4.98748295e-08  1.20000000e+00  1.19999894e+00 -9.19799005e-08 
 4.99748295e-08  1.20000000e+00  1.19999940e+00  8.62089905e-08 
 5.00748295e-08  1.20000000e+00  1.19999894e+00 -9.33191091e-08 
 5.01748295e-08  1.20000000e+00  1.19999940e+00  8.75453655e-08 
 5.02748295e-08  1.20000000e+00  1.19999894e+00 -9.46526566e-08 
 5.03748295e-08  1.20000000e+00  1.19999940e+00  8.88760892e-08 
 5.04748295e-08  1.20000000e+00  1.19999894e+00 -9.59805613e-08 
 5.05748295e-08  1.20000000e+00  1.19999940e+00  9.02011788e-08 
 5.06748295e-08  1.20000000e+00  1.19999894e+00 -9.73028420e-08 
 5.07748295e-08  1.20000000e+00  1.19999940e+00  9.15206532e-08 
 5.08748295e-08  1.20000000e+00  1.19999894e+00 -9.86195159e-08 
 5.09748295e-08  1.20000000e+00  1.19999940e+00  9.28345303e-08 
 5.10748295e-08  1.20000000e+00  1.19999894e+00 -9.99306019e-08 
 5.11748295e-08  1.20000000e+00  1.19999940e+00  9.41428280e-08 
 5.12748295e-08  1.20000000e+00  1.19999894e+00 -1.01236118e-07 
 5.13748295e-08  1.20000000e+00  1.19999939e+00  9.54455648e-08 
 5.14748295e-08  1.20000000e+00  1.19999894e+00 -1.02536081e-07 
 5.15748295e-08  1.20000000e+00  1.19999939e+00  9.67427583e-08 
 5.16748295e-08  1.20000000e+00  1.19999894e+00 -1.03830510e-07 
 5.17748295e-08  1.20000000e+00  1.19999939e+00  9.80344264e-08 
 5.18748295e-08  1.20000000e+00  1.19999894e+00 -1.05119423e-07 
 5.19748295e-08  1.20000000e+00  1.19999939e+00  9.93205873e-08 
 5.20748295e-08  1.20000000e+00  1.19999894e+00 -1.06402838e-07 
 5.21748295e-08  1.20000000e+00  1.19999939e+00  1.00601259e-07 
 5.22748295e-08  1.20000000e+00  1.19999894e+00 -1.07680771e-07 
 5.23748295e-08  1.20000000e+00  1.19999939e+00  1.01876458e-07 
 5.24748295e-08  1.20000000e+00  1.19999894e+00 -1.08953242e-07 
 5.25748295e-08  1.20000000e+00  1.19999939e+00  1.03146204e-07 
 5.26748295e-08  1.20000000e+00  1.19999894e+00 -1.10220268e-07 
 5.27748295e-08  1.20000000e+00  1.19999939e+00  1.04410513e-07 
 5.28748295e-08  1.20000000e+00  1.19999895e+00 -1.11481866e-07 
 5.29748295e-08  1.20000000e+00  1.19999939e+00  1.05669403e-07 
 5.30748295e-08  1.20000000e+00  1.19999895e+00 -1.12738054e-07 
 5.31748295e-08  1.20000000e+00  1.19999939e+00  1.06922892e-07 
 5.32748295e-08  1.20000000e+00  1.19999895e+00 -1.13988850e-07 
 5.33748295e-08  1.20000000e+00  1.19999939e+00  1.08170998e-07 
 5.34748295e-08  1.20000000e+00  1.19999895e+00 -1.15234271e-07 
 5.35748295e-08  1.20000000e+00  1.19999939e+00  1.09413738e-07 
 5.36748295e-08  1.20000000e+00  1.19999895e+00 -1.16474335e-07 
 5.37748295e-08  1.20000000e+00  1.19999939e+00  1.10651128e-07 
 5.38748295e-08  1.20000000e+00  1.19999895e+00 -1.17709059e-07 
 5.39748295e-08  1.20000000e+00  1.19999939e+00  1.11883189e-07 
 5.40748295e-08  1.20000000e+00  1.19999895e+00 -1.18938460e-07 
 5.41748295e-08  1.20000000e+00  1.19999939e+00  1.13109934e-07 
 5.42748295e-08  1.20000000e+00  1.19999895e+00 -1.20162556e-07 
 5.43748295e-08  1.20000000e+00  1.19999939e+00  1.14331384e-07 
 5.44748295e-08  1.20000000e+00  1.19999895e+00 -1.21381365e-07 
 5.45748295e-08  1.20000000e+00  1.19999939e+00  1.15547554e-07 
 5.46748295e-08  1.20000000e+00  1.19999895e+00 -1.22594902e-07 
 5.47748295e-08  1.20000000e+00  1.19999939e+00  1.16758462e-07 
 5.48748295e-08  1.20000000e+00  1.19999895e+00 -1.23803186e-07 
 5.49748295e-08  1.20000000e+00  1.19999939e+00  1.17964125e-07 
 5.50748295e-08  1.20000000e+00  1.19999895e+00 -1.25006234e-07 
 5.51748295e-08  1.20000000e+00  1.19999939e+00  1.19164560e-07 
 5.52748295e-08  1.20000000e+00  1.19999895e+00 -1.26204063e-07 
 5.53748295e-08  1.20000000e+00  1.19999939e+00  1.20359785e-07 
 5.54748295e-08  1.20000000e+00  1.19999895e+00 -1.27396689e-07 
 5.55748295e-08  1.20000000e+00  1.19999939e+00  1.21549816e-07 
 5.56748295e-08  1.20000000e+00  1.19999895e+00 -1.28584130e-07 
 5.57748295e-08  1.20000000e+00  1.19999939e+00  1.22734670e-07 
 5.58748295e-08  1.20000000e+00  1.19999895e+00 -1.29766403e-07 
 5.59748295e-08  1.20000000e+00  1.19999939e+00  1.23914365e-07 
 5.60748295e-08  1.20000000e+00  1.19999895e+00 -1.30943524e-07 
 5.61748295e-08  1.20000000e+00  1.19999939e+00  1.25088916e-07 
 5.62748295e-08  1.20000000e+00  1.19999895e+00 -1.32115511e-07 
 5.63748295e-08  1.20000000e+00  1.19999939e+00  1.26258342e-07 
 5.64748295e-08  1.20000000e+00  1.19999895e+00 -1.33282381e-07 
 5.65748295e-08  1.20000000e+00  1.19999939e+00  1.27422658e-07 
 5.66748295e-08  1.20000000e+00  1.19999895e+00 -1.34444149e-07 
 5.67748295e-08  1.20000000e+00  1.19999939e+00  1.28581882e-07 
 5.68748295e-08  1.20000000e+00  1.19999895e+00 -1.35600834e-07 
 5.69748295e-08  1.20000000e+00  1.19999939e+00  1.29736030e-07 
 5.70748295e-08  1.20000000e+00  1.19999895e+00 -1.36752450e-07 
 5.71748295e-08  1.20000000e+00  1.19999939e+00  1.30885119e-07 
 5.72748295e-08  1.20000000e+00  1.19999895e+00 -1.37899016e-07 
 5.73748295e-08  1.20000000e+00  1.19999939e+00  1.32029165e-07 
 5.74748295e-08  1.20000000e+00  1.19999895e+00 -1.39040548e-07 
 5.75748295e-08  1.20000000e+00  1.19999939e+00  1.33168185e-07 
 5.76748295e-08  1.20000000e+00  1.19999895e+00 -1.40177062e-07 
 5.77748295e-08  1.20000000e+00  1.19999939e+00  1.34302196e-07 
 5.78748295e-08  1.20000000e+00  1.19999895e+00 -1.41308575e-07 
 5.79748295e-08  1.20000000e+00  1.19999939e+00  1.35431214e-07 
 5.80748295e-08  1.20000000e+00  1.19999895e+00 -1.42435103e-07 
 5.81748295e-08  1.20000000e+00  1.19999939e+00  1.36555255e-07 
 5.82748295e-08  1.20000000e+00  1.19999895e+00 -1.43556663e-07 
 5.83748295e-08  1.20000000e+00  1.19999939e+00  1.37674336e-07 
 5.84748295e-08  1.20000000e+00  1.19999895e+00 -1.44673270e-07 
 5.85748295e-08  1.20000000e+00  1.19999938e+00  1.38788473e-07 
 5.86748295e-08  1.20000000e+00  1.19999895e+00 -1.45784942e-07 
 5.87748295e-08  1.20000000e+00  1.19999938e+00  1.39897683e-07 
 5.88748295e-08  1.20000000e+00  1.19999895e+00 -1.46891695e-07 
 5.89748295e-08  1.20000000e+00  1.19999938e+00  1.41001981e-07 
 5.90748295e-08  1.20000000e+00  1.19999895e+00 -1.47993544e-07 
 5.91748295e-08  1.20000000e+00  1.19999938e+00  1.42101384e-07 
 5.92748295e-08  1.20000000e+00  1.19999895e+00 -1.49090506e-07 
 5.93748295e-08  1.20000000e+00  1.19999938e+00  1.43195908e-07 
 5.94748295e-08  1.20000000e+00  1.19999895e+00 -1.50182598e-07 
 5.95748295e-08  1.20000000e+00  1.19999938e+00  1.44285569e-07 
 5.96748295e-08  1.20000000e+00  1.19999895e+00 -1.51269834e-07 
 5.97748295e-08  1.20000000e+00  1.19999938e+00  1.45370384e-07 
 5.98748295e-08  1.20000000e+00  1.19999895e+00 -1.52352231e-07 
 5.99748295e-08  1.20000000e+00  1.19999938e+00  1.46450367e-07 
 6.00748295e-08  1.20000000e+00  1.19999895e+00 -1.53429806e-07 
 6.01748295e-08  1.20000000e+00  1.19999938e+00  1.47525536e-07 
 6.02748295e-08  1.20000000e+00  1.19999895e+00 -1.54502574e-07 
 6.03748295e-08  1.20000000e+00  1.19999938e+00  1.48595906e-07 
 6.04748295e-08  1.20000000e+00  1.19999896e+00 -1.55570551e-07 
 6.05748295e-08  1.20000000e+00  1.19999938e+00  1.49661493e-07 
 6.06748295e-08  1.20000000e+00  1.19999896e+00 -1.56633753e-07 
 6.07748295e-08  1.20000000e+00  1.19999938e+00  1.50722312e-07 
 6.08748295e-08  1.20000000e+00  1.19999896e+00 -1.57692195e-07 
 6.09748295e-08  1.20000000e+00  1.19999938e+00  1.51778381e-07 
 6.10748295e-08  1.20000000e+00  1.19999896e+00 -1.58745895e-07 
 6.11748295e-08  1.20000000e+00  1.19999938e+00  1.52829713e-07 
 6.12748295e-08  1.20000000e+00  1.19999896e+00 -1.59794866e-07 
 6.13748295e-08  1.20000000e+00  1.19999938e+00  1.53876326e-07 
 6.14748295e-08  1.20000000e+00  1.19999896e+00 -1.60839125e-07 
 6.15748295e-08  1.20000000e+00  1.19999938e+00  1.54918234e-07 
 6.16748295e-08  1.20000000e+00  1.19999896e+00 -1.61878687e-07 
 6.17748295e-08  1.20000000e+00  1.19999938e+00  1.55955454e-07 
 6.18748295e-08  1.20000000e+00  1.19999896e+00 -1.62913569e-07 
 6.19748295e-08  1.20000000e+00  1.19999938e+00  1.56988000e-07 
 6.20748295e-08  1.20000000e+00  1.19999896e+00 -1.63943785e-07 
 6.21748295e-08  1.20000000e+00  1.19999938e+00  1.58015889e-07 
 6.22748295e-08  1.20000000e+00  1.19999896e+00 -1.64969352e-07 
 6.23748295e-08  1.20000000e+00  1.19999938e+00  1.59039136e-07 
 6.24748295e-08  1.20000000e+00  1.19999896e+00 -1.65990284e-07 
 6.25748295e-08  1.20000000e+00  1.19999938e+00  1.60057756e-07 
 6.26748295e-08  1.20000000e+00  1.19999896e+00 -1.67006597e-07 
 6.27748295e-08  1.20000000e+00  1.19999938e+00  1.61071765e-07 
 6.28748295e-08  1.20000000e+00  1.19999896e+00 -1.68018307e-07 
 6.29748295e-08  1.20000000e+00  1.19999938e+00  1.62081178e-07 
 6.30748295e-08  1.20000000e+00  1.19999896e+00 -1.69025428e-07 
 6.31748295e-08  1.20000000e+00  1.19999938e+00  1.63086010e-07 
 6.32748295e-08  1.20000000e+00  1.19999896e+00 -1.70027976e-07 
 6.33748295e-08  1.20000000e+00  1.19999938e+00  1.64086277e-07 
 6.34748295e-08  1.20000000e+00  1.19999896e+00 -1.71025967e-07 
 6.35748295e-08  1.20000000e+00  1.19999938e+00  1.65081994e-07 
 6.36748295e-08  1.20000000e+00  1.19999896e+00 -1.72019415e-07 
 6.37748295e-08  1.20000000e+00  1.19999938e+00  1.66073176e-07 
 6.38748295e-08  1.20000000e+00  1.19999896e+00 -1.73008335e-07 
 6.39748295e-08  1.20000000e+00  1.19999938e+00  1.67059838e-07 
 6.40748295e-08  1.20000000e+00  1.19999896e+00 -1.73992743e-07 
 6.41748295e-08  1.20000000e+00  1.19999938e+00  1.68041995e-07 
 6.42748295e-08  1.20000000e+00  1.19999896e+00 -1.74972654e-07 
 6.43748295e-08  1.20000000e+00  1.19999938e+00  1.69019663e-07 
 6.44748295e-08  1.20000000e+00  1.19999896e+00 -1.75948083e-07 
 6.45748295e-08  1.20000000e+00  1.19999938e+00  1.69992855e-07 
 6.46748295e-08  1.20000000e+00  1.19999896e+00 -1.76919045e-07 
 6.47748295e-08  1.20000000e+00  1.19999938e+00  1.70961588e-07 
 6.48748295e-08  1.20000000e+00  1.19999896e+00 -1.77885554e-07 
 6.49748295e-08  1.20000000e+00  1.19999938e+00  1.71925876e-07 
 6.50748295e-08  1.20000000e+00  1.19999896e+00 -1.78847626e-07 
 6.51748295e-08  1.20000000e+00  1.19999938e+00  1.72885735e-07 
 6.52748295e-08  1.20000000e+00  1.19999896e+00 -1.79805275e-07 
 6.53748295e-08  1.20000000e+00  1.19999938e+00  1.73841178e-07 
 6.54748295e-08  1.20000000e+00  1.19999896e+00 -1.80758517e-07 
 6.55748295e-08  1.20000000e+00  1.19999938e+00  1.74792220e-07 
 6.56748295e-08  1.20000000e+00  1.19999896e+00 -1.81707366e-07 
 6.57748295e-08  1.20000000e+00  1.19999938e+00  1.75738878e-07 
 6.58748295e-08  1.20000000e+00  1.19999896e+00 -1.82651836e-07 
 6.59748295e-08  1.20000000e+00  1.19999938e+00  1.76681164e-07 
 6.60748295e-08  1.20000000e+00  1.19999896e+00 -1.83591943e-07 
 6.61748295e-08  1.20000000e+00  1.19999938e+00  1.77619094e-07 
 6.62748295e-08  1.20000000e+00  1.19999896e+00 -1.84527700e-07 
 6.63748295e-08  1.20000000e+00  1.19999938e+00  1.78552682e-07 
 6.64748295e-08  1.20000000e+00  1.19999896e+00 -1.85459124e-07 
 6.65748295e-08  1.20000000e+00  1.19999938e+00  1.79481943e-07 
 6.66748295e-08  1.20000000e+00  1.19999896e+00 -1.86386228e-07 
 6.67748295e-08  1.20000000e+00  1.19999938e+00  1.80406892e-07 
 6.68748295e-08  1.20000000e+00  1.19999896e+00 -1.87309026e-07 
 6.69748295e-08  1.20000000e+00  1.19999938e+00  1.81327543e-07 
 6.70748295e-08  1.20000000e+00  1.19999896e+00 -1.88227534e-07 
 6.71748295e-08  1.20000000e+00  1.19999938e+00  1.82243910e-07 
 6.72748295e-08  1.20000000e+00  1.19999896e+00 -1.89141765e-07 
 6.73748295e-08  1.20000000e+00  1.19999938e+00  1.83156008e-07 
 6.74748295e-08  1.20000000e+00  1.19999896e+00 -1.90051734e-07 
 6.75748295e-08  1.20000000e+00  1.19999937e+00  1.84063851e-07 
 6.76748295e-08  1.20000000e+00  1.19999896e+00 -1.90957455e-07 
 6.77748295e-08  1.20000000e+00  1.19999937e+00  1.84967453e-07 
 6.78748295e-08  1.20000000e+00  1.19999896e+00 -1.91858943e-07 
 6.79748295e-08  1.20000000e+00  1.19999937e+00  1.85866829e-07 
 6.80748295e-08  1.20000000e+00  1.19999896e+00 -1.92756213e-07 
 6.81748295e-08  1.20000000e+00  1.19999937e+00  1.86761994e-07 
 6.82748295e-08  1.20000000e+00  1.19999896e+00 -1.93649277e-07 
 6.83748295e-08  1.20000000e+00  1.19999937e+00  1.87652960e-07 
 6.84748295e-08  1.20000000e+00  1.19999896e+00 -1.94538150e-07 
 6.85748295e-08  1.20000000e+00  1.19999937e+00  1.88539743e-07 
 6.86748295e-08  1.20000000e+00  1.19999896e+00 -1.95422847e-07 
 6.87748295e-08  1.20000000e+00  1.19999937e+00  1.89422356e-07 
 6.88748295e-08  1.20000000e+00  1.19999896e+00 -1.96303381e-07 
 6.89748295e-08  1.20000000e+00  1.19999937e+00  1.90300814e-07 
 6.90748295e-08  1.20000000e+00  1.19999896e+00 -1.97179767e-07 
 6.91748295e-08  1.20000000e+00  1.19999937e+00  1.91175131e-07 
 6.92748295e-08  1.20000000e+00  1.19999896e+00 -1.98052019e-07 
 6.93748295e-08  1.20000000e+00  1.19999937e+00  1.92045320e-07 
 6.94748295e-08  1.20000000e+00  1.19999896e+00 -1.98920150e-07 
 6.95748295e-08  1.20000000e+00  1.19999937e+00  1.92911395e-07 
 6.96748295e-08  1.20000000e+00  1.19999896e+00 -1.99784174e-07 
 6.97748295e-08  1.20000000e+00  1.19999937e+00  1.93773371e-07 
 6.98748295e-08  1.20000000e+00  1.19999896e+00 -2.00644106e-07 
 6.99748295e-08  1.20000000e+00  1.19999937e+00  1.94631261e-07 
 7.00748295e-08  1.20000000e+00  1.19999897e+00 -2.01499959e-07 
 7.01748295e-08  1.20000000e+00  1.19999937e+00  1.95485080e-07 
 7.02748295e-08  1.20000000e+00  1.19999897e+00 -2.02351747e-07 
 7.03748295e-08  1.20000000e+00  1.19999937e+00  1.96334840e-07 
 7.04748295e-08  1.20000000e+00  1.19999897e+00 -2.03199484e-07 
 7.05748295e-08  1.20000000e+00  1.19999937e+00  1.97180556e-07 
 7.06748295e-08  1.20000000e+00  1.19999897e+00 -2.04043183e-07 
 7.07748295e-08  1.20000000e+00  1.19999937e+00  1.98022241e-07 
 7.08748295e-08  1.20000000e+00  1.19999897e+00 -2.04882859e-07 
 7.09748295e-08  1.20000000e+00  1.19999937e+00  1.98859909e-07 
 7.10748295e-08  1.20000000e+00  1.19999897e+00 -2.05718524e-07 
 7.11748295e-08  1.20000000e+00  1.19999937e+00  1.99693574e-07 
 7.12748295e-08  1.20000000e+00  1.19999897e+00 -2.06550193e-07 
 7.13748295e-08  1.20000000e+00  1.19999937e+00  2.00523249e-07 
 7.14748295e-08  1.20000000e+00  1.19999897e+00 -2.07377879e-07 
 7.15748295e-08  1.20000000e+00  1.19999937e+00  2.01348948e-07 
 7.16748295e-08  1.20000000e+00  1.19999897e+00 -2.08201595e-07 
 7.17748295e-08  1.20000000e+00  1.19999937e+00  2.02170684e-07 
 7.18748295e-08  1.20000000e+00  1.19999897e+00 -2.09021355e-07 
 7.19748295e-08  1.20000000e+00  1.19999937e+00  2.02988471e-07 
 7.20748295e-08  1.20000000e+00  1.19999897e+00 -2.09837173e-07 
 7.21748295e-08  1.20000000e+00  1.19999937e+00  2.03802322e-07 
 7.22748295e-08  1.20000000e+00  1.19999897e+00 -2.10649061e-07 
 7.23748295e-08  1.20000000e+00  1.19999937e+00  2.04612250e-07 
 7.24748295e-08  1.20000000e+00  1.19999897e+00 -2.11457034e-07 
 7.25748295e-08  1.20000000e+00  1.19999937e+00  2.05418270e-07 
 7.26748295e-08  1.20000000e+00  1.19999897e+00 -2.12261104e-07 
 7.27748295e-08  1.20000000e+00  1.19999937e+00  2.06220393e-07 
 7.28748295e-08  1.20000000e+00  1.19999897e+00 -2.13061286e-07 
 7.29748295e-08  1.20000000e+00  1.19999937e+00  2.07018634e-07 
 7.30748295e-08  1.20000000e+00  1.19999897e+00 -2.13857591e-07 
 7.31748295e-08  1.20000000e+00  1.19999937e+00  2.07813006e-07 
 7.32748295e-08  1.20000000e+00  1.19999897e+00 -2.14650033e-07 
 7.33748295e-08  1.20000000e+00  1.19999937e+00  2.08603521e-07 
 7.34748295e-08  1.20000000e+00  1.19999897e+00 -2.15438625e-07 
 7.35748295e-08  1.20000000e+00  1.19999937e+00  2.09390193e-07 
 7.36748295e-08  1.20000000e+00  1.19999897e+00 -2.16223382e-07 
 7.37748295e-08  1.20000000e+00  1.19999937e+00  2.10173036e-07 
 7.38748295e-08  1.20000000e+00  1.19999897e+00 -2.17004315e-07 
 7.39748295e-08  1.20000000e+00  1.19999937e+00  2.10952062e-07 
 7.40748295e-08  1.20000000e+00  1.19999897e+00 -2.17781437e-07 
 7.41748295e-08  1.20000000e+00  1.19999937e+00  2.11727283e-07 
 7.42748295e-08  1.20000000e+00  1.19999897e+00 -2.18554763e-07 
 7.43748295e-08  1.20000000e+00  1.19999937e+00  2.12498714e-07 
 7.44748295e-08  1.20000000e+00  1.19999897e+00 -2.19324304e-07 
 7.45748295e-08  1.20000000e+00  1.19999937e+00  2.13266367e-07 
 7.46748295e-08  1.20000000e+00  1.19999897e+00 -2.20090073e-07 
 7.47748295e-08  1.20000000e+00  1.19999937e+00  2.14030256e-07 
 7.48748295e-08  1.20000000e+00  1.19999897e+00 -2.20852084e-07 
 7.49748295e-08  1.20000000e+00  1.19999937e+00  2.14790392e-07 
 7.50748295e-08  1.20000000e+00  1.19999897e+00 -2.21610350e-07 
 7.51748295e-08  1.20000000e+00  1.19999937e+00  2.15546788e-07 
 7.52748295e-08  1.20000000e+00  1.19999897e+00 -2.22364882e-07 
 7.53748295e-08  1.20000000e+00  1.19999937e+00  2.16299459e-07 
 7.54748295e-08  1.20000000e+00  1.19999897e+00 -2.23115694e-07 
 7.55748295e-08  1.20000000e+00  1.19999937e+00  2.17048415e-07 
 7.56748295e-08  1.20000000e+00  1.19999897e+00 -2.23862799e-07 
 7.57748295e-08  1.20000000e+00  1.19999937e+00  2.17793671e-07 
 7.58748295e-08  1.20000000e+00  1.19999897e+00 -2.24606210e-07 
 7.59748295e-08  1.20000000e+00  1.19999937e+00  2.18535239e-07 
 7.60748295e-08  1.20000000e+00  1.19999897e+00 -2.25345938e-07 
 7.61748295e-08  1.20000000e+00  1.19999937e+00  2.19273130e-07 
 7.62748295e-08  1.20000000e+00  1.19999897e+00 -2.26081997e-07 
 7.63748295e-08  1.20000000e+00  1.19999937e+00  2.20007359e-07 
 7.64748295e-08  1.20000000e+00  1.19999897e+00 -2.26814399e-07 
 7.65748295e-08  1.20000000e+00  1.19999937e+00  2.20737937e-07 
 7.66748295e-08  1.20000000e+00  1.19999897e+00 -2.27543157e-07 
 7.67748295e-08  1.20000000e+00  1.19999937e+00  2.21464877e-07 
 7.68748295e-08  1.20000000e+00  1.19999897e+00 -2.28268284e-07 
 7.69748295e-08  1.20000000e+00  1.19999937e+00  2.22188192e-07 
 7.70748295e-08  1.20000000e+00  1.19999897e+00 -2.28989791e-07 
 7.71748295e-08  1.20000000e+00  1.19999937e+00  2.22907893e-07 
 7.72748295e-08  1.20000000e+00  1.19999897e+00 -2.29707691e-07 
 7.73748295e-08  1.20000000e+00  1.19999937e+00  2.23623994e-07 
 7.74748295e-08  1.20000000e+00  1.19999897e+00 -2.30421997e-07 
 7.75748295e-08  1.20000000e+00  1.19999937e+00  2.24336507e-07 
 7.76748295e-08  1.20000000e+00  1.19999897e+00 -2.31132720e-07 
 7.77748295e-08  1.20000000e+00  1.19999937e+00  2.25045444e-07 
 7.78748295e-08  1.20000000e+00  1.19999897e+00 -2.31839874e-07 
 7.79748295e-08  1.20000000e+00  1.19999937e+00  2.25750817e-07 
 7.80748295e-08  1.20000000e+00  1.19999897e+00 -2.32543471e-07 
 7.81748295e-08  1.20000000e+00  1.19999937e+00  2.26452639e-07 
 7.82748295e-08  1.20000000e+00  1.19999897e+00 -2.33243522e-07 
 7.83748295e-08  1.20000000e+00  1.19999937e+00  2.27150922e-07 
 7.84748295e-08  1.20000000e+00  1.19999897e+00 -2.33940040e-07 
 7.85748295e-08  1.20000000e+00  1.19999937e+00  2.27845678e-07 
 7.86748295e-08  1.20000000e+00  1.19999897e+00 -2.34633038e-07 
 7.87748295e-08  1.20000000e+00  1.19999937e+00  2.28536919e-07 
 7.88748295e-08  1.20000000e+00  1.19999897e+00 -2.35322526e-07 
 7.89748295e-08  1.20000000e+00  1.19999937e+00  2.29224657e-07 
 7.90748295e-08  1.20000000e+00  1.19999897e+00 -2.36008519e-07 
 7.91748295e-08  1.20000000e+00  1.19999937e+00  2.29908905e-07 
 7.92748295e-08  1.20000000e+00  1.19999897e+00 -2.36691026e-07 
 7.93748295e-08  1.20000000e+00  1.19999937e+00  2.30589675e-07 
 7.94748295e-08  1.20000000e+00  1.19999897e+00 -2.37370061e-07 
 7.95748295e-08  1.20000000e+00  1.19999937e+00  2.31266977e-07 
 7.96748295e-08  1.20000000e+00  1.19999897e+00 -2.38045636e-07 
 7.97748295e-08  1.20000000e+00  1.19999937e+00  2.31940825e-07 
 7.98748295e-08  1.20000000e+00  1.19999897e+00 -2.38717762e-07 
 7.99748295e-08  1.20000000e+00  1.19999936e+00  2.32611231e-07 
 8.00748295e-08  1.20000000e+00  1.19999897e+00 -2.39386451e-07 
 8.01748295e-08  1.20000000e+00  1.19999936e+00  2.33278206e-07 
 8.02748295e-08  1.20000000e+00  1.19999897e+00 -2.40051715e-07 
 8.03748295e-08  1.20000000e+00  1.19999936e+00  2.33941762e-07 
 8.04748295e-08  1.20000000e+00  1.19999897e+00 -2.40713567e-07 
 8.05748295e-08  1.20000000e+00  1.19999936e+00  2.34601911e-07 
 8.06748295e-08  1.20000000e+00  1.19999897e+00 -2.41372017e-07 
 8.07748295e-08  1.20000000e+00  1.19999936e+00  2.35258665e-07 
 8.08748295e-08  1.20000000e+00  1.19999897e+00 -2.42027078e-07 
 8.09748295e-08  1.20000000e+00  1.19999936e+00  2.35912035e-07 
 8.10748295e-08  1.20000000e+00  1.19999897e+00 -2.42678761e-07 
 8.11748295e-08  1.20000000e+00  1.19999936e+00  2.36562034e-07 
 8.12748295e-08  1.20000000e+00  1.19999897e+00 -2.43327079e-07 
 8.13748295e-08  1.20000000e+00  1.19999936e+00  2.37208672e-07 
 8.14748295e-08  1.20000000e+00  1.19999897e+00 -2.43972042e-07 
 8.15748295e-08  1.20000000e+00  1.19999936e+00  2.37851962e-07 
 8.16748295e-08  1.20000000e+00  1.19999897e+00 -2.44613662e-07 
 8.17748295e-08  1.20000000e+00  1.19999936e+00  2.38491915e-07 
 8.18748295e-08  1.20000000e+00  1.19999897e+00 -2.45251951e-07 
 8.19748295e-08  1.20000000e+00  1.19999936e+00  2.39128542e-07 
 8.20748295e-08  1.20000000e+00  1.19999897e+00 -2.45886921e-07 
 8.21748295e-08  1.20000000e+00  1.19999936e+00  2.39761856e-07 
 8.22748295e-08  1.20000000e+00  1.19999897e+00 -2.46518583e-07 
 8.23748295e-08  1.20000000e+00  1.19999936e+00  2.40391868e-07 
 8.24748295e-08  1.20000000e+00  1.19999897e+00 -2.47146948e-07 
 8.25748295e-08  1.20000000e+00  1.19999936e+00  2.41018589e-07 
 8.26748295e-08  1.20000000e+00  1.19999897e+00 -2.47772028e-07 
 8.27748295e-08  1.20000000e+00  1.19999936e+00  2.41642030e-07 
 8.28748295e-08  1.20000000e+00  1.19999897e+00 -2.48393835e-07 
 8.29748295e-08  1.20000000e+00  1.19999936e+00  2.42262204e-07 
 8.30748295e-08  1.20000000e+00  1.19999897e+00 -2.49012379e-07 
 8.31748295e-08  1.20000000e+00  1.19999936e+00  2.42879120e-07 
 8.32748295e-08  1.20000000e+00  1.19999897e+00 -2.49627672e-07 
 8.33748295e-08  1.20000000e+00  1.19999936e+00  2.43492792e-07 
 8.34748295e-08  1.20000000e+00  1.19999898e+00 -2.50239726e-07 
 8.35748295e-08  1.20000000e+00  1.19999936e+00  2.44103230e-07 
 8.36748295e-08  1.20000000e+00  1.19999898e+00 -2.50848551e-07 
 8.37748295e-08  1.20000000e+00  1.19999936e+00  2.44710445e-07 
 8.38748295e-08  1.20000000e+00  1.19999898e+00 -2.51454159e-07 
 8.39748295e-08  1.20000000e+00  1.19999936e+00  2.45314448e-07 
 8.40748295e-08  1.20000000e+00  1.19999898e+00 -2.52056561e-07 
 8.41748295e-08  1.20000000e+00  1.19999936e+00  2.45915251e-07 
 8.42748295e-08  1.20000000e+00  1.19999898e+00 -2.52655769e-07 
 8.43748295e-08  1.20000000e+00  1.19999936e+00  2.46512865e-07 
 8.44748295e-08  1.20000000e+00  1.19999898e+00 -2.53251792e-07 
 8.45748295e-08  1.20000000e+00  1.19999936e+00  2.47107300e-07 
 8.46748295e-08  1.20000000e+00  1.19999898e+00 -2.53844643e-07 
 8.47748295e-08  1.20000000e+00  1.19999936e+00  2.47698569e-07 
 8.48748295e-08  1.20000000e+00  1.19999898e+00 -2.54434333e-07 
 8.49748295e-08  1.20000000e+00  1.19999936e+00  2.48286682e-07 
 8.50748295e-08  1.20000000e+00  1.19999898e+00 -2.55020873e-07 
 8.51748295e-08  1.20000000e+00  1.19999936e+00  2.48871649e-07 
 8.52748295e-08  1.20000000e+00  1.19999898e+00 -2.55604272e-07 
 8.53748295e-08  1.20000000e+00  1.19999936e+00  2.49453483e-07 
 8.54748295e-08  1.20000000e+00  1.19999898e+00 -2.56184544e-07 
 8.55748295e-08  1.20000000e+00  1.19999936e+00  2.50032194e-07 
 8.56748295e-08  1.20000000e+00  1.19999898e+00 -2.56761697e-07 
 8.57748295e-08  1.20000000e+00  1.19999936e+00  2.50607793e-07 
 8.58748295e-08  1.20000000e+00  1.19999898e+00 -2.57335744e-07 
 8.59748295e-08  1.20000000e+00  1.19999936e+00  2.51180290e-07 
 8.60748295e-08  1.20000000e+00  1.19999898e+00 -2.57906696e-07 
 8.61748295e-08  1.20000000e+00  1.19999936e+00  2.51749697e-07 
 8.62748295e-08  1.20000000e+00  1.19999898e+00 -2.58474562e-07 
 8.63748295e-08  1.20000000e+00  1.19999936e+00  2.52316024e-07 
 8.64748295e-08  1.20000000e+00  1.19999898e+00 -2.59039354e-07 
 8.65748295e-08  1.20000000e+00  1.19999936e+00  2.52879283e-07 
 8.66748295e-08  1.20000000e+00  1.19999898e+00 -2.59601083e-07 
 8.67748295e-08  1.20000000e+00  1.19999936e+00  2.53439483e-07 
 8.68748295e-08  1.20000000e+00  1.19999898e+00 -2.60159759e-07 
 8.69748295e-08  1.20000000e+00  1.19999936e+00  2.53996636e-07 
 8.70748295e-08  1.20000000e+00  1.19999898e+00 -2.60715392e-07 
 8.71748295e-08  1.20000000e+00  1.19999936e+00  2.54550753e-07 
 8.72748295e-08  1.20000000e+00  1.19999898e+00 -2.61267995e-07 
 8.73748295e-08  1.20000000e+00  1.19999936e+00  2.55101843e-07 
 8.74748295e-08  1.20000000e+00  1.19999898e+00 -2.61817577e-07 
 8.75748295e-08  1.20000000e+00  1.19999936e+00  2.55649918e-07 
 8.76748295e-08  1.20000000e+00  1.19999898e+00 -2.62364148e-07 
 8.77748295e-08  1.20000000e+00  1.19999936e+00  2.56194988e-07 
 8.78748295e-08  1.20000000e+00  1.19999898e+00 -2.62907720e-07 
 8.79748295e-08  1.20000000e+00  1.19999936e+00  2.56737064e-07 
 8.80748295e-08  1.20000000e+00  1.19999898e+00 -2.63448303e-07 
 8.81748295e-08  1.20000000e+00  1.19999936e+00  2.57276156e-07 
 8.82748295e-08  1.20000000e+00  1.19999898e+00 -2.63985907e-07 
 8.83748295e-08  1.20000000e+00  1.19999936e+00  2.57812274e-07 
 8.84748295e-08  1.20000000e+00  1.19999898e+00 -2.64520543e-07 
 8.85748295e-08  1.20000000e+00  1.19999936e+00  2.58345430e-07 
 8.86748295e-08  1.20000000e+00  1.19999898e+00 -2.65052222e-07 
 8.87748295e-08  1.20000000e+00  1.19999936e+00  2.58875633e-07 
 8.88748295e-08  1.20000000e+00  1.19999898e+00 -2.65580952e-07 
 8.89748295e-08  1.20000000e+00  1.19999936e+00  2.59402894e-07 
 8.90748295e-08  1.20000000e+00  1.19999898e+00 -2.66106747e-07 
 8.91748295e-08  1.20000000e+00  1.19999936e+00  2.59927223e-07 
 8.92748295e-08  1.20000000e+00  1.19999898e+00 -2.66629614e-07 
 8.93748295e-08  1.20000000e+00  1.19999936e+00  2.60448631e-07 
 8.94748295e-08  1.20000000e+00  1.19999898e+00 -2.67149565e-07 
 8.95748295e-08  1.20000000e+00  1.19999936e+00  2.60967127e-07 
 8.96748295e-08  1.20000000e+00  1.19999898e+00 -2.67666610e-07 
 8.97748295e-08  1.20000000e+00  1.19999936e+00  2.61482723e-07 
 8.98748295e-08  1.20000000e+00  1.19999898e+00 -2.68180760e-07 
 8.99748295e-08  1.20000000e+00  1.19999936e+00  2.61995427e-07 
 9.00748295e-08  1.20000000e+00  1.19999898e+00 -2.68692023e-07 
 9.01748295e-08  1.20000000e+00  1.19999936e+00  2.62505251e-07 
 9.02748295e-08  1.20000000e+00  1.19999898e+00 -2.69200411e-07 
 9.03748295e-08  1.20000000e+00  1.19999936e+00  2.63012205e-07 
 9.04748295e-08  1.20000000e+00  1.19999898e+00 -2.69705934e-07 
 9.05748295e-08  1.20000000e+00  1.19999936e+00  2.63516299e-07 
 9.06748295e-08  1.20000000e+00  1.19999898e+00 -2.70208601e-07 
 9.07748295e-08  1.20000000e+00  1.19999936e+00  2.64017542e-07 
 9.08748295e-08  1.20000000e+00  1.19999898e+00 -2.70708423e-07 
 9.09748295e-08  1.20000000e+00  1.19999936e+00  2.64515945e-07 
 9.10748295e-08  1.20000000e+00  1.19999898e+00 -2.71205411e-07 
 9.11748295e-08  1.20000000e+00  1.19999936e+00  2.65011517e-07 
 9.12748295e-08  1.20000000e+00  1.19999898e+00 -2.71699572e-07 
 9.13748295e-08  1.20000000e+00  1.19999936e+00  2.65504270e-07 
 9.14748295e-08  1.20000000e+00  1.19999898e+00 -2.72190919e-07 
 9.15748295e-08  1.20000000e+00  1.19999936e+00  2.65994213e-07 
 9.16748295e-08  1.20000000e+00  1.19999898e+00 -2.72679460e-07 
 9.17748295e-08  1.20000000e+00  1.19999936e+00  2.66481355e-07 
 9.18748295e-08  1.20000000e+00  1.19999898e+00 -2.73165207e-07 
 9.19748295e-08  1.20000000e+00  1.19999936e+00  2.66965707e-07 
 9.20748295e-08  1.20000000e+00  1.19999898e+00 -2.73648168e-07 
 9.21748295e-08  1.20000000e+00  1.19999936e+00  2.67447278e-07 
 9.22748295e-08  1.20000000e+00  1.19999898e+00 -2.74128353e-07 
 9.23748295e-08  1.20000000e+00  1.19999936e+00  2.67926079e-07 
 9.24748295e-08  1.20000000e+00  1.19999898e+00 -2.74605772e-07 
 9.25748295e-08  1.20000000e+00  1.19999936e+00  2.68402119e-07 
 9.26748295e-08  1.20000000e+00  1.19999898e+00 -2.75080435e-07 
 9.27748295e-08  1.20000000e+00  1.19999936e+00  2.68875407e-07 
 9.28748295e-08  1.20000000e+00  1.19999898e+00 -2.75552353e-07 
 9.29748295e-08  1.20000000e+00  1.19999936e+00  2.69345955e-07 
 9.30748295e-08  1.20000000e+00  1.19999898e+00 -2.76021533e-07 
 9.31748295e-08  1.20000000e+00  1.19999936e+00  2.69813770e-07 
 9.32748295e-08  1.20000000e+00  1.19999898e+00 -2.76487987e-07 
 9.33748295e-08  1.20000000e+00  1.19999936e+00  2.70278864e-07 
 9.34748295e-08  1.20000000e+00  1.19999898e+00 -2.76951723e-07 
 9.35748295e-08  1.20000000e+00  1.19999936e+00  2.70741245e-07 
 9.36748295e-08  1.20000000e+00  1.19999898e+00 -2.77412752e-07 
 9.37748295e-08  1.20000000e+00  1.19999936e+00  2.71200923e-07 
 9.38748295e-08  1.20000000e+00  1.19999898e+00 -2.77871083e-07 
 9.39748295e-08  1.20000000e+00  1.19999936e+00  2.71657909e-07 
 9.40748295e-08  1.20000000e+00  1.19999898e+00 -2.78326726e-07 
 9.41748295e-08  1.20000000e+00  1.19999936e+00  2.72112211e-07 
 9.42748295e-08  1.20000000e+00  1.19999898e+00 -2.78779690e-07 
 9.43748295e-08  1.20000000e+00  1.19999936e+00  2.72563838e-07 
 9.44748295e-08  1.20000000e+00  1.19999898e+00 -2.79229985e-07 
 9.45748295e-08  1.20000000e+00  1.19999936e+00  2.73012801e-07 
 9.46748295e-08  1.20000000e+00  1.19999898e+00 -2.79677619e-07 
 9.47748295e-08  1.20000000e+00  1.19999936e+00  2.73459109e-07 
 9.48748295e-08  1.20000000e+00  1.19999898e+00 -2.80122604e-07 
 9.49748295e-08  1.20000000e+00  1.19999936e+00  2.73902772e-07 
 9.50748295e-08  1.20000000e+00  1.19999898e+00 -2.80564947e-07 
 9.51748295e-08  1.20000000e+00  1.19999936e+00  2.74343797e-07 
 9.52748295e-08  1.20000000e+00  1.19999898e+00 -2.81004659e-07 
 9.53748295e-08  1.20000000e+00  1.19999936e+00  2.74782197e-07 
 9.54748295e-08  1.20000000e+00  1.19999898e+00 -2.81441748e-07 
 9.55748295e-08  1.20000000e+00  1.19999936e+00  2.75217978e-07 
 9.56748295e-08  1.20000000e+00  1.19999898e+00 -2.81876225e-07 
 9.57748295e-08  1.20000000e+00  1.19999936e+00  2.75651151e-07 
 9.58748295e-08  1.20000000e+00  1.19999898e+00 -2.82308098e-07 
 9.59748295e-08  1.20000000e+00  1.19999936e+00  2.76081726e-07 
 9.60748295e-08  1.20000000e+00  1.19999898e+00 -2.82737376e-07 
 9.61748295e-08  1.20000000e+00  1.19999936e+00  2.76509710e-07 
 9.62748295e-08  1.20000000e+00  1.19999898e+00 -2.83164070e-07 
 9.63748295e-08  1.20000000e+00  1.19999936e+00  2.76935115e-07 
 9.64748295e-08  1.20000000e+00  1.19999898e+00 -2.83588187e-07 
 9.65748295e-08  1.20000000e+00  1.19999936e+00  2.77357947e-07 
 9.66748295e-08  1.20000000e+00  1.19999898e+00 -2.84009738e-07 
 9.67748295e-08  1.20000000e+00  1.19999936e+00  2.77778218e-07 
 9.68748295e-08  1.20000000e+00  1.19999898e+00 -2.84428731e-07 
 9.69748295e-08  1.20000000e+00  1.19999936e+00  2.78195935e-07 
 9.70748295e-08  1.20000000e+00  1.19999898e+00 -2.84845176e-07 
 9.71748295e-08  1.20000000e+00  1.19999936e+00  2.78611109e-07 
 9.72748295e-08  1.20000000e+00  1.19999898e+00 -2.85259082e-07 
 9.73748295e-08  1.20000000e+00  1.19999936e+00  2.79023748e-07 
 9.74748295e-08  1.20000000e+00  1.19999898e+00 -2.85670457e-07 
 9.75748295e-08  1.20000000e+00  1.19999936e+00  2.79433861e-07 
 9.76748295e-08  1.20000000e+00  1.19999898e+00 -2.86079311e-07 
 9.77748295e-08  1.20000000e+00  1.19999936e+00  2.79841457e-07 
 9.78748295e-08  1.20000000e+00  1.19999898e+00 -2.86485652e-07 
 9.79748295e-08  1.20000000e+00  1.19999936e+00  2.80246546e-07 
 9.80748295e-08  1.20000000e+00  1.19999898e+00 -2.86889491e-07 
 9.81748295e-08  1.20000000e+00  1.19999936e+00  2.80649135e-07 
 9.82748295e-08  1.20000000e+00  1.19999898e+00 -2.87290834e-07 
 9.83748295e-08  1.20000000e+00  1.19999936e+00  2.81049235e-07 
 9.84748295e-08  1.20000000e+00  1.19999898e+00 -2.87689693e-07 
 9.85748295e-08  1.20000000e+00  1.19999936e+00  2.81446854e-07 
 9.86748295e-08  1.20000000e+00  1.19999898e+00 -2.88086075e-07 
 9.87748295e-08  1.20000000e+00  1.19999936e+00  2.81842000e-07 
 9.88748295e-08  1.20000000e+00  1.19999898e+00 -2.88479989e-07 
 9.89748295e-08  1.20000000e+00  1.19999935e+00  2.82234684e-07 
 9.90748295e-08  1.20000000e+00  1.19999898e+00 -2.88871444e-07 
 9.91748295e-08  1.20000000e+00  1.19999935e+00  2.82624913e-07 
 9.92748295e-08  1.20000000e+00  1.19999898e+00 -2.89260450e-07 
 9.93748295e-08  1.20000000e+00  1.19999935e+00  2.83012696e-07 
 9.94748295e-08  1.20000000e+00  1.19999898e+00 -2.89647013e-07 
 9.95748295e-08  1.20000000e+00  1.19999935e+00  2.83398042e-07 
 9.96748295e-08  1.20000000e+00  1.19999898e+00 -2.90031145e-07 
 9.97748295e-08  1.20000000e+00  1.19999935e+00  2.83780960e-07 
 9.98748295e-08  1.20000000e+00  1.19999898e+00 -2.90412852e-07 
 9.99374148e-08  1.20000000e+00  1.19999935e+00  2.84274726e-07 
 1.00000000e-07  1.20000000e+00  1.19999898e+00 -2.91017712e-07 
