 time            v(in)           v(out)          i(VDD)         
 0.00000000e+00  0.00000000e+00  1.34630961e-07 -6.57620579e-09 
 1.00000000e-12  0.00000000e+00  1.34630961e-07 -6.57620588e-09 
 2.00000000e-12  0.00000000e+00  1.34630960e-07 -6.57620585e-09 
 4.00000000e-12  0.00000000e+00  1.34630959e-07 -6.57620586e-09 
 8.00000000e-12  0.00000000e+00  1.34630959e-07 -6.57620589e-09 
 1.60000000e-11  0.00000000e+00  1.34630961e-07 -6.57620585e-09 
 3.20000000e-11  0.00000000e+00  1.34630961e-07 -6.57620620e-09 
 6.40000000e-11  0.00000000e+00  1.34630957e-07 -6.57620591e-09 
 1.28000000e-10  0.00000000e+00  1.34630957e-07 -6.57620655e-09 
 2.28000000e-10  0.00000000e+00  1.34630960e-07 -6.57620645e-09 
 3.28000000e-10  0.00000000e+00  1.34630965e-07 -6.57620612e-09 
 4.28000000e-10  0.00000000e+00  1.34630951e-07 -6.57620610e-09 
 5.28000000e-10  0.00000000e+00  1.34630967e-07 -6.57620619e-09 
 6.28000000e-10  0.00000000e+00  1.34630966e-07 -6.57620592e-09 
 7.28000000e-10  0.00000000e+00  1.34630951e-07 -6.57620613e-09 
 8.28000000e-10  0.00000000e+00  1.34630960e-07 -6.57620611e-09 
 9.28000000e-10  0.00000000e+00  1.34630961e-07 -6.57620611e-09 
 1.02800000e-09  0.00000000e+00  1.34630959e-07 -6.57620615e-09 
 1.12800000e-09  0.00000000e+00  1.34630966e-07 -6.57620627e-09 
 1.22800000e-09  0.00000000e+00  1.34630962e-07 -6.57620608e-09 
 1.32800000e-09  0.00000000e+00  1.34630968e-07 -6.57620612e-09 
 1.42800000e-09  0.00000000e+00  1.34630956e-07 -6.57620608e-09 
 1.52800000e-09  0.00000000e+00  1.34630957e-07 -6.57620608e-09 
 1.62800000e-09  0.00000000e+00  1.34630965e-07 -6.57620603e-09 
 1.72800000e-09  0.00000000e+00  1.34630959e-07 -6.57620612e-09 
 1.82800000e-09  0.00000000e+00  1.34630963e-07 -6.57620594e-09 
 1.92800000e-09  0.00000000e+00  1.34630969e-07 -6.57620604e-09 
 2.02800000e-09  0.00000000e+00  1.34630958e-07 -6.57620605e-09 
 2.12800000e-09  0.00000000e+00  1.34630949e-07 -6.57620619e-09 
 2.22800000e-09  0.00000000e+00  1.34630969e-07 -6.57620614e-09 
 2.32800000e-09  0.00000000e+00  1.34630964e-07 -6.57620622e-09 
 2.42800000e-09  0.00000000e+00  1.34630951e-07 -6.57620614e-09 
 2.52800000e-09  0.00000000e+00  1.34630959e-07 -6.57620613e-09 
 2.62800000e-09  0.00000000e+00  1.34630961e-07 -6.57620605e-09 
 2.72800000e-09  0.00000000e+00  1.34630959e-07 -6.57620620e-09 
 2.82800000e-09  0.00000000e+00  1.34630966e-07 -6.57620608e-09 
 2.92800000e-09  0.00000000e+00  1.34630961e-07 -6.57620609e-09 
 3.02800000e-09  0.00000000e+00  1.34630959e-07 -6.57620609e-09 
 3.12800000e-09  0.00000000e+00  1.34630962e-07 -6.57620614e-09 
 3.22800000e-09  0.00000000e+00  1.34630961e-07 -6.57620612e-09 
 3.32800000e-09  0.00000000e+00  1.34630961e-07 -6.57620617e-09 
 3.42800000e-09  0.00000000e+00  1.34630960e-07 -6.57620607e-09 
 3.52800000e-09  0.00000000e+00  1.34630960e-07 -6.57620608e-09 
 3.62800000e-09  0.00000000e+00  1.34630959e-07 -6.57620615e-09 
 3.72800000e-09  0.00000000e+00  1.34630965e-07 -6.57620619e-09 
 3.82800000e-09  0.00000000e+00  1.34630962e-07 -6.57620613e-09 
 3.92800000e-09  0.00000000e+00  1.34630960e-07 -6.57620603e-09 
 4.02800000e-09  0.00000000e+00  1.34630961e-07 -6.57620598e-09 
 4.12800000e-09  0.00000000e+00  1.34630968e-07 -6.57620608e-09 
 4.22800000e-09  0.00000000e+00  1.34630965e-07 -6.57620593e-09 
 4.32800000e-09  0.00000000e+00  1.34630952e-07 -6.57620601e-09 
 4.42800000e-09  0.00000000e+00  1.34630961e-07 -6.57620609e-09 
 4.52800000e-09  0.00000000e+00  1.34630963e-07 -6.57620625e-09 
 4.62800000e-09  0.00000000e+00  1.34630969e-07 -6.57620620e-09 
 4.72800000e-09  0.00000000e+00  1.34630958e-07 -6.57620614e-09 
 4.82800000e-09  0.00000000e+00  1.34630948e-07 -6.57620608e-09 
 4.92800000e-09  0.00000000e+00  1.34630961e-07 -6.57620618e-09 
 5.02800000e-09  0.00000000e+00  1.34630968e-07 -6.57620602e-09 
 5.12800000e-09  0.00000000e+00  1.34630971e-07 -6.57620618e-09 
 5.22800000e-09  0.00000000e+00  1.34630956e-07 -6.57620613e-09 
 5.32800000e-09  0.00000000e+00  1.34630949e-07 -6.57620614e-09 
 5.42800000e-09  0.00000000e+00  1.34630960e-07 -6.57620602e-09 
 5.52800000e-09  0.00000000e+00  1.34630966e-07 -6.57620609e-09 
 5.62800000e-09  0.00000000e+00  1.34630962e-07 -6.57620617e-09 
 5.72800000e-09  0.00000000e+00  1.34630960e-07 -6.57620623e-09 
 5.82800000e-09  0.00000000e+00  1.34630962e-07 -6.57620611e-09 
 5.92800000e-09  0.00000000e+00  1.34630961e-07 -6.57620606e-09 
 6.02800000e-09  0.00000000e+00  1.34630961e-07 -6.57620610e-09 
 6.12800000e-09  0.00000000e+00  1.34630962e-07 -6.57620617e-09 
 6.22800000e-09  0.00000000e+00  1.34630963e-07 -6.57620611e-09 
 6.32800000e-09  0.00000000e+00  1.34630970e-07 -6.57620606e-09 
 6.42800000e-09  0.00000000e+00  1.34630965e-07 -6.57620605e-09 
 6.52800000e-09  0.00000000e+00  1.34630951e-07 -6.57620617e-09 
 6.62800000e-09  0.00000000e+00  1.34630952e-07 -6.57620610e-09 
 6.72800000e-09  0.00000000e+00  1.34630959e-07 -6.57620614e-09 
 6.82800000e-09  0.00000000e+00  1.34630961e-07 -6.57620606e-09 
 6.92800000e-09  0.00000000e+00  1.34630958e-07 -6.57620617e-09 
 7.02800000e-09  0.00000000e+00  1.34630965e-07 -6.57620617e-09 
 7.12800000e-09  0.00000000e+00  1.34630962e-07 -6.57620610e-09 
 7.22800000e-09  0.00000000e+00  1.34630959e-07 -6.57620606e-09 
 7.32800000e-09  0.00000000e+00  1.34630960e-07 -6.57620606e-09 
 7.42800000e-09  0.00000000e+00  1.34630959e-07 -6.57620600e-09 
 7.52800000e-09  0.00000000e+00  1.34630973e-07 -6.57620612e-09 
 7.62800000e-09  0.00000000e+00  1.34630966e-07 -6.57620613e-09 
 7.72800000e-09  0.00000000e+00  1.34630952e-07 -6.57620613e-09 
 7.82800000e-09  0.00000000e+00  1.34630962e-07 -6.57620616e-09 
 7.92800000e-09  0.00000000e+00  1.34630963e-07 -6.57620619e-09 
 8.02800000e-09  0.00000000e+00  1.34630962e-07 -6.57620609e-09 
 8.12800000e-09  0.00000000e+00  1.34630963e-07 -6.57620616e-09 
 8.22800000e-09  0.00000000e+00  1.34630954e-07 -6.57620625e-09 
 8.32800000e-09  0.00000000e+00  1.34630959e-07 -6.57620616e-09 
 8.42800000e-09  0.00000000e+00  1.34630962e-07 -6.57620599e-09 
 8.52800000e-09  0.00000000e+00  1.34630960e-07 -6.57620616e-09 
 8.62800000e-09  0.00000000e+00  1.34630962e-07 -6.57620613e-09 
 8.72800000e-09  0.00000000e+00  1.34630961e-07 -6.57620620e-09 
 8.82800000e-09  0.00000000e+00  1.34630969e-07 -6.57620611e-09 
 8.92800000e-09  0.00000000e+00  1.34630955e-07 -6.57620614e-09 
 9.02800000e-09  0.00000000e+00  1.34630966e-07 -6.57620621e-09 
 9.12800000e-09  0.00000000e+00  1.34630968e-07 -6.57620624e-09 
 9.22800000e-09  0.00000000e+00  1.34630958e-07 -6.57620616e-09 
 9.32800000e-09  0.00000000e+00  1.34630958e-07 -6.57620623e-09 
 9.42800000e-09  0.00000000e+00  1.34630949e-07 -6.57620626e-09 
 9.52800000e-09  0.00000000e+00  1.34630969e-07 -6.57620628e-09 
 9.62800000e-09  0.00000000e+00  1.34630965e-07 -6.57620617e-09 
 9.72800000e-09  0.00000000e+00  1.34630952e-07 -6.57620618e-09 
 9.82800000e-09  0.00000000e+00  1.34630960e-07 -6.57620614e-09 
 9.91400000e-09  0.00000000e+00  1.34630958e-07 -6.57620692e-09 
 1.00000000e-08  0.00000000e+00  1.34630952e-07 -6.57620762e-09 
 1.00100000e-08  1.20000000e-02  1.34630971e-07  1.02732693e-06 
 1.00300000e-08  3.60000000e-02  1.34630986e-07  1.20385804e-06 
 1.00700000e-08  8.40000000e-02  1.34630960e-07  1.44590949e-06 
 1.01500000e-08  1.80000000e-01  1.34630964e-07  1.55837721e-06 
 1.02500000e-08  3.00000000e-01  1.34630962e-07  1.37078193e-06 
 1.03500000e-08  4.20000000e-01  1.34630947e-07  1.75887363e-07 
 1.04500000e-08  5.40000000e-01  1.34630971e-07 -2.25748245e-06 
 1.05500000e-08  6.60000000e-01  1.34630970e-07 -4.72510578e-06 
 1.06500000e-08  7.80000000e-01  1.34630964e-07 -1.45598437e-05 
 1.07278120e-08  8.73374347e-01  1.34630955e-07 -1.87431644e-05 
 1.07947512e-08  9.53701472e-01  1.34630967e-07 -3.58061118e-05 
 1.08341609e-08  1.00099307e+00  1.34630962e-07 -1.80609141e-05 
 1.08826245e-08  1.05914937e+00  1.34630949e-07 -2.15009252e-05 
 1.09262575e-08  1.11150899e+00  1.34630969e-07 -2.33935036e-05 
 1.09631287e-08  1.15575449e+00  1.34630980e-07 -3.48103179e-05 
 1.09957955e-08  1.19495460e+00  1.34630969e-07 -2.44291017e-05 
 1.10000000e-08  1.20000000e+00  1.34630966e-07 -2.19581159e-05 
 1.10034123e-08  1.20000000e+00  1.34630965e-07 -2.24330232e-05 
 1.10102368e-08  1.20000000e+00  1.34630962e-07 -2.10206934e-05 
 1.10238858e-08  1.20000000e+00  1.34630953e-07 -1.90109043e-05 
 1.10511839e-08  1.20000000e+00  1.34630952e-07 -2.07055506e-05 
 1.10907323e-08  1.20000000e+00  1.34630957e-07 -2.32287856e-05 
 1.11361854e-08  1.20000000e+00  1.34630946e-07 -3.43444641e-05 
 1.11641974e-08  1.20000000e+00  1.34630951e-07 -2.80714739e-05 
 1.12024134e-08  1.20000000e+00  1.34630957e-07 -1.70720418e-05 
 1.12448721e-08  1.20000000e+00  1.34630973e-07 -2.38478532e-05 
 1.12880267e-08  1.20000000e+00  1.34630968e-07 -2.41119047e-05 
 1.13264573e-08  1.20000000e+00  1.34630956e-07 -3.72499558e-05 
 1.13610227e-08  1.20000000e+00  1.34630961e-07 -1.73690866e-05 
 1.13977675e-08  1.20000000e+00  1.34630958e-07 -2.20215392e-05 
 1.14445244e-08  1.20000000e+00  1.34630967e-07 -2.16351744e-05 
 1.14889653e-08  1.20000000e+00  1.34630961e-07 -3.58132384e-05 
 1.15174433e-08  1.20000000e+00  1.34630954e-07 -2.64923461e-05 
 1.15564187e-08  1.20000000e+00  1.34630964e-07 -1.80676261e-05 
 1.15995120e-08  1.20000000e+00  1.34630968e-07 -2.31490785e-05 
 1.16436997e-08  1.20000000e+00  1.34630957e-07 -2.57961000e-05 
 1.16796964e-08  1.20000000e+00  1.34630955e-07 -3.59019917e-05 
 1.17149923e-08  1.20000000e+00  1.34630957e-07 -1.77153867e-05 
 1.17519282e-08  1.20000000e+00  1.34630970e-07 -2.15916932e-05 
 1.17961906e-08  1.20000000e+00  1.34630970e-07 -2.23281066e-05 
 1.18418737e-08  1.20000000e+00  1.34630952e-07 -3.53664083e-05 
 1.18704503e-08  1.20000000e+00  1.34630951e-07 -2.67200769e-05 
 1.19091423e-08  1.20000000e+00  1.34630951e-07 -1.74135973e-05 
 1.19529046e-08  1.20000000e+00  1.34630969e-07 -2.39339832e-05 
 1.19969783e-08  1.20000000e+00  1.34630968e-07 -2.53706540e-05 
 1.20320766e-08  1.20000000e+00  1.34630957e-07 -3.64947434e-05 
 1.20675188e-08  1.20000000e+00  1.34630955e-07 -1.68817752e-05 
 1.21044631e-08  1.20000000e+00  1.34630963e-07 -2.24219705e-05 
 1.21480097e-08  1.20000000e+00  1.34630963e-07 -2.15305830e-05 
 1.21941042e-08  1.20000000e+00  1.34630958e-07 -3.61675793e-05 
 1.22226980e-08  1.20000000e+00  1.34630956e-07 -2.58841530e-05 
 1.22613720e-08  1.20000000e+00  1.34630965e-07 -1.82081545e-05 
 1.23051664e-08  1.20000000e+00  1.34630973e-07 -2.31374397e-05 
 1.23492300e-08  1.20000000e+00  1.34630971e-07 -2.61902025e-05 
 1.23842705e-08  1.20000000e+00  1.34630959e-07 -3.56812767e-05 
 1.24197203e-08  1.20000000e+00  1.34630951e-07 -1.76858736e-05 
 1.24566637e-08  1.20000000e+00  1.34630958e-07 -2.16131542e-05 
 1.25001663e-08  1.20000000e+00  1.34630960e-07 -2.23438513e-05 
 1.25462873e-08  1.20000000e+00  1.34630960e-07 -3.53491765e-05 
 1.25748817e-08  1.20000000e+00  1.34630959e-07 -2.67069281e-05 
 1.26135562e-08  1.20000000e+00  1.34630961e-07 -1.73809877e-05 
 1.26573481e-08  1.20000000e+00  1.34630962e-07 -2.39669893e-05 
 1.27014122e-08  1.20000000e+00  1.34630955e-07 -2.53562624e-05 
 1.27364547e-08  1.20000000e+00  1.34630947e-07 -3.65187691e-05 
 1.27719040e-08  1.20000000e+00  1.34630954e-07 -1.68450934e-05 
 1.28088472e-08  1.20000000e+00  1.34630960e-07 -2.24576006e-05 
 1.28523513e-08  1.20000000e+00  1.34630972e-07 -2.14961415e-05 
 1.28984715e-08  1.20000000e+00  1.34630972e-07 -3.61995729e-05 
 1.29270658e-08  1.20000000e+00  1.34630973e-07 -2.58521232e-05 
 1.29657404e-08  1.20000000e+00  1.34630968e-07 -1.82394763e-05 
 1.30095317e-08  1.20000000e+00  1.34630962e-07 -2.31054603e-05 
 1.30535960e-08  1.20000000e+00  1.34630959e-07 -2.62203674e-05 
 1.30886392e-08  1.20000000e+00  1.34630943e-07 -3.56509308e-05 
 1.31240884e-08  1.20000000e+00  1.34630964e-07 -1.77166503e-05 
 1.31610316e-08  1.20000000e+00  1.34630976e-07 -2.15827166e-05 
 1.32045362e-08  1.20000000e+00  1.34630958e-07 -2.23737891e-05 
 1.32506561e-08  1.20000000e+00  1.34630949e-07 -3.53192850e-05 
 1.32792504e-08  1.20000000e+00  1.34630957e-07 -2.67366239e-05 
 1.33179250e-08  1.20000000e+00  1.34630971e-07 -1.73519929e-05 
 1.33617163e-08  1.20000000e+00  1.34630961e-07 -2.39955939e-05 
 1.34057806e-08  1.20000000e+00  1.34630961e-07 -2.53275631e-05 
 1.34408239e-08  1.20000000e+00  1.34630953e-07 -3.65469747e-05 
 1.34762730e-08  1.20000000e+00  1.34630945e-07 -1.68174536e-05 
 1.35132163e-08  1.20000000e+00  1.34630963e-07 -2.24849365e-05 
 1.35567210e-08  1.20000000e+00  1.34630968e-07 -2.14690243e-05 
 1.36028408e-08  1.20000000e+00  1.34630961e-07 -3.62264200e-05 
 1.36314350e-08  1.20000000e+00  1.34630962e-07 -2.58257130e-05 
 1.36701097e-08  1.20000000e+00  1.34630965e-07 -1.82656736e-05 
 1.37139010e-08  1.20000000e+00  1.34630962e-07 -2.30794988e-05 
 1.37579653e-08  1.20000000e+00  1.34630958e-07 -2.62460262e-05 
 1.37930086e-08  1.20000000e+00  1.34630960e-07 -3.56255547e-05 
 1.38284577e-08  1.20000000e+00  1.34630956e-07 -1.77417632e-05 
 1.38654009e-08  1.20000000e+00  1.34630963e-07 -2.15578912e-05 
 1.39089057e-08  1.20000000e+00  1.34630970e-07 -2.23983674e-05 
 1.39550255e-08  1.20000000e+00  1.34630958e-07 -3.52949291e-05 
 1.39836197e-08  1.20000000e+00  1.34630955e-07 -2.67606268e-05 
 1.40222944e-08  1.20000000e+00  1.34630949e-07 -1.73282637e-05 
 1.40660857e-08  1.20000000e+00  1.34630972e-07 -2.40190910e-05 
 1.41101500e-08  1.20000000e+00  1.34630976e-07 -2.53042853e-05 
 1.41451933e-08  1.20000000e+00  1.34630957e-07 -3.65699663e-05 
 1.41806424e-08  1.20000000e+00  1.34630958e-07 -1.67947439e-05 
 1.42175856e-08  1.20000000e+00  1.34630964e-07 -2.25073835e-05 
 1.42610904e-08  1.20000000e+00  1.34630963e-07 -2.14467976e-05 
 1.43072102e-08  1.20000000e+00  1.34630960e-07 -3.62484395e-05 
 1.43358044e-08  1.20000000e+00  1.34630960e-07 -2.58040248e-05 
 1.43744791e-08  1.20000000e+00  1.34630951e-07 -1.82871217e-05 
 1.44182704e-08  1.20000000e+00  1.34630950e-07 -2.30582619e-05 
 1.44623347e-08  1.20000000e+00  1.34630961e-07 -2.62670537e-05 
 1.44973780e-08  1.20000000e+00  1.34630957e-07 -3.56047863e-05 
 1.45328271e-08  1.20000000e+00  1.34630961e-07 -1.77622783e-05 
 1.45697703e-08  1.20000000e+00  1.34630970e-07 -2.15376174e-05 
 1.46132751e-08  1.20000000e+00  1.34630973e-07 -2.24184381e-05 
 1.46593949e-08  1.20000000e+00  1.34630964e-07 -3.52750482e-05 
 1.46879891e-08  1.20000000e+00  1.34630948e-07 -2.67802047e-05 
 1.47266638e-08  1.20000000e+00  1.34630947e-07 -1.73089077e-05 
 1.47704551e-08  1.20000000e+00  1.34630952e-07 -2.40382530e-05 
 1.48145194e-08  1.20000000e+00  1.34630953e-07 -2.52853144e-05 
 1.48495627e-08  1.20000000e+00  1.34630960e-07 -3.65886990e-05 
 1.48850118e-08  1.20000000e+00  1.34630959e-07 -1.67762443e-05 
 1.49219550e-08  1.20000000e+00  1.34630981e-07 -2.25256619e-05 
 1.49654598e-08  1.20000000e+00  1.34630981e-07 -2.14287054e-05 
 1.50115796e-08  1.20000000e+00  1.34630949e-07 -3.62663575e-05 
 1.50401738e-08  1.20000000e+00  1.34630957e-07 -2.57863848e-05 
 1.50788485e-08  1.20000000e+00  1.34630960e-07 -1.83045584e-05 
 1.51226398e-08  1.20000000e+00  1.34630964e-07 -2.30410031e-05 
 1.51667041e-08  1.20000000e+00  1.34630973e-07 -2.62841373e-05 
 1.52017474e-08  1.20000000e+00  1.34630964e-07 -3.55879211e-05 
 1.52371965e-08  1.20000000e+00  1.34630959e-07 -1.77789300e-05 
 1.52741397e-08  1.20000000e+00  1.34630961e-07 -2.15211686e-05 
 1.53176445e-08  1.20000000e+00  1.34630966e-07 -2.24347163e-05 
 1.53637643e-08  1.20000000e+00  1.34630948e-07 -3.52589297e-05 
 1.53923585e-08  1.20000000e+00  1.34630954e-07 -2.67960684e-05 
 1.54310332e-08  1.20000000e+00  1.34630972e-07 -1.72932302e-05 
 1.54748245e-08  1.20000000e+00  1.34630965e-07 -2.40537675e-05 
 1.55188888e-08  1.20000000e+00  1.34630954e-07 -2.52699605e-05 
 1.55539321e-08  1.20000000e+00  1.34630944e-07 -3.66038528e-05 
 1.55893812e-08  1.20000000e+00  1.34630959e-07 -1.67612861e-05 
 1.56263244e-08  1.20000000e+00  1.34630969e-07 -2.25404343e-05 
 1.56698292e-08  1.20000000e+00  1.34630956e-07 -2.14140893e-05 
 1.57159490e-08  1.20000000e+00  1.34630965e-07 -3.62808273e-05 
 1.57445432e-08  1.20000000e+00  1.34630965e-07 -2.57721483e-05 
 1.57832179e-08  1.20000000e+00  1.34630960e-07 -1.83186244e-05 
 1.58270092e-08  1.20000000e+00  1.34630958e-07 -2.30270864e-05 
 1.58710735e-08  1.20000000e+00  1.34630953e-07 -2.62979069e-05 
 1.59061168e-08  1.20000000e+00  1.34630959e-07 -3.55743346e-05 
 1.59415659e-08  1.20000000e+00  1.34630975e-07 -1.77923374e-05 
 1.59785091e-08  1.20000000e+00  1.34630966e-07 -2.15079312e-05 
 1.60220139e-08  1.20000000e+00  1.34630953e-07 -2.24478106e-05 
 1.60681337e-08  1.20000000e+00  1.34630962e-07 -3.52459692e-05 
 1.60967279e-08  1.20000000e+00  1.34630964e-07 -2.68088154e-05 
 1.61354026e-08  1.20000000e+00  1.34630960e-07 -1.72806393e-05 
 1.61791939e-08  1.20000000e+00  1.34630958e-07 -2.40662219e-05 
 1.62232582e-08  1.20000000e+00  1.34630959e-07 -2.52576407e-05 
 1.62583015e-08  1.20000000e+00  1.34630959e-07 -3.66160051e-05 
 1.62937506e-08  1.20000000e+00  1.34630962e-07 -1.67492977e-05 
 1.63306938e-08  1.20000000e+00  1.34630965e-07 -2.25522672e-05 
 1.63741986e-08  1.20000000e+00  1.34630965e-07 -2.14023872e-05 
 1.64203184e-08  1.20000000e+00  1.34630973e-07 -3.62924071e-05 
 1.64489126e-08  1.20000000e+00  1.34630965e-07 -2.57607638e-05 
 1.64875873e-08  1.20000000e+00  1.34630956e-07 -1.83298662e-05 
 1.65313786e-08  1.20000000e+00  1.34630960e-07 -2.30159694e-05 
 1.65754429e-08  1.20000000e+00  1.34630950e-07 -2.63089010e-05 
 1.66104862e-08  1.20000000e+00  1.34630953e-07 -3.55634937e-05 
 1.66459353e-08  1.20000000e+00  1.34630960e-07 -1.78030286e-05 
 1.66828785e-08  1.20000000e+00  1.34630959e-07 -2.14973822e-05 
 1.67263833e-08  1.20000000e+00  1.34630964e-07 -2.24582400e-05 
 1.67725031e-08  1.20000000e+00  1.34630974e-07 -3.52356516e-05 
 1.68010973e-08  1.20000000e+00  1.34630957e-07 -2.68189547e-05 
 1.68397720e-08  1.20000000e+00  1.34630951e-07 -1.72706304e-05 
 1.68835633e-08  1.20000000e+00  1.34630957e-07 -2.40761168e-05 
 1.69276276e-08  1.20000000e+00  1.34630957e-07 -2.52478581e-05 
 1.69626709e-08  1.20000000e+00  1.34630964e-07 -3.66256478e-05 
 1.69981200e-08  1.20000000e+00  1.34630972e-07 -1.67397917e-05 
 1.70350632e-08  1.20000000e+00  1.34630964e-07 -2.25616434e-05 
 1.70785680e-08  1.20000000e+00  1.34630950e-07 -2.13931203e-05 
 1.71246878e-08  1.20000000e+00  1.34630968e-07 -3.63015720e-05 
 1.71532820e-08  1.20000000e+00  1.34630970e-07 -2.57517618e-05 
 1.71919567e-08  1.20000000e+00  1.34630971e-07 -1.83387493e-05 
 1.72357480e-08  1.20000000e+00  1.34630960e-07 -2.30071904e-05 
 1.72798123e-08  1.20000000e+00  1.34630950e-07 -2.63175774e-05 
 1.73148556e-08  1.20000000e+00  1.34630958e-07 -3.55549448e-05 
 1.73503047e-08  1.20000000e+00  1.34630958e-07 -1.78114527e-05 
 1.73872479e-08  1.20000000e+00  1.34630955e-07 -2.14890766e-05 
 1.74307527e-08  1.20000000e+00  1.34630960e-07 -2.24664461e-05 
 1.74768725e-08  1.20000000e+00  1.34630981e-07 -3.52275386e-05 
 1.75054667e-08  1.20000000e+00  1.34630969e-07 -2.68269191e-05 
 1.75441414e-08  1.20000000e+00  1.34630951e-07 -1.72627745e-05 
 1.75879327e-08  1.20000000e+00  1.34630952e-07 -2.40838778e-05 
 1.76319970e-08  1.20000000e+00  1.34630953e-07 -2.52401906e-05 
 1.76670403e-08  1.20000000e+00  1.34630971e-07 -3.66331990e-05 
 1.77024894e-08  1.20000000e+00  1.34630945e-07 -1.67323543e-05 
 1.77394326e-08  1.20000000e+00  1.34630992e-07 -2.25689728e-05 
 1.77829374e-08  1.20000000e+00  1.34630917e-07 -2.13858815e-05 
 1.78290572e-08  1.20000000e+00  1.34631023e-07 -3.63087258e-05 
 1.78576514e-08  1.20000000e+00  1.34630990e-07 -2.57447433e-05 
 1.78963261e-08  1.20000000e+00  1.34630703e-07 -1.83456690e-05 
 1.79401174e-08  1.20000000e+00  1.34631714e-07 -2.30003572e-05 
 1.79841817e-08  1.20000000e+00  1.34629264e-07 -2.63243255e-05 
 1.80192250e-08  1.20000000e+00  1.34634597e-07 -3.55483028e-05 
 1.80546741e-08  1.20000000e+00  1.34624663e-07 -1.78179911e-05 
 1.80916173e-08  1.20000000e+00  1.34639147e-07 -2.14826364e-05 
 1.81351221e-08  1.20000000e+00  1.34625545e-07 -2.24728036e-05 
 1.81812419e-08  1.20000000e+00  1.34624974e-07 -3.52212584e-05 
 1.82098361e-08  1.20000000e+00  1.34705901e-07 -2.68330762e-05 
 1.82485108e-08  1.20000000e+00  1.34409014e-07 -1.72567073e-05 
 1.82923021e-08  1.20000000e+00  1.35091559e-07 -2.40898663e-05 
 1.83363664e-08  1.20000000e+00  1.33916415e-07 -2.52342794e-05 
 1.83714097e-08  1.20000000e+00  1.35713845e-07 -3.66390141e-05 
 1.84068588e-08  1.20000000e+00  1.33189902e-07 -1.67266329e-05 
 1.84438020e-08  1.20000000e+00  1.33971563e-07 -2.25746052e-05 
 1.84873068e-08  1.20000000e+00  1.40280040e-07 -2.13803249e-05 
 1.85334266e-08  1.20000000e+00  1.24858849e-07 -3.63142104e-05 
 1.85620208e-08  1.20000000e+00  1.89423017e-07 -2.57393840e-05 
 1.86006955e-08  1.20000000e+00  4.69014799e-10 -1.83509167e-05 
 1.86444868e-08  1.20000000e+00  2.52121841e-07 -2.29952222e-05 
 1.86885511e-08  1.20000000e+00  7.73848199e-08 -2.63293504e-05 
 1.87235944e-08  1.20000000e+00  6.35269810e-07 -3.55434697e-05 
 1.87590435e-08  1.20000000e+00  5.51085371e-07 -1.78226725e-05 
 1.87959867e-08  1.20000000e+00 -3.53129557e-06 -2.14775158e-05 
 1.88394915e-08  1.20000000e+00 -3.96157967e-07 -2.24784495e-05 
 1.88856113e-08  1.20000000e+00 -1.68072360e-06 -3.52152701e-05 
 1.89142055e-08  1.20000000e+00  5.70096638e-05 -2.68501923e-05 
 1.89528802e-08  1.20000000e+00  6.25183029e-06 -1.72282553e-05 
 1.89966715e-08  1.20000000e+00 -1.79675601e-04 -2.41031048e-05 
 1.90407359e-08  1.20000000e+00 -4.90462935e-04 -2.51955338e-05 
 1.90757788e-08  1.20000000e+00  5.04868945e-05 -3.67764613e-05 
 1.91112295e-08  1.20000000e+00  3.04262277e-03 -1.69653050e-05 
 1.91481736e-08  1.20000000e+00  2.37798357e-03 -2.20576512e-05 
 1.91916728e-08  1.20000000e+00 -1.31054090e-02 -2.03859547e-05 
 1.92378013e-08  1.20000000e+00 -4.60003638e-02 -3.26949386e-05 
 1.92651589e-08  1.20000000e+00 -3.18587840e-02 -3.58116948e-05 
 1.93024658e-08  1.20000000e+00  4.44704537e-02 -2.91055627e-05 
 1.93359551e-08  1.20000000e+00  1.23075887e-01 -2.83218908e-05 
 1.93715866e-08  1.20000000e+00  2.04843711e-01 -2.47911739e-05 
 1.94423386e-08  1.20000000e+00  3.67386411e-01 -2.50519899e-05 
 1.95423386e-08  1.20000000e+00  5.88297803e-01 -2.17172122e-05 
 1.96423386e-08  1.20000000e+00  7.86715291e-01 -2.03495338e-05 
 1.97423386e-08  1.20000000e+00  9.43952909e-01 -1.34443482e-05 
 1.98423386e-08  1.20000000e+00  1.05222962e+00 -1.00049003e-05 
 1.99423386e-08  1.20000000e+00  1.11845904e+00 -4.43659991e-06 
 2.00423386e-08  1.20000000e+00  1.15620354e+00 -3.79383004e-06 
 2.01423386e-08  1.20000000e+00  1.17679136e+00 -7.23612416e-07 
 2.02423386e-08  1.20000000e+00  1.18781000e+00 -1.68678139e-06 
 2.03423386e-08  1.20000000e+00  1.19361334e+00  3.98429715e-07 
 2.04423386e-08  1.20000000e+00  1.19666763e+00 -1.07202209e-06 
 2.05423386e-08  1.20000000e+00  1.19825831e+00  7.05456604e-07 
 2.06423386e-08  1.20000000e+00  1.19909329e+00 -8.95431694e-07 
 2.07423386e-08  1.20000000e+00  1.19952584e+00  7.82797868e-07 
 2.08423386e-08  1.20000000e+00  1.19975331e+00 -8.40702155e-07 
 2.09423386e-08  1.20000000e+00  1.19987057e+00  7.97465121e-07 
 2.10423386e-08  1.20000000e+00  1.19993240e+00 -8.19556025e-07 
 2.11423386e-08  1.20000000e+00  1.19996430e+00  7.95258197e-07 
 2.12423386e-08  1.20000000e+00  1.19998095e+00 -8.07697801e-07 
 2.13423386e-08  1.20000000e+00  1.19998981e+00  7.88603058e-07 
 2.14423386e-08  1.20000000e+00  1.19999409e+00 -7.98471026e-07 
 2.15423386e-08  1.20000000e+00  1.19999676e+00  7.80830083e-07 
 2.16423386e-08  1.20000000e+00  1.19999764e+00 -7.90034367e-07 
 2.17423386e-08  1.20000000e+00  1.19999867e+00  7.72818028e-07 
 2.18423386e-08  1.20000000e+00  1.19999859e+00 -7.81868265e-07 
 2.19423386e-08  1.20000000e+00  1.19999920e+00  7.64790588e-07 
 2.20423386e-08  1.20000000e+00  1.19999884e+00 -7.73820210e-07 
 2.21423386e-08  1.20000000e+00  1.19999934e+00  7.56799741e-07 
 2.22423386e-08  1.20000000e+00  1.19999891e+00 -7.65842050e-07 
 2.23423386e-08  1.20000000e+00  1.19999939e+00  7.48854412e-07 
 2.24423386e-08  1.20000000e+00  1.19999892e+00 -7.57916703e-07 
 2.25423386e-08  1.20000000e+00  1.19999940e+00  7.40953918e-07 
 2.26423386e-08  1.20000000e+00  1.19999893e+00 -7.50037111e-07 
 2.27423386e-08  1.20000000e+00  1.19999940e+00  7.33096183e-07 
 2.28423386e-08  1.20000000e+00  1.19999893e+00 -7.42199873e-07 
 2.29423386e-08  1.20000000e+00  1.19999940e+00  7.25279468e-07 
 2.30423386e-08  1.20000000e+00  1.19999893e+00 -7.34403129e-07 
 2.31423386e-08  1.20000000e+00  1.19999940e+00  7.17502549e-07 
 2.32423386e-08  1.20000000e+00  1.19999893e+00 -7.26645762e-07 
 2.33423386e-08  1.20000000e+00  1.19999940e+00  7.09764588e-07 
 2.34423386e-08  1.20000000e+00  1.19999893e+00 -7.18927047e-07 
 2.35423386e-08  1.20000000e+00  1.19999940e+00  7.02065002e-07 
 2.36423386e-08  1.20000000e+00  1.19999894e+00 -7.11246482e-07 
 2.37423386e-08  1.20000000e+00  1.19999940e+00  6.94403365e-07 
 2.38423386e-08  1.20000000e+00  1.19999894e+00 -7.03603692e-07 
 2.39423386e-08  1.20000000e+00  1.19999939e+00  6.86779345e-07 
 2.40423386e-08  1.20000000e+00  1.19999894e+00 -6.95998378e-07 
 2.41423386e-08  1.20000000e+00  1.19999939e+00  6.79192670e-07 
 2.42423386e-08  1.20000000e+00  1.19999894e+00 -6.88430286e-07 
 2.43423386e-08  1.20000000e+00  1.19999939e+00  6.71643101e-07 
 2.44423386e-08  1.20000000e+00  1.19999894e+00 -6.80899190e-07 
 2.45423386e-08  1.20000000e+00  1.19999939e+00  6.64130421e-07 
 2.46423386e-08  1.20000000e+00  1.19999894e+00 -6.73404878e-07 
 2.47423386e-08  1.20000000e+00  1.19999939e+00  6.56654426e-07 
 2.48423386e-08  1.20000000e+00  1.19999895e+00 -6.65947153e-07 
 2.49423386e-08  1.20000000e+00  1.19999939e+00  6.49214920e-07 
 2.50423386e-08  1.20000000e+00  1.19999895e+00 -6.58525822e-07 
 2.51423386e-08  1.20000000e+00  1.19999938e+00  6.41811713e-07 
 2.52423386e-08  1.20000000e+00  1.19999895e+00 -6.51140695e-07 
 2.53423386e-08  1.20000000e+00  1.19999938e+00  6.34444618e-07 
 2.54423386e-08  1.20000000e+00  1.19999895e+00 -6.43791589e-07 
 2.55423386e-08  1.20000000e+00  1.19999938e+00  6.27113450e-07 
 2.56423386e-08  1.20000000e+00  1.19999895e+00 -6.36478319e-07 
 2.57423386e-08  1.20000000e+00  1.19999938e+00  6.19818029e-07 
 2.58423386e-08  1.20000000e+00  1.19999895e+00 -6.29200704e-07 
 2.59423386e-08  1.20000000e+00  1.19999938e+00  6.12558173e-07 
 2.60423386e-08  1.20000000e+00  1.19999895e+00 -6.21958564e-07 
 2.61423386e-08  1.20000000e+00  1.19999938e+00  6.05333702e-07 
 2.62423386e-08  1.20000000e+00  1.19999896e+00 -6.14751720e-07 
 2.63423386e-08  1.20000000e+00  1.19999938e+00  5.98144438e-07 
 2.64423386e-08  1.20000000e+00  1.19999896e+00 -6.07579995e-07 
 2.65423386e-08  1.20000000e+00  1.19999937e+00  5.90990204e-07 
 2.66423386e-08  1.20000000e+00  1.19999896e+00 -6.00443212e-07 
 2.67423386e-08  1.20000000e+00  1.19999937e+00  5.83870825e-07 
 2.68423386e-08  1.20000000e+00  1.19999896e+00 -5.93341195e-07 
 2.69423386e-08  1.20000000e+00  1.19999937e+00  5.76786124e-07 
 2.70423386e-08  1.20000000e+00  1.19999896e+00 -5.86273769e-07 
 2.71423386e-08  1.20000000e+00  1.19999937e+00  5.69735927e-07 
 2.72423386e-08  1.20000000e+00  1.19999896e+00 -5.79240761e-07 
 2.73423386e-08  1.20000000e+00  1.19999937e+00  5.62720061e-07 
 2.74423386e-08  1.20000000e+00  1.19999896e+00 -5.72241998e-07 
 2.75423386e-08  1.20000000e+00  1.19999937e+00  5.55738354e-07 
 2.76423386e-08  1.20000000e+00  1.19999896e+00 -5.65277308e-07 
 2.77423386e-08  1.20000000e+00  1.19999937e+00  5.48790635e-07 
 2.78423386e-08  1.20000000e+00  1.19999897e+00 -5.58346519e-07 
 2.79423386e-08  1.20000000e+00  1.19999937e+00  5.41876732e-07 
 2.80423386e-08  1.20000000e+00  1.19999897e+00 -5.51449462e-07 
 2.81423386e-08  1.20000000e+00  1.19999936e+00  5.34996476e-07 
 2.82423386e-08  1.20000000e+00  1.19999897e+00 -5.44585968e-07 
 2.83423386e-08  1.20000000e+00  1.19999936e+00  5.28149698e-07 
 2.84423386e-08  1.20000000e+00  1.19999897e+00 -5.37755868e-07 
 2.85423386e-08  1.20000000e+00  1.19999936e+00  5.21336231e-07 
 2.86423386e-08  1.20000000e+00  1.19999897e+00 -5.30958994e-07 
 2.87423386e-08  1.20000000e+00  1.19999936e+00  5.14555906e-07 
 2.88423386e-08  1.20000000e+00  1.19999897e+00 -5.24195181e-07 
 2.89423386e-08  1.20000000e+00  1.19999936e+00  5.07808560e-07 
 2.90423386e-08  1.20000000e+00  1.19999897e+00 -5.17464262e-07 
 2.91423386e-08  1.20000000e+00  1.19999936e+00  5.01094025e-07 
 2.92423386e-08  1.20000000e+00  1.19999897e+00 -5.10766073e-07 
 2.93423386e-08  1.20000000e+00  1.19999936e+00  4.94412138e-07 
 2.94423386e-08  1.20000000e+00  1.19999898e+00 -5.04100450e-07 
 2.95423386e-08  1.20000000e+00  1.19999936e+00  4.87762735e-07 
 2.96423386e-08  1.20000000e+00  1.19999898e+00 -4.97467230e-07 
 2.97423386e-08  1.20000000e+00  1.19999936e+00  4.81145653e-07 
 2.98423386e-08  1.20000000e+00  1.19999898e+00 -4.90866249e-07 
 2.99423386e-08  1.20000000e+00  1.19999935e+00  4.74560732e-07 
 3.00423386e-08  1.20000000e+00  1.19999898e+00 -4.84297348e-07 
 3.01423386e-08  1.20000000e+00  1.19999935e+00  4.68007809e-07 
 3.02423386e-08  1.20000000e+00  1.19999898e+00 -4.77760366e-07 
 3.03423386e-08  1.20000000e+00  1.19999935e+00  4.61486724e-07 
 3.04423386e-08  1.20000000e+00  1.19999898e+00 -4.71255143e-07 
 3.05423386e-08  1.20000000e+00  1.19999935e+00  4.54997320e-07 
 3.06423386e-08  1.20000000e+00  1.19999898e+00 -4.64781520e-07 
 3.07423386e-08  1.20000000e+00  1.19999935e+00  4.48539436e-07 
 3.08423386e-08  1.20000000e+00  1.19999898e+00 -4.58339340e-07 
 3.09423386e-08  1.20000000e+00  1.19999935e+00  4.42112916e-07 
 3.10423386e-08  1.20000000e+00  1.19999898e+00 -4.51928444e-07 
 3.11423386e-08  1.20000000e+00  1.19999935e+00  4.35717603e-07 
 3.12423386e-08  1.20000000e+00  1.19999899e+00 -4.45548677e-07 
 3.13423386e-08  1.20000000e+00  1.19999935e+00  4.29353341e-07 
 3.14423386e-08  1.20000000e+00  1.19999899e+00 -4.39199884e-07 
 3.15423386e-08  1.20000000e+00  1.19999935e+00  4.23019974e-07 
 3.16423386e-08  1.20000000e+00  1.19999899e+00 -4.32881908e-07 
 3.17423386e-08  1.20000000e+00  1.19999935e+00  4.16717349e-07 
 3.18423386e-08  1.20000000e+00  1.19999899e+00 -4.26594598e-07 
 3.19423386e-08  1.20000000e+00  1.19999934e+00  4.10445312e-07 
 3.20423386e-08  1.20000000e+00  1.19999899e+00 -4.20337799e-07 
 3.21423386e-08  1.20000000e+00  1.19999934e+00  4.04203711e-07 
 3.22423386e-08  1.20000000e+00  1.19999899e+00 -4.14111360e-07 
 3.23423386e-08  1.20000000e+00  1.19999934e+00  3.97992393e-07 
 3.24423386e-08  1.20000000e+00  1.19999899e+00 -4.07915128e-07 
 3.25423386e-08  1.20000000e+00  1.19999934e+00  3.91811207e-07 
 3.26423386e-08  1.20000000e+00  1.19999899e+00 -4.01748954e-07 
 3.27423386e-08  1.20000000e+00  1.19999934e+00  3.85660004e-07 
 3.28423386e-08  1.20000000e+00  1.19999899e+00 -3.95612687e-07 
 3.29423386e-08  1.20000000e+00  1.19999934e+00  3.79538633e-07 
 3.30423386e-08  1.20000000e+00  1.19999899e+00 -3.89506179e-07 
 3.31423386e-08  1.20000000e+00  1.19999934e+00  3.73446947e-07 
 3.32423386e-08  1.20000000e+00  1.19999899e+00 -3.83429280e-07 
 3.33423386e-08  1.20000000e+00  1.19999934e+00  3.67384796e-07 
 3.34423386e-08  1.20000000e+00  1.19999900e+00 -3.77381844e-07 
 3.35423386e-08  1.20000000e+00  1.19999934e+00  3.61352035e-07 
 3.36423386e-08  1.20000000e+00  1.19999900e+00 -3.71363723e-07 
 3.37423386e-08  1.20000000e+00  1.19999934e+00  3.55348516e-07 
 3.38423386e-08  1.20000000e+00  1.19999900e+00 -3.65374773e-07 
 3.39423386e-08  1.20000000e+00  1.19999934e+00  3.49374095e-07 
 3.40423386e-08  1.20000000e+00  1.19999900e+00 -3.59414847e-07 
 3.41423386e-08  1.20000000e+00  1.19999934e+00  3.43428625e-07 
 3.42423386e-08  1.20000000e+00  1.19999900e+00 -3.53483801e-07 
 3.43423386e-08  1.20000000e+00  1.19999933e+00  3.37511964e-07 
 3.44423386e-08  1.20000000e+00  1.19999900e+00 -3.47581491e-07 
 3.45423386e-08  1.20000000e+00  1.19999933e+00  3.31623967e-07 
 3.46423386e-08  1.20000000e+00  1.19999900e+00 -3.41707775e-07 
 3.47423386e-08  1.20000000e+00  1.19999933e+00  3.25764493e-07 
 3.48423386e-08  1.20000000e+00  1.19999900e+00 -3.35862510e-07 
 3.49423386e-08  1.20000000e+00  1.19999933e+00  3.19933399e-07 
 3.50423386e-08  1.20000000e+00  1.19999900e+00 -3.30045554e-07 
 3.51423386e-08  1.20000000e+00  1.19999933e+00  3.14130545e-07 
 3.52423386e-08  1.20000000e+00  1.19999900e+00 -3.24256768e-07 
 3.53423386e-08  1.20000000e+00  1.19999933e+00  3.08355789e-07 
 3.54423386e-08  1.20000000e+00  1.19999900e+00 -3.18496011e-07 
 3.55423386e-08  1.20000000e+00  1.19999933e+00  3.02608993e-07 
 3.56423386e-08  1.20000000e+00  1.19999900e+00 -3.12763143e-07 
 3.57423386e-08  1.20000000e+00  1.19999933e+00  2.96890017e-07 
 3.58423386e-08  1.20000000e+00  1.19999900e+00 -3.07058028e-07 
 3.59423386e-08  1.20000000e+00  1.19999933e+00  2.91198724e-07 
 3.60423386e-08  1.20000000e+00  1.19999901e+00 -3.01380525e-07 
 3.61423386e-08  1.20000000e+00  1.19999933e+00  2.85534975e-07 
 3.62423386e-08  1.20000000e+00  1.19999901e+00 -2.95730499e-07 
 3.63423386e-08  1.20000000e+00  1.19999933e+00  2.79898635e-07 
 3.64423386e-08  1.20000000e+00  1.19999901e+00 -2.90107813e-07 
 3.65423386e-08  1.20000000e+00  1.19999933e+00  2.74289567e-07 
 3.66423386e-08  1.20000000e+00  1.19999901e+00 -2.84512332e-07 
 3.67423386e-08  1.20000000e+00  1.19999933e+00  2.68707636e-07 
 3.68423386e-08  1.20000000e+00  1.19999901e+00 -2.78943920e-07 
 3.69423386e-08  1.20000000e+00  1.19999933e+00  2.63152707e-07 
 3.70423386e-08  1.20000000e+00  1.19999901e+00 -2.73402443e-07 
 3.71423386e-08  1.20000000e+00  1.19999933e+00  2.57624646e-07 
 3.72423386e-08  1.20000000e+00  1.19999901e+00 -2.67887769e-07 
 3.73423386e-08  1.20000000e+00  1.19999932e+00  2.52123321e-07 
 3.74423386e-08  1.20000000e+00  1.19999901e+00 -2.62399763e-07 
 3.75423386e-08  1.20000000e+00  1.19999932e+00  2.46648599e-07 
 3.76423386e-08  1.20000000e+00  1.19999901e+00 -2.56938294e-07 
 3.77423386e-08  1.20000000e+00  1.19999932e+00  2.41200348e-07 
 3.78423386e-08  1.20000000e+00  1.19999901e+00 -2.51503230e-07 
 3.79423386e-08  1.20000000e+00  1.19999932e+00  2.35778436e-07 
 3.80423386e-08  1.20000000e+00  1.19999901e+00 -2.46094441e-07 
 3.81423386e-08  1.20000000e+00  1.19999932e+00  2.30382735e-07 
 3.82423386e-08  1.20000000e+00  1.19999901e+00 -2.40711797e-07 
 3.83423386e-08  1.20000000e+00  1.19999932e+00  2.25013112e-07 
 3.84423386e-08  1.20000000e+00  1.19999901e+00 -2.35355167e-07 
 3.85423386e-08  1.20000000e+00  1.19999932e+00  2.19669441e-07 
 3.86423386e-08  1.20000000e+00  1.19999901e+00 -2.30024424e-07 
 3.87423386e-08  1.20000000e+00  1.19999932e+00  2.14351592e-07 
 3.88423386e-08  1.20000000e+00  1.19999901e+00 -2.24719440e-07 
 3.89423386e-08  1.20000000e+00  1.19999932e+00  2.09059437e-07 
 3.90423386e-08  1.20000000e+00  1.19999901e+00 -2.19440086e-07 
 3.91423386e-08  1.20000000e+00  1.19999932e+00  2.03792850e-07 
 3.92423386e-08  1.20000000e+00  1.19999902e+00 -2.14186237e-07 
 3.93423386e-08  1.20000000e+00  1.19999932e+00  1.98551704e-07 
 3.94423386e-08  1.20000000e+00  1.19999902e+00 -2.08957765e-07 
 3.95423386e-08  1.20000000e+00  1.19999932e+00  1.93335873e-07 
 3.96423386e-08  1.20000000e+00  1.19999902e+00 -2.03754547e-07 
 3.97423386e-08  1.20000000e+00  1.19999932e+00  1.88145233e-07 
 3.98423386e-08  1.20000000e+00  1.19999902e+00 -1.98576456e-07 
 3.99423386e-08  1.20000000e+00  1.19999932e+00  1.82979658e-07 
 4.00423386e-08  1.20000000e+00  1.19999902e+00 -1.93423369e-07 
 4.01423386e-08  1.20000000e+00  1.19999932e+00  1.77839026e-07 
 4.02423386e-08  1.20000000e+00  1.19999902e+00 -1.88295163e-07 
 4.03423386e-08  1.20000000e+00  1.19999932e+00  1.72723213e-07 
 4.04423386e-08  1.20000000e+00  1.19999902e+00 -1.83191714e-07 
 4.05423386e-08  1.20000000e+00  1.19999932e+00  1.67632096e-07 
 4.06423386e-08  1.20000000e+00  1.19999902e+00 -1.78112901e-07 
 4.07423386e-08  1.20000000e+00  1.19999932e+00  1.62565553e-07 
 4.08423386e-08  1.20000000e+00  1.19999902e+00 -1.73058602e-07 
 4.09423386e-08  1.20000000e+00  1.19999932e+00  1.57523464e-07 
 4.10423386e-08  1.20000000e+00  1.19999902e+00 -1.68028696e-07 
 4.11423386e-08  1.20000000e+00  1.19999932e+00  1.52505708e-07 
 4.12423386e-08  1.20000000e+00  1.19999902e+00 -1.63023062e-07 
 4.13423386e-08  1.20000000e+00  1.19999931e+00  1.47512165e-07 
 4.14423386e-08  1.20000000e+00  1.19999902e+00 -1.58041581e-07 
 4.15423386e-08  1.20000000e+00  1.19999931e+00  1.42542714e-07 
 4.16423386e-08  1.20000000e+00  1.19999902e+00 -1.53084135e-07 
 4.17423386e-08  1.20000000e+00  1.19999931e+00  1.37597239e-07 
 4.18423386e-08  1.20000000e+00  1.19999902e+00 -1.48150603e-07 
 4.19423386e-08  1.20000000e+00  1.19999931e+00  1.32675620e-07 
 4.20423386e-08  1.20000000e+00  1.19999902e+00 -1.43240870e-07 
 4.21423386e-08  1.20000000e+00  1.19999931e+00  1.27777740e-07 
 4.22423386e-08  1.20000000e+00  1.19999902e+00 -1.38354818e-07 
 4.23423386e-08  1.20000000e+00  1.19999931e+00  1.22903483e-07 
 4.24423386e-08  1.20000000e+00  1.19999902e+00 -1.33492329e-07 
 4.25423386e-08  1.20000000e+00  1.19999931e+00  1.18052731e-07 
 4.26423386e-08  1.20000000e+00  1.19999902e+00 -1.28653287e-07 
 4.27423386e-08  1.20000000e+00  1.19999931e+00  1.13225370e-07 
 4.28423386e-08  1.20000000e+00  1.19999902e+00 -1.23837579e-07 
 4.29423386e-08  1.20000000e+00  1.19999931e+00  1.08421283e-07 
 4.30423386e-08  1.20000000e+00  1.19999902e+00 -1.19045089e-07 
 4.31423386e-08  1.20000000e+00  1.19999931e+00  1.03640358e-07 
 4.32423386e-08  1.20000000e+00  1.19999902e+00 -1.14275702e-07 
 4.33423386e-08  1.20000000e+00  1.19999931e+00  9.88824793e-08 
 4.34423386e-08  1.20000000e+00  1.19999902e+00 -1.09529306e-07 
 4.35423386e-08  1.20000000e+00  1.19999931e+00  9.41475339e-08 
 4.36423386e-08  1.20000000e+00  1.19999902e+00 -1.04805786e-07 
 4.37423386e-08  1.20000000e+00  1.19999931e+00  8.94354093e-08 
 4.38423386e-08  1.20000000e+00  1.19999902e+00 -1.00105031e-07 
 4.39423386e-08  1.20000000e+00  1.19999931e+00  8.47459934e-08 
 4.40423386e-08  1.20000000e+00  1.19999902e+00 -9.54269288e-08 
 4.41423386e-08  1.20000000e+00  1.19999931e+00  8.00791745e-08 
 4.42423386e-08  1.20000000e+00  1.19999903e+00 -9.07713678e-08 
 4.43423386e-08  1.20000000e+00  1.19999931e+00  7.54348417e-08 
 4.44423386e-08  1.20000000e+00  1.19999903e+00 -8.61382380e-08 
 4.45423386e-08  1.20000000e+00  1.19999931e+00  7.08128845e-08 
 4.46423386e-08  1.20000000e+00  1.19999903e+00 -8.15274289e-08 
 4.47423386e-08  1.20000000e+00  1.19999931e+00  6.62131932e-08 
 4.48423386e-08  1.20000000e+00  1.19999903e+00 -7.69388309e-08 
 4.49423386e-08  1.20000000e+00  1.19999931e+00  6.16356588e-08 
 4.50423386e-08  1.20000000e+00  1.19999903e+00 -7.23723348e-08 
 4.51423386e-08  1.20000000e+00  1.19999931e+00  5.70801720e-08 
 4.52423386e-08  1.20000000e+00  1.19999903e+00 -6.78278330e-08 
 4.53423386e-08  1.20000000e+00  1.19999931e+00  5.25466252e-08 
 4.54423386e-08  1.20000000e+00  1.19999903e+00 -6.33052168e-08 
 4.55423386e-08  1.20000000e+00  1.19999931e+00  4.80349104e-08 
 4.56423386e-08  1.20000000e+00  1.19999903e+00 -5.88043794e-08 
 4.57423386e-08  1.20000000e+00  1.19999931e+00  4.35449210e-08 
 4.58423386e-08  1.20000000e+00  1.19999903e+00 -5.43252138e-08 
 4.59423386e-08  1.20000000e+00  1.19999931e+00  3.90765501e-08 
 4.60423386e-08  1.20000000e+00  1.19999903e+00 -4.98676140e-08 
 4.61423386e-08  1.20000000e+00  1.19999931e+00  3.46296922e-08 
 4.62423386e-08  1.20000000e+00  1.19999903e+00 -4.54314740e-08 
 4.63423386e-08  1.20000000e+00  1.19999931e+00  3.02042418e-08 
 4.64423386e-08  1.20000000e+00  1.19999903e+00 -4.10166890e-08 
 4.65423386e-08  1.20000000e+00  1.19999931e+00  2.58000939e-08 
 4.66423386e-08  1.20000000e+00  1.19999903e+00 -3.66231547e-08 
 4.67423386e-08  1.20000000e+00  1.19999931e+00  2.14171445e-08 
 4.68423386e-08  1.20000000e+00  1.19999903e+00 -3.22507665e-08 
 4.69423386e-08  1.20000000e+00  1.19999931e+00  1.70552896e-08 
 4.70423386e-08  1.20000000e+00  1.19999903e+00 -2.78994213e-08 
 4.71423386e-08  1.20000000e+00  1.19999931e+00  1.27144259e-08 
 4.72423386e-08  1.20000000e+00  1.19999903e+00 -2.35690163e-08 
 4.73423386e-08  1.20000000e+00  1.19999931e+00  8.39445090e-09 
 4.74423386e-08  1.20000000e+00  1.19999903e+00 -1.92594489e-08 
 4.75423386e-08  1.20000000e+00  1.19999931e+00  4.09526262e-09 
 4.76423386e-08  1.20000000e+00  1.19999903e+00 -1.49706168e-08 
 4.77423386e-08  1.20000000e+00  1.19999931e+00 -1.82097104e-10 
 4.78423386e-08  1.20000000e+00  1.19999903e+00 -1.07041225e-08 
 4.79423386e-08  1.20000000e+00  1.19999931e+00 -4.44067079e-09 
 4.80423386e-08  1.20000000e+00  1.19999903e+00 -6.45510140e-09 
 4.81423386e-08  1.20000000e+00  1.19999931e+00 -8.67832072e-09 
 4.82423386e-08  1.20000000e+00  1.19999903e+00 -2.22773606e-09 
 4.83423386e-08  1.20000000e+00  1.19999931e+00 -1.28954819e-08 
 4.84423386e-08  1.20000000e+00  1.19999903e+00  1.97924360e-09 
 4.85423386e-08  1.20000000e+00  1.19999931e+00 -1.70923164e-08 
 4.86423386e-08  1.20000000e+00  1.19999903e+00  6.16595712e-09 
 4.87423386e-08  1.20000000e+00  1.19999931e+00 -2.12689408e-08 
 4.88423386e-08  1.20000000e+00  1.19999903e+00  1.03325162e-08 
 4.89423386e-08  1.20000000e+00  1.19999931e+00 -2.54254635e-08 
 4.90423386e-08  1.20000000e+00  1.19999903e+00  1.44790263e-08 
 4.91423386e-08  1.20000000e+00  1.19999931e+00 -2.95619890e-08 
 4.92423386e-08  1.20000000e+00  1.19999903e+00  1.86055897e-08 
 4.93423386e-08  1.20000000e+00  1.19999931e+00 -3.36786181e-08 
 4.94423386e-08  1.20000000e+00  1.19999903e+00  2.27123069e-08 
 4.95423386e-08  1.20000000e+00  1.19999930e+00 -3.77754502e-08 
 4.96423386e-08  1.20000000e+00  1.19999903e+00  2.67992761e-08 
 4.97423386e-08  1.20000000e+00  1.19999930e+00 -4.18525833e-08 
 4.98423386e-08  1.20000000e+00  1.19999903e+00  3.08665946e-08 
 4.99423386e-08  1.20000000e+00  1.19999930e+00 -4.59101139e-08 
 5.00423386e-08  1.20000000e+00  1.19999903e+00  3.49143591e-08 
 5.01423386e-08  1.20000000e+00  1.19999930e+00 -4.99481382e-08 
 5.02423386e-08  1.20000000e+00  1.19999903e+00  3.89426647e-08 
 5.03423386e-08  1.20000000e+00  1.19999930e+00 -5.39667516e-08 
 5.04423386e-08  1.20000000e+00  1.19999903e+00  4.29516071e-08 
 5.05423386e-08  1.20000000e+00  1.19999930e+00 -5.79660488e-08 
 5.06423386e-08  1.20000000e+00  1.19999903e+00  4.69412804e-08 
 5.07423386e-08  1.20000000e+00  1.19999930e+00 -6.19461239e-08 
 5.08423386e-08  1.20000000e+00  1.19999903e+00  5.09117784e-08 
 5.09423386e-08  1.20000000e+00  1.19999930e+00 -6.59070704e-08 
 5.10423386e-08  1.20000000e+00  1.19999903e+00  5.48631953e-08 
 5.11423386e-08  1.20000000e+00  1.19999930e+00 -6.98489819e-08 
 5.12423386e-08  1.20000000e+00  1.19999903e+00  5.87956221e-08 
 5.13423386e-08  1.20000000e+00  1.19999930e+00 -7.37719511e-08 
 5.14423386e-08  1.20000000e+00  1.19999903e+00  6.27091533e-08 
 5.15423386e-08  1.20000000e+00  1.19999930e+00 -7.76760695e-08 
 5.16423386e-08  1.20000000e+00  1.19999903e+00  6.66038796e-08 
 5.17423386e-08  1.20000000e+00  1.19999930e+00 -8.15614292e-08 
 5.18423386e-08  1.20000000e+00  1.19999903e+00  7.04798931e-08 
 5.19423386e-08  1.20000000e+00  1.19999930e+00 -8.54281212e-08 
 5.20423386e-08  1.20000000e+00  1.19999903e+00  7.43372843e-08 
 5.21423386e-08  1.20000000e+00  1.19999930e+00 -8.92762365e-08 
 5.22423386e-08  1.20000000e+00  1.19999903e+00  7.81761441e-08 
 5.23423386e-08  1.20000000e+00  1.19999930e+00 -9.31058653e-08 
 5.24423386e-08  1.20000000e+00  1.19999903e+00  8.19965620e-08 
 5.25423386e-08  1.20000000e+00  1.19999930e+00 -9.69170974e-08 
 5.26423386e-08  1.20000000e+00  1.19999903e+00  8.57986281e-08 
 5.27423386e-08  1.20000000e+00  1.19999930e+00 -1.00710022e-07 
 5.28423386e-08  1.20000000e+00  1.19999903e+00  8.95824313e-08 
 5.29423386e-08  1.20000000e+00  1.19999930e+00 -1.04484728e-07 
 5.30423386e-08  1.20000000e+00  1.19999903e+00  9.33480603e-08 
 5.31423386e-08  1.20000000e+00  1.19999930e+00 -1.08241304e-07 
 5.32423386e-08  1.20000000e+00  1.19999903e+00  9.70956031e-08 
 5.33423386e-08  1.20000000e+00  1.19999930e+00 -1.11979838e-07 
 5.34423386e-08  1.20000000e+00  1.19999903e+00  1.00825148e-07 
 5.35423386e-08  1.20000000e+00  1.19999930e+00 -1.15700418e-07 
 5.36423386e-08  1.20000000e+00  1.19999903e+00  1.04536782e-07 
 5.37423386e-08  1.20000000e+00  1.19999930e+00 -1.19403130e-07 
 5.38423386e-08  1.20000000e+00  1.19999903e+00  1.08230591e-07 
 5.39423386e-08  1.20000000e+00  1.19999930e+00 -1.23088061e-07 
 5.40423386e-08  1.20000000e+00  1.19999903e+00  1.11906663e-07 
 5.41423386e-08  1.20000000e+00  1.19999930e+00 -1.26755298e-07 
 5.42423386e-08  1.20000000e+00  1.19999903e+00  1.15565083e-07 
 5.43423386e-08  1.20000000e+00  1.19999930e+00 -1.30404925e-07 
 5.44423386e-08  1.20000000e+00  1.19999903e+00  1.19205937e-07 
 5.45423386e-08  1.20000000e+00  1.19999930e+00 -1.34037029e-07 
 5.46423386e-08  1.20000000e+00  1.19999903e+00  1.22829310e-07 
 5.47423386e-08  1.20000000e+00  1.19999930e+00 -1.37651695e-07 
 5.48423386e-08  1.20000000e+00  1.19999903e+00  1.26435287e-07 
 5.49423386e-08  1.20000000e+00  1.19999930e+00 -1.41249006e-07 
 5.50423386e-08  1.20000000e+00  1.19999903e+00  1.30023952e-07 
 5.51423386e-08  1.20000000e+00  1.19999930e+00 -1.44829047e-07 
 5.52423386e-08  1.20000000e+00  1.19999903e+00  1.33595388e-07 
 5.53423386e-08  1.20000000e+00  1.19999930e+00 -1.48391901e-07 
 5.54423386e-08  1.20000000e+00  1.19999903e+00  1.37149679e-07 
 5.55423386e-08  1.20000000e+00  1.19999930e+00 -1.51937653e-07 
 5.56423386e-08  1.20000000e+00  1.19999903e+00  1.40686908e-07 
 5.57423386e-08  1.20000000e+00  1.19999930e+00 -1.55466383e-07 
 5.58423386e-08  1.20000000e+00  1.19999903e+00  1.44207158e-07 
 5.59423386e-08  1.20000000e+00  1.19999930e+00 -1.58978175e-07 
 5.60423386e-08  1.20000000e+00  1.19999903e+00  1.47710510e-07 
 5.61423386e-08  1.20000000e+00  1.19999930e+00 -1.62473110e-07 
 5.62423386e-08  1.20000000e+00  1.19999903e+00  1.51197047e-07 
 5.63423386e-08  1.20000000e+00  1.19999931e+00 -1.65951271e-07 
 5.64423386e-08  1.20000000e+00  1.19999903e+00  1.54666849e-07 
 5.65423386e-08  1.20000000e+00  1.19999931e+00 -1.69412737e-07 
 5.66423386e-08  1.20000000e+00  1.19999903e+00  1.58119998e-07 
 5.67423386e-08  1.20000000e+00  1.19999931e+00 -1.72857590e-07 
 5.68423386e-08  1.20000000e+00  1.19999903e+00  1.61556573e-07 
 5.69423386e-08  1.20000000e+00  1.19999931e+00 -1.76285910e-07 
 5.70423386e-08  1.20000000e+00  1.19999903e+00  1.64976656e-07 
 5.71423386e-08  1.20000000e+00  1.19999931e+00 -1.79697777e-07 
 5.72423386e-08  1.20000000e+00  1.19999903e+00  1.68380325e-07 
 5.73423386e-08  1.20000000e+00  1.19999931e+00 -1.83093270e-07 
 5.74423386e-08  1.20000000e+00  1.19999903e+00  1.71767660e-07 
 5.75423386e-08  1.20000000e+00  1.19999931e+00 -1.86472468e-07 
 5.76423386e-08  1.20000000e+00  1.19999903e+00  1.75138739e-07 
 5.77423386e-08  1.20000000e+00  1.19999931e+00 -1.89835451e-07 
 5.78423386e-08  1.20000000e+00  1.19999903e+00  1.78493641e-07 
 5.79423386e-08  1.20000000e+00  1.19999931e+00 -1.93182295e-07 
 5.80423386e-08  1.20000000e+00  1.19999903e+00  1.81832444e-07 
 5.81423386e-08  1.20000000e+00  1.19999931e+00 -1.96513079e-07 
 5.82423386e-08  1.20000000e+00  1.19999903e+00  1.85155227e-07 
 5.83423386e-08  1.20000000e+00  1.19999931e+00 -1.99827880e-07 
 5.84423386e-08  1.20000000e+00  1.19999903e+00  1.88462064e-07 
 5.85423386e-08  1.20000000e+00  1.19999931e+00 -2.03126776e-07 
 5.86423386e-08  1.20000000e+00  1.19999903e+00  1.91753035e-07 
 5.87423386e-08  1.20000000e+00  1.19999931e+00 -2.06409843e-07 
 5.88423386e-08  1.20000000e+00  1.19999903e+00  1.95028215e-07 
 5.89423386e-08  1.20000000e+00  1.19999931e+00 -2.09677157e-07 
 5.90423386e-08  1.20000000e+00  1.19999903e+00  1.98287680e-07 
 5.91423386e-08  1.20000000e+00  1.19999931e+00 -2.12928794e-07 
 5.92423386e-08  1.20000000e+00  1.19999903e+00  2.01531506e-07 
 5.93423386e-08  1.20000000e+00  1.19999931e+00 -2.16164830e-07 
 5.94423386e-08  1.20000000e+00  1.19999903e+00  2.04759768e-07 
 5.95423386e-08  1.20000000e+00  1.19999931e+00 -2.19385339e-07 
 5.96423386e-08  1.20000000e+00  1.19999903e+00  2.07972541e-07 
 5.97423386e-08  1.20000000e+00  1.19999931e+00 -2.22590397e-07 
 5.98423386e-08  1.20000000e+00  1.19999903e+00  2.11169900e-07 
 5.99423386e-08  1.20000000e+00  1.19999931e+00 -2.25780078e-07 
 6.00423386e-08  1.20000000e+00  1.19999903e+00  2.14351919e-07 
 6.01423386e-08  1.20000000e+00  1.19999931e+00 -2.28954455e-07 
 6.02423386e-08  1.20000000e+00  1.19999903e+00  2.17518671e-07 
 6.03423386e-08  1.20000000e+00  1.19999931e+00 -2.32113603e-07 
 6.04423386e-08  1.20000000e+00  1.19999903e+00  2.20670230e-07 
 6.05423386e-08  1.20000000e+00  1.19999931e+00 -2.35257594e-07 
 6.06423386e-08  1.20000000e+00  1.19999903e+00  2.23806669e-07 
 6.07423386e-08  1.20000000e+00  1.19999931e+00 -2.38386501e-07 
 6.08423386e-08  1.20000000e+00  1.19999903e+00  2.26928061e-07 
 6.09423386e-08  1.20000000e+00  1.19999931e+00 -2.41500397e-07 
 6.10423386e-08  1.20000000e+00  1.19999903e+00  2.30034477e-07 
 6.11423386e-08  1.20000000e+00  1.19999931e+00 -2.44599354e-07 
 6.12423386e-08  1.20000000e+00  1.19999903e+00  2.33125991e-07 
 6.13423386e-08  1.20000000e+00  1.19999931e+00 -2.47683444e-07 
 6.14423386e-08  1.20000000e+00  1.19999903e+00  2.36202673e-07 
 6.15423386e-08  1.20000000e+00  1.19999931e+00 -2.50752738e-07 
 6.16423386e-08  1.20000000e+00  1.19999903e+00  2.39264594e-07 
 6.17423386e-08  1.20000000e+00  1.19999931e+00 -2.53807307e-07 
 6.18423386e-08  1.20000000e+00  1.19999903e+00  2.42311826e-07 
 6.19423386e-08  1.20000000e+00  1.19999931e+00 -2.56847221e-07 
 6.20423386e-08  1.20000000e+00  1.19999903e+00  2.45344439e-07 
 6.21423386e-08  1.20000000e+00  1.19999931e+00 -2.59872552e-07 
 6.22423386e-08  1.20000000e+00  1.19999903e+00  2.48362503e-07 
 6.23423386e-08  1.20000000e+00  1.19999931e+00 -2.62883369e-07 
 6.24423386e-08  1.20000000e+00  1.19999903e+00  2.51366088e-07 
 6.25423386e-08  1.20000000e+00  1.19999931e+00 -2.65879741e-07 
 6.26423386e-08  1.20000000e+00  1.19999903e+00  2.54355263e-07 
 6.27423386e-08  1.20000000e+00  1.19999931e+00 -2.68861738e-07 
 6.28423386e-08  1.20000000e+00  1.19999903e+00  2.57330097e-07 
 6.29423386e-08  1.20000000e+00  1.19999931e+00 -2.71829429e-07 
 6.30423386e-08  1.20000000e+00  1.19999903e+00  2.60290659e-07 
 6.31423386e-08  1.20000000e+00  1.19999931e+00 -2.74782882e-07 
 6.32423386e-08  1.20000000e+00  1.19999903e+00  2.63237017e-07 
 6.33423386e-08  1.20000000e+00  1.19999931e+00 -2.77722165e-07 
 6.34423386e-08  1.20000000e+00  1.19999903e+00  2.66169240e-07 
 6.35423386e-08  1.20000000e+00  1.19999931e+00 -2.80647346e-07 
 6.36423386e-08  1.20000000e+00  1.19999903e+00  2.69087396e-07 
 6.37423386e-08  1.20000000e+00  1.19999931e+00 -2.83558494e-07 
 6.38423386e-08  1.20000000e+00  1.19999903e+00  2.71991550e-07 
 6.39423386e-08  1.20000000e+00  1.19999931e+00 -2.86455674e-07 
 6.40423386e-08  1.20000000e+00  1.19999903e+00  2.74881771e-07 
 6.41423386e-08  1.20000000e+00  1.19999931e+00 -2.89338954e-07 
 6.42423386e-08  1.20000000e+00  1.19999903e+00  2.77758124e-07 
 6.43423386e-08  1.20000000e+00  1.19999931e+00 -2.92208400e-07 
 6.44423386e-08  1.20000000e+00  1.19999902e+00  2.80620678e-07 
 6.45423386e-08  1.20000000e+00  1.19999931e+00 -2.95064079e-07 
 6.46423386e-08  1.20000000e+00  1.19999902e+00  2.83469496e-07 
 6.47423386e-08  1.20000000e+00  1.19999931e+00 -2.97906056e-07 
 6.48423386e-08  1.20000000e+00  1.19999902e+00  2.86304646e-07 
 6.49423386e-08  1.20000000e+00  1.19999931e+00 -3.00734397e-07 
 6.50423386e-08  1.20000000e+00  1.19999902e+00  2.89126192e-07 
 6.51423386e-08  1.20000000e+00  1.19999931e+00 -3.03549167e-07 
 6.52423386e-08  1.20000000e+00  1.19999902e+00  2.91934200e-07 
 6.53423386e-08  1.20000000e+00  1.19999931e+00 -3.06350430e-07 
 6.54423386e-08  1.20000000e+00  1.19999902e+00  2.94728733e-07 
 6.55423386e-08  1.20000000e+00  1.19999931e+00 -3.09138252e-07 
 6.56423386e-08  1.20000000e+00  1.19999902e+00  2.97509857e-07 
 6.57423386e-08  1.20000000e+00  1.19999931e+00 -3.11912696e-07 
 6.58423386e-08  1.20000000e+00  1.19999902e+00  3.00277635e-07 
 6.59423386e-08  1.20000000e+00  1.19999931e+00 -3.14673826e-07 
 6.60423386e-08  1.20000000e+00  1.19999902e+00  3.03032132e-07 
 6.61423386e-08  1.20000000e+00  1.19999931e+00 -3.17421706e-07 
 6.62423386e-08  1.20000000e+00  1.19999902e+00  3.05773409e-07 
 6.63423386e-08  1.20000000e+00  1.19999931e+00 -3.20156399e-07 
 6.64423386e-08  1.20000000e+00  1.19999902e+00  3.08501532e-07 
 6.65423386e-08  1.20000000e+00  1.19999931e+00 -3.22877968e-07 
 6.66423386e-08  1.20000000e+00  1.19999902e+00  3.11216561e-07 
 6.67423386e-08  1.20000000e+00  1.19999931e+00 -3.25586476e-07 
 6.68423386e-08  1.20000000e+00  1.19999902e+00  3.13918561e-07 
 6.69423386e-08  1.20000000e+00  1.19999931e+00 -3.28281985e-07 
 6.70423386e-08  1.20000000e+00  1.19999902e+00  3.16607592e-07 
 6.71423386e-08  1.20000000e+00  1.19999931e+00 -3.30964556e-07 
 6.72423386e-08  1.20000000e+00  1.19999902e+00  3.19283717e-07 
 6.73423386e-08  1.20000000e+00  1.19999932e+00 -3.33634252e-07 
 6.74423386e-08  1.20000000e+00  1.19999902e+00  3.21946997e-07 
 6.75423386e-08  1.20000000e+00  1.19999932e+00 -3.36291133e-07 
 6.76423386e-08  1.20000000e+00  1.19999902e+00  3.24597493e-07 
 6.77423386e-08  1.20000000e+00  1.19999932e+00 -3.38935261e-07 
 6.78423386e-08  1.20000000e+00  1.19999902e+00  3.27235266e-07 
 6.79423386e-08  1.20000000e+00  1.19999932e+00 -3.41566697e-07 
 6.80423386e-08  1.20000000e+00  1.19999902e+00  3.29860377e-07 
 6.81423386e-08  1.20000000e+00  1.19999932e+00 -3.44185501e-07 
 6.82423386e-08  1.20000000e+00  1.19999902e+00  3.32472887e-07 
 6.83423386e-08  1.20000000e+00  1.19999932e+00 -3.46791732e-07 
 6.84423386e-08  1.20000000e+00  1.19999902e+00  3.35072854e-07 
 6.85423386e-08  1.20000000e+00  1.19999932e+00 -3.49385452e-07 
 6.86423386e-08  1.20000000e+00  1.19999902e+00  3.37660339e-07 
 6.87423386e-08  1.20000000e+00  1.19999932e+00 -3.51966719e-07 
 6.88423386e-08  1.20000000e+00  1.19999902e+00  3.40235400e-07 
 6.89423386e-08  1.20000000e+00  1.19999932e+00 -3.54535592e-07 
 6.90423386e-08  1.20000000e+00  1.19999902e+00  3.42798098e-07 
 6.91423386e-08  1.20000000e+00  1.19999932e+00 -3.57092131e-07 
 6.92423386e-08  1.20000000e+00  1.19999902e+00  3.45348491e-07 
 6.93423386e-08  1.20000000e+00  1.19999932e+00 -3.59636394e-07 
 6.94423386e-08  1.20000000e+00  1.19999902e+00  3.47886637e-07 
 6.95423386e-08  1.20000000e+00  1.19999932e+00 -3.62168440e-07 
 6.96423386e-08  1.20000000e+00  1.19999902e+00  3.50412595e-07 
 6.97423386e-08  1.20000000e+00  1.19999932e+00 -3.64688326e-07 
 6.98423386e-08  1.20000000e+00  1.19999902e+00  3.52926422e-07 
 6.99423386e-08  1.20000000e+00  1.19999932e+00 -3.67196110e-07 
 7.00423386e-08  1.20000000e+00  1.19999902e+00  3.55428176e-07 
 7.01423386e-08  1.20000000e+00  1.19999932e+00 -3.69691850e-07 
 7.02423386e-08  1.20000000e+00  1.19999902e+00  3.57917914e-07 
 7.03423386e-08  1.20000000e+00  1.19999932e+00 -3.72175603e-07 
 7.04423386e-08  1.20000000e+00  1.19999902e+00  3.60395693e-07 
 7.05423386e-08  1.20000000e+00  1.19999932e+00 -3.74647425e-07 
 7.06423386e-08  1.20000000e+00  1.19999902e+00  3.62861571e-07 
 7.07423386e-08  1.20000000e+00  1.19999932e+00 -3.77107374e-07 
 7.08423386e-08  1.20000000e+00  1.19999902e+00  3.65315604e-07 
 7.09423386e-08  1.20000000e+00  1.19999932e+00 -3.79555506e-07 
 7.10423386e-08  1.20000000e+00  1.19999902e+00  3.67757847e-07 
 7.11423386e-08  1.20000000e+00  1.19999932e+00 -3.81991876e-07 
 7.12423386e-08  1.20000000e+00  1.19999902e+00  3.70188356e-07 
 7.13423386e-08  1.20000000e+00  1.19999932e+00 -3.84416541e-07 
 7.14423386e-08  1.20000000e+00  1.19999902e+00  3.72607188e-07 
 7.15423386e-08  1.20000000e+00  1.19999932e+00 -3.86829555e-07 
 7.16423386e-08  1.20000000e+00  1.19999902e+00  3.75014397e-07 
 7.17423386e-08  1.20000000e+00  1.19999932e+00 -3.89230975e-07 
 7.18423386e-08  1.20000000e+00  1.19999902e+00  3.77410040e-07 
 7.19423386e-08  1.20000000e+00  1.19999932e+00 -3.91620855e-07 
 7.20423386e-08  1.20000000e+00  1.19999901e+00  3.79794169e-07 
 7.21423386e-08  1.20000000e+00  1.19999932e+00 -3.93999250e-07 
 7.22423386e-08  1.20000000e+00  1.19999901e+00  3.82166841e-07 
 7.23423386e-08  1.20000000e+00  1.19999932e+00 -3.96366214e-07 
 7.24423386e-08  1.20000000e+00  1.19999901e+00  3.84528108e-07 
 7.25423386e-08  1.20000000e+00  1.19999932e+00 -3.98721801e-07 
 7.26423386e-08  1.20000000e+00  1.19999901e+00  3.86878026e-07 
 7.27423386e-08  1.20000000e+00  1.19999932e+00 -4.01066065e-07 
 7.28423386e-08  1.20000000e+00  1.19999901e+00  3.89216648e-07 
 7.29423386e-08  1.20000000e+00  1.19999932e+00 -4.03399059e-07 
 7.30423386e-08  1.20000000e+00  1.19999901e+00  3.91544027e-07 
 7.31423386e-08  1.20000000e+00  1.19999932e+00 -4.05720838e-07 
 7.32423386e-08  1.20000000e+00  1.19999901e+00  3.93860217e-07 
 7.33423386e-08  1.20000000e+00  1.19999932e+00 -4.08031453e-07 
 7.34423386e-08  1.20000000e+00  1.19999901e+00  3.96165270e-07 
 7.35423386e-08  1.20000000e+00  1.19999932e+00 -4.10330959e-07 
 7.36423386e-08  1.20000000e+00  1.19999901e+00  3.98459238e-07 
 7.37423386e-08  1.20000000e+00  1.19999932e+00 -4.12619406e-07 
 7.38423386e-08  1.20000000e+00  1.19999901e+00  4.00742176e-07 
 7.39423386e-08  1.20000000e+00  1.19999932e+00 -4.14896848e-07 
 7.40423386e-08  1.20000000e+00  1.19999901e+00  4.03014134e-07 
 7.41423386e-08  1.20000000e+00  1.19999933e+00 -4.17163337e-07 
 7.42423386e-08  1.20000000e+00  1.19999901e+00  4.05275164e-07 
 7.43423386e-08  1.20000000e+00  1.19999933e+00 -4.19418923e-07 
 7.44423386e-08  1.20000000e+00  1.19999901e+00  4.07525318e-07 
 7.45423386e-08  1.20000000e+00  1.19999933e+00 -4.21663660e-07 
 7.46423386e-08  1.20000000e+00  1.19999901e+00  4.09764648e-07 
 7.47423386e-08  1.20000000e+00  1.19999933e+00 -4.23897597e-07 
 7.48423386e-08  1.20000000e+00  1.19999901e+00  4.11993204e-07 
 7.49423386e-08  1.20000000e+00  1.19999933e+00 -4.26120787e-07 
 7.50423386e-08  1.20000000e+00  1.19999901e+00  4.14211037e-07 
 7.51423386e-08  1.20000000e+00  1.19999933e+00 -4.28333278e-07 
 7.52423386e-08  1.20000000e+00  1.19999901e+00  4.16418198e-07 
 7.53423386e-08  1.20000000e+00  1.19999933e+00 -4.30535123e-07 
 7.54423386e-08  1.20000000e+00  1.19999901e+00  4.18614737e-07 
 7.55423386e-08  1.20000000e+00  1.19999933e+00 -4.32726371e-07 
 7.56423386e-08  1.20000000e+00  1.19999901e+00  4.20800705e-07 
 7.57423386e-08  1.20000000e+00  1.19999933e+00 -4.34907072e-07 
 7.58423386e-08  1.20000000e+00  1.19999901e+00  4.22976151e-07 
 7.59423386e-08  1.20000000e+00  1.19999933e+00 -4.37077276e-07 
 7.60423386e-08  1.20000000e+00  1.19999901e+00  4.25141124e-07 
 7.61423386e-08  1.20000000e+00  1.19999933e+00 -4.39237033e-07 
 7.62423386e-08  1.20000000e+00  1.19999901e+00  4.27295674e-07 
 7.63423386e-08  1.20000000e+00  1.19999933e+00 -4.41386391e-07 
 7.64423386e-08  1.20000000e+00  1.19999901e+00  4.29439851e-07 
 7.65423386e-08  1.20000000e+00  1.19999933e+00 -4.43525400e-07 
 7.66423386e-08  1.20000000e+00  1.19999901e+00  4.31573702e-07 
 7.67423386e-08  1.20000000e+00  1.19999933e+00 -4.45654108e-07 
 7.68423386e-08  1.20000000e+00  1.19999901e+00  4.33697278e-07 
 7.69423386e-08  1.20000000e+00  1.19999933e+00 -4.47772564e-07 
 7.70423386e-08  1.20000000e+00  1.19999901e+00  4.35810625e-07 
 7.71423386e-08  1.20000000e+00  1.19999933e+00 -4.49880816e-07 
 7.72423386e-08  1.20000000e+00  1.19999901e+00  4.37913792e-07 
 7.73423386e-08  1.20000000e+00  1.19999933e+00 -4.51978912e-07 
 7.74423386e-08  1.20000000e+00  1.19999901e+00  4.40006827e-07 
 7.75423386e-08  1.20000000e+00  1.19999933e+00 -4.54066899e-07 
 7.76423386e-08  1.20000000e+00  1.19999901e+00  4.42089777e-07 
 7.77423386e-08  1.20000000e+00  1.19999933e+00 -4.56144827e-07 
 7.78423386e-08  1.20000000e+00  1.19999901e+00  4.44162691e-07 
 7.79423386e-08  1.20000000e+00  1.19999933e+00 -4.58212740e-07 
 7.80423386e-08  1.20000000e+00  1.19999901e+00  4.46225615e-07 
 7.81423386e-08  1.20000000e+00  1.19999933e+00 -4.60270688e-07 
 7.82423386e-08  1.20000000e+00  1.19999900e+00  4.48278596e-07 
 7.83423386e-08  1.20000000e+00  1.19999933e+00 -4.62318716e-07 
 7.84423386e-08  1.20000000e+00  1.19999900e+00  4.50321681e-07 
 7.85423386e-08  1.20000000e+00  1.19999933e+00 -4.64356871e-07 
 7.86423386e-08  1.20000000e+00  1.19999900e+00  4.52354916e-07 
 7.87423386e-08  1.20000000e+00  1.19999933e+00 -4.66385200e-07 
 7.88423386e-08  1.20000000e+00  1.19999900e+00  4.54378348e-07 
 7.89423386e-08  1.20000000e+00  1.19999933e+00 -4.68403748e-07 
 7.90423386e-08  1.20000000e+00  1.19999900e+00  4.56392023e-07 
 7.91423386e-08  1.20000000e+00  1.19999933e+00 -4.70412562e-07 
 7.92423386e-08  1.20000000e+00  1.19999900e+00  4.58395986e-07 
 7.93423386e-08  1.20000000e+00  1.19999933e+00 -4.72411687e-07 
 7.94423386e-08  1.20000000e+00  1.19999900e+00  4.60390283e-07 
 7.95423386e-08  1.20000000e+00  1.19999933e+00 -4.74401169e-07 
 7.96423386e-08  1.20000000e+00  1.19999900e+00  4.62374959e-07 
 7.97423386e-08  1.20000000e+00  1.19999933e+00 -4.76381053e-07 
 7.98423386e-08  1.20000000e+00  1.19999900e+00  4.64350060e-07 
 7.99423386e-08  1.20000000e+00  1.19999934e+00 -4.78351384e-07 
 8.00423386e-08  1.20000000e+00  1.19999900e+00  4.66315631e-07 
 8.01423386e-08  1.20000000e+00  1.19999934e+00 -4.80312207e-07 
 8.02423386e-08  1.20000000e+00  1.19999900e+00  4.68271715e-07 
 8.03423386e-08  1.20000000e+00  1.19999934e+00 -4.82263566e-07 
 8.04423386e-08  1.20000000e+00  1.19999900e+00  4.70218358e-07 
 8.05423386e-08  1.20000000e+00  1.19999934e+00 -4.84205506e-07 
 8.06423386e-08  1.20000000e+00  1.19999900e+00  4.72155604e-07 
 8.07423386e-08  1.20000000e+00  1.19999934e+00 -4.86138070e-07 
 8.08423386e-08  1.20000000e+00  1.19999900e+00  4.74083497e-07 
 8.09423386e-08  1.20000000e+00  1.19999934e+00 -4.88061303e-07 
 8.10423386e-08  1.20000000e+00  1.19999900e+00  4.76002080e-07 
 8.11423386e-08  1.20000000e+00  1.19999934e+00 -4.89975249e-07 
 8.12423386e-08  1.20000000e+00  1.19999900e+00  4.77911398e-07 
 8.13423386e-08  1.20000000e+00  1.19999934e+00 -4.91879951e-07 
 8.14423386e-08  1.20000000e+00  1.19999900e+00  4.79811492e-07 
 8.15423386e-08  1.20000000e+00  1.19999934e+00 -4.93775451e-07 
 8.16423386e-08  1.20000000e+00  1.19999900e+00  4.81702408e-07 
 8.17423386e-08  1.20000000e+00  1.19999934e+00 -4.95661794e-07 
 8.18423386e-08  1.20000000e+00  1.19999900e+00  4.83584188e-07 
 8.19423386e-08  1.20000000e+00  1.19999934e+00 -4.97539023e-07 
 8.20423386e-08  1.20000000e+00  1.19999900e+00  4.85456874e-07 
 8.21423386e-08  1.20000000e+00  1.19999934e+00 -4.99407179e-07 
 8.22423386e-08  1.20000000e+00  1.19999900e+00  4.87320508e-07 
 8.23423386e-08  1.20000000e+00  1.19999934e+00 -5.01266305e-07 
 8.24423386e-08  1.20000000e+00  1.19999900e+00  4.89175135e-07 
 8.25423386e-08  1.20000000e+00  1.19999934e+00 -5.03116443e-07 
 8.26423386e-08  1.20000000e+00  1.19999900e+00  4.91020794e-07 
 8.27423386e-08  1.20000000e+00  1.19999934e+00 -5.04957636e-07 
 8.28423386e-08  1.20000000e+00  1.19999900e+00  4.92857529e-07 
 8.29423386e-08  1.20000000e+00  1.19999934e+00 -5.06789924e-07 
 8.30423386e-08  1.20000000e+00  1.19999900e+00  4.94685381e-07 
 8.31423386e-08  1.20000000e+00  1.19999934e+00 -5.08613351e-07 
 8.32423386e-08  1.20000000e+00  1.19999900e+00  4.96504391e-07 
 8.33423386e-08  1.20000000e+00  1.19999934e+00 -5.10427957e-07 
 8.34423386e-08  1.20000000e+00  1.19999900e+00  4.98314601e-07 
 8.35423386e-08  1.20000000e+00  1.19999934e+00 -5.12233783e-07 
 8.36423386e-08  1.20000000e+00  1.19999900e+00  5.00116051e-07 
 8.37423386e-08  1.20000000e+00  1.19999934e+00 -5.14030870e-07 
 8.38423386e-08  1.20000000e+00  1.19999899e+00  5.01908784e-07 
 8.39423386e-08  1.20000000e+00  1.19999934e+00 -5.15819260e-07 
 8.40423386e-08  1.20000000e+00  1.19999899e+00  5.03692839e-07 
 8.41423386e-08  1.20000000e+00  1.19999934e+00 -5.17598992e-07 
 8.42423386e-08  1.20000000e+00  1.19999899e+00  5.05468257e-07 
 8.43423386e-08  1.20000000e+00  1.19999934e+00 -5.19370107e-07 
 8.44423386e-08  1.20000000e+00  1.19999899e+00  5.07235078e-07 
 8.45423386e-08  1.20000000e+00  1.19999934e+00 -5.21132646e-07 
 8.46423386e-08  1.20000000e+00  1.19999899e+00  5.08993343e-07 
 8.47423386e-08  1.20000000e+00  1.19999934e+00 -5.22886647e-07 
 8.48423386e-08  1.20000000e+00  1.19999899e+00  5.10743090e-07 
 8.49423386e-08  1.20000000e+00  1.19999934e+00 -5.24632152e-07 
 8.50423386e-08  1.20000000e+00  1.19999899e+00  5.12484360e-07 
 8.51423386e-08  1.20000000e+00  1.19999934e+00 -5.26369199e-07 
 8.52423386e-08  1.20000000e+00  1.19999899e+00  5.14217193e-07 
 8.53423386e-08  1.20000000e+00  1.19999935e+00 -5.28097829e-07 
 8.54423386e-08  1.20000000e+00  1.19999899e+00  5.15941627e-07 
 8.55423386e-08  1.20000000e+00  1.19999935e+00 -5.29818079e-07 
 8.56423386e-08  1.20000000e+00  1.19999899e+00  5.17657702e-07 
 8.57423386e-08  1.20000000e+00  1.19999935e+00 -5.31529990e-07 
 8.58423386e-08  1.20000000e+00  1.19999899e+00  5.19365457e-07 
 8.59423386e-08  1.20000000e+00  1.19999935e+00 -5.33233600e-07 
 8.60423386e-08  1.20000000e+00  1.19999899e+00  5.21064930e-07 
 8.61423386e-08  1.20000000e+00  1.19999935e+00 -5.34928948e-07 
 8.62423386e-08  1.20000000e+00  1.19999899e+00  5.22756160e-07 
 8.63423386e-08  1.20000000e+00  1.19999935e+00 -5.36616071e-07 
 8.64423386e-08  1.20000000e+00  1.19999899e+00  5.24439186e-07 
 8.65423386e-08  1.20000000e+00  1.19999935e+00 -5.38295010e-07 
 8.66423386e-08  1.20000000e+00  1.19999899e+00  5.26114045e-07 
 8.67423386e-08  1.20000000e+00  1.19999935e+00 -5.39965800e-07 
 8.68423386e-08  1.20000000e+00  1.19999899e+00  5.27780775e-07 
 8.69423386e-08  1.20000000e+00  1.19999935e+00 -5.41628481e-07 
 8.70423386e-08  1.20000000e+00  1.19999899e+00  5.29439415e-07 
 8.71423386e-08  1.20000000e+00  1.19999935e+00 -5.43283091e-07 
 8.72423386e-08  1.20000000e+00  1.19999899e+00  5.31090002e-07 
 8.73423386e-08  1.20000000e+00  1.19999935e+00 -5.44929665e-07 
 8.74423386e-08  1.20000000e+00  1.19999899e+00  5.32732572e-07 
 8.75423386e-08  1.20000000e+00  1.19999935e+00 -5.46568243e-07 
 8.76423386e-08  1.20000000e+00  1.19999899e+00  5.34367165e-07 
 8.77423386e-08  1.20000000e+00  1.19999935e+00 -5.48198861e-07 
 8.78423386e-08  1.20000000e+00  1.19999899e+00  5.35993816e-07 
 8.79423386e-08  1.20000000e+00  1.19999935e+00 -5.49821556e-07 
 8.80423386e-08  1.20000000e+00  1.19999899e+00  5.37612562e-07 
 8.81423386e-08  1.20000000e+00  1.19999935e+00 -5.51436365e-07 
 8.82423386e-08  1.20000000e+00  1.19999899e+00  5.39223441e-07 
 8.83423386e-08  1.20000000e+00  1.19999935e+00 -5.53043324e-07 
 8.84423386e-08  1.20000000e+00  1.19999899e+00  5.40826488e-07 
 8.85423386e-08  1.20000000e+00  1.19999935e+00 -5.54642470e-07 
 8.86423386e-08  1.20000000e+00  1.19999899e+00  5.42421740e-07 
 8.87423386e-08  1.20000000e+00  1.19999935e+00 -5.56233839e-07 
 8.88423386e-08  1.20000000e+00  1.19999899e+00  5.44009234e-07 
 8.89423386e-08  1.20000000e+00  1.19999935e+00 -5.57817467e-07 
 8.90423386e-08  1.20000000e+00  1.19999899e+00  5.45589005e-07 
 8.91423386e-08  1.20000000e+00  1.19999935e+00 -5.59393391e-07 
 8.92423386e-08  1.20000000e+00  1.19999898e+00  5.47161088e-07 
 8.93423386e-08  1.20000000e+00  1.19999935e+00 -5.60961645e-07 
 8.94423386e-08  1.20000000e+00  1.19999898e+00  5.48725521e-07 
 8.95423386e-08  1.20000000e+00  1.19999935e+00 -5.62522266e-07 
 8.96423386e-08  1.20000000e+00  1.19999898e+00  5.50282337e-07 
 8.97423386e-08  1.20000000e+00  1.19999935e+00 -5.64075288e-07 
 8.98423386e-08  1.20000000e+00  1.19999898e+00  5.51831573e-07 
 8.99423386e-08  1.20000000e+00  1.19999935e+00 -5.65620747e-07 
 9.00423386e-08  1.20000000e+00  1.19999898e+00  5.53373264e-07 
 9.01423386e-08  1.20000000e+00  1.19999935e+00 -5.67158679e-07 
 9.02423386e-08  1.20000000e+00  1.19999898e+00  5.54907443e-07 
 9.03423386e-08  1.20000000e+00  1.19999935e+00 -5.68689117e-07 
 9.04423386e-08  1.20000000e+00  1.19999898e+00  5.56434147e-07 
 9.05423386e-08  1.20000000e+00  1.19999935e+00 -5.70212097e-07 
 9.06423386e-08  1.20000000e+00  1.19999898e+00  5.57953410e-07 
 9.07423386e-08  1.20000000e+00  1.19999936e+00 -5.71727653e-07 
 9.08423386e-08  1.20000000e+00  1.19999898e+00  5.59465266e-07 
 9.09423386e-08  1.20000000e+00  1.19999936e+00 -5.73235819e-07 
 9.10423386e-08  1.20000000e+00  1.19999898e+00  5.60969750e-07 
 9.11423386e-08  1.20000000e+00  1.19999936e+00 -5.74736630e-07 
 9.12423386e-08  1.20000000e+00  1.19999898e+00  5.62466896e-07 
 9.13423386e-08  1.20000000e+00  1.19999936e+00 -5.76230120e-07 
 9.14423386e-08  1.20000000e+00  1.19999898e+00  5.63956737e-07 
 9.15423386e-08  1.20000000e+00  1.19999936e+00 -5.77716323e-07 
 9.16423386e-08  1.20000000e+00  1.19999898e+00  5.65439307e-07 
 9.17423386e-08  1.20000000e+00  1.19999936e+00 -5.79195271e-07 
 9.18423386e-08  1.20000000e+00  1.19999898e+00  5.66914641e-07 
 9.19423386e-08  1.20000000e+00  1.19999936e+00 -5.80666999e-07 
 9.20423386e-08  1.20000000e+00  1.19999898e+00  5.68382771e-07 
 9.21423386e-08  1.20000000e+00  1.19999936e+00 -5.82131541e-07 
 9.22423386e-08  1.20000000e+00  1.19999898e+00  5.69843730e-07 
 9.23423386e-08  1.20000000e+00  1.19999936e+00 -5.83588928e-07 
 9.24423386e-08  1.20000000e+00  1.19999898e+00  5.71297553e-07 
 9.25423386e-08  1.20000000e+00  1.19999936e+00 -5.85039195e-07 
 9.26423386e-08  1.20000000e+00  1.19999898e+00  5.72744271e-07 
 9.27423386e-08  1.20000000e+00  1.19999936e+00 -5.86482375e-07 
 9.28423386e-08  1.20000000e+00  1.19999898e+00  5.74183918e-07 
 9.29423386e-08  1.20000000e+00  1.19999936e+00 -5.87918499e-07 
 9.30423386e-08  1.20000000e+00  1.19999898e+00  5.75616527e-07 
 9.31423386e-08  1.20000000e+00  1.19999936e+00 -5.89347601e-07 
 9.32423386e-08  1.20000000e+00  1.19999898e+00  5.77042129e-07 
 9.33423386e-08  1.20000000e+00  1.19999936e+00 -5.90769713e-07 
 9.34423386e-08  1.20000000e+00  1.19999898e+00  5.78460757e-07 
 9.35423386e-08  1.20000000e+00  1.19999936e+00 -5.92184866e-07 
 9.36423386e-08  1.20000000e+00  1.19999898e+00  5.79872444e-07 
 9.37423386e-08  1.20000000e+00  1.19999936e+00 -5.93593095e-07 
 9.38423386e-08  1.20000000e+00  1.19999898e+00  5.81277220e-07 
 9.39423386e-08  1.20000000e+00  1.19999936e+00 -5.94994430e-07 
 9.40423386e-08  1.20000000e+00  1.19999898e+00  5.82675119e-07 
 9.41423386e-08  1.20000000e+00  1.19999936e+00 -5.96388902e-07 
 9.42423386e-08  1.20000000e+00  1.19999898e+00  5.84066172e-07 
 9.43423386e-08  1.20000000e+00  1.19999936e+00 -5.97776544e-07 
 9.44423386e-08  1.20000000e+00  1.19999898e+00  5.85450410e-07 
 9.45423386e-08  1.20000000e+00  1.19999936e+00 -5.99157387e-07 
 9.46423386e-08  1.20000000e+00  1.19999897e+00  5.86827865e-07 
 9.47423386e-08  1.20000000e+00  1.19999936e+00 -6.00531464e-07 
 9.48423386e-08  1.20000000e+00  1.19999897e+00  5.88198568e-07 
 9.49423386e-08  1.20000000e+00  1.19999936e+00 -6.01898803e-07 
 9.50423386e-08  1.20000000e+00  1.19999897e+00  5.89562551e-07 
 9.51423386e-08  1.20000000e+00  1.19999936e+00 -6.03259437e-07 
 9.52423386e-08  1.20000000e+00  1.19999897e+00  5.90919843e-07 
 9.53423386e-08  1.20000000e+00  1.19999936e+00 -6.04613397e-07 
 9.54423386e-08  1.20000000e+00  1.19999897e+00  5.92270476e-07 
 9.55423386e-08  1.20000000e+00  1.19999936e+00 -6.05960713e-07 
 9.56423386e-08  1.20000000e+00  1.19999897e+00  5.93614481e-07 
 9.57423386e-08  1.20000000e+00  1.19999936e+00 -6.07301415e-07 
 9.58423386e-08  1.20000000e+00  1.19999897e+00  5.94951888e-07 
 9.59423386e-08  1.20000000e+00  1.19999937e+00 -6.08635535e-07 
 9.60423386e-08  1.20000000e+00  1.19999897e+00  5.96282728e-07 
 9.61423386e-08  1.20000000e+00  1.19999937e+00 -6.09963103e-07 
 9.62423386e-08  1.20000000e+00  1.19999897e+00  5.97607030e-07 
 9.63423386e-08  1.20000000e+00  1.19999937e+00 -6.11284149e-07 
 9.64423386e-08  1.20000000e+00  1.19999897e+00  5.98924825e-07 
 9.65423386e-08  1.20000000e+00  1.19999937e+00 -6.12598701e-07 
 9.66423386e-08  1.20000000e+00  1.19999897e+00  6.00236142e-07 
 9.67423386e-08  1.20000000e+00  1.19999937e+00 -6.13906792e-07 
 9.68423386e-08  1.20000000e+00  1.19999897e+00  6.01541012e-07 
 9.69423386e-08  1.20000000e+00  1.19999937e+00 -6.15208450e-07 
 9.70423386e-08  1.20000000e+00  1.19999897e+00  6.02839464e-07 
 9.71423386e-08  1.20000000e+00  1.19999937e+00 -6.16503704e-07 
 9.72423386e-08  1.20000000e+00  1.19999897e+00  6.04131527e-07 
 9.73423386e-08  1.20000000e+00  1.19999937e+00 -6.17792585e-07 
 9.74423386e-08  1.20000000e+00  1.19999897e+00  6.05417231e-07 
 9.75423386e-08  1.20000000e+00  1.19999937e+00 -6.19075121e-07 
 9.76423386e-08  1.20000000e+00  1.19999897e+00  6.06696605e-07 
 9.77423386e-08  1.20000000e+00  1.19999937e+00 -6.20351342e-07 
 9.78423386e-08  1.20000000e+00  1.19999897e+00  6.07969679e-07 
 9.79423386e-08  1.20000000e+00  1.19999937e+00 -6.21621276e-07 
 9.80423386e-08  1.20000000e+00  1.19999897e+00  6.09236480e-07 
 9.81423386e-08  1.20000000e+00  1.19999937e+00 -6.22884953e-07 
 9.82423386e-08  1.20000000e+00  1.19999897e+00  6.10497038e-07 
 9.83423386e-08  1.20000000e+00  1.19999937e+00 -6.24142401e-07 
 9.84423386e-08  1.20000000e+00  1.19999897e+00  6.11751382e-07 
 9.85423386e-08  1.20000000e+00  1.19999937e+00 -6.25393649e-07 
 9.86423386e-08  1.20000000e+00  1.19999897e+00  6.12999540e-07 
 9.87423386e-08  1.20000000e+00  1.19999937e+00 -6.26638725e-07 
 9.88423386e-08  1.20000000e+00  1.19999897e+00  6.14241540e-07 
 9.89423386e-08  1.20000000e+00  1.19999937e+00 -6.27877657e-07 
 9.90423386e-08  1.20000000e+00  1.19999897e+00  6.15477410e-07 
 9.91423386e-08  1.20000000e+00  1.19999937e+00 -6.29110474e-07 
 9.92423386e-08  1.20000000e+00  1.19999897e+00  6.16707180e-07 
 9.93423386e-08  1.20000000e+00  1.19999937e+00 -6.30337204e-07 
 9.94423386e-08  1.20000000e+00  1.19999897e+00  6.17930876e-07 
 9.95423386e-08  1.20000000e+00  1.19999937e+00 -6.31557875e-07 
 9.96423386e-08  1.20000000e+00  1.19999897e+00  6.19148526e-07 
 9.97423386e-08  1.20000000e+00  1.19999937e+00 -6.32772513e-07 
 9.98423386e-08  1.20000000e+00  1.19999896e+00  6.20360159e-07 
 9.99211693e-08  1.20000000e+00  1.19999937e+00 -6.34142972e-07 
 1.00000000e-07  1.20000000e+00  1.19999896e+00  6.21888582e-07 
