
Note: No compatibility mode selected!


Circuit: * cmos inverter chain

Doing analysis at TEMP = 27.000000 and TNOM = 27.000000

Using KLU as Direct Linear Solver
Note: Starting dynamic gmin stepping
Note: Dynamic gmin stepping completed

No. of Data Rows : 3068
Total elapsed time (seconds) = 67.926 
Total DRAM available = 15615.586 MB.
DRAM currently available = 4691.180 MB.
Maximum ngspice program size =  753.793 MB.
Current ngspice program size =  228.277 MB.

Shared ngspice pages =   10.160 MB.
Text (code) pages =    5.859 MB.
Stack = 0 bytes.
Library pages =  286.934 MB.

Number of lines in the deck = 4012
Netlist loading time = 0.00205981
Subckt and Param expansion time = 0.0115194
Netlist parsing time = 0.00704487

Nominal temperature = 27
Operating temperature = 27
Total iterations = 17120
Transient iterations = 16411
Circuit Equations = 7005
Circuit original non-zeroes = 34006
Circuit fill-in non-zeroes = -2004
Circuit total non-zeroes = 32002
Transient timepoints = 4320
Accepted timepoints = 3068
Rejected timepoints = 1252
Total analysis time (seconds) = 67.9104
Matrix load time = 50.6642
Matrix synchronize time = 0
Matrix reorder time = 0.00694346
Matrix factor time = 7.48336
Matrix solve time = 2.61518
Transient analysis time = 65.5594
Transient load time = 48.8115
Transient sync time = 0
Transient factor time = 7.16419
Transient solve time = 2.50793
Transient trunc time = 3.98382
Transient iterations for the last time point = 0
AC analysis time = 0
AC load time = 0
AC sync time = 0
AC factor time = 0
AC solve time = 0
ngspice-46 done
