
Note: No compatibility mode selected!


Circuit: * cmos inverter chain

Doing analysis at TEMP = 27.000000 and TNOM = 27.000000

Using KLU as Direct Linear Solver
Note: Starting dynamic gmin stepping
Note: Dynamic gmin stepping completed

No. of Data Rows : 3068
Total elapsed time (seconds) = 68.988 
Total DRAM available = 15615.586 MB.
DRAM currently available = 4689.785 MB.
Maximum ngspice program size =  753.793 MB.
Current ngspice program size =  228.258 MB.

Shared ngspice pages =   10.141 MB.
Text (code) pages =    5.859 MB.
Stack = 0 bytes.
Library pages =  286.934 MB.

Number of lines in the deck = 4012
Netlist loading time = 0.00194347
Subckt and Param expansion time = 0.0113288
Netlist parsing time = 0.00702978

Nominal temperature = 27
Operating temperature = 27
Total iterations = 17120
Transient iterations = 16411
Circuit Equations = 7005
Circuit original non-zeroes = 34006
Circuit fill-in non-zeroes = -2004
Circuit total non-zeroes = 32002
Transient timepoints = 4320
Accepted timepoints = 3068
Rejected timepoints = 1252
Total analysis time (seconds) = 68.9733
Matrix load time = 51.6335
Matrix synchronize time = 0
Matrix reorder time = 0.00689081
Matrix factor time = 7.52413
Matrix solve time = 2.63531
Transient analysis time = 66.5407
Transient load time = 49.6983
Transient sync time = 0
Transient factor time = 7.20669
Transient solve time = 2.528
Transient trunc time = 4.01487
Transient iterations for the last time point = 0
AC analysis time = 0
AC load time = 0
AC sync time = 0
AC factor time = 0
AC solve time = 0
ngspice-46 done
