
Note: No compatibility mode selected!


Circuit: * cmos inverter chain

Doing analysis at TEMP = 27.000000 and TNOM = 27.000000

Using KLU as Direct Linear Solver
Note: Starting dynamic gmin stepping
Note: Dynamic gmin stepping completed

No. of Data Rows : 3068
Total elapsed time (seconds) = 73.989 
Total DRAM available = 15615.586 MB.
DRAM currently available = 4709.039 MB.
Maximum ngspice program size =  770.676 MB.
Current ngspice program size =  245.215 MB.

Shared ngspice pages =   10.250 MB.
Text (code) pages =    5.859 MB.
Stack = 0 bytes.
Library pages =  303.789 MB.

Number of lines in the deck = 61013
Netlist loading time = 0.00301565
Subckt and Param expansion time = 0.292343
Netlist parsing time = 0.0324197

Nominal temperature = 27
Operating temperature = 27
Total iterations = 17120
Transient iterations = 16411
Circuit Equations = 7005
Circuit original non-zeroes = 34006
Circuit fill-in non-zeroes = -2004
Circuit total non-zeroes = 32002
Transient timepoints = 4320
Accepted timepoints = 3068
Rejected timepoints = 1252
Total analysis time (seconds) = 73.6915
Matrix load time = 55.6406
Matrix synchronize time = 0
Matrix reorder time = 0.0065595
Matrix factor time = 7.44296
Matrix solve time = 2.60698
Transient analysis time = 71.1613
Transient load time = 53.6009
Transient sync time = 0
Transient factor time = 7.13353
Transient solve time = 2.49901
Transient trunc time = 4.32487
Transient iterations for the last time point = 0
AC analysis time = 0
AC load time = 0
AC sync time = 0
AC factor time = 0
AC solve time = 0
ngspice-46 done
