
Note: No compatibility mode selected!


Circuit: * cmos inverter chain

Doing analysis at TEMP = 27.000000 and TNOM = 27.000000

Using KLU as Direct Linear Solver
Note: Starting dynamic gmin stepping
Note: Dynamic gmin stepping completed

No. of Data Rows : 3068
Total elapsed time (seconds) = 68.594 
Total DRAM available = 15615.586 MB.
DRAM currently available = 4694.730 MB.
Maximum ngspice program size =  753.797 MB.
Current ngspice program size =  228.113 MB.

Shared ngspice pages =   10.008 MB.
Text (code) pages =    5.859 MB.
Stack = 0 bytes.
Library pages =  286.926 MB.

Number of lines in the deck = 4012
Netlist loading time = 0.00199394
Subckt and Param expansion time = 0.0119365
Netlist parsing time = 0.00738366

Nominal temperature = 27
Operating temperature = 27
Total iterations = 17120
Transient iterations = 16411
Circuit Equations = 7005
Circuit original non-zeroes = 34006
Circuit fill-in non-zeroes = -2004
Circuit total non-zeroes = 32002
Transient timepoints = 4320
Accepted timepoints = 3068
Rejected timepoints = 1252
Total analysis time (seconds) = 68.578
Matrix load time = 51.2468
Matrix synchronize time = 0
Matrix reorder time = 0.00704727
Matrix factor time = 7.52106
Matrix solve time = 2.62357
Transient analysis time = 66.2029
Transient load time = 49.3701
Transient sync time = 0
Transient factor time = 7.20214
Transient solve time = 2.51642
Transient trunc time = 4.00848
Transient iterations for the last time point = 0
AC analysis time = 0
AC load time = 0
AC sync time = 0
AC factor time = 0
AC solve time = 0
ngspice-46 done
