
Note: No compatibility mode selected!


Circuit: * cmos inverter chain

Doing analysis at TEMP = 27.000000 and TNOM = 27.000000

Using KLU as Direct Linear Solver
Note: Starting dynamic gmin stepping
Note: Dynamic gmin stepping completed

No. of Data Rows : 5105
Total elapsed time (seconds) = 293.672 
Total DRAM available = 15615.586 MB.
DRAM currently available = 2909.980 MB.
Maximum ngspice program size = 1111.184 MB.
Current ngspice program size =  597.016 MB.

Shared ngspice pages =   10.250 MB.
Text (code) pages =    5.859 MB.
Stack = 0 bytes.
Library pages =  644.324 MB.

Number of lines in the deck = 8012
Netlist loading time = 0.00532597
Subckt and Param expansion time = 0.0288171
Netlist parsing time = 0.0172014

Nominal temperature = 27
Operating temperature = 27
Total iterations = 31608
Transient iterations = 30894
Circuit Equations = 14005
Circuit original non-zeroes = 68006
Circuit fill-in non-zeroes = -4004
Circuit total non-zeroes = 64002
Transient timepoints = 7598
Accepted timepoints = 5105
Rejected timepoints = 2493
Total analysis time (seconds) = 293.634
Matrix load time = 221.151
Matrix synchronize time = 0
Matrix reorder time = 0.0150029
Matrix factor time = 31.8519
Matrix solve time = 11.4563
Transient analysis time = 288.052
Transient load time = 216.724
Transient sync time = 0
Transient factor time = 31.1128
Transient solve time = 11.2005
Transient trunc time = 16.4781
Transient iterations for the last time point = 0
AC analysis time = 0
AC load time = 0
AC sync time = 0
AC factor time = 0
AC solve time = 0
ngspice-46 done
