
Note: No compatibility mode selected!


Circuit: * cmos inverter chain

Doing analysis at TEMP = 27.000000 and TNOM = 27.000000

Using KLU as Direct Linear Solver
Note: Starting dynamic gmin stepping
Note: Dynamic gmin stepping completed

No. of Data Rows : 5105
Total elapsed time (seconds) = 300.027 
Total DRAM available = 15615.586 MB.
DRAM currently available = 2880.238 MB.
Maximum ngspice program size = 1111.188 MB.
Current ngspice program size =  596.953 MB.

Shared ngspice pages =   10.188 MB.
Text (code) pages =    5.859 MB.
Stack = 0 bytes.
Library pages =  644.328 MB.

Number of lines in the deck = 8012
Netlist loading time = 0.00871512
Subckt and Param expansion time = 0.0254929
Netlist parsing time = 0.0135921

Nominal temperature = 27
Operating temperature = 27
Total iterations = 31608
Transient iterations = 30894
Circuit Equations = 14005
Circuit original non-zeroes = 68006
Circuit fill-in non-zeroes = -4004
Circuit total non-zeroes = 64002
Transient timepoints = 7598
Accepted timepoints = 5105
Rejected timepoints = 2493
Total analysis time (seconds) = 299.984
Matrix load time = 227.95
Matrix synchronize time = 0
Matrix reorder time = 0.0116874
Matrix factor time = 31.4378
Matrix solve time = 11.4564
Transient analysis time = 295.191
Transient load time = 224.029
Transient sync time = 0
Transient factor time = 30.8813
Transient solve time = 11.2649
Transient trunc time = 16.375
Transient iterations for the last time point = 0
AC analysis time = 0
AC load time = 0
AC sync time = 0
AC factor time = 0
AC solve time = 0
ngspice-46 done
