
Note: No compatibility mode selected!


Circuit: * cmos inverter chain

Doing analysis at TEMP = 27.000000 and TNOM = 27.000000

Using KLU as Direct Linear Solver
Note: Starting dynamic gmin stepping
Note: Dynamic gmin stepping completed

No. of Data Rows : 3068
Total elapsed time (seconds) = 76.359 
Total DRAM available = 15615.586 MB.
DRAM currently available = 4674.621 MB.
Maximum ngspice program size =  839.562 MB.
Current ngspice program size =  314.012 MB.

Shared ngspice pages =   10.398 MB.
Text (code) pages =    5.859 MB.
Stack = 0 bytes.
Library pages =  372.363 MB.

Number of lines in the deck = 227052
Netlist loading time = 0.00655648
Subckt and Param expansion time = 2.40188
Netlist parsing time = 1.83652

Nominal temperature = 27
Operating temperature = 27
Total iterations = 17120
Transient iterations = 16411
Circuit Equations = 7005
Circuit original non-zeroes = 34006
Circuit fill-in non-zeroes = -2004
Circuit total non-zeroes = 32002
Transient timepoints = 4320
Accepted timepoints = 3068
Rejected timepoints = 1252
Total analysis time (seconds) = 73.9486
Matrix load time = 56.881
Matrix synchronize time = 0
Matrix reorder time = 0.00606508
Matrix factor time = 7.01061
Matrix solve time = 2.46445
Transient analysis time = 71.3774
Transient load time = 54.7827
Transient sync time = 0
Transient factor time = 6.72375
Transient solve time = 2.36814
Transient trunc time = 4.02717
Transient iterations for the last time point = 0
AC analysis time = 0
AC load time = 0
AC sync time = 0
AC factor time = 0
AC solve time = 0
ngspice-46 done
