
Note: No compatibility mode selected!


Circuit: * c6288 16x16 multiplier* iscas-85 benchmark circuit

Doing analysis at TEMP = 27.000000 and TNOM = 27.000000

Using KLU as Direct Linear Solver
Warning: singular matrix:  check node n.x1.xnor2_702.nmp1#NOI

Note: Starting dynamic gmin stepping
Note: Dynamic gmin stepping completed

No. of Data Rows : 514
Total elapsed time (seconds) = 60.041 
Total DRAM available = 128510.789 MB.
DRAM currently available = 11350.801 MB.
Maximum ngspice program size =  661.145 MB.
Current ngspice program size =  120.375 MB.

Shared ngspice pages =   11.203 MB.
Text (code) pages =    5.875 MB.
Stack = 0 bytes.
Library pages =  192.125 MB.

Number of lines in the deck = 15089
Netlist loading time = 0.00473957
Subckt and Param expansion time = 0.0555427
Netlist parsing time = 0.0394978

Nominal temperature = 27
Operating temperature = 27
Total iterations = 2316
Transient iterations = 1477
Circuit Equations = 35493
Circuit original non-zeroes = 214646
Circuit fill-in non-zeroes = 11894
Circuit total non-zeroes = 226540
Transient timepoints = 514
Accepted timepoints = 514
Rejected timepoints = 0
Total analysis time (seconds) = 59.9788
Matrix load time = 52.3224
Matrix synchronize time = 0
Matrix reorder time = 0.036469
Matrix factor time = 4.32028
Matrix solve time = 1.02374
Transient analysis time = 38.7345
Transient load time = 33.3768
Transient sync time = 0
Transient factor time = 2.73295
Transient solve time = 0.652538
Transient trunc time = 1.07048
Transient iterations for the last time point = 0
AC analysis time = 0
AC load time = 0
AC sync time = 0
AC factor time = 0
AC solve time = 0
ngspice-46 done
