
Note: No compatibility mode selected!


Circuit: * c6288 16x16 multiplier* iscas-85 benchmark circuit

Doing analysis at TEMP = 27.000000 and TNOM = 27.000000

Using KLU as Direct Linear Solver
Warning: singular matrix:  check node n.x1.xnor2_678.xmp1.nsg13_lv_pmos#NOI

Note: Starting dynamic gmin stepping
Note: Dynamic gmin stepping completed

No. of Data Rows : 514
Total elapsed time (seconds) = 61.171 
Total DRAM available = 15615.586 MB.
DRAM currently available =  625.734 MB.
Maximum ngspice program size =  810.656 MB.
Current ngspice program size =  271.492 MB.

Shared ngspice pages =   10.203 MB.
Text (code) pages =    5.859 MB.
Stack = 0 bytes.
Library pages =  343.402 MB.

Number of lines in the deck = 303281
Netlist loading time = 0.00806752
Subckt and Param expansion time = 1.58975
Netlist parsing time = 0.260447

Nominal temperature = 27
Operating temperature = 27
Total iterations = 2310
Transient iterations = 1477
Circuit Equations = 35493
Circuit original non-zeroes = 214646
Circuit fill-in non-zeroes = 11894
Circuit total non-zeroes = 226540
Transient timepoints = 514
Accepted timepoints = 514
Rejected timepoints = 0
Total analysis time (seconds) = 59.5705
Matrix load time = 42.2335
Matrix synchronize time = 0
Matrix reorder time = 0.0636041
Matrix factor time = 10.0708
Matrix solve time = 2.4818
Transient analysis time = 40.654
Transient load time = 28.2603
Transient sync time = 0
Transient factor time = 6.55631
Transient solve time = 1.61602
Transient trunc time = 2.90014
Transient iterations for the last time point = 0
AC analysis time = 0
AC load time = 0
AC sync time = 0
AC factor time = 0
AC solve time = 0
ngspice-46 done
