
Note: No compatibility mode selected!


Circuit: * c6288 16x16 multiplier* iscas-85 benchmark circuit

Doing analysis at TEMP = 27.000000 and TNOM = 27.000000

Using KLU as Direct Linear Solver
Warning: singular matrix:  check node n.x1.xnor2_636.xmp1.nsg13_lv_pmos#NOI

Note: Starting dynamic gmin stepping
Note: Dynamic gmin stepping completed

No. of Data Rows : 514
Total elapsed time (seconds) = 63.699 
Total DRAM available = 128510.789 MB.
DRAM currently available = 11280.137 MB.
Maximum ngspice program size =  749.730 MB.
Current ngspice program size =  209.117 MB.

Shared ngspice pages =   11.355 MB.
Text (code) pages =    5.875 MB.
Stack = 0 bytes.
Library pages =  280.684 MB.

Number of lines in the deck = 303281
Netlist loading time = 0.00529713
Subckt and Param expansion time = 1.14479
Netlist parsing time = 0.17419

Nominal temperature = 27
Operating temperature = 27
Total iterations = 2316
Transient iterations = 1477
Circuit Equations = 35493
Circuit original non-zeroes = 214646
Circuit fill-in non-zeroes = 11894
Circuit total non-zeroes = 226540
Transient timepoints = 514
Accepted timepoints = 514
Rejected timepoints = 0
Total analysis time (seconds) = 62.5464
Matrix load time = 54.1486
Matrix synchronize time = 0
Matrix reorder time = 0.0358186
Matrix factor time = 4.45298
Matrix solve time = 1.03395
Transient analysis time = 40.4316
Transient load time = 34.4715
Transient sync time = 0
Transient factor time = 2.80046
Transient solve time = 0.658673
Transient trunc time = 1.27185
Transient iterations for the last time point = 0
AC analysis time = 0
AC load time = 0
AC sync time = 0
AC factor time = 0
AC solve time = 0
ngspice-46 done
