
Note: No compatibility mode selected!


Circuit: * c6288 16x16 multiplier* iscas-85 benchmark circuit

Doing analysis at TEMP = 27.000000 and TNOM = 27.000000

Using KLU as Direct Linear Solver
Warning: singular matrix:  check node n.x1.xnor2_878.xmn2.nsg13_lv_nmos#NOI

Note: Starting dynamic gmin stepping
Note: Dynamic gmin stepping completed

No. of Data Rows : 514
Total elapsed time (seconds) = 68.286 
Total DRAM available = 128510.789 MB.
DRAM currently available = 10911.359 MB.
Maximum ngspice program size = 1100.758 MB.
Current ngspice program size =  561.078 MB.

Shared ngspice pages =   11.598 MB.
Text (code) pages =    5.875 MB.
Stack = 0 bytes.
Library pages =  631.391 MB.

Number of lines in the deck = 1142616
Netlist loading time = 0.00867515
Subckt and Param expansion time = 8.50582
Netlist parsing time = 6.3161

Nominal temperature = 27
Operating temperature = 27
Total iterations = 2316
Transient iterations = 1477
Circuit Equations = 35493
Circuit original non-zeroes = 214646
Circuit fill-in non-zeroes = 2258
Circuit total non-zeroes = 216904
Transient timepoints = 514
Accepted timepoints = 514
Rejected timepoints = 0
Total analysis time (seconds) = 59.7692
Matrix load time = 52.4626
Matrix synchronize time = 0
Matrix reorder time = 0.0306746
Matrix factor time = 3.71288
Matrix solve time = 0.995166
Transient analysis time = 38.3921
Transient load time = 33.2982
Transient sync time = 0
Transient factor time = 2.35531
Transient solve time = 0.632821
Transient trunc time = 0.981343
Transient iterations for the last time point = 0
AC analysis time = 0
AC load time = 0
AC sync time = 0
AC factor time = 0
AC solve time = 0
ngspice-46 done
